Program header number 0 in `/workspace/out/cache/a1060fe6170400d63e9b222d93a58641c9c9e11cc95e5ed4257de30ed3600d2e/run/program.elf' is not of type PT_LOAD; ignoring.
Program header number 3 in `/workspace/out/cache/a1060fe6170400d63e9b222d93a58641c9c9e11cc95e5ed4257de30ed3600d2e/run/program.elf' is not of type PT_LOAD; ignoring.
Simulation of Ibex
==================

Tracing can be toggled by sending SIGUSR1 to this process:
$ kill -USR1 17

Simulation running, end by pressing CTRL-c.
Tracing enabled.
Writing simulation traces to sim.fst
TOP.ibex_simple_system.u_top.u_ibex_tracer.unnamedblk2.unnamedblk3: Writing execution trace to trace_core_00000000.log
Terminating simulation by software request.
- src/lowrisc_ibex_sim_shared_0/rtl/sim/simulator_ctrl.sv:93: Verilog $finish
Received $finish() from Verilog, shutting down simulation.

Simulation statistics
=====================
Executed cycles:  238012
Wallclock time:   5.006 s
Simulation speed: 47545.3 cycles/s (47.5453 kHz)
Trace file size:  18180690 B

You can view the simulation traces by calling
$ gtkwave sim.fst

Performance Counters
====================
Cycles:                     238008
Instructions Retired:       119339
LSU Busy:                   11763
Fetch Wait:                 45834
Loads:                      6688
Stores:                     5075
Jumps:                      1917
Conditional Branches:       46549
Taken Conditional Branches: 45830
Compressed Instructions:    0
Multiply Wait:              148
