Program header number 0 in `/workspace/out/cache/25d648c172c5abeefa785c4f8a7afcd5c749237d363dd7508851ca3b648636f8/run/program.elf' is not of type PT_LOAD; ignoring.
Program header number 3 in `/workspace/out/cache/25d648c172c5abeefa785c4f8a7afcd5c749237d363dd7508851ca3b648636f8/run/program.elf' is not of type PT_LOAD; ignoring.
Simulation of Ibex
==================

Tracing can be toggled by sending SIGUSR1 to this process:
$ kill -USR1 17

Simulation running, end by pressing CTRL-c.
Tracing enabled.
Writing simulation traces to sim.fst
TOP.ibex_simple_system.u_top.u_ibex_tracer.unnamedblk2.unnamedblk3: Writing execution trace to trace_core_00000000.log
Terminating simulation by software request.
- src/lowrisc_ibex_sim_shared_0/rtl/sim/simulator_ctrl.sv:93: Verilog $finish
Received $finish() from Verilog, shutting down simulation.

Simulation statistics
=====================
Executed cycles:  238012
Wallclock time:   5.723 s
Simulation speed: 41588.7 cycles/s (41.5887 kHz)
Trace file size:  18193943 B

You can view the simulation traces by calling
$ gtkwave sim.fst

Performance Counters
====================
Cycles:                     238008
Instructions Retired:       122552
LSU Busy:                   11139
Fetch Wait:                 48522
Loads:                      6440
Stores:                     4699
Jumps:                      1912
Conditional Branches:       48974
Taken Conditional Branches: 48518
Compressed Instructions:    0
Multiply Wait:              1554
