Program header number 0 in `/workspace/out/cache/9fb7fa96777e836d3ccccee9446fca13a6b2f6bf8e70e2bd5db648dbfb6c334a/run/program.elf' is not of type PT_LOAD; ignoring.
Program header number 3 in `/workspace/out/cache/9fb7fa96777e836d3ccccee9446fca13a6b2f6bf8e70e2bd5db648dbfb6c334a/run/program.elf' is not of type PT_LOAD; ignoring.
Simulation of Ibex
==================

Tracing can be toggled by sending SIGUSR1 to this process:
$ kill -USR1 17

Simulation running, end by pressing CTRL-c.
Tracing enabled.
Writing simulation traces to sim.fst
TOP.ibex_simple_system.u_top.u_ibex_tracer.unnamedblk2.unnamedblk3: Writing execution trace to trace_core_00000000.log
Terminating simulation by software request.
- src/lowrisc_ibex_sim_shared_0/rtl/sim/simulator_ctrl.sv:93: Verilog $finish
Received $finish() from Verilog, shutting down simulation.

Simulation statistics
=====================
Executed cycles:  238013
Wallclock time:   5.544 s
Simulation speed: 42931.6 cycles/s (42.9316 kHz)
Trace file size:  17849147 B

You can view the simulation traces by calling
$ gtkwave sim.fst

Performance Counters
====================
Cycles:                     238009
Instructions Retired:       125785
LSU Busy:                   13456
Fetch Wait:                 46643
Loads:                      7924
Stores:                     5532
Jumps:                      1927
Conditional Branches:       47108
Taken Conditional Branches: 46639
Compressed Instructions:    0
Multiply Wait:              3558
