Program header number 0 in `/workspace/out/cache/6898ee13a1ad1840b3440b1864d11b13896461b7a896af45c83d8a6871ebafe4/run/program.elf' is not of type PT_LOAD; ignoring.
Program header number 3 in `/workspace/out/cache/6898ee13a1ad1840b3440b1864d11b13896461b7a896af45c83d8a6871ebafe4/run/program.elf' is not of type PT_LOAD; ignoring.
Simulation of Ibex
==================

Tracing can be toggled by sending SIGUSR1 to this process:
$ kill -USR1 18

Simulation running, end by pressing CTRL-c.
Tracing enabled.
Writing simulation traces to sim.fst
TOP.ibex_simple_system.u_top.u_ibex_tracer.unnamedblk2.unnamedblk3: Writing execution trace to trace_core_00000000.log
Terminating simulation by software request.
- src/lowrisc_ibex_sim_shared_0/rtl/sim/simulator_ctrl.sv:93: Verilog $finish
Received $finish() from Verilog, shutting down simulation.

Simulation statistics
=====================
Executed cycles:  238013
Wallclock time:   4.644 s
Simulation speed: 51251.7 cycles/s (51.2517 kHz)
Trace file size:  16541153 B

You can view the simulation traces by calling
$ gtkwave sim.fst

Performance Counters
====================
Cycles:                     238009
Instructions Retired:       111262
LSU Busy:                   11907
Fetch Wait:                 42006
Loads:                      7208
Stores:                     4699
Jumps:                      1903
Conditional Branches:       42443
Taken Conditional Branches: 42002
Compressed Instructions:    0
Multiply Wait:              1024
