Program header number 0 in `/workspace/out/cache/f9a129ffd42a73854ff5cf301763451d2d8bd4651e703eb3482a317944a00447/run/program.elf' is not of type PT_LOAD; ignoring.
Program header number 3 in `/workspace/out/cache/f9a129ffd42a73854ff5cf301763451d2d8bd4651e703eb3482a317944a00447/run/program.elf' is not of type PT_LOAD; ignoring.
Simulation of Ibex
==================

Tracing can be toggled by sending SIGUSR1 to this process:
$ kill -USR1 18

Simulation running, end by pressing CTRL-c.
Tracing enabled.
Writing simulation traces to sim.fst
TOP.ibex_simple_system.u_top.u_ibex_tracer.unnamedblk2.unnamedblk3: Writing execution trace to trace_core_00000000.log
Terminating simulation by software request.
- src/lowrisc_ibex_sim_shared_0/rtl/sim/simulator_ctrl.sv:93: Verilog $finish
Received $finish() from Verilog, shutting down simulation.

Simulation statistics
=====================
Executed cycles:  238014
Wallclock time:   5.158 s
Simulation speed: 46144.6 cycles/s (46.1446 kHz)
Trace file size:  17912577 B

You can view the simulation traces by calling
$ gtkwave sim.fst

Performance Counters
====================
Cycles:                     238010
Instructions Retired:       126065
LSU Busy:                   12139
Fetch Wait:                 48567
Loads:                      7065
Stores:                     5074
Jumps:                      1925
Conditional Branches:       49427
Taken Conditional Branches: 48563
Compressed Instructions:    0
Multiply Wait:              750
