Program header number 0 in `/workspace/out/cache/04cb87ca69faf8cf0f6cd3c2405e535b1c1b552b89de70b8bb0bd4b7892f0cab/run/program.elf' is not of type PT_LOAD; ignoring.
Program header number 3 in `/workspace/out/cache/04cb87ca69faf8cf0f6cd3c2405e535b1c1b552b89de70b8bb0bd4b7892f0cab/run/program.elf' is not of type PT_LOAD; ignoring.
Simulation of Ibex
==================

Tracing can be toggled by sending SIGUSR1 to this process:
$ kill -USR1 17

Simulation running, end by pressing CTRL-c.
Tracing enabled.
Writing simulation traces to sim.fst
TOP.ibex_simple_system.u_top.u_ibex_tracer.unnamedblk2.unnamedblk3: Writing execution trace to trace_core_00000000.log
Terminating simulation by software request.
- src/lowrisc_ibex_sim_shared_0/rtl/sim/simulator_ctrl.sv:93: Verilog $finish
Received $finish() from Verilog, shutting down simulation.

Simulation statistics
=====================
Executed cycles:  238011
Wallclock time:   4.977 s
Simulation speed: 47822.2 cycles/s (47.8222 kHz)
Trace file size:  17923670 B

You can view the simulation traces by calling
$ gtkwave sim.fst

Performance Counters
====================
Cycles:                     238007
Instructions Retired:       117825
LSU Busy:                   12204
Fetch Wait:                 44907
Loads:                      6935
Stores:                     5269
Jumps:                      1922
Conditional Branches:       45368
Taken Conditional Branches: 44903
Compressed Instructions:    0
Multiply Wait:              990
