Program header number 0 in `/workspace/out/cache/14557e208f60883df36e13426c01df123125c11c795899788cacaa8313a1ca85/run/program.elf' is not of type PT_LOAD; ignoring.
Program header number 3 in `/workspace/out/cache/14557e208f60883df36e13426c01df123125c11c795899788cacaa8313a1ca85/run/program.elf' is not of type PT_LOAD; ignoring.
Simulation of Ibex
==================

Tracing can be toggled by sending SIGUSR1 to this process:
$ kill -USR1 17

Simulation running, end by pressing CTRL-c.
Tracing enabled.
Writing simulation traces to sim.fst
TOP.ibex_simple_system.u_top.u_ibex_tracer.unnamedblk2.unnamedblk3: Writing execution trace to trace_core_00000000.log
Terminating simulation by software request.
- src/lowrisc_ibex_sim_shared_0/rtl/sim/simulator_ctrl.sv:93: Verilog $finish
Received $finish() from Verilog, shutting down simulation.

Simulation statistics
=====================
Executed cycles:  238013
Wallclock time:   5.395 s
Simulation speed: 44117.3 cycles/s (44.1173 kHz)
Trace file size:  18456685 B

You can view the simulation traces by calling
$ gtkwave sim.fst

Performance Counters
====================
Cycles:                     238009
Instructions Retired:       126148
LSU Busy:                   12611
Fetch Wait:                 48667
Loads:                      6583
Stores:                     6028
Jumps:                      1919
Conditional Branches:       49232
Taken Conditional Branches: 48663
Compressed Instructions:    0
Multiply Wait:              0
