Program header number 0 in `/workspace/out/cache/397e5a0aacf8130e2722efed911b034ca29fb1b6de5c4a050abe7f570cc6685b/run/program.elf' is not of type PT_LOAD; ignoring.
Program header number 3 in `/workspace/out/cache/397e5a0aacf8130e2722efed911b034ca29fb1b6de5c4a050abe7f570cc6685b/run/program.elf' is not of type PT_LOAD; ignoring.
Simulation of Ibex
==================

Tracing can be toggled by sending SIGUSR1 to this process:
$ kill -USR1 17

Simulation running, end by pressing CTRL-c.
Tracing enabled.
Writing simulation traces to sim.fst
TOP.ibex_simple_system.u_top.u_ibex_tracer.unnamedblk2.unnamedblk3: Writing execution trace to trace_core_00000000.log
Terminating simulation by software request.
- src/lowrisc_ibex_sim_shared_0/rtl/sim/simulator_ctrl.sv:93: Verilog $finish
Received $finish() from Verilog, shutting down simulation.

Simulation statistics
=====================
Executed cycles:  238014
Wallclock time:   5.131 s
Simulation speed: 46387.4 cycles/s (46.3874 kHz)
Trace file size:  17862543 B

You can view the simulation traces by calling
$ gtkwave sim.fst

Performance Counters
====================
Cycles:                     238010
Instructions Retired:       125385
LSU Busy:                   11739
Fetch Wait:                 48815
Loads:                      6740
Stores:                     4999
Jumps:                      1935
Conditional Branches:       49656
Taken Conditional Branches: 48811
Compressed Instructions:    0
Multiply Wait:              724
