Program header number 0 in `/workspace/out/cache/01013bae37e79bb3e9d69c66809376adedfd68ee4b5bed1f09195749589055e1/run/program.elf' is not of type PT_LOAD; ignoring.
Program header number 3 in `/workspace/out/cache/01013bae37e79bb3e9d69c66809376adedfd68ee4b5bed1f09195749589055e1/run/program.elf' is not of type PT_LOAD; ignoring.
Simulation of Ibex
==================

Tracing can be toggled by sending SIGUSR1 to this process:
$ kill -USR1 17

Simulation running, end by pressing CTRL-c.
Tracing enabled.
Writing simulation traces to sim.fst
TOP.ibex_simple_system.u_top.u_ibex_tracer.unnamedblk2.unnamedblk3: Writing execution trace to trace_core_00000000.log
Terminating simulation by software request.
- src/lowrisc_ibex_sim_shared_0/rtl/sim/simulator_ctrl.sv:93: Verilog $finish
Received $finish() from Verilog, shutting down simulation.

Simulation statistics
=====================
Executed cycles:  238011
Wallclock time:   5.193 s
Simulation speed: 45833 cycles/s (45.833 kHz)
Trace file size:  17238031 B

You can view the simulation traces by calling
$ gtkwave sim.fst

Performance Counters
====================
Cycles:                     238007
Instructions Retired:       116823
LSU Busy:                   12163
Fetch Wait:                 44142
Loads:                      6440
Stores:                     5723
Jumps:                      1901
Conditional Branches:       44581
Taken Conditional Branches: 44138
Compressed Instructions:    0
Multiply Wait:              0
