Program header number 0 in `/workspace/out/cache/f89820f9478af74b155d54d207b04f2b8907c5ceb67868feccb49c05069df9e5/run/program.elf' is not of type PT_LOAD; ignoring.
Program header number 3 in `/workspace/out/cache/f89820f9478af74b155d54d207b04f2b8907c5ceb67868feccb49c05069df9e5/run/program.elf' is not of type PT_LOAD; ignoring.
Simulation of Ibex
==================

Tracing can be toggled by sending SIGUSR1 to this process:
$ kill -USR1 17

Simulation running, end by pressing CTRL-c.
Tracing enabled.
Writing simulation traces to sim.fst
TOP.ibex_simple_system.u_top.u_ibex_tracer.unnamedblk2.unnamedblk3: Writing execution trace to trace_core_00000000.log
Terminating simulation by software request.
- src/lowrisc_ibex_sim_shared_0/rtl/sim/simulator_ctrl.sv:93: Verilog $finish
Received $finish() from Verilog, shutting down simulation.

Simulation statistics
=====================
Executed cycles:  238014
Wallclock time:   5.409 s
Simulation speed: 44003.3 cycles/s (44.0033 kHz)
Trace file size:  18000876 B

You can view the simulation traces by calling
$ gtkwave sim.fst

Performance Counters
====================
Cycles:                     238010
Instructions Retired:       121002
LSU Busy:                   12162
Fetch Wait:                 46472
Loads:                      6952
Stores:                     5210
Jumps:                      1917
Conditional Branches:       46927
Taken Conditional Branches: 46468
Compressed Instructions:    0
Multiply Wait:              1024
