Program header number 0 in `/workspace/out/cache/e6bcf4218c2965360767efd6c0ca6ca965d71925d2cb9ac92def114821948727/run/program.elf' is not of type PT_LOAD; ignoring.
Program header number 3 in `/workspace/out/cache/e6bcf4218c2965360767efd6c0ca6ca965d71925d2cb9ac92def114821948727/run/program.elf' is not of type PT_LOAD; ignoring.
Simulation of Ibex
==================

Tracing can be toggled by sending SIGUSR1 to this process:
$ kill -USR1 17

Simulation running, end by pressing CTRL-c.
Tracing enabled.
Writing simulation traces to sim.fst
TOP.ibex_simple_system.u_top.u_ibex_tracer.unnamedblk2.unnamedblk3: Writing execution trace to trace_core_00000000.log
Terminating simulation by software request.
- src/lowrisc_ibex_sim_shared_0/rtl/sim/simulator_ctrl.sv:93: Verilog $finish
Received $finish() from Verilog, shutting down simulation.

Simulation statistics
=====================
Executed cycles:  238012
Wallclock time:   4.538 s
Simulation speed: 52448.7 cycles/s (52.4487 kHz)
Trace file size:  16765271 B

You can view the simulation traces by calling
$ gtkwave sim.fst

Performance Counters
====================
Cycles:                     238008
Instructions Retired:       113051
LSU Busy:                   11891
Fetch Wait:                 42356
Loads:                      7192
Stores:                     4699
Jumps:                      1905
Conditional Branches:       43539
Taken Conditional Branches: 42352
Compressed Instructions:    0
Multiply Wait:              290
