Program header number 0 in `/workspace/out/cache/2abc2f114585e70ac526e3d18cda0dc8b21cf6b166815eb26c18394316e99022/run/program.elf' is not of type PT_LOAD; ignoring.
Program header number 3 in `/workspace/out/cache/2abc2f114585e70ac526e3d18cda0dc8b21cf6b166815eb26c18394316e99022/run/program.elf' is not of type PT_LOAD; ignoring.
Simulation of Ibex
==================

Tracing can be toggled by sending SIGUSR1 to this process:
$ kill -USR1 17

Simulation running, end by pressing CTRL-c.
Tracing enabled.
Writing simulation traces to sim.fst
TOP.ibex_simple_system.u_top.u_ibex_tracer.unnamedblk2.unnamedblk3: Writing execution trace to trace_core_00000000.log
Terminating simulation by software request.
- src/lowrisc_ibex_sim_shared_0/rtl/sim/simulator_ctrl.sv:93: Verilog $finish
Received $finish() from Verilog, shutting down simulation.

Simulation statistics
=====================
Executed cycles:  238013
Wallclock time:   5.388 s
Simulation speed: 44174.6 cycles/s (44.1746 kHz)
Trace file size:  17744930 B

You can view the simulation traces by calling
$ gtkwave sim.fst

Performance Counters
====================
Cycles:                     238009
Instructions Retired:       123309
LSU Busy:                   11139
Fetch Wait:                 50823
Loads:                      6440
Stores:                     4699
Jumps:                      1918
Conditional Branches:       52725
Taken Conditional Branches: 50819
Compressed Instructions:    0
Multiply Wait:              0
