Program header number 0 in `/workspace/out/cache/26f930fa98a6191fa00b6ad61f9c1277e43898fd5993ed23380460ea8e667219/run/program.elf' is not of type PT_LOAD; ignoring.
Program header number 3 in `/workspace/out/cache/26f930fa98a6191fa00b6ad61f9c1277e43898fd5993ed23380460ea8e667219/run/program.elf' is not of type PT_LOAD; ignoring.
Simulation of Ibex
==================

Tracing can be toggled by sending SIGUSR1 to this process:
$ kill -USR1 17

Simulation running, end by pressing CTRL-c.
Tracing enabled.
Writing simulation traces to sim.fst
TOP.ibex_simple_system.u_top.u_ibex_tracer.unnamedblk2.unnamedblk3: Writing execution trace to trace_core_00000000.log
Terminating simulation by software request.
- src/lowrisc_ibex_sim_shared_0/rtl/sim/simulator_ctrl.sv:93: Verilog $finish
Received $finish() from Verilog, shutting down simulation.

Simulation statistics
=====================
Executed cycles:  238012
Wallclock time:   5.042 s
Simulation speed: 47205.9 cycles/s (47.2059 kHz)
Trace file size:  17665666 B

You can view the simulation traces by calling
$ gtkwave sim.fst

Performance Counters
====================
Cycles:                     238008
Instructions Retired:       124736
LSU Busy:                   11139
Fetch Wait:                 49079
Loads:                      6440
Stores:                     4699
Jumps:                      1930
Conditional Branches:       50571
Taken Conditional Branches: 49075
Compressed Instructions:    0
Multiply Wait:              2048
