Program header number 0 in `/workspace/out/cache/8a838e0779dec96d1800c3ae5fce2df22c263ac1330ab9f638d8cd06143583bf/run/program.elf' is not of type PT_LOAD; ignoring.
Program header number 3 in `/workspace/out/cache/8a838e0779dec96d1800c3ae5fce2df22c263ac1330ab9f638d8cd06143583bf/run/program.elf' is not of type PT_LOAD; ignoring.
Simulation of Ibex
==================

Tracing can be toggled by sending SIGUSR1 to this process:
$ kill -USR1 17

Simulation running, end by pressing CTRL-c.
Tracing enabled.
Writing simulation traces to sim.fst
TOP.ibex_simple_system.u_top.u_ibex_tracer.unnamedblk2.unnamedblk3: Writing execution trace to trace_core_00000000.log
Terminating simulation by software request.
- src/lowrisc_ibex_sim_shared_0/rtl/sim/simulator_ctrl.sv:93: Verilog $finish
Received $finish() from Verilog, shutting down simulation.

Simulation statistics
=====================
Executed cycles:  238015
Wallclock time:   5.018 s
Simulation speed: 47432.2 cycles/s (47.4322 kHz)
Trace file size:  17785217 B

You can view the simulation traces by calling
$ gtkwave sim.fst

Performance Counters
====================
Cycles:                     238011
Instructions Retired:       120764
LSU Busy:                   12087
Fetch Wait:                 47459
Loads:                      6850
Stores:                     5237
Jumps:                      1929
Conditional Branches:       47927
Taken Conditional Branches: 47455
Compressed Instructions:    0
Multiply Wait:              0
