Program header number 0 in `/workspace/out/cache/efcf7af8c6c677762e8dc15a7d3611836428e19289fcc15036f9098850b779e8/run/program.elf' is not of type PT_LOAD; ignoring.
Program header number 3 in `/workspace/out/cache/efcf7af8c6c677762e8dc15a7d3611836428e19289fcc15036f9098850b779e8/run/program.elf' is not of type PT_LOAD; ignoring.
Simulation of Ibex
==================

Tracing can be toggled by sending SIGUSR1 to this process:
$ kill -USR1 17

Simulation running, end by pressing CTRL-c.
Tracing enabled.
Writing simulation traces to sim.fst
TOP.ibex_simple_system.u_top.u_ibex_tracer.unnamedblk2.unnamedblk3: Writing execution trace to trace_core_00000000.log
Terminating simulation by software request.
- src/lowrisc_ibex_sim_shared_0/rtl/sim/simulator_ctrl.sv:93: Verilog $finish
Received $finish() from Verilog, shutting down simulation.

Simulation statistics
=====================
Executed cycles:  238014
Wallclock time:   4.928 s
Simulation speed: 48298.3 cycles/s (48.2983 kHz)
Trace file size:  18174045 B

You can view the simulation traces by calling
$ gtkwave sim.fst

Performance Counters
====================
Cycles:                     238010
Instructions Retired:       125478
LSU Busy:                   12024
Fetch Wait:                 48782
Loads:                      6952
Stores:                     5072
Jumps:                      1923
Conditional Branches:       49243
Taken Conditional Branches: 48778
Compressed Instructions:    0
Multiply Wait:              1024
