Program header number 0 in `/workspace/out/cache/f90d24cb33335590341388de21cd4b586c465379429bbf2e82c06e44ee4a5804/run/program.elf' is not of type PT_LOAD; ignoring.
Program header number 3 in `/workspace/out/cache/f90d24cb33335590341388de21cd4b586c465379429bbf2e82c06e44ee4a5804/run/program.elf' is not of type PT_LOAD; ignoring.
Simulation of Ibex
==================

Tracing can be toggled by sending SIGUSR1 to this process:
$ kill -USR1 17

Simulation running, end by pressing CTRL-c.
Tracing enabled.
Writing simulation traces to sim.fst
TOP.ibex_simple_system.u_top.u_ibex_tracer.unnamedblk2.unnamedblk3: Writing execution trace to trace_core_00000000.log
Terminating simulation by software request.
- src/lowrisc_ibex_sim_shared_0/rtl/sim/simulator_ctrl.sv:93: Verilog $finish
Received $finish() from Verilog, shutting down simulation.

Simulation statistics
=====================
Executed cycles:  238014
Wallclock time:   4.886 s
Simulation speed: 48713.5 cycles/s (48.7135 kHz)
Trace file size:  17841547 B

You can view the simulation traces by calling
$ gtkwave sim.fst

Performance Counters
====================
Cycles:                     238010
Instructions Retired:       118414
LSU Busy:                   12433
Fetch Wait:                 44590
Loads:                      7088
Stores:                     5345
Jumps:                      1928
Conditional Branches:       45058
Taken Conditional Branches: 44586
Compressed Instructions:    0
Multiply Wait:              1094
