Program header number 0 in `/workspace/out/cache/fcd90daf938053df60e4726baff9a49137acfbcb095656ab810ab58bd2bf069b/run/program.elf' is not of type PT_LOAD; ignoring.
Program header number 3 in `/workspace/out/cache/fcd90daf938053df60e4726baff9a49137acfbcb095656ab810ab58bd2bf069b/run/program.elf' is not of type PT_LOAD; ignoring.
Simulation of Ibex
==================

Tracing can be toggled by sending SIGUSR1 to this process:
$ kill -USR1 17

Simulation running, end by pressing CTRL-c.
Tracing enabled.
Writing simulation traces to sim.fst
TOP.ibex_simple_system.u_top.u_ibex_tracer.unnamedblk2.unnamedblk3: Writing execution trace to trace_core_00000000.log
Terminating simulation by software request.
- src/lowrisc_ibex_sim_shared_0/rtl/sim/simulator_ctrl.sv:93: Verilog $finish
Received $finish() from Verilog, shutting down simulation.

Simulation statistics
=====================
Executed cycles:  238013
Wallclock time:   5.633 s
Simulation speed: 42253.3 cycles/s (42.2533 kHz)
Trace file size:  17895311 B

You can view the simulation traces by calling
$ gtkwave sim.fst

Performance Counters
====================
Cycles:                     238009
Instructions Retired:       125621
LSU Busy:                   12420
Fetch Wait:                 49031
Loads:                      6881
Stores:                     5539
Jumps:                      1909
Conditional Branches:       49479
Taken Conditional Branches: 49027
Compressed Instructions:    0
Multiply Wait:              0
