Program header number 0 in `/workspace/out/cache/01a1e9ce25c6d87305574989e2a201e52f02636c55813d9b0195a3be85c6ce66/run/program.elf' is not of type PT_LOAD; ignoring.
Program header number 3 in `/workspace/out/cache/01a1e9ce25c6d87305574989e2a201e52f02636c55813d9b0195a3be85c6ce66/run/program.elf' is not of type PT_LOAD; ignoring.
Simulation of Ibex
==================

Tracing can be toggled by sending SIGUSR1 to this process:
$ kill -USR1 16

Simulation running, end by pressing CTRL-c.
Tracing enabled.
Writing simulation traces to sim.fst
TOP.ibex_simple_system.u_top.u_ibex_tracer.unnamedblk2.unnamedblk3: Writing execution trace to trace_core_00000000.log
Terminating simulation by software request.
- src/lowrisc_ibex_sim_shared_0/rtl/sim/simulator_ctrl.sv:93: Verilog $finish
Received $finish() from Verilog, shutting down simulation.

Simulation statistics
=====================
Executed cycles:  238012
Wallclock time:   5.534 s
Simulation speed: 43009 cycles/s (43.009 kHz)
Trace file size:  17687682 B

You can view the simulation traces by calling
$ gtkwave sim.fst

Performance Counters
====================
Cycles:                     238008
Instructions Retired:       118491
LSU Busy:                   12369
Fetch Wait:                 45049
Loads:                      7055
Stores:                     5314
Jumps:                      1919
Conditional Branches:       45506
Taken Conditional Branches: 45045
Compressed Instructions:    0
Multiply Wait:              410
