Program header number 0 in `/workspace/out/cache/bd307195144459b73bb1687c523320ef3df120ec7336d58c025d8a77f9cb177d/run/program.elf' is not of type PT_LOAD; ignoring.
Program header number 3 in `/workspace/out/cache/bd307195144459b73bb1687c523320ef3df120ec7336d58c025d8a77f9cb177d/run/program.elf' is not of type PT_LOAD; ignoring.
Simulation of Ibex
==================

Tracing can be toggled by sending SIGUSR1 to this process:
$ kill -USR1 18

Simulation running, end by pressing CTRL-c.
Tracing enabled.
Writing simulation traces to sim.fst
TOP.ibex_simple_system.u_top.u_ibex_tracer.unnamedblk2.unnamedblk3: Writing execution trace to trace_core_00000000.log
Terminating simulation by software request.
- src/lowrisc_ibex_sim_shared_0/rtl/sim/simulator_ctrl.sv:93: Verilog $finish
Received $finish() from Verilog, shutting down simulation.

Simulation statistics
=====================
Executed cycles:  238015
Wallclock time:   4.11 s
Simulation speed: 57911.2 cycles/s (57.9112 kHz)
Trace file size:  15686716 B

You can view the simulation traces by calling
$ gtkwave sim.fst

Performance Counters
====================
Cycles:                     238011
Instructions Retired:       95361
LSU Busy:                   11739
Fetch Wait:                 34677
Loads:                      6740
Stores:                     4999
Jumps:                      1922
Conditional Branches:       35315
Taken Conditional Branches: 34673
Compressed Instructions:    0
Multiply Wait:              598
