Program header number 0 in `/workspace/out/cache/f51bd0b30229177c65e152116c5f06bd6f19c0c7f9941e4a18fe3e8914c6eaca/run/program.elf' is not of type PT_LOAD; ignoring.
Program header number 3 in `/workspace/out/cache/f51bd0b30229177c65e152116c5f06bd6f19c0c7f9941e4a18fe3e8914c6eaca/run/program.elf' is not of type PT_LOAD; ignoring.
Simulation of Ibex
==================

Tracing can be toggled by sending SIGUSR1 to this process:
$ kill -USR1 18

Simulation running, end by pressing CTRL-c.
Tracing enabled.
Writing simulation traces to sim.fst
TOP.ibex_simple_system.u_top.u_ibex_tracer.unnamedblk2.unnamedblk3: Writing execution trace to trace_core_00000000.log
Terminating simulation by software request.
- src/lowrisc_ibex_sim_shared_0/rtl/sim/simulator_ctrl.sv:93: Verilog $finish
Received $finish() from Verilog, shutting down simulation.

Simulation statistics
=====================
Executed cycles:  238013
Wallclock time:   4.83 s
Simulation speed: 49278.1 cycles/s (49.2781 kHz)
Trace file size:  16512106 B

You can view the simulation traces by calling
$ gtkwave sim.fst

Performance Counters
====================
Cycles:                     238009
Instructions Retired:       108230
LSU Busy:                   12106
Fetch Wait:                 40486
Loads:                      7407
Stores:                     4699
Jumps:                      1928
Conditional Branches:       40953
Taken Conditional Branches: 40482
Compressed Instructions:    0
Multiply Wait:              0
