Program header number 0 in `/workspace/out/cache/26c1ba87cc85b3836c6ea5d4d0b016e50564b118969e6101bbc2360a6d2153a5/run/program.elf' is not of type PT_LOAD; ignoring.
Program header number 3 in `/workspace/out/cache/26c1ba87cc85b3836c6ea5d4d0b016e50564b118969e6101bbc2360a6d2153a5/run/program.elf' is not of type PT_LOAD; ignoring.
Simulation of Ibex
==================

Tracing can be toggled by sending SIGUSR1 to this process:
$ kill -USR1 17

Simulation running, end by pressing CTRL-c.
Tracing enabled.
Writing simulation traces to sim.fst
TOP.ibex_simple_system.u_top.u_ibex_tracer.unnamedblk2.unnamedblk3: Writing execution trace to trace_core_00000000.log
Terminating simulation by software request.
- src/lowrisc_ibex_sim_shared_0/rtl/sim/simulator_ctrl.sv:93: Verilog $finish
Received $finish() from Verilog, shutting down simulation.

Simulation statistics
=====================
Executed cycles:  238013
Wallclock time:   5.427 s
Simulation speed: 43857.2 cycles/s (43.8572 kHz)
Trace file size:  17943683 B

You can view the simulation traces by calling
$ gtkwave sim.fst

Performance Counters
====================
Cycles:                     238009
Instructions Retired:       122106
LSU Busy:                   13084
Fetch Wait:                 45566
Loads:                      7413
Stores:                     5671
Jumps:                      1962
Conditional Branches:       46066
Taken Conditional Branches: 45562
Compressed Instructions:    0
Multiply Wait:              512
