Program header number 0 in `/workspace/out/cache/92099475277b0a8dd7cacc26d535cc937335eb0aae6d934c2ae36b1606fcc6e0/run/program.elf' is not of type PT_LOAD; ignoring.
Program header number 3 in `/workspace/out/cache/92099475277b0a8dd7cacc26d535cc937335eb0aae6d934c2ae36b1606fcc6e0/run/program.elf' is not of type PT_LOAD; ignoring.
Simulation of Ibex
==================

Tracing can be toggled by sending SIGUSR1 to this process:
$ kill -USR1 18

Simulation running, end by pressing CTRL-c.
Tracing enabled.
Writing simulation traces to sim.fst
TOP.ibex_simple_system.u_top.u_ibex_tracer.unnamedblk2.unnamedblk3: Writing execution trace to trace_core_00000000.log
Terminating simulation by software request.
- src/lowrisc_ibex_sim_shared_0/rtl/sim/simulator_ctrl.sv:93: Verilog $finish
Received $finish() from Verilog, shutting down simulation.

Simulation statistics
=====================
Executed cycles:  238017
Wallclock time:   4.661 s
Simulation speed: 51065.7 cycles/s (51.0657 kHz)
Trace file size:  17545212 B

You can view the simulation traces by calling
$ gtkwave sim.fst

Performance Counters
====================
Cycles:                     238013
Instructions Retired:       112438
LSU Busy:                   11139
Fetch Wait:                 43808
Loads:                      6440
Stores:                     4699
Jumps:                      1895
Conditional Branches:       44247
Taken Conditional Branches: 43804
Compressed Instructions:    0
Multiply Wait:              0
