Program header number 0 in `/workspace/out/cache/dcb5d1ef8ffa4b1311e3eac90bec539a0c6b8558a1cd68589523dfb678c45070/run/program.elf' is not of type PT_LOAD; ignoring.
Program header number 3 in `/workspace/out/cache/dcb5d1ef8ffa4b1311e3eac90bec539a0c6b8558a1cd68589523dfb678c45070/run/program.elf' is not of type PT_LOAD; ignoring.
Simulation of Ibex
==================

Tracing can be toggled by sending SIGUSR1 to this process:
$ kill -USR1 18

Simulation running, end by pressing CTRL-c.
Tracing enabled.
Writing simulation traces to sim.fst
TOP.ibex_simple_system.u_top.u_ibex_tracer.unnamedblk2.unnamedblk3: Writing execution trace to trace_core_00000000.log
Terminating simulation by software request.
- src/lowrisc_ibex_sim_shared_0/rtl/sim/simulator_ctrl.sv:93: Verilog $finish
Received $finish() from Verilog, shutting down simulation.

Simulation statistics
=====================
Executed cycles:  238013
Wallclock time:   4.293 s
Simulation speed: 55442.1 cycles/s (55.4421 kHz)
Trace file size:  17482418 B

You can view the simulation traces by calling
$ gtkwave sim.fst

Performance Counters
====================
Cycles:                     238009
Instructions Retired:       113498
LSU Busy:                   12269
Fetch Wait:                 42300
Loads:                      7005
Stores:                     5264
Jumps:                      1911
Conditional Branches:       42751
Taken Conditional Branches: 42296
Compressed Instructions:    0
Multiply Wait:              534
