Program header number 0 in `/workspace/out/cache/3d7ca66f827b4686d3725ed2dfd6e2a36df417709896ba548589438559f0c49d/run/program.elf' is not of type PT_LOAD; ignoring.
Program header number 3 in `/workspace/out/cache/3d7ca66f827b4686d3725ed2dfd6e2a36df417709896ba548589438559f0c49d/run/program.elf' is not of type PT_LOAD; ignoring.
Simulation of Ibex
==================

Tracing can be toggled by sending SIGUSR1 to this process:
$ kill -USR1 18

Simulation running, end by pressing CTRL-c.
Tracing enabled.
Writing simulation traces to sim.fst
TOP.ibex_simple_system.u_top.u_ibex_tracer.unnamedblk2.unnamedblk3: Writing execution trace to trace_core_00000000.log
Terminating simulation by software request.
- src/lowrisc_ibex_sim_shared_0/rtl/sim/simulator_ctrl.sv:93: Verilog $finish
Received $finish() from Verilog, shutting down simulation.

Simulation statistics
=====================
Executed cycles:  238014
Wallclock time:   4.616 s
Simulation speed: 51562.8 cycles/s (51.5628 kHz)
Trace file size:  17690845 B

You can view the simulation traces by calling
$ gtkwave sim.fst

Performance Counters
====================
Cycles:                     238010
Instructions Retired:       118882
LSU Busy:                   12139
Fetch Wait:                 44977
Loads:                      7065
Stores:                     5074
Jumps:                      1924
Conditional Branches:       45836
Taken Conditional Branches: 44973
Compressed Instructions:    0
Multiply Wait:              750
