Program header number 0 in `/workspace/out/cache/a92bdb4afc105cee3ad400850b847eaea6d349898ae4388bcad04d6865bba42d/run/program.elf' is not of type PT_LOAD; ignoring.
Program header number 3 in `/workspace/out/cache/a92bdb4afc105cee3ad400850b847eaea6d349898ae4388bcad04d6865bba42d/run/program.elf' is not of type PT_LOAD; ignoring.
Simulation of Ibex
==================

Tracing can be toggled by sending SIGUSR1 to this process:
$ kill -USR1 17

Simulation running, end by pressing CTRL-c.
Tracing enabled.
Writing simulation traces to sim.fst
TOP.ibex_simple_system.u_top.u_ibex_tracer.unnamedblk2.unnamedblk3: Writing execution trace to trace_core_00000000.log
Terminating simulation by software request.
- src/lowrisc_ibex_sim_shared_0/rtl/sim/simulator_ctrl.sv:93: Verilog $finish
Received $finish() from Verilog, shutting down simulation.

Simulation statistics
=====================
Executed cycles:  238014
Wallclock time:   5.062 s
Simulation speed: 47019.8 cycles/s (47.0198 kHz)
Trace file size:  17884049 B

You can view the simulation traces by calling
$ gtkwave sim.fst

Performance Counters
====================
Cycles:                     238010
Instructions Retired:       122951
LSU Busy:                   11139
Fetch Wait:                 51011
Loads:                      6440
Stores:                     4699
Jumps:                      1901
Conditional Branches:       52668
Taken Conditional Branches: 51007
Compressed Instructions:    0
Multiply Wait:              0
