Program header number 0 in `/workspace/out/cache/ba449323a7d5049dabeb1af8ae6bd67f549dbbbd364bc26deeea34d68b46f48f/run/program.elf' is not of type PT_LOAD; ignoring.
Program header number 3 in `/workspace/out/cache/ba449323a7d5049dabeb1af8ae6bd67f549dbbbd364bc26deeea34d68b46f48f/run/program.elf' is not of type PT_LOAD; ignoring.
Simulation of Ibex
==================

Tracing can be toggled by sending SIGUSR1 to this process:
$ kill -USR1 18

Simulation running, end by pressing CTRL-c.
Tracing enabled.
Writing simulation traces to sim.fst
TOP.ibex_simple_system.u_top.u_ibex_tracer.unnamedblk2.unnamedblk3: Writing execution trace to trace_core_00000000.log
Terminating simulation by software request.
- src/lowrisc_ibex_sim_shared_0/rtl/sim/simulator_ctrl.sv:93: Verilog $finish
Received $finish() from Verilog, shutting down simulation.

Simulation statistics
=====================
Executed cycles:  238013
Wallclock time:   4.697 s
Simulation speed: 50673.4 cycles/s (50.6734 kHz)
Trace file size:  17736751 B

You can view the simulation traces by calling
$ gtkwave sim.fst

Performance Counters
====================
Cycles:                     238009
Instructions Retired:       123491
LSU Busy:                   11595
Fetch Wait:                 50213
Loads:                      6668
Stores:                     4927
Jumps:                      1930
Conditional Branches:       50683
Taken Conditional Branches: 50209
Compressed Instructions:    0
Multiply Wait:              570
