Program header number 0 in `/workspace/out/cache/1c84e5aa19b4dda818c67baa590e2f73f725498485e100c3727274c22a5b82f5/run/program.elf' is not of type PT_LOAD; ignoring.
Program header number 3 in `/workspace/out/cache/1c84e5aa19b4dda818c67baa590e2f73f725498485e100c3727274c22a5b82f5/run/program.elf' is not of type PT_LOAD; ignoring.
Simulation of Ibex
==================

Tracing can be toggled by sending SIGUSR1 to this process:
$ kill -USR1 17

Simulation running, end by pressing CTRL-c.
Tracing enabled.
Writing simulation traces to sim.fst
TOP.ibex_simple_system.u_top.u_ibex_tracer.unnamedblk2.unnamedblk3: Writing execution trace to trace_core_00000000.log
Terminating simulation by software request.
- src/lowrisc_ibex_sim_shared_0/rtl/sim/simulator_ctrl.sv:93: Verilog $finish
Received $finish() from Verilog, shutting down simulation.

Simulation statistics
=====================
Executed cycles:  238012
Wallclock time:   5.059 s
Simulation speed: 47047.2 cycles/s (47.0472 kHz)
Trace file size:  17459776 B

You can view the simulation traces by calling
$ gtkwave sim.fst

Performance Counters
====================
Cycles:                     238008
Instructions Retired:       115941
LSU Busy:                   11888
Fetch Wait:                 44659
Loads:                      6940
Stores:                     4948
Jumps:                      1935
Conditional Branches:       45133
Taken Conditional Branches: 44655
Compressed Instructions:    0
Multiply Wait:              1000
