Program header number 0 in `/workspace/out/cache/e1c12b8b1b904fcfae57b62674fb74bb973b04544ebd97442dde88e5a76b5988/run/program.elf' is not of type PT_LOAD; ignoring.
Program header number 3 in `/workspace/out/cache/e1c12b8b1b904fcfae57b62674fb74bb973b04544ebd97442dde88e5a76b5988/run/program.elf' is not of type PT_LOAD; ignoring.
Simulation of Ibex
==================

Tracing can be toggled by sending SIGUSR1 to this process:
$ kill -USR1 17

Simulation running, end by pressing CTRL-c.
Tracing enabled.
Writing simulation traces to sim.fst
TOP.ibex_simple_system.u_top.u_ibex_tracer.unnamedblk2.unnamedblk3: Writing execution trace to trace_core_00000000.log
Terminating simulation by software request.
- src/lowrisc_ibex_sim_shared_0/rtl/sim/simulator_ctrl.sv:93: Verilog $finish
Received $finish() from Verilog, shutting down simulation.

Simulation statistics
=====================
Executed cycles:  238011
Wallclock time:   4.984 s
Simulation speed: 47755 cycles/s (47.755 kHz)
Trace file size:  18654334 B

You can view the simulation traces by calling
$ gtkwave sim.fst

Performance Counters
====================
Cycles:                     238007
Instructions Retired:       127369
LSU Busy:                   13614
Fetch Wait:                 47214
Loads:                      8915
Stores:                     4699
Jumps:                      1917
Conditional Branches:       47669
Taken Conditional Branches: 47210
Compressed Instructions:    0
Multiply Wait:              682
