Program header number 0 in `/workspace/out/cache/527ce56b59f35e36687dd4113ea6f0fba5142923beb41378cd604907438019fd/run/program.elf' is not of type PT_LOAD; ignoring.
Program header number 3 in `/workspace/out/cache/527ce56b59f35e36687dd4113ea6f0fba5142923beb41378cd604907438019fd/run/program.elf' is not of type PT_LOAD; ignoring.
Simulation of Ibex
==================

Tracing can be toggled by sending SIGUSR1 to this process:
$ kill -USR1 17

Simulation running, end by pressing CTRL-c.
Tracing enabled.
Writing simulation traces to sim.fst
TOP.ibex_simple_system.u_top.u_ibex_tracer.unnamedblk2.unnamedblk3: Writing execution trace to trace_core_00000000.log
Terminating simulation by software request.
- src/lowrisc_ibex_sim_shared_0/rtl/sim/simulator_ctrl.sv:93: Verilog $finish
Received $finish() from Verilog, shutting down simulation.

Simulation statistics
=====================
Executed cycles:  238014
Wallclock time:   4.342 s
Simulation speed: 54816.7 cycles/s (54.8167 kHz)
Trace file size:  17176013 B

You can view the simulation traces by calling
$ gtkwave sim.fst

Performance Counters
====================
Cycles:                     238010
Instructions Retired:       114353
LSU Busy:                   11939
Fetch Wait:                 43060
Loads:                      6840
Stores:                     5099
Jumps:                      1889
Conditional Branches:       43887
Taken Conditional Branches: 43056
Compressed Instructions:    0
Multiply Wait:              1248
