Program header number 0 in `/workspace/out/cache/05ad68b56e9f0f53afb0a4181359f4315c61b0140936a0ec6a9c8e7863484d6b/run/program.elf' is not of type PT_LOAD; ignoring.
Program header number 3 in `/workspace/out/cache/05ad68b56e9f0f53afb0a4181359f4315c61b0140936a0ec6a9c8e7863484d6b/run/program.elf' is not of type PT_LOAD; ignoring.
Simulation of Ibex
==================

Tracing can be toggled by sending SIGUSR1 to this process:
$ kill -USR1 17

Simulation running, end by pressing CTRL-c.
Tracing enabled.
Writing simulation traces to sim.fst
TOP.ibex_simple_system.u_top.u_ibex_tracer.unnamedblk2.unnamedblk3: Writing execution trace to trace_core_00000000.log
Terminating simulation by software request.
- src/lowrisc_ibex_sim_shared_0/rtl/sim/simulator_ctrl.sv:93: Verilog $finish
Received $finish() from Verilog, shutting down simulation.

Simulation statistics
=====================
Executed cycles:  238012
Wallclock time:   5.226 s
Simulation speed: 45543.8 cycles/s (45.5438 kHz)
Trace file size:  18221691 B

You can view the simulation traces by calling
$ gtkwave sim.fst

Performance Counters
====================
Cycles:                     238008
Instructions Retired:       125842
LSU Busy:                   12339
Fetch Wait:                 48353
Loads:                      7040
Stores:                     5299
Jumps:                      1924
Conditional Branches:       48815
Taken Conditional Branches: 48349
Compressed Instructions:    0
Multiply Wait:              0
