Program header number 0 in `/workspace/out/cache/130a187059b174a263fdcf379a2d17df84890742295718eb3ec009790045a353/run/program.elf' is not of type PT_LOAD; ignoring.
Program header number 3 in `/workspace/out/cache/130a187059b174a263fdcf379a2d17df84890742295718eb3ec009790045a353/run/program.elf' is not of type PT_LOAD; ignoring.
Simulation of Ibex
==================

Tracing can be toggled by sending SIGUSR1 to this process:
$ kill -USR1 17

Simulation running, end by pressing CTRL-c.
Tracing enabled.
Writing simulation traces to sim.fst
TOP.ibex_simple_system.u_top.u_ibex_tracer.unnamedblk2.unnamedblk3: Writing execution trace to trace_core_00000000.log
Terminating simulation by software request.
- src/lowrisc_ibex_sim_shared_0/rtl/sim/simulator_ctrl.sv:93: Verilog $finish
Received $finish() from Verilog, shutting down simulation.

Simulation statistics
=====================
Executed cycles:  238012
Wallclock time:   5.16 s
Simulation speed: 46126.4 cycles/s (46.1264 kHz)
Trace file size:  17635045 B

You can view the simulation traces by calling
$ gtkwave sim.fst

Performance Counters
====================
Cycles:                     238008
Instructions Retired:       125231
LSU Busy:                   11139
Fetch Wait:                 49858
Loads:                      6440
Stores:                     4699
Jumps:                      1925
Conditional Branches:       50315
Taken Conditional Branches: 49854
Compressed Instructions:    0
Multiply Wait:              0
