Program header number 0 in `/workspace/out/cache/c46aa870d9bac05fb43b7616adde88d7679583a30d18ccb091975268432e214d/run/program.elf' is not of type PT_LOAD; ignoring.
Program header number 3 in `/workspace/out/cache/c46aa870d9bac05fb43b7616adde88d7679583a30d18ccb091975268432e214d/run/program.elf' is not of type PT_LOAD; ignoring.
Simulation of Ibex
==================

Tracing can be toggled by sending SIGUSR1 to this process:
$ kill -USR1 17

Simulation running, end by pressing CTRL-c.
Tracing enabled.
Writing simulation traces to sim.fst
TOP.ibex_simple_system.u_top.u_ibex_tracer.unnamedblk2.unnamedblk3: Writing execution trace to trace_core_00000000.log
Terminating simulation by software request.
- src/lowrisc_ibex_sim_shared_0/rtl/sim/simulator_ctrl.sv:93: Verilog $finish
Received $finish() from Verilog, shutting down simulation.

Simulation statistics
=====================
Executed cycles:  238011
Wallclock time:   2.691 s
Simulation speed: 88447 cycles/s (88.447 kHz)
Trace file size:  12261671 B

You can view the simulation traces by calling
$ gtkwave sim.fst

Performance Counters
====================
Cycles:                     238007
Instructions Retired:       51507
LSU Busy:                   11139
Fetch Wait:                 12991
Loads:                      6440
Stores:                     4699
Jumps:                      1926
Conditional Branches:       13451
Taken Conditional Branches: 12987
Compressed Instructions:    0
Multiply Wait:              0
