Program header number 0 in `/workspace/out/cache/9253083512224fb4fa4055019c8a7d2b10d5f6ab409bff777a9b23818dc5651a/run/program.elf' is not of type PT_LOAD; ignoring.
Program header number 3 in `/workspace/out/cache/9253083512224fb4fa4055019c8a7d2b10d5f6ab409bff777a9b23818dc5651a/run/program.elf' is not of type PT_LOAD; ignoring.
Simulation of Ibex
==================

Tracing can be toggled by sending SIGUSR1 to this process:
$ kill -USR1 17

Simulation running, end by pressing CTRL-c.
Tracing enabled.
Writing simulation traces to sim.fst
TOP.ibex_simple_system.u_top.u_ibex_tracer.unnamedblk2.unnamedblk3: Writing execution trace to trace_core_00000000.log
Terminating simulation by software request.
- src/lowrisc_ibex_sim_shared_0/rtl/sim/simulator_ctrl.sv:93: Verilog $finish
Received $finish() from Verilog, shutting down simulation.

Simulation statistics
=====================
Executed cycles:  238016
Wallclock time:   4.261 s
Simulation speed: 55859.2 cycles/s (55.8592 kHz)
Trace file size:  16278494 B

You can view the simulation traces by calling
$ gtkwave sim.fst

Performance Counters
====================
Cycles:                     238012
Instructions Retired:       96372
LSU Busy:                   11701
Fetch Wait:                 34659
Loads:                      6806
Stores:                     4895
Jumps:                      1908
Conditional Branches:       35111
Taken Conditional Branches: 34655
Compressed Instructions:    0
Multiply Wait:              0
