Program header number 0 in `/workspace/out/cache/cbfd32ec1546be2a987173aeece79c0aa2e0dc673993704ec0269d9027e612a8/run/program.elf' is not of type PT_LOAD; ignoring.
Program header number 3 in `/workspace/out/cache/cbfd32ec1546be2a987173aeece79c0aa2e0dc673993704ec0269d9027e612a8/run/program.elf' is not of type PT_LOAD; ignoring.
Simulation of Ibex
==================

Tracing can be toggled by sending SIGUSR1 to this process:
$ kill -USR1 17

Simulation running, end by pressing CTRL-c.
Tracing enabled.
Writing simulation traces to sim.fst
TOP.ibex_simple_system.u_top.u_ibex_tracer.unnamedblk2.unnamedblk3: Writing execution trace to trace_core_00000000.log
Terminating simulation by software request.
- src/lowrisc_ibex_sim_shared_0/rtl/sim/simulator_ctrl.sv:93: Verilog $finish
Received $finish() from Verilog, shutting down simulation.

Simulation statistics
=====================
Executed cycles:  238012
Wallclock time:   5.221 s
Simulation speed: 45587.4 cycles/s (45.5874 kHz)
Trace file size:  18405138 B

You can view the simulation traces by calling
$ gtkwave sim.fst

Performance Counters
====================
Cycles:                     238008
Instructions Retired:       125246
LSU Busy:                   11139
Fetch Wait:                 49851
Loads:                      6440
Stores:                     4699
Jumps:                      1924
Conditional Branches:       50315
Taken Conditional Branches: 49847
Compressed Instructions:    0
Multiply Wait:              0
