Program header number 0 in `/workspace/out/cache/30c165c04bdf0117102e6f5e2210e90a77bb8d297c69defc0e4fbeaa4ec96c01/run/program.elf' is not of type PT_LOAD; ignoring.
Program header number 3 in `/workspace/out/cache/30c165c04bdf0117102e6f5e2210e90a77bb8d297c69defc0e4fbeaa4ec96c01/run/program.elf' is not of type PT_LOAD; ignoring.
Simulation of Ibex
==================

Tracing can be toggled by sending SIGUSR1 to this process:
$ kill -USR1 18

Simulation running, end by pressing CTRL-c.
Tracing enabled.
Writing simulation traces to sim.fst
TOP.ibex_simple_system.u_top.u_ibex_tracer.unnamedblk2.unnamedblk3: Writing execution trace to trace_core_00000000.log
Terminating simulation by software request.
- src/lowrisc_ibex_sim_shared_0/rtl/sim/simulator_ctrl.sv:93: Verilog $finish
Received $finish() from Verilog, shutting down simulation.

Simulation statistics
=====================
Executed cycles:  238014
Wallclock time:   4.933 s
Simulation speed: 48249.3 cycles/s (48.2493 kHz)
Trace file size:  17395329 B

You can view the simulation traces by calling
$ gtkwave sim.fst

Performance Counters
====================
Cycles:                     238010
Instructions Retired:       115324
LSU Busy:                   11139
Fetch Wait:                 45213
Loads:                      6440
Stores:                     4699
Jumps:                      1908
Conditional Branches:       45659
Taken Conditional Branches: 45209
Compressed Instructions:    0
Multiply Wait:              6192
