Program header number 0 in `/workspace/out/cache/e00aa82540c67c8ba87751b0145601c147b8697d89d2301c39cb6f35b6b09fc4/run/program.elf' is not of type PT_LOAD; ignoring.
Program header number 3 in `/workspace/out/cache/e00aa82540c67c8ba87751b0145601c147b8697d89d2301c39cb6f35b6b09fc4/run/program.elf' is not of type PT_LOAD; ignoring.
Simulation of Ibex
==================

Tracing can be toggled by sending SIGUSR1 to this process:
$ kill -USR1 17

Simulation running, end by pressing CTRL-c.
Tracing enabled.
Writing simulation traces to sim.fst
TOP.ibex_simple_system.u_top.u_ibex_tracer.unnamedblk2.unnamedblk3: Writing execution trace to trace_core_00000000.log
Terminating simulation by software request.
- src/lowrisc_ibex_sim_shared_0/rtl/sim/simulator_ctrl.sv:93: Verilog $finish
Received $finish() from Verilog, shutting down simulation.

Simulation statistics
=====================
Executed cycles:  238012
Wallclock time:   4.899 s
Simulation speed: 48583.8 cycles/s (48.5838 kHz)
Trace file size:  16919365 B

You can view the simulation traces by calling
$ gtkwave sim.fst

Performance Counters
====================
Cycles:                     238008
Instructions Retired:       107584
LSU Busy:                   12163
Fetch Wait:                 39479
Loads:                      6952
Stores:                     5211
Jumps:                      1930
Conditional Branches:       39947
Taken Conditional Branches: 39475
Compressed Instructions:    0
Multiply Wait:              512
