Program header number 0 in `/workspace/out/cache/f34b8ae433907f91a922fef8a2d4f4ea0713a8b18daa3b39da5a5c506665aa36/run/program.elf' is not of type PT_LOAD; ignoring.
Program header number 3 in `/workspace/out/cache/f34b8ae433907f91a922fef8a2d4f4ea0713a8b18daa3b39da5a5c506665aa36/run/program.elf' is not of type PT_LOAD; ignoring.
Simulation of Ibex
==================

Tracing can be toggled by sending SIGUSR1 to this process:
$ kill -USR1 18

Simulation running, end by pressing CTRL-c.
Tracing enabled.
Writing simulation traces to sim.fst
TOP.ibex_simple_system.u_top.u_ibex_tracer.unnamedblk2.unnamedblk3: Writing execution trace to trace_core_00000000.log
Terminating simulation by software request.
- src/lowrisc_ibex_sim_shared_0/rtl/sim/simulator_ctrl.sv:93: Verilog $finish
Received $finish() from Verilog, shutting down simulation.

Simulation statistics
=====================
Executed cycles:  238012
Wallclock time:   5.812 s
Simulation speed: 40951.8 cycles/s (40.9518 kHz)
Trace file size:  18193996 B

You can view the simulation traces by calling
$ gtkwave sim.fst

Performance Counters
====================
Cycles:                     238008
Instructions Retired:       120882
LSU Busy:                   12163
Fetch Wait:                 46406
Loads:                      6952
Stores:                     5211
Jumps:                      1914
Conditional Branches:       46859
Taken Conditional Branches: 46402
Compressed Instructions:    0
Multiply Wait:              1024
