Program header number 0 in `/workspace/out/cache/bb0f439de7574396e6813bc6e7398f22cb44b1cc9866b668323bef6ae7337787/run/program.elf' is not of type PT_LOAD; ignoring.
Program header number 3 in `/workspace/out/cache/bb0f439de7574396e6813bc6e7398f22cb44b1cc9866b668323bef6ae7337787/run/program.elf' is not of type PT_LOAD; ignoring.
Simulation of Ibex
==================

Tracing can be toggled by sending SIGUSR1 to this process:
$ kill -USR1 17

Simulation running, end by pressing CTRL-c.
Tracing enabled.
Writing simulation traces to sim.fst
TOP.ibex_simple_system.u_top.u_ibex_tracer.unnamedblk2.unnamedblk3: Writing execution trace to trace_core_00000000.log
Terminating simulation by software request.
- src/lowrisc_ibex_sim_shared_0/rtl/sim/simulator_ctrl.sv:93: Verilog $finish
Received $finish() from Verilog, shutting down simulation.

Simulation statistics
=====================
Executed cycles:  238013
Wallclock time:   5.352 s
Simulation speed: 44471.8 cycles/s (44.4718 kHz)
Trace file size:  17998263 B

You can view the simulation traces by calling
$ gtkwave sim.fst

Performance Counters
====================
Cycles:                     238009
Instructions Retired:       124501
LSU Busy:                   11300
Fetch Wait:                 50151
Loads:                      6601
Stores:                     4699
Jumps:                      1909
Conditional Branches:       50599
Taken Conditional Branches: 50147
Compressed Instructions:    0
Multiply Wait:              0
