Program header number 0 in `/workspace/out/cache/a9e7e6aad887605de6591fb378af434d4e7a9596611b91f4249b19f93c6d29f3/run/program.elf' is not of type PT_LOAD; ignoring.
Program header number 3 in `/workspace/out/cache/a9e7e6aad887605de6591fb378af434d4e7a9596611b91f4249b19f93c6d29f3/run/program.elf' is not of type PT_LOAD; ignoring.
Simulation of Ibex
==================

Tracing can be toggled by sending SIGUSR1 to this process:
$ kill -USR1 16

Simulation running, end by pressing CTRL-c.
Tracing enabled.
Writing simulation traces to sim.fst
TOP.ibex_simple_system.u_top.u_ibex_tracer.unnamedblk2.unnamedblk3: Writing execution trace to trace_core_00000000.log
Terminating simulation by software request.
- src/lowrisc_ibex_sim_shared_0/rtl/sim/simulator_ctrl.sv:93: Verilog $finish
Received $finish() from Verilog, shutting down simulation.

Simulation statistics
=====================
Executed cycles:  238012
Wallclock time:   4.332 s
Simulation speed: 54942.8 cycles/s (54.9428 kHz)
Trace file size:  15036828 B

You can view the simulation traces by calling
$ gtkwave sim.fst

Performance Counters
====================
Cycles:                     238008
Instructions Retired:       87107
LSU Busy:                   11139
Fetch Wait:                 30835
Loads:                      6440
Stores:                     4699
Jumps:                      1899
Conditional Branches:       31266
Taken Conditional Branches: 30831
Compressed Instructions:    0
Multiply Wait:              0
