Program header number 0 in `/workspace/out/cache/fc59825c41ef32bb5df0399d423d36f23edb775abd122b9d3e67027e87ae8fdc/run/program.elf' is not of type PT_LOAD; ignoring.
Program header number 3 in `/workspace/out/cache/fc59825c41ef32bb5df0399d423d36f23edb775abd122b9d3e67027e87ae8fdc/run/program.elf' is not of type PT_LOAD; ignoring.
Simulation of Ibex
==================

Tracing can be toggled by sending SIGUSR1 to this process:
$ kill -USR1 18

Simulation running, end by pressing CTRL-c.
Tracing enabled.
Writing simulation traces to sim.fst
TOP.ibex_simple_system.u_top.u_ibex_tracer.unnamedblk2.unnamedblk3: Writing execution trace to trace_core_00000000.log
Terminating simulation by software request.
- src/lowrisc_ibex_sim_shared_0/rtl/sim/simulator_ctrl.sv:93: Verilog $finish
Received $finish() from Verilog, shutting down simulation.

Simulation statistics
=====================
Executed cycles:  238011
Wallclock time:   4.889 s
Simulation speed: 48683 cycles/s (48.683 kHz)
Trace file size:  18100485 B

You can view the simulation traces by calling
$ gtkwave sim.fst

Performance Counters
====================
Cycles:                     238007
Instructions Retired:       125749
LSU Busy:                   12162
Fetch Wait:                 48321
Loads:                      6781
Stores:                     5381
Jumps:                      2091
Conditional Branches:       48950
Taken Conditional Branches: 48317
Compressed Instructions:    0
Multiply Wait:              1366
