Program header number 0 in `/workspace/out/cache/3ed681c33c852e0bb99c3b1ebca3c9e8d58c66b05d46c7ee07289522e5319ba5/run/program.elf' is not of type PT_LOAD; ignoring.
Program header number 3 in `/workspace/out/cache/3ed681c33c852e0bb99c3b1ebca3c9e8d58c66b05d46c7ee07289522e5319ba5/run/program.elf' is not of type PT_LOAD; ignoring.
Simulation of Ibex
==================

Tracing can be toggled by sending SIGUSR1 to this process:
$ kill -USR1 17

Simulation running, end by pressing CTRL-c.
Tracing enabled.
Writing simulation traces to sim.fst
TOP.ibex_simple_system.u_top.u_ibex_tracer.unnamedblk2.unnamedblk3: Writing execution trace to trace_core_00000000.log
Terminating simulation by software request.
- src/lowrisc_ibex_sim_shared_0/rtl/sim/simulator_ctrl.sv:93: Verilog $finish
Received $finish() from Verilog, shutting down simulation.

Simulation statistics
=====================
Executed cycles:  238014
Wallclock time:   5.314 s
Simulation speed: 44790 cycles/s (44.79 kHz)
Trace file size:  17804842 B

You can view the simulation traces by calling
$ gtkwave sim.fst

Performance Counters
====================
Cycles:                     238010
Instructions Retired:       123457
LSU Busy:                   11438
Fetch Wait:                 50601
Loads:                      6440
Stores:                     4998
Jumps:                      1916
Conditional Branches:       52202
Taken Conditional Branches: 50597
Compressed Instructions:    0
Multiply Wait:              0
