Program header number 0 in `/workspace/out/cache/e9a312e6c5ef3e951d127899ee48303832b08c0babb8c926322aac991ab5c317/run/program.elf' is not of type PT_LOAD; ignoring.
Program header number 3 in `/workspace/out/cache/e9a312e6c5ef3e951d127899ee48303832b08c0babb8c926322aac991ab5c317/run/program.elf' is not of type PT_LOAD; ignoring.
Simulation of Ibex
==================

Tracing can be toggled by sending SIGUSR1 to this process:
$ kill -USR1 17

Simulation running, end by pressing CTRL-c.
Tracing enabled.
Writing simulation traces to sim.fst
TOP.ibex_simple_system.u_top.u_ibex_tracer.unnamedblk2.unnamedblk3: Writing execution trace to trace_core_00000000.log
Terminating simulation by software request.
- src/lowrisc_ibex_sim_shared_0/rtl/sim/simulator_ctrl.sv:93: Verilog $finish
Received $finish() from Verilog, shutting down simulation.

Simulation statistics
=====================
Executed cycles:  238011
Wallclock time:   4.272 s
Simulation speed: 55714.2 cycles/s (55.7142 kHz)
Trace file size:  17161852 B

You can view the simulation traces by calling
$ gtkwave sim.fst

Performance Counters
====================
Cycles:                     238007
Instructions Retired:       109289
LSU Busy:                   12077
Fetch Wait:                 40692
Loads:                      6909
Stores:                     5168
Jumps:                      1922
Conditional Branches:       41152
Taken Conditional Branches: 40688
Compressed Instructions:    0
Multiply Wait:              938
