Program header number 0 in `/workspace/out/cache/5fd07e1da123b40a5bd3ad42b4d1e2bb9667840b3e7e11e734964a9a4dee29ef/run/program.elf' is not of type PT_LOAD; ignoring.
Program header number 3 in `/workspace/out/cache/5fd07e1da123b40a5bd3ad42b4d1e2bb9667840b3e7e11e734964a9a4dee29ef/run/program.elf' is not of type PT_LOAD; ignoring.
Simulation of Ibex
==================

Tracing can be toggled by sending SIGUSR1 to this process:
$ kill -USR1 18

Simulation running, end by pressing CTRL-c.
Tracing enabled.
Writing simulation traces to sim.fst
TOP.ibex_simple_system.u_top.u_ibex_tracer.unnamedblk2.unnamedblk3: Writing execution trace to trace_core_00000000.log
Terminating simulation by software request.
- src/lowrisc_ibex_sim_shared_0/rtl/sim/simulator_ctrl.sv:93: Verilog $finish
Received $finish() from Verilog, shutting down simulation.

Simulation statistics
=====================
Executed cycles:  238016
Wallclock time:   4.047 s
Simulation speed: 58812.9 cycles/s (58.8129 kHz)
Trace file size:  15934524 B

You can view the simulation traces by calling
$ gtkwave sim.fst

Performance Counters
====================
Cycles:                     238012
Instructions Retired:       97694
LSU Busy:                   11687
Fetch Wait:                 36082
Loads:                      6714
Stores:                     4973
Jumps:                      1922
Conditional Branches:       36793
Taken Conditional Branches: 36078
Compressed Instructions:    0
Multiply Wait:              548
