Program header number 0 in `/workspace/out/cache/bb80bc72cfc094f4655b9188960b8971dc7a3c49c09fc547417f27f225222dfb/run/program.elf' is not of type PT_LOAD; ignoring.
Program header number 3 in `/workspace/out/cache/bb80bc72cfc094f4655b9188960b8971dc7a3c49c09fc547417f27f225222dfb/run/program.elf' is not of type PT_LOAD; ignoring.
Simulation of Ibex
==================

Tracing can be toggled by sending SIGUSR1 to this process:
$ kill -USR1 17

Simulation running, end by pressing CTRL-c.
Tracing enabled.
Writing simulation traces to sim.fst
TOP.ibex_simple_system.u_top.u_ibex_tracer.unnamedblk2.unnamedblk3: Writing execution trace to trace_core_00000000.log
Terminating simulation by software request.
- src/lowrisc_ibex_sim_shared_0/rtl/sim/simulator_ctrl.sv:93: Verilog $finish
Received $finish() from Verilog, shutting down simulation.

Simulation statistics
=====================
Executed cycles:  238011
Wallclock time:   5.509 s
Simulation speed: 43204 cycles/s (43.204 kHz)
Trace file size:  17826640 B

You can view the simulation traces by calling
$ gtkwave sim.fst

Performance Counters
====================
Cycles:                     238007
Instructions Retired:       123384
LSU Busy:                   11139
Fetch Wait:                 50459
Loads:                      6440
Stores:                     4699
Jumps:                      1929
Conditional Branches:       50923
Taken Conditional Branches: 50455
Compressed Instructions:    0
Multiply Wait:              640
