Program header number 0 in `/workspace/out/cache/1e8497dbfa57a1b588b6707c9ab3aa6aba07e49fdfed6cf738b3c8894a703347/run/program.elf' is not of type PT_LOAD; ignoring.
Program header number 3 in `/workspace/out/cache/1e8497dbfa57a1b588b6707c9ab3aa6aba07e49fdfed6cf738b3c8894a703347/run/program.elf' is not of type PT_LOAD; ignoring.
Simulation of Ibex
==================

Tracing can be toggled by sending SIGUSR1 to this process:
$ kill -USR1 18

Simulation running, end by pressing CTRL-c.
Tracing enabled.
Writing simulation traces to sim.fst
TOP.ibex_simple_system.u_top.u_ibex_tracer.unnamedblk2.unnamedblk3: Writing execution trace to trace_core_00000000.log
Terminating simulation by software request.
- src/lowrisc_ibex_sim_shared_0/rtl/sim/simulator_ctrl.sv:93: Verilog $finish
Received $finish() from Verilog, shutting down simulation.

Simulation statistics
=====================
Executed cycles:  238013
Wallclock time:   5.034 s
Simulation speed: 47281.1 cycles/s (47.2811 kHz)
Trace file size:  18254746 B

You can view the simulation traces by calling
$ gtkwave sim.fst

Performance Counters
====================
Cycles:                     238009
Instructions Retired:       126916
LSU Busy:                   13880
Fetch Wait:                 47648
Loads:                      6706
Stores:                     7174
Jumps:                      1920
Conditional Branches:       48298
Taken Conditional Branches: 47644
Compressed Instructions:    0
Multiply Wait:              0
