Program header number 0 in `/workspace/out/cache/780762e16de05854086546bec7f27cb3086dc3a40e2e975c342aad9b9027a80d/run/program.elf' is not of type PT_LOAD; ignoring.
Program header number 3 in `/workspace/out/cache/780762e16de05854086546bec7f27cb3086dc3a40e2e975c342aad9b9027a80d/run/program.elf' is not of type PT_LOAD; ignoring.
Simulation of Ibex
==================

Tracing can be toggled by sending SIGUSR1 to this process:
$ kill -USR1 18

Simulation running, end by pressing CTRL-c.
Tracing enabled.
Writing simulation traces to sim.fst
TOP.ibex_simple_system.u_top.u_ibex_tracer.unnamedblk2.unnamedblk3: Writing execution trace to trace_core_00000000.log
Terminating simulation by software request.
- src/lowrisc_ibex_sim_shared_0/rtl/sim/simulator_ctrl.sv:93: Verilog $finish
Received $finish() from Verilog, shutting down simulation.

Simulation statistics
=====================
Executed cycles:  238013
Wallclock time:   5.094 s
Simulation speed: 46724.2 cycles/s (46.7242 kHz)
Trace file size:  17137104 B

You can view the simulation traces by calling
$ gtkwave sim.fst

Performance Counters
====================
Cycles:                     238009
Instructions Retired:       117072
LSU Busy:                   12590
Fetch Wait:                 44054
Loads:                      6940
Stores:                     5650
Jumps:                      1926
Conditional Branches:       44517
Taken Conditional Branches: 44050
Compressed Instructions:    0
Multiply Wait:              0
