Program header number 0 in `/workspace/out/cache/6f647dac16c833526941ca2bf3a20eae841f95a19f37d8b6607714dcb85f529e/run/program.elf' is not of type PT_LOAD; ignoring.
Program header number 3 in `/workspace/out/cache/6f647dac16c833526941ca2bf3a20eae841f95a19f37d8b6607714dcb85f529e/run/program.elf' is not of type PT_LOAD; ignoring.
Simulation of Ibex
==================

Tracing can be toggled by sending SIGUSR1 to this process:
$ kill -USR1 18

Simulation running, end by pressing CTRL-c.
Tracing enabled.
Writing simulation traces to sim.fst
TOP.ibex_simple_system.u_top.u_ibex_tracer.unnamedblk2.unnamedblk3: Writing execution trace to trace_core_00000000.log
Terminating simulation by software request.
- src/lowrisc_ibex_sim_shared_0/rtl/sim/simulator_ctrl.sv:93: Verilog $finish
Received $finish() from Verilog, shutting down simulation.

Simulation statistics
=====================
Executed cycles:  238013
Wallclock time:   4.18 s
Simulation speed: 56940.9 cycles/s (56.9409 kHz)
Trace file size:  14804247 B

You can view the simulation traces by calling
$ gtkwave sim.fst

Performance Counters
====================
Cycles:                     238009
Instructions Retired:       87315
LSU Busy:                   11139
Fetch Wait:                 30943
Loads:                      6440
Stores:                     4699
Jumps:                      1896
Conditional Branches:       31371
Taken Conditional Branches: 30939
Compressed Instructions:    0
Multiply Wait:              0
