Program header number 0 in `/workspace/out/cache/1e30af9f50f8f5660cb132c3520278b8d094f7644ba34481a952415671ea3bfc/run/program.elf' is not of type PT_LOAD; ignoring.
Program header number 3 in `/workspace/out/cache/1e30af9f50f8f5660cb132c3520278b8d094f7644ba34481a952415671ea3bfc/run/program.elf' is not of type PT_LOAD; ignoring.
Simulation of Ibex
==================

Tracing can be toggled by sending SIGUSR1 to this process:
$ kill -USR1 17

Simulation running, end by pressing CTRL-c.
Tracing enabled.
Writing simulation traces to sim.fst
TOP.ibex_simple_system.u_top.u_ibex_tracer.unnamedblk2.unnamedblk3: Writing execution trace to trace_core_00000000.log
Terminating simulation by software request.
- src/lowrisc_ibex_sim_shared_0/rtl/sim/simulator_ctrl.sv:93: Verilog $finish
Received $finish() from Verilog, shutting down simulation.

Simulation statistics
=====================
Executed cycles:  238014
Wallclock time:   4.928 s
Simulation speed: 48298.3 cycles/s (48.2983 kHz)
Trace file size:  17727286 B

You can view the simulation traces by calling
$ gtkwave sim.fst

Performance Counters
====================
Cycles:                     238010
Instructions Retired:       121880
LSU Busy:                   11139
Fetch Wait:                 51539
Loads:                      6440
Stores:                     4699
Jumps:                      1916
Conditional Branches:       52288
Taken Conditional Branches: 51535
Compressed Instructions:    0
Multiply Wait:              0
