Program header number 0 in `/workspace/out/cache/4d56be6f178d975fc21f2f5b7fb651f179c29dbf696a27aeb7296b064aa3205a/run/program.elf' is not of type PT_LOAD; ignoring.
Program header number 3 in `/workspace/out/cache/4d56be6f178d975fc21f2f5b7fb651f179c29dbf696a27aeb7296b064aa3205a/run/program.elf' is not of type PT_LOAD; ignoring.
Simulation of Ibex
==================

Tracing can be toggled by sending SIGUSR1 to this process:
$ kill -USR1 17

Simulation running, end by pressing CTRL-c.
Tracing enabled.
Writing simulation traces to sim.fst
TOP.ibex_simple_system.u_top.u_ibex_tracer.unnamedblk2.unnamedblk3: Writing execution trace to trace_core_00000000.log
Terminating simulation by software request.
- src/lowrisc_ibex_sim_shared_0/rtl/sim/simulator_ctrl.sv:93: Verilog $finish
Received $finish() from Verilog, shutting down simulation.

Simulation statistics
=====================
Executed cycles:  238014
Wallclock time:   5.11 s
Simulation speed: 46578.1 cycles/s (46.5781 kHz)
Trace file size:  18019313 B

You can view the simulation traces by calling
$ gtkwave sim.fst

Performance Counters
====================
Cycles:                     238010
Instructions Retired:       118385
LSU Busy:                   11986
Fetch Wait:                 45023
Loads:                      6864
Stores:                     5122
Jumps:                      1928
Conditional Branches:       45739
Taken Conditional Branches: 45019
Compressed Instructions:    0
Multiply Wait:              440
