Program header number 0 in `/workspace/out/cache/1cdc9cf6d44da6a6ece1566728af9a1a4d8cdd7fb4b047b463ae147520c73698/run/program.elf' is not of type PT_LOAD; ignoring.
Program header number 3 in `/workspace/out/cache/1cdc9cf6d44da6a6ece1566728af9a1a4d8cdd7fb4b047b463ae147520c73698/run/program.elf' is not of type PT_LOAD; ignoring.
Simulation of Ibex
==================

Tracing can be toggled by sending SIGUSR1 to this process:
$ kill -USR1 16

Simulation running, end by pressing CTRL-c.
Tracing enabled.
Writing simulation traces to sim.fst
TOP.ibex_simple_system.u_top.u_ibex_tracer.unnamedblk2.unnamedblk3: Writing execution trace to trace_core_00000000.log
Terminating simulation by software request.
- src/lowrisc_ibex_sim_shared_0/rtl/sim/simulator_ctrl.sv:93: Verilog $finish
Received $finish() from Verilog, shutting down simulation.

Simulation statistics
=====================
Executed cycles:  238014
Wallclock time:   5.433 s
Simulation speed: 43808.9 cycles/s (43.8089 kHz)
Trace file size:  17163588 B

You can view the simulation traces by calling
$ gtkwave sim.fst

Performance Counters
====================
Cycles:                     238010
Instructions Retired:       118183
LSU Busy:                   12010
Fetch Wait:                 45074
Loads:                      7311
Stores:                     4699
Jumps:                      1921
Conditional Branches:       45950
Taken Conditional Branches: 45070
Compressed Instructions:    0
Multiply Wait:              1060
