Program header number 0 in `/workspace/out/cache/020ab18f338be9f50d6eca78523c6b261ac33a29bbb5988aefd28b16149441d5/run/program.elf' is not of type PT_LOAD; ignoring.
Program header number 3 in `/workspace/out/cache/020ab18f338be9f50d6eca78523c6b261ac33a29bbb5988aefd28b16149441d5/run/program.elf' is not of type PT_LOAD; ignoring.
Simulation of Ibex
==================

Tracing can be toggled by sending SIGUSR1 to this process:
$ kill -USR1 17

Simulation running, end by pressing CTRL-c.
Tracing enabled.
Writing simulation traces to sim.fst
TOP.ibex_simple_system.u_top.u_ibex_tracer.unnamedblk2.unnamedblk3: Writing execution trace to trace_core_00000000.log
Terminating simulation by software request.
- src/lowrisc_ibex_sim_shared_0/rtl/sim/simulator_ctrl.sv:93: Verilog $finish
Received $finish() from Verilog, shutting down simulation.

Simulation statistics
=====================
Executed cycles:  238012
Wallclock time:   5.435 s
Simulation speed: 43792.5 cycles/s (43.7925 kHz)
Trace file size:  17712817 B

You can view the simulation traces by calling
$ gtkwave sim.fst

Performance Counters
====================
Cycles:                     238008
Instructions Retired:       125209
LSU Busy:                   11739
Fetch Wait:                 48764
Loads:                      6740
Stores:                     4999
Jumps:                      1935
Conditional Branches:       49537
Taken Conditional Branches: 48760
Compressed Instructions:    0
Multiply Wait:              1600
