Program header number 0 in `/workspace/out/cache/c158440d905420c26740150c669824767ffd09f23634fb9a1b24c5c571f48bdc/run/program.elf' is not of type PT_LOAD; ignoring.
Program header number 3 in `/workspace/out/cache/c158440d905420c26740150c669824767ffd09f23634fb9a1b24c5c571f48bdc/run/program.elf' is not of type PT_LOAD; ignoring.
Simulation of Ibex
==================

Tracing can be toggled by sending SIGUSR1 to this process:
$ kill -USR1 17

Simulation running, end by pressing CTRL-c.
Tracing enabled.
Writing simulation traces to sim.fst
TOP.ibex_simple_system.u_top.u_ibex_tracer.unnamedblk2.unnamedblk3: Writing execution trace to trace_core_00000000.log
Terminating simulation by software request.
- src/lowrisc_ibex_sim_shared_0/rtl/sim/simulator_ctrl.sv:93: Verilog $finish
Received $finish() from Verilog, shutting down simulation.

Simulation statistics
=====================
Executed cycles:  238012
Wallclock time:   2.638 s
Simulation speed: 90224.4 cycles/s (90.2244 kHz)
Trace file size:  12362344 B

You can view the simulation traces by calling
$ gtkwave sim.fst

Performance Counters
====================
Cycles:                     238008
Instructions Retired:       51529
LSU Busy:                   11139
Fetch Wait:                 12996
Loads:                      6440
Stores:                     4699
Jumps:                      1930
Conditional Branches:       13460
Taken Conditional Branches: 12992
Compressed Instructions:    0
Multiply Wait:              0
