Program header number 0 in `/workspace/out/cache/0c4c3f3571b126cc90c031e0aadf8e9c53dd200ece57c9542b5e6616f5bc7ab2/run/program.elf' is not of type PT_LOAD; ignoring.
Program header number 3 in `/workspace/out/cache/0c4c3f3571b126cc90c031e0aadf8e9c53dd200ece57c9542b5e6616f5bc7ab2/run/program.elf' is not of type PT_LOAD; ignoring.
Simulation of Ibex
==================

Tracing can be toggled by sending SIGUSR1 to this process:
$ kill -USR1 18

Simulation running, end by pressing CTRL-c.
Tracing enabled.
Writing simulation traces to sim.fst
TOP.ibex_simple_system.u_top.u_ibex_tracer.unnamedblk2.unnamedblk3: Writing execution trace to trace_core_00000000.log
Terminating simulation by software request.
- src/lowrisc_ibex_sim_shared_0/rtl/sim/simulator_ctrl.sv:93: Verilog $finish
Received $finish() from Verilog, shutting down simulation.

Simulation statistics
=====================
Executed cycles:  238012
Wallclock time:   4.346 s
Simulation speed: 54765.8 cycles/s (54.7658 kHz)
Trace file size:  16858134 B

You can view the simulation traces by calling
$ gtkwave sim.fst

Performance Counters
====================
Cycles:                     238008
Instructions Retired:       111163
LSU Busy:                   11685
Fetch Wait:                 42552
Loads:                      6986
Stores:                     4699
Jumps:                      1927
Conditional Branches:       43215
Taken Conditional Branches: 42548
Compressed Instructions:    0
Multiply Wait:              308
