Program header number 0 in `/workspace/out/cache/43142828f2b3515e3c32d0e3fad995d3165e0effd03e35b2a275eeba5d6dc3d9/run/program.elf' is not of type PT_LOAD; ignoring.
Program header number 3 in `/workspace/out/cache/43142828f2b3515e3c32d0e3fad995d3165e0effd03e35b2a275eeba5d6dc3d9/run/program.elf' is not of type PT_LOAD; ignoring.
Simulation of Ibex
==================

Tracing can be toggled by sending SIGUSR1 to this process:
$ kill -USR1 17

Simulation running, end by pressing CTRL-c.
Tracing enabled.
Writing simulation traces to sim.fst
TOP.ibex_simple_system.u_top.u_ibex_tracer.unnamedblk2.unnamedblk3: Writing execution trace to trace_core_00000000.log
Terminating simulation by software request.
- src/lowrisc_ibex_sim_shared_0/rtl/sim/simulator_ctrl.sv:93: Verilog $finish
Received $finish() from Verilog, shutting down simulation.

Simulation statistics
=====================
Executed cycles:  238013
Wallclock time:   5.9 s
Simulation speed: 40341.2 cycles/s (40.3412 kHz)
Trace file size:  18071373 B

You can view the simulation traces by calling
$ gtkwave sim.fst

Performance Counters
====================
Cycles:                     238009
Instructions Retired:       118763
LSU Busy:                   11928
Fetch Wait:                 45533
Loads:                      6796
Stores:                     5132
Jumps:                      1897
Conditional Branches:       45974
Taken Conditional Branches: 45529
Compressed Instructions:    0
Multiply Wait:              1356
