Program header number 0 in `/workspace/out/cache/be438cb8cf2c271bc5621ca6544a6471ee5b48b5f25753d76d7f78f017a3471d/run/program.elf' is not of type PT_LOAD; ignoring.
Program header number 3 in `/workspace/out/cache/be438cb8cf2c271bc5621ca6544a6471ee5b48b5f25753d76d7f78f017a3471d/run/program.elf' is not of type PT_LOAD; ignoring.
Simulation of Ibex
==================

Tracing can be toggled by sending SIGUSR1 to this process:
$ kill -USR1 18

Simulation running, end by pressing CTRL-c.
Tracing enabled.
Writing simulation traces to sim.fst
TOP.ibex_simple_system.u_top.u_ibex_tracer.unnamedblk2.unnamedblk3: Writing execution trace to trace_core_00000000.log
Terminating simulation by software request.
- src/lowrisc_ibex_sim_shared_0/rtl/sim/simulator_ctrl.sv:93: Verilog $finish
Received $finish() from Verilog, shutting down simulation.

Simulation statistics
=====================
Executed cycles:  238014
Wallclock time:   4.932 s
Simulation speed: 48259.1 cycles/s (48.2591 kHz)
Trace file size:  17356710 B

You can view the simulation traces by calling
$ gtkwave sim.fst

Performance Counters
====================
Cycles:                     238010
Instructions Retired:       116004
LSU Busy:                   11932
Fetch Wait:                 44754
Loads:                      6933
Stores:                     4999
Jumps:                      1922
Conditional Branches:       45215
Taken Conditional Branches: 44750
Compressed Instructions:    0
Multiply Wait:              600
