Program header number 0 in `/workspace/out/cache/461fb4b792ed98836595fc675711fe40bbd1ec4091bd93abd6fae70d96076b10/run/program.elf' is not of type PT_LOAD; ignoring.
Program header number 3 in `/workspace/out/cache/461fb4b792ed98836595fc675711fe40bbd1ec4091bd93abd6fae70d96076b10/run/program.elf' is not of type PT_LOAD; ignoring.
Simulation of Ibex
==================

Tracing can be toggled by sending SIGUSR1 to this process:
$ kill -USR1 17

Simulation running, end by pressing CTRL-c.
Tracing enabled.
Writing simulation traces to sim.fst
TOP.ibex_simple_system.u_top.u_ibex_tracer.unnamedblk2.unnamedblk3: Writing execution trace to trace_core_00000000.log
Terminating simulation by software request.
- src/lowrisc_ibex_sim_shared_0/rtl/sim/simulator_ctrl.sv:93: Verilog $finish
Received $finish() from Verilog, shutting down simulation.

Simulation statistics
=====================
Executed cycles:  238011
Wallclock time:   4.372 s
Simulation speed: 54439.8 cycles/s (54.4398 kHz)
Trace file size:  16694367 B

You can view the simulation traces by calling
$ gtkwave sim.fst

Performance Counters
====================
Cycles:                     238007
Instructions Retired:       114556
LSU Busy:                   11139
Fetch Wait:                 44558
Loads:                      6440
Stores:                     4699
Jumps:                      1892
Conditional Branches:       44988
Taken Conditional Branches: 44554
Compressed Instructions:    0
Multiply Wait:              2048
