Program header number 0 in `/workspace/out/cache/7937afc9755f484c704a80846c2e10e121fdb6d85937bc4e4ca24b71000230d1/run/program.elf' is not of type PT_LOAD; ignoring.
Program header number 3 in `/workspace/out/cache/7937afc9755f484c704a80846c2e10e121fdb6d85937bc4e4ca24b71000230d1/run/program.elf' is not of type PT_LOAD; ignoring.
Simulation of Ibex
==================

Tracing can be toggled by sending SIGUSR1 to this process:
$ kill -USR1 17

Simulation running, end by pressing CTRL-c.
Tracing enabled.
Writing simulation traces to sim.fst
TOP.ibex_simple_system.u_top.u_ibex_tracer.unnamedblk2.unnamedblk3: Writing execution trace to trace_core_00000000.log
Terminating simulation by software request.
- src/lowrisc_ibex_sim_shared_0/rtl/sim/simulator_ctrl.sv:93: Verilog $finish
Received $finish() from Verilog, shutting down simulation.

Simulation statistics
=====================
Executed cycles:  252472
Wallclock time:   4.963 s
Simulation speed: 50870.8 cycles/s (50.8708 kHz)
Trace file size:  16844480 B

You can view the simulation traces by calling
$ gtkwave sim.fst

Performance Counters
====================
Cycles:                     252468
Instructions Retired:       105233
LSU Busy:                   11685
Fetch Wait:                 39587
Loads:                      6986
Stores:                     4699
Jumps:                      1927
Conditional Branches:       40250
Taken Conditional Branches: 39583
Compressed Instructions:    0
Multiply Wait:              308
