Program header number 0 in `/workspace/out/cache/784a365bcdd0c253f9ddc1955e5df56e96f490d0f20e55cc38b45b399e3e0210/run/program.elf' is not of type PT_LOAD; ignoring.
Program header number 3 in `/workspace/out/cache/784a365bcdd0c253f9ddc1955e5df56e96f490d0f20e55cc38b45b399e3e0210/run/program.elf' is not of type PT_LOAD; ignoring.
Simulation of Ibex
==================

Tracing can be toggled by sending SIGUSR1 to this process:
$ kill -USR1 17

Simulation running, end by pressing CTRL-c.
Tracing enabled.
Writing simulation traces to sim.fst
TOP.ibex_simple_system.u_top.u_ibex_tracer.unnamedblk2.unnamedblk3: Writing execution trace to trace_core_00000000.log
Terminating simulation by software request.
- src/lowrisc_ibex_sim_shared_0/rtl/sim/simulator_ctrl.sv:93: Verilog $finish
Received $finish() from Verilog, shutting down simulation.

Simulation statistics
=====================
Executed cycles:  238013
Wallclock time:   5.106 s
Simulation speed: 46614.4 cycles/s (46.6144 kHz)
Trace file size:  17977803 B

You can view the simulation traces by calling
$ gtkwave sim.fst

Performance Counters
====================
Cycles:                     238009
Instructions Retired:       124733
LSU Busy:                   11139
Fetch Wait:                 49850
Loads:                      6440
Stores:                     4699
Jumps:                      1928
Conditional Branches:       50827
Taken Conditional Branches: 49846
Compressed Instructions:    0
Multiply Wait:              512
