Program header number 0 in `/workspace/out/cache/7f7588b5eff9d4038b54fd3ec7edf551e458204c14fd8c02162d81b6c8f90bb7/run/program.elf' is not of type PT_LOAD; ignoring.
Program header number 3 in `/workspace/out/cache/7f7588b5eff9d4038b54fd3ec7edf551e458204c14fd8c02162d81b6c8f90bb7/run/program.elf' is not of type PT_LOAD; ignoring.
Simulation of Ibex
==================

Tracing can be toggled by sending SIGUSR1 to this process:
$ kill -USR1 18

Simulation running, end by pressing CTRL-c.
Tracing enabled.
Writing simulation traces to sim.fst
TOP.ibex_simple_system.u_top.u_ibex_tracer.unnamedblk2.unnamedblk3: Writing execution trace to trace_core_00000000.log
Terminating simulation by software request.
- src/lowrisc_ibex_sim_shared_0/rtl/sim/simulator_ctrl.sv:93: Verilog $finish
Received $finish() from Verilog, shutting down simulation.

Simulation statistics
=====================
Executed cycles:  238015
Wallclock time:   4.243 s
Simulation speed: 56095.9 cycles/s (56.0959 kHz)
Trace file size:  17295016 B

You can view the simulation traces by calling
$ gtkwave sim.fst

Performance Counters
====================
Cycles:                     238011
Instructions Retired:       111650
LSU Busy:                   12402
Fetch Wait:                 41175
Loads:                      7072
Stores:                     5330
Jumps:                      1912
Conditional Branches:       41627
Taken Conditional Branches: 41171
Compressed Instructions:    0
Multiply Wait:              900
