Program header number 0 in `/workspace/out/cache/9754752358a92478bb19464147419a9d29687e94bd0595b6e09de24177f50110/run/program.elf' is not of type PT_LOAD; ignoring.
Program header number 3 in `/workspace/out/cache/9754752358a92478bb19464147419a9d29687e94bd0595b6e09de24177f50110/run/program.elf' is not of type PT_LOAD; ignoring.
Simulation of Ibex
==================

Tracing can be toggled by sending SIGUSR1 to this process:
$ kill -USR1 17

Simulation running, end by pressing CTRL-c.
Tracing enabled.
Writing simulation traces to sim.fst
TOP.ibex_simple_system.u_top.u_ibex_tracer.unnamedblk2.unnamedblk3: Writing execution trace to trace_core_00000000.log
Terminating simulation by software request.
- src/lowrisc_ibex_sim_shared_0/rtl/sim/simulator_ctrl.sv:93: Verilog $finish
Received $finish() from Verilog, shutting down simulation.

Simulation statistics
=====================
Executed cycles:  238013
Wallclock time:   5.107 s
Simulation speed: 46605.2 cycles/s (46.6052 kHz)
Trace file size:  17749009 B

You can view the simulation traces by calling
$ gtkwave sim.fst

Performance Counters
====================
Cycles:                     238009
Instructions Retired:       118494
LSU Busy:                   11789
Fetch Wait:                 45877
Loads:                      6740
Stores:                     5049
Jumps:                      1911
Conditional Branches:       46324
Taken Conditional Branches: 45873
Compressed Instructions:    0
Multiply Wait:              600
