Program header number 0 in `/workspace/out/cache/673d20dde1a9c48e75198a3e6393be7bc7733c2eae35b51df3f0d59db030f1c1/run/program.elf' is not of type PT_LOAD; ignoring.
Program header number 3 in `/workspace/out/cache/673d20dde1a9c48e75198a3e6393be7bc7733c2eae35b51df3f0d59db030f1c1/run/program.elf' is not of type PT_LOAD; ignoring.
Simulation of Ibex
==================

Tracing can be toggled by sending SIGUSR1 to this process:
$ kill -USR1 18

Simulation running, end by pressing CTRL-c.
Tracing enabled.
Writing simulation traces to sim.fst
TOP.ibex_simple_system.u_top.u_ibex_tracer.unnamedblk2.unnamedblk3: Writing execution trace to trace_core_00000000.log
Terminating simulation by software request.
- src/lowrisc_ibex_sim_shared_0/rtl/sim/simulator_ctrl.sv:93: Verilog $finish
Received $finish() from Verilog, shutting down simulation.

Simulation statistics
=====================
Executed cycles:  238014
Wallclock time:   5.04 s
Simulation speed: 47225 cycles/s (47.225 kHz)
Trace file size:  17648198 B

You can view the simulation traces by calling
$ gtkwave sim.fst

Performance Counters
====================
Cycles:                     238010
Instructions Retired:       119661
LSU Busy:                   12281
Fetch Wait:                 45604
Loads:                      7233
Stores:                     5048
Jumps:                      1914
Conditional Branches:       46451
Taken Conditional Branches: 45600
Compressed Instructions:    0
Multiply Wait:              564
