Program header number 0 in `/workspace/out/cache/92ebcd83f2f79ced941883bcf1d3d2bd0e6cdcf6152ac1649e49bcfa4549c298/run/program.elf' is not of type PT_LOAD; ignoring.
Program header number 3 in `/workspace/out/cache/92ebcd83f2f79ced941883bcf1d3d2bd0e6cdcf6152ac1649e49bcfa4549c298/run/program.elf' is not of type PT_LOAD; ignoring.
Simulation of Ibex
==================

Tracing can be toggled by sending SIGUSR1 to this process:
$ kill -USR1 17

Simulation running, end by pressing CTRL-c.
Tracing enabled.
Writing simulation traces to sim.fst
TOP.ibex_simple_system.u_top.u_ibex_tracer.unnamedblk2.unnamedblk3: Writing execution trace to trace_core_00000000.log
Terminating simulation by software request.
- src/lowrisc_ibex_sim_shared_0/rtl/sim/simulator_ctrl.sv:93: Verilog $finish
Received $finish() from Verilog, shutting down simulation.

Simulation statistics
=====================
Executed cycles:  238012
Wallclock time:   5.217 s
Simulation speed: 45622.4 cycles/s (45.6224 kHz)
Trace file size:  17380741 B

You can view the simulation traces by calling
$ gtkwave sim.fst

Performance Counters
====================
Cycles:                     238008
Instructions Retired:       118019
LSU Busy:                   12420
Fetch Wait:                 44729
Loads:                      6881
Stores:                     5539
Jumps:                      1923
Conditional Branches:       45191
Taken Conditional Branches: 44725
Compressed Instructions:    0
Multiply Wait:              0
