Program header number 0 in `/workspace/out/cache/7673646cd4f26fc6634eb7afb22a4c3e8d9e273c210bb850e7879b3ffd8031b1/run/program.elf' is not of type PT_LOAD; ignoring.
Program header number 3 in `/workspace/out/cache/7673646cd4f26fc6634eb7afb22a4c3e8d9e273c210bb850e7879b3ffd8031b1/run/program.elf' is not of type PT_LOAD; ignoring.
Simulation of Ibex
==================

Tracing can be toggled by sending SIGUSR1 to this process:
$ kill -USR1 17

Simulation running, end by pressing CTRL-c.
Tracing enabled.
Writing simulation traces to sim.fst
TOP.ibex_simple_system.u_top.u_ibex_tracer.unnamedblk2.unnamedblk3: Writing execution trace to trace_core_00000000.log
Terminating simulation by software request.
- src/lowrisc_ibex_sim_shared_0/rtl/sim/simulator_ctrl.sv:93: Verilog $finish
Received $finish() from Verilog, shutting down simulation.

Simulation statistics
=====================
Executed cycles:  238014
Wallclock time:   5.359 s
Simulation speed: 44413.9 cycles/s (44.4139 kHz)
Trace file size:  17821882 B

You can view the simulation traces by calling
$ gtkwave sim.fst

Performance Counters
====================
Cycles:                     238010
Instructions Retired:       126944
LSU Busy:                   13755
Fetch Wait:                 46781
Loads:                      8708
Stores:                     5047
Jumps:                      1904
Conditional Branches:       47261
Taken Conditional Branches: 46777
Compressed Instructions:    0
Multiply Wait:              1296
