Program header number 0 in `/workspace/out/cache/67a864f524e264efb570b41cfef26e7f7a1a37a5b9b453e4d2cade4029f44af9/run/program.elf' is not of type PT_LOAD; ignoring.
Program header number 3 in `/workspace/out/cache/67a864f524e264efb570b41cfef26e7f7a1a37a5b9b453e4d2cade4029f44af9/run/program.elf' is not of type PT_LOAD; ignoring.
Simulation of Ibex
==================

Tracing can be toggled by sending SIGUSR1 to this process:
$ kill -USR1 18

Simulation running, end by pressing CTRL-c.
Tracing enabled.
Writing simulation traces to sim.fst
TOP.ibex_simple_system.u_top.u_ibex_tracer.unnamedblk2.unnamedblk3: Writing execution trace to trace_core_00000000.log
Terminating simulation by software request.
- src/lowrisc_ibex_sim_shared_0/rtl/sim/simulator_ctrl.sv:93: Verilog $finish
Received $finish() from Verilog, shutting down simulation.

Simulation statistics
=====================
Executed cycles:  238014
Wallclock time:   4.825 s
Simulation speed: 49329.3 cycles/s (49.3293 kHz)
Trace file size:  17422605 B

You can view the simulation traces by calling
$ gtkwave sim.fst

Performance Counters
====================
Cycles:                     238010
Instructions Retired:       116172
LSU Busy:                   11862
Fetch Wait:                 45197
Loads:                      6922
Stores:                     4940
Jumps:                      1922
Conditional Branches:       45658
Taken Conditional Branches: 45193
Compressed Instructions:    0
Multiply Wait:              0
