Program header number 0 in `/workspace/out/cache/c93e5c12029987332f57f020d885f52ec79c9a659689749f8b899b5e585a5d56/run/program.elf' is not of type PT_LOAD; ignoring.
Program header number 3 in `/workspace/out/cache/c93e5c12029987332f57f020d885f52ec79c9a659689749f8b899b5e585a5d56/run/program.elf' is not of type PT_LOAD; ignoring.
Simulation of Ibex
==================

Tracing can be toggled by sending SIGUSR1 to this process:
$ kill -USR1 18

Simulation running, end by pressing CTRL-c.
Tracing enabled.
Writing simulation traces to sim.fst
TOP.ibex_simple_system.u_top.u_ibex_tracer.unnamedblk2.unnamedblk3: Writing execution trace to trace_core_00000000.log
Terminating simulation by software request.
- src/lowrisc_ibex_sim_shared_0/rtl/sim/simulator_ctrl.sv:93: Verilog $finish
Received $finish() from Verilog, shutting down simulation.

Simulation statistics
=====================
Executed cycles:  238013
Wallclock time:   5.284 s
Simulation speed: 45044.1 cycles/s (45.0441 kHz)
Trace file size:  17901329 B

You can view the simulation traces by calling
$ gtkwave sim.fst

Performance Counters
====================
Cycles:                     238009
Instructions Retired:       121906
LSU Busy:                   12307
Fetch Wait:                 46917
Loads:                      6891
Stores:                     5416
Jumps:                      1921
Conditional Branches:       47374
Taken Conditional Branches: 46913
Compressed Instructions:    0
Multiply Wait:              484
