Program header number 0 in `/workspace/out/cache/103115e82320cc44b2eebdc1c0100699abe16ce94fba78135a7c7b13442a4bde/run/program.elf' is not of type PT_LOAD; ignoring.
Program header number 3 in `/workspace/out/cache/103115e82320cc44b2eebdc1c0100699abe16ce94fba78135a7c7b13442a4bde/run/program.elf' is not of type PT_LOAD; ignoring.
Simulation of Ibex
==================

Tracing can be toggled by sending SIGUSR1 to this process:
$ kill -USR1 17

Simulation running, end by pressing CTRL-c.
Tracing enabled.
Writing simulation traces to sim.fst
TOP.ibex_simple_system.u_top.u_ibex_tracer.unnamedblk2.unnamedblk3: Writing execution trace to trace_core_00000000.log
Terminating simulation by software request.
- src/lowrisc_ibex_sim_shared_0/rtl/sim/simulator_ctrl.sv:93: Verilog $finish
Received $finish() from Verilog, shutting down simulation.

Simulation statistics
=====================
Executed cycles:  238014
Wallclock time:   5.16 s
Simulation speed: 46126.7 cycles/s (46.1267 kHz)
Trace file size:  18100229 B

You can view the simulation traces by calling
$ gtkwave sim.fst

Performance Counters
====================
Cycles:                     238010
Instructions Retired:       120847
LSU Busy:                   11531
Fetch Wait:                 48193
Loads:                      6832
Stores:                     4699
Jumps:                      1905
Conditional Branches:       48639
Taken Conditional Branches: 48189
Compressed Instructions:    0
Multiply Wait:              0
