Program header number 0 in `/workspace/out/cache/cd3d980b108839c401c068c5cac05af6ca87731822357b34c71873b64e57dd3c/run/program.elf' is not of type PT_LOAD; ignoring.
Program header number 3 in `/workspace/out/cache/cd3d980b108839c401c068c5cac05af6ca87731822357b34c71873b64e57dd3c/run/program.elf' is not of type PT_LOAD; ignoring.
Simulation of Ibex
==================

Tracing can be toggled by sending SIGUSR1 to this process:
$ kill -USR1 17

Simulation running, end by pressing CTRL-c.
Tracing enabled.
Writing simulation traces to sim.fst
TOP.ibex_simple_system.u_top.u_ibex_tracer.unnamedblk2.unnamedblk3: Writing execution trace to trace_core_00000000.log
Terminating simulation by software request.
- src/lowrisc_ibex_sim_shared_0/rtl/sim/simulator_ctrl.sv:93: Verilog $finish
Received $finish() from Verilog, shutting down simulation.

Simulation statistics
=====================
Executed cycles:  238014
Wallclock time:   4.952 s
Simulation speed: 48064.2 cycles/s (48.0642 kHz)
Trace file size:  18001354 B

You can view the simulation traces by calling
$ gtkwave sim.fst

Performance Counters
====================
Cycles:                     238010
Instructions Retired:       119737
LSU Busy:                   12105
Fetch Wait:                 45507
Loads:                      6799
Stores:                     5306
Jumps:                      1937
Conditional Branches:       46232
Taken Conditional Branches: 45503
Compressed Instructions:    0
Multiply Wait:              368
