Program header number 0 in `/workspace/out/cache/3a90a775aa1331b61a278152c279fae1d2ad15d1a544a846abe85b52124095ad/run/program.elf' is not of type PT_LOAD; ignoring.
Program header number 3 in `/workspace/out/cache/3a90a775aa1331b61a278152c279fae1d2ad15d1a544a846abe85b52124095ad/run/program.elf' is not of type PT_LOAD; ignoring.
Simulation of Ibex
==================

Tracing can be toggled by sending SIGUSR1 to this process:
$ kill -USR1 17

Simulation running, end by pressing CTRL-c.
Tracing enabled.
Writing simulation traces to sim.fst
TOP.ibex_simple_system.u_top.u_ibex_tracer.unnamedblk2.unnamedblk3: Writing execution trace to trace_core_00000000.log
Terminating simulation by software request.
- src/lowrisc_ibex_sim_shared_0/rtl/sim/simulator_ctrl.sv:93: Verilog $finish
Received $finish() from Verilog, shutting down simulation.

Simulation statistics
=====================
Executed cycles:  238013
Wallclock time:   5.645 s
Simulation speed: 42163.5 cycles/s (42.1635 kHz)
Trace file size:  18154765 B

You can view the simulation traces by calling
$ gtkwave sim.fst

Performance Counters
====================
Cycles:                     238009
Instructions Retired:       125991
LSU Busy:                   11963
Fetch Wait:                 49083
Loads:                      7015
Stores:                     4948
Jumps:                      1892
Conditional Branches:       49519
Taken Conditional Branches: 49079
Compressed Instructions:    0
Multiply Wait:              0
