Program header number 0 in `/workspace/out/cache/9e4fd32519835ce000c05d5262bd81382db0378ef54f1d6ff78b9e2aaadbb123/run/program.elf' is not of type PT_LOAD; ignoring.
Program header number 3 in `/workspace/out/cache/9e4fd32519835ce000c05d5262bd81382db0378ef54f1d6ff78b9e2aaadbb123/run/program.elf' is not of type PT_LOAD; ignoring.
Simulation of Ibex
==================

Tracing can be toggled by sending SIGUSR1 to this process:
$ kill -USR1 17

Simulation running, end by pressing CTRL-c.
Tracing enabled.
Writing simulation traces to sim.fst
TOP.ibex_simple_system.u_top.u_ibex_tracer.unnamedblk2.unnamedblk3: Writing execution trace to trace_core_00000000.log
Terminating simulation by software request.
- src/lowrisc_ibex_sim_shared_0/rtl/sim/simulator_ctrl.sv:93: Verilog $finish
Received $finish() from Verilog, shutting down simulation.

Simulation statistics
=====================
Executed cycles:  238011
Wallclock time:   4.948 s
Simulation speed: 48102.5 cycles/s (48.1025 kHz)
Trace file size:  17221501 B

You can view the simulation traces by calling
$ gtkwave sim.fst

Performance Counters
====================
Cycles:                     238007
Instructions Retired:       110611
LSU Busy:                   11739
Fetch Wait:                 42238
Loads:                      6840
Stores:                     4899
Jumps:                      1918
Conditional Branches:       42698
Taken Conditional Branches: 42234
Compressed Instructions:    0
Multiply Wait:              466
