Program header number 0 in `/workspace/out/cache/a384c29bcc505ae3c55fb24b34146902fd788ad24c963b9a413b6572587c149d/run/program.elf' is not of type PT_LOAD; ignoring.
Program header number 3 in `/workspace/out/cache/a384c29bcc505ae3c55fb24b34146902fd788ad24c963b9a413b6572587c149d/run/program.elf' is not of type PT_LOAD; ignoring.
Simulation of Ibex
==================

Tracing can be toggled by sending SIGUSR1 to this process:
$ kill -USR1 17

Simulation running, end by pressing CTRL-c.
Tracing enabled.
Writing simulation traces to sim.fst
TOP.ibex_simple_system.u_top.u_ibex_tracer.unnamedblk2.unnamedblk3: Writing execution trace to trace_core_00000000.log
Terminating simulation by software request.
- src/lowrisc_ibex_sim_shared_0/rtl/sim/simulator_ctrl.sv:93: Verilog $finish
Received $finish() from Verilog, shutting down simulation.

Simulation statistics
=====================
Executed cycles:  238014
Wallclock time:   5.326 s
Simulation speed: 44689.1 cycles/s (44.6891 kHz)
Trace file size:  17437188 B

You can view the simulation traces by calling
$ gtkwave sim.fst

Performance Counters
====================
Cycles:                     238010
Instructions Retired:       116347
LSU Busy:                   12288
Fetch Wait:                 44726
Loads:                      7339
Stores:                     4949
Jumps:                      1926
Conditional Branches:       45190
Taken Conditional Branches: 44722
Compressed Instructions:    0
Multiply Wait:              0
