Program header number 0 in `/workspace/out/cache/34a6c2e46d35a8421b92440cc8f8d35868880a759f0329b19bec6c6cc649e6c9/run/program.elf' is not of type PT_LOAD; ignoring.
Program header number 3 in `/workspace/out/cache/34a6c2e46d35a8421b92440cc8f8d35868880a759f0329b19bec6c6cc649e6c9/run/program.elf' is not of type PT_LOAD; ignoring.
Simulation of Ibex
==================

Tracing can be toggled by sending SIGUSR1 to this process:
$ kill -USR1 18

Simulation running, end by pressing CTRL-c.
Tracing enabled.
Writing simulation traces to sim.fst
TOP.ibex_simple_system.u_top.u_ibex_tracer.unnamedblk2.unnamedblk3: Writing execution trace to trace_core_00000000.log
Terminating simulation by software request.
- src/lowrisc_ibex_sim_shared_0/rtl/sim/simulator_ctrl.sv:93: Verilog $finish
Received $finish() from Verilog, shutting down simulation.

Simulation statistics
=====================
Executed cycles:  261976
Wallclock time:   3 s
Simulation speed: 87325.3 cycles/s (87.3253 kHz)
Trace file size:  14309725 B

You can view the simulation traces by calling
$ gtkwave sim.fst

Performance Counters
====================
Cycles:                     261972
Instructions Retired:       67100
LSU Busy:                   11139
Fetch Wait:                 20776
Loads:                      6440
Stores:                     4699
Jumps:                      1928
Conditional Branches:       21242
Taken Conditional Branches: 20772
Compressed Instructions:    0
Multiply Wait:              0
