Program header number 0 in `/workspace/out/cache/2665a46dc64ef0b5cd6aebb89e092db1c3e72424d6b4aff1c1869b38a823d47c/run/program.elf' is not of type PT_LOAD; ignoring.
Program header number 3 in `/workspace/out/cache/2665a46dc64ef0b5cd6aebb89e092db1c3e72424d6b4aff1c1869b38a823d47c/run/program.elf' is not of type PT_LOAD; ignoring.
Simulation of Ibex
==================

Tracing can be toggled by sending SIGUSR1 to this process:
$ kill -USR1 17

Simulation running, end by pressing CTRL-c.
Tracing enabled.
Writing simulation traces to sim.fst
TOP.ibex_simple_system.u_top.u_ibex_tracer.unnamedblk2.unnamedblk3: Writing execution trace to trace_core_00000000.log
Terminating simulation by software request.
- src/lowrisc_ibex_sim_shared_0/rtl/sim/simulator_ctrl.sv:93: Verilog $finish
Received $finish() from Verilog, shutting down simulation.

Simulation statistics
=====================
Executed cycles:  238011
Wallclock time:   4.928 s
Simulation speed: 48297.7 cycles/s (48.2977 kHz)
Trace file size:  18189296 B

You can view the simulation traces by calling
$ gtkwave sim.fst

Performance Counters
====================
Cycles:                     238007
Instructions Retired:       121656
LSU Busy:                   12846
Fetch Wait:                 45758
Loads:                      7635
Stores:                     5211
Jumps:                      1922
Conditional Branches:       46218
Taken Conditional Branches: 45754
Compressed Instructions:    0
Multiply Wait:              854
