Program header number 0 in `/workspace/out/cache/e4c1c0ed6e35080728da3fee9c07bb5fd853cb06887dcb0cf465d8a5698c38fa/run/program.elf' is not of type PT_LOAD; ignoring.
Program header number 3 in `/workspace/out/cache/e4c1c0ed6e35080728da3fee9c07bb5fd853cb06887dcb0cf465d8a5698c38fa/run/program.elf' is not of type PT_LOAD; ignoring.
Simulation of Ibex
==================

Tracing can be toggled by sending SIGUSR1 to this process:
$ kill -USR1 17

Simulation running, end by pressing CTRL-c.
Tracing enabled.
Writing simulation traces to sim.fst
TOP.ibex_simple_system.u_top.u_ibex_tracer.unnamedblk2.unnamedblk3: Writing execution trace to trace_core_00000000.log
Terminating simulation by software request.
- src/lowrisc_ibex_sim_shared_0/rtl/sim/simulator_ctrl.sv:93: Verilog $finish
Received $finish() from Verilog, shutting down simulation.

Simulation statistics
=====================
Executed cycles:  238011
Wallclock time:   5.242 s
Simulation speed: 45404.6 cycles/s (45.4046 kHz)
Trace file size:  17963852 B

You can view the simulation traces by calling
$ gtkwave sim.fst

Performance Counters
====================
Cycles:                     238007
Instructions Retired:       126274
LSU Busy:                   12675
Fetch Wait:                 48309
Loads:                      6952
Stores:                     5723
Jumps:                      1931
Conditional Branches:       48779
Taken Conditional Branches: 48305
Compressed Instructions:    0
Multiply Wait:              512
