Program header number 0 in `/workspace/out/cache/8c150202988dbe42f1f714627b04cddd7c87e56b6c78d5c323da4b8eafcab1e1/run/program.elf' is not of type PT_LOAD; ignoring.
Program header number 3 in `/workspace/out/cache/8c150202988dbe42f1f714627b04cddd7c87e56b6c78d5c323da4b8eafcab1e1/run/program.elf' is not of type PT_LOAD; ignoring.
Simulation of Ibex
==================

Tracing can be toggled by sending SIGUSR1 to this process:
$ kill -USR1 16

Simulation running, end by pressing CTRL-c.
Tracing enabled.
Writing simulation traces to sim.fst
TOP.ibex_simple_system.u_top.u_ibex_tracer.unnamedblk2.unnamedblk3: Writing execution trace to trace_core_00000000.log
Terminating simulation by software request.
- src/lowrisc_ibex_sim_shared_0/rtl/sim/simulator_ctrl.sv:93: Verilog $finish
Received $finish() from Verilog, shutting down simulation.

Simulation statistics
=====================
Executed cycles:  238011
Wallclock time:   5.186 s
Simulation speed: 45894.9 cycles/s (45.8949 kHz)
Trace file size:  17336790 B

You can view the simulation traces by calling
$ gtkwave sim.fst

Performance Counters
====================
Cycles:                     238007
Instructions Retired:       116666
LSU Busy:                   13187
Fetch Wait:                 42516
Loads:                      7464
Stores:                     5723
Jumps:                      1906
Conditional Branches:       42962
Taken Conditional Branches: 42512
Compressed Instructions:    0
Multiply Wait:              0
