Program header number 0 in `/workspace/out/cache/8d5d90b984e78b0662f093d153cb4d452433e49eb5128c75e195b6656ad6e562/run/program.elf' is not of type PT_LOAD; ignoring.
Program header number 3 in `/workspace/out/cache/8d5d90b984e78b0662f093d153cb4d452433e49eb5128c75e195b6656ad6e562/run/program.elf' is not of type PT_LOAD; ignoring.
Simulation of Ibex
==================

Tracing can be toggled by sending SIGUSR1 to this process:
$ kill -USR1 17

Simulation running, end by pressing CTRL-c.
Tracing enabled.
Writing simulation traces to sim.fst
TOP.ibex_simple_system.u_top.u_ibex_tracer.unnamedblk2.unnamedblk3: Writing execution trace to trace_core_00000000.log
Terminating simulation by software request.
- src/lowrisc_ibex_sim_shared_0/rtl/sim/simulator_ctrl.sv:93: Verilog $finish
Received $finish() from Verilog, shutting down simulation.

Simulation statistics
=====================
Executed cycles:  238015
Wallclock time:   5.007 s
Simulation speed: 47536.4 cycles/s (47.5364 kHz)
Trace file size:  17840391 B

You can view the simulation traces by calling
$ gtkwave sim.fst

Performance Counters
====================
Cycles:                     238011
Instructions Retired:       125550
LSU Busy:                   13339
Fetch Wait:                 46704
Loads:                      7924
Stores:                     5415
Jumps:                      1925
Conditional Branches:       47167
Taken Conditional Branches: 46700
Compressed Instructions:    0
Multiply Wait:              3792
