Program header number 0 in `/workspace/out/cache/a7b9647724e2d7c0110aedb76ffc3f82e062b33f0b97924eb97fbecb95a939be/run/program.elf' is not of type PT_LOAD; ignoring.
Program header number 3 in `/workspace/out/cache/a7b9647724e2d7c0110aedb76ffc3f82e062b33f0b97924eb97fbecb95a939be/run/program.elf' is not of type PT_LOAD; ignoring.
Simulation of Ibex
==================

Tracing can be toggled by sending SIGUSR1 to this process:
$ kill -USR1 16

Simulation running, end by pressing CTRL-c.
Tracing enabled.
Writing simulation traces to sim.fst
TOP.ibex_simple_system.u_top.u_ibex_tracer.unnamedblk2.unnamedblk3: Writing execution trace to trace_core_00000000.log
Terminating simulation by software request.
- src/lowrisc_ibex_sim_shared_0/rtl/sim/simulator_ctrl.sv:93: Verilog $finish
Received $finish() from Verilog, shutting down simulation.

Simulation statistics
=====================
Executed cycles:  256398
Wallclock time:   5.506 s
Simulation speed: 46567 cycles/s (46.567 kHz)
Trace file size:  17613342 B

You can view the simulation traces by calling
$ gtkwave sim.fst

Performance Counters
====================
Cycles:                     256394
Instructions Retired:       112922
LSU Busy:                   11969
Fetch Wait:                 42551
Loads:                      7010
Stores:                     4959
Jumps:                      1893
Conditional Branches:       42988
Taken Conditional Branches: 42547
Compressed Instructions:    0
Multiply Wait:              0
