Program header number 0 in `/workspace/out/cache/e01b47f58d9e4acee2012854e7a2ea2e85de55aead3ec0973a1d0986480464ac/run/program.elf' is not of type PT_LOAD; ignoring.
Program header number 3 in `/workspace/out/cache/e01b47f58d9e4acee2012854e7a2ea2e85de55aead3ec0973a1d0986480464ac/run/program.elf' is not of type PT_LOAD; ignoring.
Simulation of Ibex
==================

Tracing can be toggled by sending SIGUSR1 to this process:
$ kill -USR1 17

Simulation running, end by pressing CTRL-c.
Tracing enabled.
Writing simulation traces to sim.fst
TOP.ibex_simple_system.u_top.u_ibex_tracer.unnamedblk2.unnamedblk3: Writing execution trace to trace_core_00000000.log
Terminating simulation by software request.
- src/lowrisc_ibex_sim_shared_0/rtl/sim/simulator_ctrl.sv:93: Verilog $finish
Received $finish() from Verilog, shutting down simulation.

Simulation statistics
=====================
Executed cycles:  238012
Wallclock time:   4.261 s
Simulation speed: 55858.2 cycles/s (55.8582 kHz)
Trace file size:  15903795 B

You can view the simulation traces by calling
$ gtkwave sim.fst

Performance Counters
====================
Cycles:                     238008
Instructions Retired:       97342
LSU Busy:                   11139
Fetch Wait:                 35897
Loads:                      6440
Stores:                     4699
Jumps:                      1928
Conditional Branches:       36363
Taken Conditional Branches: 35893
Compressed Instructions:    0
Multiply Wait:              0
