Program header number 0 in `/workspace/out/cache/d9dbb5aa99eaaf471376fe7c14da5dfe8017a559d9aaa349c973ebe295ccdf90/run/program.elf' is not of type PT_LOAD; ignoring.
Program header number 3 in `/workspace/out/cache/d9dbb5aa99eaaf471376fe7c14da5dfe8017a559d9aaa349c973ebe295ccdf90/run/program.elf' is not of type PT_LOAD; ignoring.
Simulation of Ibex
==================

Tracing can be toggled by sending SIGUSR1 to this process:
$ kill -USR1 17

Simulation running, end by pressing CTRL-c.
Tracing enabled.
Writing simulation traces to sim.fst
TOP.ibex_simple_system.u_top.u_ibex_tracer.unnamedblk2.unnamedblk3: Writing execution trace to trace_core_00000000.log
Terminating simulation by software request.
- src/lowrisc_ibex_sim_shared_0/rtl/sim/simulator_ctrl.sv:93: Verilog $finish
Received $finish() from Verilog, shutting down simulation.

Simulation statistics
=====================
Executed cycles:  238013
Wallclock time:   5.523 s
Simulation speed: 43094.9 cycles/s (43.0949 kHz)
Trace file size:  17867337 B

You can view the simulation traces by calling
$ gtkwave sim.fst

Performance Counters
====================
Cycles:                     238009
Instructions Retired:       122740
LSU Busy:                   12420
Fetch Wait:                 47565
Loads:                      6881
Stores:                     5539
Jumps:                      1926
Conditional Branches:       48030
Taken Conditional Branches: 47561
Compressed Instructions:    0
Multiply Wait:              0
