Program header number 0 in `/workspace/out/cache/322c0183006ae3c3038bef3312b78d9668ad57b3d78abf7ee551a08fb57d607b/run/program.elf' is not of type PT_LOAD; ignoring.
Program header number 3 in `/workspace/out/cache/322c0183006ae3c3038bef3312b78d9668ad57b3d78abf7ee551a08fb57d607b/run/program.elf' is not of type PT_LOAD; ignoring.
Simulation of Ibex
==================

Tracing can be toggled by sending SIGUSR1 to this process:
$ kill -USR1 18

Simulation running, end by pressing CTRL-c.
Tracing enabled.
Writing simulation traces to sim.fst
TOP.ibex_simple_system.u_top.u_ibex_tracer.unnamedblk2.unnamedblk3: Writing execution trace to trace_core_00000000.log
Terminating simulation by software request.
- src/lowrisc_ibex_sim_shared_0/rtl/sim/simulator_ctrl.sv:93: Verilog $finish
Received $finish() from Verilog, shutting down simulation.

Simulation statistics
=====================
Executed cycles:  238016
Wallclock time:   5.192 s
Simulation speed: 45842.8 cycles/s (45.8428 kHz)
Trace file size:  18253886 B

You can view the simulation traces by calling
$ gtkwave sim.fst

Performance Counters
====================
Cycles:                     238012
Instructions Retired:       122433
LSU Busy:                   12111
Fetch Wait:                 46996
Loads:                      6914
Stores:                     5197
Jumps:                      1919
Conditional Branches:       47453
Taken Conditional Branches: 46992
Compressed Instructions:    0
Multiply Wait:              0
