OpenSTA 3.1.0 a9a3f30ca9 Copyright (c) 2026, Parallax Software, Inc.
License GPLv3: GNU GPL version 3 <http://gnu.org/licenses/gpl.html>

This is free software, and you are free to change and redistribute it
under certain conditions; type `show_copying' for details. 
This program comes with ABSOLUTELY NO WARRANTY; for details type `show_warranty'.
Annotated 36292 pin activities.
Group                          Internal          Switching            Leakage              Total
                                  Power              Power              Power              Power (Watts)
------------------------------------------------------------------------------------------------
Sequential           2.020187117159e-02 5.429430530057e-05 4.414897958327e-08 2.025621011853e-02  99.1%
Combinational        1.360953756375e-04 3.996590021416e-05 1.099961455253e-08 1.760722807376e-04   0.9%
Clock                0.000000000000e+00 0.000000000000e+00 0.000000000000e+00 0.000000000000e+00   0.0%
Macro                0.000000000000e+00 0.000000000000e+00 0.000000000000e+00 0.000000000000e+00   0.0%
Pad                  0.000000000000e+00 0.000000000000e+00 0.000000000000e+00 0.000000000000e+00   0.0%
------------------------------------------------------------------------------------------------
Total                2.033799141645e-02 9.426018368686e-05 5.514747414281e-08 2.043230831623e-02 100.0%
                                  99.5%               0.5%               0.0%
vcd         36292
unannotated     4
Unannotated pins:
 m_axis_read_data_tuser[0]
 m_axis_write_desc_status_user[0]
 s_axis_read_desc_user[0]
 s_axis_write_data_tuser[0]
LEAF_SWITCHING_SUM 8477 9.4259969624213569e-05
