Program header number 0 in `/workspace/out/cache/4d640b4b07fd4e93e86833077f5de601cf9c093500877c737c301d0f781eb145/run/program.elf' is not of type PT_LOAD; ignoring.
Program header number 3 in `/workspace/out/cache/4d640b4b07fd4e93e86833077f5de601cf9c093500877c737c301d0f781eb145/run/program.elf' is not of type PT_LOAD; ignoring.
Simulation of Ibex
==================

Tracing can be toggled by sending SIGUSR1 to this process:
$ kill -USR1 18

Simulation running, end by pressing CTRL-c.
Tracing enabled.
Writing simulation traces to sim.fst
TOP.ibex_simple_system.u_top.u_ibex_tracer.unnamedblk2.unnamedblk3: Writing execution trace to trace_core_00000000.log
Terminating simulation by software request.
- src/lowrisc_ibex_sim_shared_0/rtl/sim/simulator_ctrl.sv:93: Verilog $finish
Received $finish() from Verilog, shutting down simulation.

Simulation statistics
=====================
Executed cycles:  238014
Wallclock time:   4.779 s
Simulation speed: 49804.1 cycles/s (49.8041 kHz)
Trace file size:  17299332 B

You can view the simulation traces by calling
$ gtkwave sim.fst

Performance Counters
====================
Cycles:                     238010
Instructions Retired:       114993
LSU Busy:                   11739
Fetch Wait:                 44254
Loads:                      6740
Stores:                     4999
Jumps:                      1907
Conditional Branches:       44699
Taken Conditional Branches: 44250
Compressed Instructions:    0
Multiply Wait:              0
