Program header number 0 in `/workspace/out/cache/fcbaf33122c2d78c206d60f6bec404099ca0c3b6ae02d9bcdde0ac2bda4aaf1c/run/program.elf' is not of type PT_LOAD; ignoring.
Program header number 3 in `/workspace/out/cache/fcbaf33122c2d78c206d60f6bec404099ca0c3b6ae02d9bcdde0ac2bda4aaf1c/run/program.elf' is not of type PT_LOAD; ignoring.
Simulation of Ibex
==================

Tracing can be toggled by sending SIGUSR1 to this process:
$ kill -USR1 16

Simulation running, end by pressing CTRL-c.
Tracing enabled.
Writing simulation traces to sim.fst
TOP.ibex_simple_system.u_top.u_ibex_tracer.unnamedblk2.unnamedblk3: Writing execution trace to trace_core_00000000.log
Terminating simulation by software request.
- src/lowrisc_ibex_sim_shared_0/rtl/sim/simulator_ctrl.sv:93: Verilog $finish
Received $finish() from Verilog, shutting down simulation.

Simulation statistics
=====================
Executed cycles:  238013
Wallclock time:   4.495 s
Simulation speed: 52950.6 cycles/s (52.9506 kHz)
Trace file size:  16779684 B

You can view the simulation traces by calling
$ gtkwave sim.fst

Performance Counters
====================
Cycles:                     238009
Instructions Retired:       108819
LSU Busy:                   11835
Fetch Wait:                 41061
Loads:                      6842
Stores:                     4993
Jumps:                      1908
Conditional Branches:       41725
Taken Conditional Branches: 41057
Compressed Instructions:    0
Multiply Wait:              256
