Program header number 0 in `/workspace/out/cache/b202cd31bac93e4d9fb4df423b13f99fe5624d84b07e09b164419e597a0ddfda/run/program.elf' is not of type PT_LOAD; ignoring.
Program header number 3 in `/workspace/out/cache/b202cd31bac93e4d9fb4df423b13f99fe5624d84b07e09b164419e597a0ddfda/run/program.elf' is not of type PT_LOAD; ignoring.
Simulation of Ibex
==================

Tracing can be toggled by sending SIGUSR1 to this process:
$ kill -USR1 17

Simulation running, end by pressing CTRL-c.
Tracing enabled.
Writing simulation traces to sim.fst
TOP.ibex_simple_system.u_top.u_ibex_tracer.unnamedblk2.unnamedblk3: Writing execution trace to trace_core_00000000.log
Terminating simulation by software request.
- src/lowrisc_ibex_sim_shared_0/rtl/sim/simulator_ctrl.sv:93: Verilog $finish
Received $finish() from Verilog, shutting down simulation.

Simulation statistics
=====================
Executed cycles:  238014
Wallclock time:   4.85 s
Simulation speed: 49075.1 cycles/s (49.0751 kHz)
Trace file size:  17676024 B

You can view the simulation traces by calling
$ gtkwave sim.fst

Performance Counters
====================
Cycles:                     238010
Instructions Retired:       126823
LSU Busy:                   12339
Fetch Wait:                 48459
Loads:                      7040
Stores:                     5299
Jumps:                      1933
Conditional Branches:       49678
Taken Conditional Branches: 48455
Compressed Instructions:    0
Multiply Wait:              0
