Program header number 0 in `/workspace/out/cache/c3505ccda35aaac65df168a73401857616e5dea10f467ef4eb4f6556154d1922/run/program.elf' is not of type PT_LOAD; ignoring.
Program header number 3 in `/workspace/out/cache/c3505ccda35aaac65df168a73401857616e5dea10f467ef4eb4f6556154d1922/run/program.elf' is not of type PT_LOAD; ignoring.
Simulation of Ibex
==================

Tracing can be toggled by sending SIGUSR1 to this process:
$ kill -USR1 18

Simulation running, end by pressing CTRL-c.
Tracing enabled.
Writing simulation traces to sim.fst
TOP.ibex_simple_system.u_top.u_ibex_tracer.unnamedblk2.unnamedblk3: Writing execution trace to trace_core_00000000.log
Terminating simulation by software request.
- src/lowrisc_ibex_sim_shared_0/rtl/sim/simulator_ctrl.sv:93: Verilog $finish
Received $finish() from Verilog, shutting down simulation.

Simulation statistics
=====================
Executed cycles:  238013
Wallclock time:   5.054 s
Simulation speed: 47094 cycles/s (47.094 kHz)
Trace file size:  18099050 B

You can view the simulation traces by calling
$ gtkwave sim.fst

Performance Counters
====================
Cycles:                     238009
Instructions Retired:       118293
LSU Busy:                   12737
Fetch Wait:                 44232
Loads:                      8038
Stores:                     4699
Jumps:                      1918
Conditional Branches:       44692
Taken Conditional Branches: 44228
Compressed Instructions:    0
Multiply Wait:              400
