Program header number 0 in `/workspace/out/cache/f650bfc5263f47fd6998fab06c506239e93ef61f7c3ae4ebecb3e8e8591d2285/run/program.elf' is not of type PT_LOAD; ignoring.
Program header number 3 in `/workspace/out/cache/f650bfc5263f47fd6998fab06c506239e93ef61f7c3ae4ebecb3e8e8591d2285/run/program.elf' is not of type PT_LOAD; ignoring.
Simulation of Ibex
==================

Tracing can be toggled by sending SIGUSR1 to this process:
$ kill -USR1 17

Simulation running, end by pressing CTRL-c.
Tracing enabled.
Writing simulation traces to sim.fst
TOP.ibex_simple_system.u_top.u_ibex_tracer.unnamedblk2.unnamedblk3: Writing execution trace to trace_core_00000000.log
Terminating simulation by software request.
- src/lowrisc_ibex_sim_shared_0/rtl/sim/simulator_ctrl.sv:93: Verilog $finish
Received $finish() from Verilog, shutting down simulation.

Simulation statistics
=====================
Executed cycles:  238012
Wallclock time:   4.622 s
Simulation speed: 51495.5 cycles/s (51.4955 kHz)
Trace file size:  16999120 B

You can view the simulation traces by calling
$ gtkwave sim.fst

Performance Counters
====================
Cycles:                     238008
Instructions Retired:       112954
LSU Busy:                   11819
Fetch Wait:                 43171
Loads:                      6780
Stores:                     5039
Jumps:                      1592
Conditional Branches:       43309
Taken Conditional Branches: 43167
Compressed Instructions:    0
Multiply Wait:              0
