Program header number 0 in `/workspace/out/cache/9896ecc663f2f5a585959912b05fa3383b696cc4cacdaa6db679af0736a6ef69/run/program.elf' is not of type PT_LOAD; ignoring.
Program header number 3 in `/workspace/out/cache/9896ecc663f2f5a585959912b05fa3383b696cc4cacdaa6db679af0736a6ef69/run/program.elf' is not of type PT_LOAD; ignoring.
Simulation of Ibex
==================

Tracing can be toggled by sending SIGUSR1 to this process:
$ kill -USR1 17

Simulation running, end by pressing CTRL-c.
Tracing enabled.
Writing simulation traces to sim.fst
TOP.ibex_simple_system.u_top.u_ibex_tracer.unnamedblk2.unnamedblk3: Writing execution trace to trace_core_00000000.log
Terminating simulation by software request.
- src/lowrisc_ibex_sim_shared_0/rtl/sim/simulator_ctrl.sv:93: Verilog $finish
Received $finish() from Verilog, shutting down simulation.

Simulation statistics
=====================
Executed cycles:  238013
Wallclock time:   4.598 s
Simulation speed: 51764.5 cycles/s (51.7645 kHz)
Trace file size:  16918159 B

You can view the simulation traces by calling
$ gtkwave sim.fst

Performance Counters
====================
Cycles:                     238009
Instructions Retired:       112783
LSU Busy:                   11992
Fetch Wait:                 43014
Loads:                      6951
Stores:                     5041
Jumps:                      1903
Conditional Branches:       43711
Taken Conditional Branches: 43010
Compressed Instructions:    0
Multiply Wait:              342
