Program header number 0 in `/workspace/out/cache/65efab51c25903c02c9bff717325fec61b803545ccb500f2bbee0ad9b91862bb/run/program.elf' is not of type PT_LOAD; ignoring.
Program header number 3 in `/workspace/out/cache/65efab51c25903c02c9bff717325fec61b803545ccb500f2bbee0ad9b91862bb/run/program.elf' is not of type PT_LOAD; ignoring.
Simulation of Ibex
==================

Tracing can be toggled by sending SIGUSR1 to this process:
$ kill -USR1 17

Simulation running, end by pressing CTRL-c.
Tracing enabled.
Writing simulation traces to sim.fst
TOP.ibex_simple_system.u_top.u_ibex_tracer.unnamedblk2.unnamedblk3: Writing execution trace to trace_core_00000000.log
Terminating simulation by software request.
- src/lowrisc_ibex_sim_shared_0/rtl/sim/simulator_ctrl.sv:93: Verilog $finish
Received $finish() from Verilog, shutting down simulation.

Simulation statistics
=====================
Executed cycles:  238015
Wallclock time:   4.938 s
Simulation speed: 48200.7 cycles/s (48.2007 kHz)
Trace file size:  16495327 B

You can view the simulation traces by calling
$ gtkwave sim.fst

Performance Counters
====================
Cycles:                     238011
Instructions Retired:       104606
LSU Busy:                   11821
Fetch Wait:                 39035
Loads:                      6952
Stores:                     4869
Jumps:                      1912
Conditional Branches:       39487
Taken Conditional Branches: 39031
Compressed Instructions:    0
Multiply Wait:              324
