Program header number 0 in `/workspace/out/cache/a36858519395ba1356fbf526dd169aee7d2ea85ec15b3536e9c42bf00a25bf17/run/program.elf' is not of type PT_LOAD; ignoring.
Program header number 3 in `/workspace/out/cache/a36858519395ba1356fbf526dd169aee7d2ea85ec15b3536e9c42bf00a25bf17/run/program.elf' is not of type PT_LOAD; ignoring.
Simulation of Ibex
==================

Tracing can be toggled by sending SIGUSR1 to this process:
$ kill -USR1 17

Simulation running, end by pressing CTRL-c.
Tracing enabled.
Writing simulation traces to sim.fst
TOP.ibex_simple_system.u_top.u_ibex_tracer.unnamedblk2.unnamedblk3: Writing execution trace to trace_core_00000000.log
Terminating simulation by software request.
- src/lowrisc_ibex_sim_shared_0/rtl/sim/simulator_ctrl.sv:93: Verilog $finish
Received $finish() from Verilog, shutting down simulation.

Simulation statistics
=====================
Executed cycles:  238015
Wallclock time:   5.098 s
Simulation speed: 46687.9 cycles/s (46.6879 kHz)
Trace file size:  18259987 B

You can view the simulation traces by calling
$ gtkwave sim.fst

Performance Counters
====================
Cycles:                     238011
Instructions Retired:       124716
LSU Busy:                   11969
Fetch Wait:                 49710
Loads:                      7010
Stores:                     4959
Jumps:                      1909
Conditional Branches:       50163
Taken Conditional Branches: 49706
Compressed Instructions:    0
Multiply Wait:              0
