Program header number 0 in `/workspace/out/cache/176199e8f2bef10dd2571139508b3795fb04e77e693b83f52ff2984b5532406c/run/program.elf' is not of type PT_LOAD; ignoring.
Program header number 3 in `/workspace/out/cache/176199e8f2bef10dd2571139508b3795fb04e77e693b83f52ff2984b5532406c/run/program.elf' is not of type PT_LOAD; ignoring.
Simulation of Ibex
==================

Tracing can be toggled by sending SIGUSR1 to this process:
$ kill -USR1 18

Simulation running, end by pressing CTRL-c.
Tracing enabled.
Writing simulation traces to sim.fst
TOP.ibex_simple_system.u_top.u_ibex_tracer.unnamedblk2.unnamedblk3: Writing execution trace to trace_core_00000000.log
Terminating simulation by software request.
- src/lowrisc_ibex_sim_shared_0/rtl/sim/simulator_ctrl.sv:93: Verilog $finish
Received $finish() from Verilog, shutting down simulation.

Simulation statistics
=====================
Executed cycles:  238014
Wallclock time:   4.905 s
Simulation speed: 48524.8 cycles/s (48.5248 kHz)
Trace file size:  18217931 B

You can view the simulation traces by calling
$ gtkwave sim.fst

Performance Counters
====================
Cycles:                     238010
Instructions Retired:       125996
LSU Busy:                   12455
Fetch Wait:                 48820
Loads:                      7069
Stores:                     5386
Jumps:                      1922
Conditional Branches:       49280
Taken Conditional Branches: 48816
Compressed Instructions:    0
Multiply Wait:              0
