Program header number 0 in `/workspace/out/cache/0e24707410e078e493818c652b72f47cda8d05eeb245e47f23a2f187c12806a4/run/program.elf' is not of type PT_LOAD; ignoring.
Program header number 3 in `/workspace/out/cache/0e24707410e078e493818c652b72f47cda8d05eeb245e47f23a2f187c12806a4/run/program.elf' is not of type PT_LOAD; ignoring.
Simulation of Ibex
==================

Tracing can be toggled by sending SIGUSR1 to this process:
$ kill -USR1 17

Simulation running, end by pressing CTRL-c.
Tracing enabled.
Writing simulation traces to sim.fst
TOP.ibex_simple_system.u_top.u_ibex_tracer.unnamedblk2.unnamedblk3: Writing execution trace to trace_core_00000000.log
Terminating simulation by software request.
- src/lowrisc_ibex_sim_shared_0/rtl/sim/simulator_ctrl.sv:93: Verilog $finish
Received $finish() from Verilog, shutting down simulation.

Simulation statistics
=====================
Executed cycles:  238011
Wallclock time:   4.776 s
Simulation speed: 49834.8 cycles/s (49.8348 kHz)
Trace file size:  17097454 B

You can view the simulation traces by calling
$ gtkwave sim.fst

Performance Counters
====================
Cycles:                     238007
Instructions Retired:       113787
LSU Busy:                   11275
Fetch Wait:                 45215
Loads:                      6508
Stores:                     4767
Jumps:                      1888
Conditional Branches:       45641
Taken Conditional Branches: 45211
Compressed Instructions:    0
Multiply Wait:              1520
