Program header number 0 in `/workspace/out/cache/4affa488ef94442d44fe1c2920dc4f20200090b275fd342e2ce2b3563d912741/run/program.elf' is not of type PT_LOAD; ignoring.
Program header number 3 in `/workspace/out/cache/4affa488ef94442d44fe1c2920dc4f20200090b275fd342e2ce2b3563d912741/run/program.elf' is not of type PT_LOAD; ignoring.
Simulation of Ibex
==================

Tracing can be toggled by sending SIGUSR1 to this process:
$ kill -USR1 17

Simulation running, end by pressing CTRL-c.
Tracing enabled.
Writing simulation traces to sim.fst
TOP.ibex_simple_system.u_top.u_ibex_tracer.unnamedblk2.unnamedblk3: Writing execution trace to trace_core_00000000.log
Terminating simulation by software request.
- src/lowrisc_ibex_sim_shared_0/rtl/sim/simulator_ctrl.sv:93: Verilog $finish
Received $finish() from Verilog, shutting down simulation.

Simulation statistics
=====================
Executed cycles:  238013
Wallclock time:   5.242 s
Simulation speed: 45405 cycles/s (45.405 kHz)
Trace file size:  17825911 B

You can view the simulation traces by calling
$ gtkwave sim.fst

Performance Counters
====================
Cycles:                     238009
Instructions Retired:       119934
LSU Busy:                   11139
Fetch Wait:                 47568
Loads:                      6440
Stores:                     4699
Jumps:                      1928
Conditional Branches:       48034
Taken Conditional Branches: 47564
Compressed Instructions:    0
Multiply Wait:              750
