Program header number 0 in `/workspace/out/cache/44b351e7ed51c49bc6d2cef7498a840480ad4ed124e237b73617b8359bc8173e/run/program.elf' is not of type PT_LOAD; ignoring.
Program header number 3 in `/workspace/out/cache/44b351e7ed51c49bc6d2cef7498a840480ad4ed124e237b73617b8359bc8173e/run/program.elf' is not of type PT_LOAD; ignoring.
Simulation of Ibex
==================

Tracing can be toggled by sending SIGUSR1 to this process:
$ kill -USR1 17

Simulation running, end by pressing CTRL-c.
Tracing enabled.
Writing simulation traces to sim.fst
TOP.ibex_simple_system.u_top.u_ibex_tracer.unnamedblk2.unnamedblk3: Writing execution trace to trace_core_00000000.log
Terminating simulation by software request.
- src/lowrisc_ibex_sim_shared_0/rtl/sim/simulator_ctrl.sv:93: Verilog $finish
Received $finish() from Verilog, shutting down simulation.

Simulation statistics
=====================
Executed cycles:  238012
Wallclock time:   5.176 s
Simulation speed: 45983.8 cycles/s (45.9838 kHz)
Trace file size:  17866103 B

You can view the simulation traces by calling
$ gtkwave sim.fst

Performance Counters
====================
Cycles:                     238008
Instructions Retired:       124061
LSU Busy:                   11685
Fetch Wait:                 48511
Loads:                      6986
Stores:                     4699
Jumps:                      1927
Conditional Branches:       48978
Taken Conditional Branches: 48507
Compressed Instructions:    0
Multiply Wait:              3316
