Program header number 0 in `/workspace/out/cache/ac4c68c411464645c246f946861b27d5529f3f4e7249d4b1969617d064152c00/run/program.elf' is not of type PT_LOAD; ignoring.
Program header number 3 in `/workspace/out/cache/ac4c68c411464645c246f946861b27d5529f3f4e7249d4b1969617d064152c00/run/program.elf' is not of type PT_LOAD; ignoring.
Simulation of Ibex
==================

Tracing can be toggled by sending SIGUSR1 to this process:
$ kill -USR1 18

Simulation running, end by pressing CTRL-c.
Tracing enabled.
Writing simulation traces to sim.fst
TOP.ibex_simple_system.u_top.u_ibex_tracer.unnamedblk2.unnamedblk3: Writing execution trace to trace_core_00000000.log
Terminating simulation by software request.
- src/lowrisc_ibex_sim_shared_0/rtl/sim/simulator_ctrl.sv:93: Verilog $finish
Received $finish() from Verilog, shutting down simulation.

Simulation statistics
=====================
Executed cycles:  238012
Wallclock time:   5.092 s
Simulation speed: 46742.3 cycles/s (46.7423 kHz)
Trace file size:  18062692 B

You can view the simulation traces by calling
$ gtkwave sim.fst

Performance Counters
====================
Cycles:                     238008
Instructions Retired:       125599
LSU Busy:                   11989
Fetch Wait:                 48767
Loads:                      6865
Stores:                     5124
Jumps:                      1914
Conditional Branches:       49221
Taken Conditional Branches: 48763
Compressed Instructions:    0
Multiply Wait:              800
