Program header number 0 in `/workspace/out/cache/a7ee06605af5172bf4d1e3ee70d62a21de4bdf2e3fed181d3729b2c526437500/run/program.elf' is not of type PT_LOAD; ignoring.
Program header number 3 in `/workspace/out/cache/a7ee06605af5172bf4d1e3ee70d62a21de4bdf2e3fed181d3729b2c526437500/run/program.elf' is not of type PT_LOAD; ignoring.
Simulation of Ibex
==================

Tracing can be toggled by sending SIGUSR1 to this process:
$ kill -USR1 17

Simulation running, end by pressing CTRL-c.
Tracing enabled.
Writing simulation traces to sim.fst
TOP.ibex_simple_system.u_top.u_ibex_tracer.unnamedblk2.unnamedblk3: Writing execution trace to trace_core_00000000.log
Terminating simulation by software request.
- src/lowrisc_ibex_sim_shared_0/rtl/sim/simulator_ctrl.sv:93: Verilog $finish
Received $finish() from Verilog, shutting down simulation.

Simulation statistics
=====================
Executed cycles:  238012
Wallclock time:   5.395 s
Simulation speed: 44117.1 cycles/s (44.1171 kHz)
Trace file size:  18685093 B

You can view the simulation traces by calling
$ gtkwave sim.fst

Performance Counters
====================
Cycles:                     238008
Instructions Retired:       126244
LSU Busy:                   12163
Fetch Wait:                 48851
Loads:                      7464
Stores:                     4699
Jumps:                      1902
Conditional Branches:       49291
Taken Conditional Branches: 48847
Compressed Instructions:    0
Multiply Wait:              0
