Program header number 0 in `/workspace/out/cache/e0a987c1e72adadfe240a1ebb7c1891811beeca8a82236dd480c8c53e94a953b/run/program.elf' is not of type PT_LOAD; ignoring.
Program header number 3 in `/workspace/out/cache/e0a987c1e72adadfe240a1ebb7c1891811beeca8a82236dd480c8c53e94a953b/run/program.elf' is not of type PT_LOAD; ignoring.
Simulation of Ibex
==================

Tracing can be toggled by sending SIGUSR1 to this process:
$ kill -USR1 18

Simulation running, end by pressing CTRL-c.
Tracing enabled.
Writing simulation traces to sim.fst
TOP.ibex_simple_system.u_top.u_ibex_tracer.unnamedblk2.unnamedblk3: Writing execution trace to trace_core_00000000.log
Terminating simulation by software request.
- src/lowrisc_ibex_sim_shared_0/rtl/sim/simulator_ctrl.sv:93: Verilog $finish
Received $finish() from Verilog, shutting down simulation.

Simulation statistics
=====================
Executed cycles:  238012
Wallclock time:   4.756 s
Simulation speed: 50044.6 cycles/s (50.0446 kHz)
Trace file size:  17336643 B

You can view the simulation traces by calling
$ gtkwave sim.fst

Performance Counters
====================
Cycles:                     238008
Instructions Retired:       117987
LSU Busy:                   12380
Fetch Wait:                 45481
Loads:                      6841
Stores:                     5539
Jumps:                      1931
Conditional Branches:       45951
Taken Conditional Branches: 45477
Compressed Instructions:    0
Multiply Wait:              0
