Program header number 0 in `/workspace/out/cache/40a193d7718fa414eceeb6f5045dec5a1164711964e9b53a8a6574f48258ecc4/run/program.elf' is not of type PT_LOAD; ignoring.
Program header number 3 in `/workspace/out/cache/40a193d7718fa414eceeb6f5045dec5a1164711964e9b53a8a6574f48258ecc4/run/program.elf' is not of type PT_LOAD; ignoring.
Simulation of Ibex
==================

Tracing can be toggled by sending SIGUSR1 to this process:
$ kill -USR1 17

Simulation running, end by pressing CTRL-c.
Tracing enabled.
Writing simulation traces to sim.fst
TOP.ibex_simple_system.u_top.u_ibex_tracer.unnamedblk2.unnamedblk3: Writing execution trace to trace_core_00000000.log
Terminating simulation by software request.
- src/lowrisc_ibex_sim_shared_0/rtl/sim/simulator_ctrl.sv:93: Verilog $finish
Received $finish() from Verilog, shutting down simulation.

Simulation statistics
=====================
Executed cycles:  238013
Wallclock time:   5.215 s
Simulation speed: 45640.1 cycles/s (45.6401 kHz)
Trace file size:  17899765 B

You can view the simulation traces by calling
$ gtkwave sim.fst

Performance Counters
====================
Cycles:                     238009
Instructions Retired:       125620
LSU Busy:                   12420
Fetch Wait:                 49032
Loads:                      6881
Stores:                     5539
Jumps:                      1908
Conditional Branches:       49479
Taken Conditional Branches: 49028
Compressed Instructions:    0
Multiply Wait:              0
