Program header number 0 in `/workspace/out/cache/b5550388a451a98f794e0e3143ce844e9d90133bb01c0be8d5be9aa7447545ca/run/program.elf' is not of type PT_LOAD; ignoring.
Program header number 3 in `/workspace/out/cache/b5550388a451a98f794e0e3143ce844e9d90133bb01c0be8d5be9aa7447545ca/run/program.elf' is not of type PT_LOAD; ignoring.
Simulation of Ibex
==================

Tracing can be toggled by sending SIGUSR1 to this process:
$ kill -USR1 18

Simulation running, end by pressing CTRL-c.
Tracing enabled.
Writing simulation traces to sim.fst
TOP.ibex_simple_system.u_top.u_ibex_tracer.unnamedblk2.unnamedblk3: Writing execution trace to trace_core_00000000.log
Terminating simulation by software request.
- src/lowrisc_ibex_sim_shared_0/rtl/sim/simulator_ctrl.sv:93: Verilog $finish
Received $finish() from Verilog, shutting down simulation.

Simulation statistics
=====================
Executed cycles:  238014
Wallclock time:   5.004 s
Simulation speed: 47564.7 cycles/s (47.5647 kHz)
Trace file size:  17732827 B

You can view the simulation traces by calling
$ gtkwave sim.fst

Performance Counters
====================
Cycles:                     238010
Instructions Retired:       120431
LSU Busy:                   12139
Fetch Wait:                 46743
Loads:                      6940
Stores:                     5199
Jumps:                      1909
Conditional Branches:       47190
Taken Conditional Branches: 46739
Compressed Instructions:    0
Multiply Wait:              1048
