Program header number 0 in `/workspace/out/cache/e4284afe67abad2028f54d97d772597b3be2cc7f99791d69a554ec99becf71b1/run/program.elf' is not of type PT_LOAD; ignoring.
Program header number 3 in `/workspace/out/cache/e4284afe67abad2028f54d97d772597b3be2cc7f99791d69a554ec99becf71b1/run/program.elf' is not of type PT_LOAD; ignoring.
Simulation of Ibex
==================

Tracing can be toggled by sending SIGUSR1 to this process:
$ kill -USR1 17

Simulation running, end by pressing CTRL-c.
Tracing enabled.
Writing simulation traces to sim.fst
TOP.ibex_simple_system.u_top.u_ibex_tracer.unnamedblk2.unnamedblk3: Writing execution trace to trace_core_00000000.log
Terminating simulation by software request.
- src/lowrisc_ibex_sim_shared_0/rtl/sim/simulator_ctrl.sv:93: Verilog $finish
Received $finish() from Verilog, shutting down simulation.

Simulation statistics
=====================
Executed cycles:  238012
Wallclock time:   4.301 s
Simulation speed: 55338.8 cycles/s (55.3388 kHz)
Trace file size:  16718031 B

You can view the simulation traces by calling
$ gtkwave sim.fst

Performance Counters
====================
Cycles:                     238008
Instructions Retired:       106111
LSU Busy:                   11139
Fetch Wait:                 40289
Loads:                      6440
Stores:                     4699
Jumps:                      1923
Conditional Branches:       40750
Taken Conditional Branches: 40285
Compressed Instructions:    0
Multiply Wait:              1536
