Program header number 0 in `/workspace/out/cache/ba13bb8f930d798957e4478b9896a9a9787f0ead499a4947bdf072a63ee7d7ad/run/program.elf' is not of type PT_LOAD; ignoring.
Program header number 3 in `/workspace/out/cache/ba13bb8f930d798957e4478b9896a9a9787f0ead499a4947bdf072a63ee7d7ad/run/program.elf' is not of type PT_LOAD; ignoring.
Simulation of Ibex
==================

Tracing can be toggled by sending SIGUSR1 to this process:
$ kill -USR1 18

Simulation running, end by pressing CTRL-c.
Tracing enabled.
Writing simulation traces to sim.fst
TOP.ibex_simple_system.u_top.u_ibex_tracer.unnamedblk2.unnamedblk3: Writing execution trace to trace_core_00000000.log
Terminating simulation by software request.
- src/lowrisc_ibex_sim_shared_0/rtl/sim/simulator_ctrl.sv:93: Verilog $finish
Received $finish() from Verilog, shutting down simulation.

Simulation statistics
=====================
Executed cycles:  238014
Wallclock time:   5.096 s
Simulation speed: 46706 cycles/s (46.706 kHz)
Trace file size:  18069165 B

You can view the simulation traces by calling
$ gtkwave sim.fst

Performance Counters
====================
Cycles:                     238010
Instructions Retired:       129308
LSU Busy:                   15235
Fetch Wait:                 45783
Loads:                      6440
Stores:                     8795
Jumps:                      1904
Conditional Branches:       46219
Taken Conditional Branches: 45779
Compressed Instructions:    0
Multiply Wait:              0
