Program header number 0 in `/workspace/out/cache/fb47a4329391bcb249c89ef7d3df2c90431bed51f7dfe9e9ced2f70fc5eeed70/run/program.elf' is not of type PT_LOAD; ignoring.
Program header number 3 in `/workspace/out/cache/fb47a4329391bcb249c89ef7d3df2c90431bed51f7dfe9e9ced2f70fc5eeed70/run/program.elf' is not of type PT_LOAD; ignoring.
Simulation of Ibex
==================

Tracing can be toggled by sending SIGUSR1 to this process:
$ kill -USR1 17

Simulation running, end by pressing CTRL-c.
Tracing enabled.
Writing simulation traces to sim.fst
TOP.ibex_simple_system.u_top.u_ibex_tracer.unnamedblk2.unnamedblk3: Writing execution trace to trace_core_00000000.log
Terminating simulation by software request.
- src/lowrisc_ibex_sim_shared_0/rtl/sim/simulator_ctrl.sv:93: Verilog $finish
Received $finish() from Verilog, shutting down simulation.

Simulation statistics
=====================
Executed cycles:  238012
Wallclock time:   5.077 s
Simulation speed: 46880.4 cycles/s (46.8804 kHz)
Trace file size:  17226290 B

You can view the simulation traces by calling
$ gtkwave sim.fst

Performance Counters
====================
Cycles:                     238008
Instructions Retired:       117522
LSU Busy:                   12533
Fetch Wait:                 44634
Loads:                      6896
Stores:                     5637
Jumps:                      1925
Conditional Branches:       45098
Taken Conditional Branches: 44630
Compressed Instructions:    0
Multiply Wait:              0
