Program header number 0 in `/workspace/out/cache/186f911196684b5b58dbac6aec560093c1e95a42dfbb133526851923d2dedf51/run/program.elf' is not of type PT_LOAD; ignoring.
Program header number 3 in `/workspace/out/cache/186f911196684b5b58dbac6aec560093c1e95a42dfbb133526851923d2dedf51/run/program.elf' is not of type PT_LOAD; ignoring.
Simulation of Ibex
==================

Tracing can be toggled by sending SIGUSR1 to this process:
$ kill -USR1 17

Simulation running, end by pressing CTRL-c.
Tracing enabled.
Writing simulation traces to sim.fst
TOP.ibex_simple_system.u_top.u_ibex_tracer.unnamedblk2.unnamedblk3: Writing execution trace to trace_core_00000000.log
Terminating simulation by software request.
- src/lowrisc_ibex_sim_shared_0/rtl/sim/simulator_ctrl.sv:93: Verilog $finish
Received $finish() from Verilog, shutting down simulation.

Simulation statistics
=====================
Executed cycles:  238014
Wallclock time:   5.987 s
Simulation speed: 39755.1 cycles/s (39.7551 kHz)
Trace file size:  17986033 B

You can view the simulation traces by calling
$ gtkwave sim.fst

Performance Counters
====================
Cycles:                     238010
Instructions Retired:       124438
LSU Busy:                   11139
Fetch Wait:                 49462
Loads:                      6440
Stores:                     4699
Jumps:                      1914
Conditional Branches:       49916
Taken Conditional Branches: 49458
Compressed Instructions:    0
Multiply Wait:              1598
