Program header number 0 in `/workspace/out/cache/684d817364b430ecb334f31bc293b9154108ebd0982d0c8993f8207a5cb3b751/run/program.elf' is not of type PT_LOAD; ignoring.
Program header number 3 in `/workspace/out/cache/684d817364b430ecb334f31bc293b9154108ebd0982d0c8993f8207a5cb3b751/run/program.elf' is not of type PT_LOAD; ignoring.
Simulation of Ibex
==================

Tracing can be toggled by sending SIGUSR1 to this process:
$ kill -USR1 16

Simulation running, end by pressing CTRL-c.
Tracing enabled.
Writing simulation traces to sim.fst
TOP.ibex_simple_system.u_top.u_ibex_tracer.unnamedblk2.unnamedblk3: Writing execution trace to trace_core_00000000.log
Terminating simulation by software request.
- src/lowrisc_ibex_sim_shared_0/rtl/sim/simulator_ctrl.sv:93: Verilog $finish
Received $finish() from Verilog, shutting down simulation.

Simulation statistics
=====================
Executed cycles:  238013
Wallclock time:   4.546 s
Simulation speed: 52356.6 cycles/s (52.3566 kHz)
Trace file size:  16880371 B

You can view the simulation traces by calling
$ gtkwave sim.fst

Performance Counters
====================
Cycles:                     238009
Instructions Retired:       114221
LSU Busy:                   11139
Fetch Wait:                 44373
Loads:                      6440
Stores:                     4699
Jumps:                      1906
Conditional Branches:       44815
Taken Conditional Branches: 44369
Compressed Instructions:    0
Multiply Wait:              0
