Program header number 0 in `/workspace/out/cache/3ee83466cd7bc9c9da41b74095daf0bb86759457102ba026a2f01d4dbb6ce714/run/program.elf' is not of type PT_LOAD; ignoring.
Program header number 3 in `/workspace/out/cache/3ee83466cd7bc9c9da41b74095daf0bb86759457102ba026a2f01d4dbb6ce714/run/program.elf' is not of type PT_LOAD; ignoring.
Simulation of Ibex
==================

Tracing can be toggled by sending SIGUSR1 to this process:
$ kill -USR1 18

Simulation running, end by pressing CTRL-c.
Tracing enabled.
Writing simulation traces to sim.fst
TOP.ibex_simple_system.u_top.u_ibex_tracer.unnamedblk2.unnamedblk3: Writing execution trace to trace_core_00000000.log
Terminating simulation by software request.
- src/lowrisc_ibex_sim_shared_0/rtl/sim/simulator_ctrl.sv:93: Verilog $finish
Received $finish() from Verilog, shutting down simulation.

Simulation statistics
=====================
Executed cycles:  238012
Wallclock time:   4.989 s
Simulation speed: 47707.4 cycles/s (47.7074 kHz)
Trace file size:  17930988 B

You can view the simulation traces by calling
$ gtkwave sim.fst

Performance Counters
====================
Cycles:                     238008
Instructions Retired:       122483
LSU Busy:                   11839
Fetch Wait:                 47341
Loads:                      6790
Stores:                     5049
Jumps:                      1895
Conditional Branches:       48024
Taken Conditional Branches: 47337
Compressed Instructions:    0
Multiply Wait:              848
