Program header number 0 in `/workspace/out/cache/b892ff00df188e9a684c261f6ad09105ea1e73c7d3411fd60614b4737115b787/run/program.elf' is not of type PT_LOAD; ignoring.
Program header number 3 in `/workspace/out/cache/b892ff00df188e9a684c261f6ad09105ea1e73c7d3411fd60614b4737115b787/run/program.elf' is not of type PT_LOAD; ignoring.
Simulation of Ibex
==================

Tracing can be toggled by sending SIGUSR1 to this process:
$ kill -USR1 18

Simulation running, end by pressing CTRL-c.
Tracing enabled.
Writing simulation traces to sim.fst
TOP.ibex_simple_system.u_top.u_ibex_tracer.unnamedblk2.unnamedblk3: Writing execution trace to trace_core_00000000.log
Terminating simulation by software request.
- src/lowrisc_ibex_sim_shared_0/rtl/sim/simulator_ctrl.sv:93: Verilog $finish
Received $finish() from Verilog, shutting down simulation.

Simulation statistics
=====================
Executed cycles:  238011
Wallclock time:   5.522 s
Simulation speed: 43102.3 cycles/s (43.1023 kHz)
Trace file size:  17427997 B

You can view the simulation traces by calling
$ gtkwave sim.fst

Performance Counters
====================
Cycles:                     238007
Instructions Retired:       116534
LSU Busy:                   12505
Fetch Wait:                 43798
Loads:                      7124
Stores:                     5381
Jumps:                      1919
Conditional Branches:       44255
Taken Conditional Branches: 43794
Compressed Instructions:    0
Multiply Wait:              1024
