Program header number 0 in `/workspace/out/cache/d010a427487044421f7aeddf428269d3227274fbc3dbeb061b0c92334fde8f65/run/program.elf' is not of type PT_LOAD; ignoring.
Program header number 3 in `/workspace/out/cache/d010a427487044421f7aeddf428269d3227274fbc3dbeb061b0c92334fde8f65/run/program.elf' is not of type PT_LOAD; ignoring.
Simulation of Ibex
==================

Tracing can be toggled by sending SIGUSR1 to this process:
$ kill -USR1 18

Simulation running, end by pressing CTRL-c.
Tracing enabled.
Writing simulation traces to sim.fst
TOP.ibex_simple_system.u_top.u_ibex_tracer.unnamedblk2.unnamedblk3: Writing execution trace to trace_core_00000000.log
Terminating simulation by software request.
- src/lowrisc_ibex_sim_shared_0/rtl/sim/simulator_ctrl.sv:93: Verilog $finish
Received $finish() from Verilog, shutting down simulation.

Simulation statistics
=====================
Executed cycles:  238011
Wallclock time:   4.707 s
Simulation speed: 50565.3 cycles/s (50.5653 kHz)
Trace file size:  18003351 B

You can view the simulation traces by calling
$ gtkwave sim.fst

Performance Counters
====================
Cycles:                     238007
Instructions Retired:       125245
LSU Busy:                   11837
Fetch Wait:                 49149
Loads:                      6789
Stores:                     5048
Jumps:                      1932
Conditional Branches:       49617
Taken Conditional Branches: 49145
Compressed Instructions:    0
Multiply Wait:              698
