Program header number 0 in `/workspace/out/cache/87f4de55b6c042af047aaa6b761ca7571b387852c3a525413d82357ac79fa65a/run/program.elf' is not of type PT_LOAD; ignoring.
Program header number 3 in `/workspace/out/cache/87f4de55b6c042af047aaa6b761ca7571b387852c3a525413d82357ac79fa65a/run/program.elf' is not of type PT_LOAD; ignoring.
Simulation of Ibex
==================

Tracing can be toggled by sending SIGUSR1 to this process:
$ kill -USR1 17

Simulation running, end by pressing CTRL-c.
Tracing enabled.
Writing simulation traces to sim.fst
TOP.ibex_simple_system.u_top.u_ibex_tracer.unnamedblk2.unnamedblk3: Writing execution trace to trace_core_00000000.log
Terminating simulation by software request.
- src/lowrisc_ibex_sim_shared_0/rtl/sim/simulator_ctrl.sv:93: Verilog $finish
Received $finish() from Verilog, shutting down simulation.

Simulation statistics
=====================
Executed cycles:  238013
Wallclock time:   5.226 s
Simulation speed: 45544 cycles/s (45.544 kHz)
Trace file size:  17716180 B

You can view the simulation traces by calling
$ gtkwave sim.fst

Performance Counters
====================
Cycles:                     238009
Instructions Retired:       123309
LSU Busy:                   11139
Fetch Wait:                 50823
Loads:                      6440
Stores:                     4699
Jumps:                      1918
Conditional Branches:       52725
Taken Conditional Branches: 50819
Compressed Instructions:    0
Multiply Wait:              0
