Program header number 0 in `/workspace/out/cache/a766ba5cde4431e7257cce52efcc0aadb68f40a5467fc5417aa1d137f2da1462/run/program.elf' is not of type PT_LOAD; ignoring.
Program header number 3 in `/workspace/out/cache/a766ba5cde4431e7257cce52efcc0aadb68f40a5467fc5417aa1d137f2da1462/run/program.elf' is not of type PT_LOAD; ignoring.
Simulation of Ibex
==================

Tracing can be toggled by sending SIGUSR1 to this process:
$ kill -USR1 17

Simulation running, end by pressing CTRL-c.
Tracing enabled.
Writing simulation traces to sim.fst
TOP.ibex_simple_system.u_top.u_ibex_tracer.unnamedblk2.unnamedblk3: Writing execution trace to trace_core_00000000.log
Terminating simulation by software request.
- src/lowrisc_ibex_sim_shared_0/rtl/sim/simulator_ctrl.sv:93: Verilog $finish
Received $finish() from Verilog, shutting down simulation.

Simulation statistics
=====================
Executed cycles:  238012
Wallclock time:   5.098 s
Simulation speed: 46687.3 cycles/s (46.6873 kHz)
Trace file size:  19314852 B

You can view the simulation traces by calling
$ gtkwave sim.fst

Performance Counters
====================
Cycles:                     238008
Instructions Retired:       123205
LSU Busy:                   12151
Fetch Wait:                 47484
Loads:                      6927
Stores:                     5224
Jumps:                      1943
Conditional Branches:       47971
Taken Conditional Branches: 47480
Compressed Instructions:    0
Multiply Wait:              742
