Program header number 0 in `/workspace/out/cache/c02d2bff21c10f295b3186a553631ba1f53cf798b919f425d97c780b49881d7e/run/program.elf' is not of type PT_LOAD; ignoring.
Program header number 3 in `/workspace/out/cache/c02d2bff21c10f295b3186a553631ba1f53cf798b919f425d97c780b49881d7e/run/program.elf' is not of type PT_LOAD; ignoring.
Simulation of Ibex
==================

Tracing can be toggled by sending SIGUSR1 to this process:
$ kill -USR1 18

Simulation running, end by pressing CTRL-c.
Tracing enabled.
Writing simulation traces to sim.fst
TOP.ibex_simple_system.u_top.u_ibex_tracer.unnamedblk2.unnamedblk3: Writing execution trace to trace_core_00000000.log
Terminating simulation by software request.
- src/lowrisc_ibex_sim_shared_0/rtl/sim/simulator_ctrl.sv:93: Verilog $finish
Received $finish() from Verilog, shutting down simulation.

Simulation statistics
=====================
Executed cycles:  238011
Wallclock time:   5.731 s
Simulation speed: 41530.4 cycles/s (41.5304 kHz)
Trace file size:  17436038 B

You can view the simulation traces by calling
$ gtkwave sim.fst

Performance Counters
====================
Cycles:                     238007
Instructions Retired:       116030
LSU Busy:                   11139
Fetch Wait:                 44984
Loads:                      6440
Stores:                     4699
Jumps:                      1929
Conditional Branches:       46304
Taken Conditional Branches: 44980
Compressed Instructions:    0
Multiply Wait:              0
