Program header number 0 in `/workspace/out/cache/df69e4f713aee507724ed413b7c4b1d88ba04fb965170602ce9658f37b6ebd76/run/program.elf' is not of type PT_LOAD; ignoring.
Program header number 3 in `/workspace/out/cache/df69e4f713aee507724ed413b7c4b1d88ba04fb965170602ce9658f37b6ebd76/run/program.elf' is not of type PT_LOAD; ignoring.
Simulation of Ibex
==================

Tracing can be toggled by sending SIGUSR1 to this process:
$ kill -USR1 17

Simulation running, end by pressing CTRL-c.
Tracing enabled.
Writing simulation traces to sim.fst
TOP.ibex_simple_system.u_top.u_ibex_tracer.unnamedblk2.unnamedblk3: Writing execution trace to trace_core_00000000.log
Terminating simulation by software request.
- src/lowrisc_ibex_sim_shared_0/rtl/sim/simulator_ctrl.sv:93: Verilog $finish
Received $finish() from Verilog, shutting down simulation.

Simulation statistics
=====================
Executed cycles:  238015
Wallclock time:   4.801 s
Simulation speed: 49576.1 cycles/s (49.5761 kHz)
Trace file size:  16986413 B

You can view the simulation traces by calling
$ gtkwave sim.fst

Performance Counters
====================
Cycles:                     238011
Instructions Retired:       117170
LSU Busy:                   12554
Fetch Wait:                 44244
Loads:                      6927
Stores:                     5627
Jumps:                      1926
Conditional Branches:       44709
Taken Conditional Branches: 44240
Compressed Instructions:    0
Multiply Wait:              0
