Program header number 0 in `/workspace/out/cache/0fddc85327db73efb43ba7264820379d96181f391c7cfa96d7ad48b1a4c6259b/run/program.elf' is not of type PT_LOAD; ignoring.
Program header number 3 in `/workspace/out/cache/0fddc85327db73efb43ba7264820379d96181f391c7cfa96d7ad48b1a4c6259b/run/program.elf' is not of type PT_LOAD; ignoring.
Simulation of Ibex
==================

Tracing can be toggled by sending SIGUSR1 to this process:
$ kill -USR1 17

Simulation running, end by pressing CTRL-c.
Tracing enabled.
Writing simulation traces to sim.fst
TOP.ibex_simple_system.u_top.u_ibex_tracer.unnamedblk2.unnamedblk3: Writing execution trace to trace_core_00000000.log
Terminating simulation by software request.
- src/lowrisc_ibex_sim_shared_0/rtl/sim/simulator_ctrl.sv:93: Verilog $finish
Received $finish() from Verilog, shutting down simulation.

Simulation statistics
=====================
Executed cycles:  238013
Wallclock time:   2.6 s
Simulation speed: 91543.5 cycles/s (91.5435 kHz)
Trace file size:  12336406 B

You can view the simulation traces by calling
$ gtkwave sim.fst

Performance Counters
====================
Cycles:                     238009
Instructions Retired:       51533
LSU Busy:                   11139
Fetch Wait:                 12997
Loads:                      6440
Stores:                     4699
Jumps:                      1925
Conditional Branches:       13460
Taken Conditional Branches: 12993
Compressed Instructions:    0
Multiply Wait:              0
