Program header number 0 in `/workspace/out/cache/b6b1b40f9fc1c916352f190854fb8ee3c83409081f736769053f30c85b1118a2/run/program.elf' is not of type PT_LOAD; ignoring.
Program header number 3 in `/workspace/out/cache/b6b1b40f9fc1c916352f190854fb8ee3c83409081f736769053f30c85b1118a2/run/program.elf' is not of type PT_LOAD; ignoring.
Simulation of Ibex
==================

Tracing can be toggled by sending SIGUSR1 to this process:
$ kill -USR1 17

Simulation running, end by pressing CTRL-c.
Tracing enabled.
Writing simulation traces to sim.fst
TOP.ibex_simple_system.u_top.u_ibex_tracer.unnamedblk2.unnamedblk3: Writing execution trace to trace_core_00000000.log
Terminating simulation by software request.
- src/lowrisc_ibex_sim_shared_0/rtl/sim/simulator_ctrl.sv:93: Verilog $finish
Received $finish() from Verilog, shutting down simulation.

Simulation statistics
=====================
Executed cycles:  238013
Wallclock time:   5.292 s
Simulation speed: 44976 cycles/s (44.976 kHz)
Trace file size:  18043773 B

You can view the simulation traces by calling
$ gtkwave sim.fst

Performance Counters
====================
Cycles:                     238009
Instructions Retired:       118311
LSU Busy:                   11139
Fetch Wait:                 47059
Loads:                      6440
Stores:                     4699
Jumps:                      1908
Conditional Branches:       47509
Taken Conditional Branches: 47055
Compressed Instructions:    0
Multiply Wait:              2096
