Program header number 0 in `/workspace/out/cache/12b06aca9ca8744036fa87cdae95d22e6eaff1731409274d925460876676b8a8/run/program.elf' is not of type PT_LOAD; ignoring.
Program header number 3 in `/workspace/out/cache/12b06aca9ca8744036fa87cdae95d22e6eaff1731409274d925460876676b8a8/run/program.elf' is not of type PT_LOAD; ignoring.
Simulation of Ibex
==================

Tracing can be toggled by sending SIGUSR1 to this process:
$ kill -USR1 17

Simulation running, end by pressing CTRL-c.
Tracing enabled.
Writing simulation traces to sim.fst
TOP.ibex_simple_system.u_top.u_ibex_tracer.unnamedblk2.unnamedblk3: Writing execution trace to trace_core_00000000.log
Terminating simulation by software request.
- src/lowrisc_ibex_sim_shared_0/rtl/sim/simulator_ctrl.sv:93: Verilog $finish
Received $finish() from Verilog, shutting down simulation.

Simulation statistics
=====================
Executed cycles:  238012
Wallclock time:   4.727 s
Simulation speed: 50351.6 cycles/s (50.3516 kHz)
Trace file size:  18071981 B

You can view the simulation traces by calling
$ gtkwave sim.fst

Performance Counters
====================
Cycles:                     238008
Instructions Retired:       125491
LSU Busy:                   11989
Fetch Wait:                 48857
Loads:                      6865
Stores:                     5124
Jumps:                      1917
Conditional Branches:       49315
Taken Conditional Branches: 48853
Compressed Instructions:    0
Multiply Wait:              750
