Program header number 0 in `/workspace/out/cache/6d5af349b8a2aed7b9125fd13c1ccbc6a329fe4655d769a3e9f2e1e2ee3ce54c/run/program.elf' is not of type PT_LOAD; ignoring.
Program header number 3 in `/workspace/out/cache/6d5af349b8a2aed7b9125fd13c1ccbc6a329fe4655d769a3e9f2e1e2ee3ce54c/run/program.elf' is not of type PT_LOAD; ignoring.
Simulation of Ibex
==================

Tracing can be toggled by sending SIGUSR1 to this process:
$ kill -USR1 17

Simulation running, end by pressing CTRL-c.
Tracing enabled.
Writing simulation traces to sim.fst
TOP.ibex_simple_system.u_top.u_ibex_tracer.unnamedblk2.unnamedblk3: Writing execution trace to trace_core_00000000.log
Terminating simulation by software request.
- src/lowrisc_ibex_sim_shared_0/rtl/sim/simulator_ctrl.sv:93: Verilog $finish
Received $finish() from Verilog, shutting down simulation.

Simulation statistics
=====================
Executed cycles:  238012
Wallclock time:   5.412 s
Simulation speed: 43978.6 cycles/s (43.9786 kHz)
Trace file size:  17756619 B

You can view the simulation traces by calling
$ gtkwave sim.fst

Performance Counters
====================
Cycles:                     238008
Instructions Retired:       124778
LSU Busy:                   11685
Fetch Wait:                 48874
Loads:                      6986
Stores:                     4699
Jumps:                      1924
Conditional Branches:       49338
Taken Conditional Branches: 48870
Compressed Instructions:    0
Multiply Wait:              1876
