Program header number 0 in `/workspace/out/cache/8b875ae9611d75f912de9030ab2df5b20a22985b75ec878191407c63ffbb297d/run/program.elf' is not of type PT_LOAD; ignoring.
Program header number 3 in `/workspace/out/cache/8b875ae9611d75f912de9030ab2df5b20a22985b75ec878191407c63ffbb297d/run/program.elf' is not of type PT_LOAD; ignoring.
Simulation of Ibex
==================

Tracing can be toggled by sending SIGUSR1 to this process:
$ kill -USR1 18

Simulation running, end by pressing CTRL-c.
Tracing enabled.
Writing simulation traces to sim.fst
TOP.ibex_simple_system.u_top.u_ibex_tracer.unnamedblk2.unnamedblk3: Writing execution trace to trace_core_00000000.log
Terminating simulation by software request.
- src/lowrisc_ibex_sim_shared_0/rtl/sim/simulator_ctrl.sv:93: Verilog $finish
Received $finish() from Verilog, shutting down simulation.

Simulation statistics
=====================
Executed cycles:  238013
Wallclock time:   5.495 s
Simulation speed: 43314.5 cycles/s (43.3145 kHz)
Trace file size:  19062306 B

You can view the simulation traces by calling
$ gtkwave sim.fst

Performance Counters
====================
Cycles:                     238009
Instructions Retired:       123885
LSU Busy:                   11847
Fetch Wait:                 48340
Loads:                      6824
Stores:                     5023
Jumps:                      1906
Conditional Branches:       48853
Taken Conditional Branches: 48336
Compressed Instructions:    0
Multiply Wait:              1006
