Program header number 0 in `/workspace/out/cache/176b2c30ba81579007844ad3e1308bd6096faf52418c875d001efbd0470de99f/run/program.elf' is not of type PT_LOAD; ignoring.
Program header number 3 in `/workspace/out/cache/176b2c30ba81579007844ad3e1308bd6096faf52418c875d001efbd0470de99f/run/program.elf' is not of type PT_LOAD; ignoring.
Simulation of Ibex
==================

Tracing can be toggled by sending SIGUSR1 to this process:
$ kill -USR1 17

Simulation running, end by pressing CTRL-c.
Tracing enabled.
Writing simulation traces to sim.fst
TOP.ibex_simple_system.u_top.u_ibex_tracer.unnamedblk2.unnamedblk3: Writing execution trace to trace_core_00000000.log
Terminating simulation by software request.
- src/lowrisc_ibex_sim_shared_0/rtl/sim/simulator_ctrl.sv:93: Verilog $finish
Received $finish() from Verilog, shutting down simulation.

Simulation statistics
=====================
Executed cycles:  238013
Wallclock time:   5.447 s
Simulation speed: 43696.2 cycles/s (43.6962 kHz)
Trace file size:  17856760 B

You can view the simulation traces by calling
$ gtkwave sim.fst

Performance Counters
====================
Cycles:                     238009
Instructions Retired:       122741
LSU Busy:                   12420
Fetch Wait:                 47564
Loads:                      6881
Stores:                     5539
Jumps:                      1927
Conditional Branches:       48030
Taken Conditional Branches: 47560
Compressed Instructions:    0
Multiply Wait:              0
