Program header number 0 in `/workspace/out/cache/6086df9c059da15aa7df8415f41bc8e416339160d81a5c854ffb96680c9cc2cc/run/program.elf' is not of type PT_LOAD; ignoring.
Program header number 3 in `/workspace/out/cache/6086df9c059da15aa7df8415f41bc8e416339160d81a5c854ffb96680c9cc2cc/run/program.elf' is not of type PT_LOAD; ignoring.
Simulation of Ibex
==================

Tracing can be toggled by sending SIGUSR1 to this process:
$ kill -USR1 18

Simulation running, end by pressing CTRL-c.
Tracing enabled.
Writing simulation traces to sim.fst
TOP.ibex_simple_system.u_top.u_ibex_tracer.unnamedblk2.unnamedblk3: Writing execution trace to trace_core_00000000.log
Terminating simulation by software request.
- src/lowrisc_ibex_sim_shared_0/rtl/sim/simulator_ctrl.sv:93: Verilog $finish
Received $finish() from Verilog, shutting down simulation.

Simulation statistics
=====================
Executed cycles:  238015
Wallclock time:   4.794 s
Simulation speed: 49648.5 cycles/s (49.6485 kHz)
Trace file size:  17244162 B

You can view the simulation traces by calling
$ gtkwave sim.fst

Performance Counters
====================
Cycles:                     238011
Instructions Retired:       114924
LSU Busy:                   11672
Fetch Wait:                 44634
Loads:                      6973
Stores:                     4699
Jumps:                      1928
Conditional Branches:       45101
Taken Conditional Branches: 44630
Compressed Instructions:    0
Multiply Wait:              666
