Program header number 0 in `/workspace/out/cache/993b17288bc24b68e9a8e38c3e60bdebaeb35fd0571a7001026feeb8ecd9bbf9/run/program.elf' is not of type PT_LOAD; ignoring.
Program header number 3 in `/workspace/out/cache/993b17288bc24b68e9a8e38c3e60bdebaeb35fd0571a7001026feeb8ecd9bbf9/run/program.elf' is not of type PT_LOAD; ignoring.
Simulation of Ibex
==================

Tracing can be toggled by sending SIGUSR1 to this process:
$ kill -USR1 18

Simulation running, end by pressing CTRL-c.
Tracing enabled.
Writing simulation traces to sim.fst
TOP.ibex_simple_system.u_top.u_ibex_tracer.unnamedblk2.unnamedblk3: Writing execution trace to trace_core_00000000.log
Terminating simulation by software request.
- src/lowrisc_ibex_sim_shared_0/rtl/sim/simulator_ctrl.sv:93: Verilog $finish
Received $finish() from Verilog, shutting down simulation.

Simulation statistics
=====================
Executed cycles:  238012
Wallclock time:   5.44 s
Simulation speed: 43752.2 cycles/s (43.7522 kHz)
Trace file size:  17356247 B

You can view the simulation traces by calling
$ gtkwave sim.fst

Performance Counters
====================
Cycles:                     238008
Instructions Retired:       117547
LSU Busy:                   12420
Fetch Wait:                 44961
Loads:                      6881
Stores:                     5539
Jumps:                      1931
Conditional Branches:       45431
Taken Conditional Branches: 44957
Compressed Instructions:    0
Multiply Wait:              0
