Program header number 0 in `/workspace/out/cache/4e124209fa5048f3ed64d2d94f867ed5f7bd7ac565e1b39db82080dc362391c9/run/program.elf' is not of type PT_LOAD; ignoring.
Program header number 3 in `/workspace/out/cache/4e124209fa5048f3ed64d2d94f867ed5f7bd7ac565e1b39db82080dc362391c9/run/program.elf' is not of type PT_LOAD; ignoring.
Simulation of Ibex
==================

Tracing can be toggled by sending SIGUSR1 to this process:
$ kill -USR1 17

Simulation running, end by pressing CTRL-c.
Tracing enabled.
Writing simulation traces to sim.fst
TOP.ibex_simple_system.u_top.u_ibex_tracer.unnamedblk2.unnamedblk3: Writing execution trace to trace_core_00000000.log
Terminating simulation by software request.
- src/lowrisc_ibex_sim_shared_0/rtl/sim/simulator_ctrl.sv:93: Verilog $finish
Received $finish() from Verilog, shutting down simulation.

Simulation statistics
=====================
Executed cycles:  238015
Wallclock time:   5.08 s
Simulation speed: 46853.3 cycles/s (46.8533 kHz)
Trace file size:  17997640 B

You can view the simulation traces by calling
$ gtkwave sim.fst

Performance Counters
====================
Cycles:                     238011
Instructions Retired:       120583
LSU Busy:                   11193
Fetch Wait:                 51196
Loads:                      6494
Stores:                     4699
Jumps:                      1902
Conditional Branches:       51634
Taken Conditional Branches: 51192
Compressed Instructions:    0
Multiply Wait:              0
