Program header number 0 in `/workspace/out/cache/aa1d4b9b4bf9cc9f7000ce3816c9e6695cc915134bcca16c4fb855c46124b4e1/run/program.elf' is not of type PT_LOAD; ignoring.
Program header number 3 in `/workspace/out/cache/aa1d4b9b4bf9cc9f7000ce3816c9e6695cc915134bcca16c4fb855c46124b4e1/run/program.elf' is not of type PT_LOAD; ignoring.
Simulation of Ibex
==================

Tracing can be toggled by sending SIGUSR1 to this process:
$ kill -USR1 17

Simulation running, end by pressing CTRL-c.
Tracing enabled.
Writing simulation traces to sim.fst
TOP.ibex_simple_system.u_top.u_ibex_tracer.unnamedblk2.unnamedblk3: Writing execution trace to trace_core_00000000.log
Terminating simulation by software request.
- src/lowrisc_ibex_sim_shared_0/rtl/sim/simulator_ctrl.sv:93: Verilog $finish
Received $finish() from Verilog, shutting down simulation.

Simulation statistics
=====================
Executed cycles:  238012
Wallclock time:   4.969 s
Simulation speed: 47899.4 cycles/s (47.8994 kHz)
Trace file size:  18975718 B

You can view the simulation traces by calling
$ gtkwave sim.fst

Performance Counters
====================
Cycles:                     238008
Instructions Retired:       125827
LSU Busy:                   12307
Fetch Wait:                 48392
Loads:                      7024
Stores:                     5283
Jumps:                      1925
Conditional Branches:       48855
Taken Conditional Branches: 48388
Compressed Instructions:    0
Multiply Wait:              1168
