Program header number 0 in `/workspace/out/cache/16665da382496bfef35a556952f4bc161ebcdcd243fde11d9e38bf2bbebf5759/run/program.elf' is not of type PT_LOAD; ignoring.
Program header number 3 in `/workspace/out/cache/16665da382496bfef35a556952f4bc161ebcdcd243fde11d9e38bf2bbebf5759/run/program.elf' is not of type PT_LOAD; ignoring.
Simulation of Ibex
==================

Tracing can be toggled by sending SIGUSR1 to this process:
$ kill -USR1 18

Simulation running, end by pressing CTRL-c.
Tracing enabled.
Writing simulation traces to sim.fst
TOP.ibex_simple_system.u_top.u_ibex_tracer.unnamedblk2.unnamedblk3: Writing execution trace to trace_core_00000000.log
Terminating simulation by software request.
- src/lowrisc_ibex_sim_shared_0/rtl/sim/simulator_ctrl.sv:93: Verilog $finish
Received $finish() from Verilog, shutting down simulation.

Simulation statistics
=====================
Executed cycles:  238015
Wallclock time:   4.235 s
Simulation speed: 56201.9 cycles/s (56.2019 kHz)
Trace file size:  16916754 B

You can view the simulation traces by calling
$ gtkwave sim.fst

Performance Counters
====================
Cycles:                     238011
Instructions Retired:       109993
LSU Busy:                   11664
Fetch Wait:                 42279
Loads:                      6865
Stores:                     4799
Jumps:                      1929
Conditional Branches:       42748
Taken Conditional Branches: 42275
Compressed Instructions:    0
Multiply Wait:              0
