Program header number 0 in `/workspace/out/cache/f2945c1ea00f314e1b055d650cd7fdaa798947b19e7a75910820d96318e9cdb3/run/program.elf' is not of type PT_LOAD; ignoring.
Program header number 3 in `/workspace/out/cache/f2945c1ea00f314e1b055d650cd7fdaa798947b19e7a75910820d96318e9cdb3/run/program.elf' is not of type PT_LOAD; ignoring.
Simulation of Ibex
==================

Tracing can be toggled by sending SIGUSR1 to this process:
$ kill -USR1 17

Simulation running, end by pressing CTRL-c.
Tracing enabled.
Writing simulation traces to sim.fst
TOP.ibex_simple_system.u_top.u_ibex_tracer.unnamedblk2.unnamedblk3: Writing execution trace to trace_core_00000000.log
Terminating simulation by software request.
- src/lowrisc_ibex_sim_shared_0/rtl/sim/simulator_ctrl.sv:93: Verilog $finish
Received $finish() from Verilog, shutting down simulation.

Simulation statistics
=====================
Executed cycles:  238012
Wallclock time:   4.507 s
Simulation speed: 52809.4 cycles/s (52.8094 kHz)
Trace file size:  17249164 B

You can view the simulation traces by calling
$ gtkwave sim.fst

Performance Counters
====================
Cycles:                     238008
Instructions Retired:       115738
LSU Busy:                   11651
Fetch Wait:                 44381
Loads:                      6440
Stores:                     5211
Jumps:                      1892
Conditional Branches:       44811
Taken Conditional Branches: 44377
Compressed Instructions:    0
Multiply Wait:              1024
