Program header number 0 in `/workspace/out/cache/d3428eefe42fc810e00dcfc6390d691a4faf7acb28fee4b1019abfb07f13ee54/run/program.elf' is not of type PT_LOAD; ignoring.
Program header number 3 in `/workspace/out/cache/d3428eefe42fc810e00dcfc6390d691a4faf7acb28fee4b1019abfb07f13ee54/run/program.elf' is not of type PT_LOAD; ignoring.
Simulation of Ibex
==================

Tracing can be toggled by sending SIGUSR1 to this process:
$ kill -USR1 18

Simulation running, end by pressing CTRL-c.
Tracing enabled.
Writing simulation traces to sim.fst
TOP.ibex_simple_system.u_top.u_ibex_tracer.unnamedblk2.unnamedblk3: Writing execution trace to trace_core_00000000.log
Terminating simulation by software request.
- src/lowrisc_ibex_sim_shared_0/rtl/sim/simulator_ctrl.sv:93: Verilog $finish
Received $finish() from Verilog, shutting down simulation.

Simulation statistics
=====================
Executed cycles:  238014
Wallclock time:   4.97 s
Simulation speed: 47890.1 cycles/s (47.8901 kHz)
Trace file size:  17978013 B

You can view the simulation traces by calling
$ gtkwave sim.fst

Performance Counters
====================
Cycles:                     238010
Instructions Retired:       123110
LSU Busy:                   11139
Fetch Wait:                 50924
Loads:                      6440
Stores:                     4699
Jumps:                      1916
Conditional Branches:       52425
Taken Conditional Branches: 50920
Compressed Instructions:    0
Multiply Wait:              0
