Program header number 0 in `/workspace/out/cache/be410d1075ef899936606745572e7f2aa4bec5faca228dab4c4a49dd93dbe78d/run/program.elf' is not of type PT_LOAD; ignoring.
Program header number 3 in `/workspace/out/cache/be410d1075ef899936606745572e7f2aa4bec5faca228dab4c4a49dd93dbe78d/run/program.elf' is not of type PT_LOAD; ignoring.
Simulation of Ibex
==================

Tracing can be toggled by sending SIGUSR1 to this process:
$ kill -USR1 18

Simulation running, end by pressing CTRL-c.
Tracing enabled.
Writing simulation traces to sim.fst
TOP.ibex_simple_system.u_top.u_ibex_tracer.unnamedblk2.unnamedblk3: Writing execution trace to trace_core_00000000.log
Terminating simulation by software request.
- src/lowrisc_ibex_sim_shared_0/rtl/sim/simulator_ctrl.sv:93: Verilog $finish
Received $finish() from Verilog, shutting down simulation.

Simulation statistics
=====================
Executed cycles:  238011
Wallclock time:   5.262 s
Simulation speed: 45232 cycles/s (45.232 kHz)
Trace file size:  17378264 B

You can view the simulation traces by calling
$ gtkwave sim.fst

Performance Counters
====================
Cycles:                     238007
Instructions Retired:       117832
LSU Busy:                   12237
Fetch Wait:                 45001
Loads:                      6856
Stores:                     5381
Jumps:                      1915
Conditional Branches:       45452
Taken Conditional Branches: 44997
Compressed Instructions:    0
Multiply Wait:              400
