Program header number 0 in `/workspace/out/cache/9d5c3c08465e6a1af8bafeeb54bbb9744c35094019e46523459438cfcde3ee05/run/program.elf' is not of type PT_LOAD; ignoring.
Program header number 3 in `/workspace/out/cache/9d5c3c08465e6a1af8bafeeb54bbb9744c35094019e46523459438cfcde3ee05/run/program.elf' is not of type PT_LOAD; ignoring.
Simulation of Ibex
==================

Tracing can be toggled by sending SIGUSR1 to this process:
$ kill -USR1 17

Simulation running, end by pressing CTRL-c.
Tracing enabled.
Writing simulation traces to sim.fst
TOP.ibex_simple_system.u_top.u_ibex_tracer.unnamedblk2.unnamedblk3: Writing execution trace to trace_core_00000000.log
Terminating simulation by software request.
- src/lowrisc_ibex_sim_shared_0/rtl/sim/simulator_ctrl.sv:93: Verilog $finish
Received $finish() from Verilog, shutting down simulation.

Simulation statistics
=====================
Executed cycles:  238011
Wallclock time:   4.82 s
Simulation speed: 49379.9 cycles/s (49.3799 kHz)
Trace file size:  17514357 B

You can view the simulation traces by calling
$ gtkwave sim.fst

Performance Counters
====================
Cycles:                     238007
Instructions Retired:       119656
LSU Busy:                   12163
Fetch Wait:                 45970
Loads:                      6952
Stores:                     5211
Jumps:                      1894
Conditional Branches:       46406
Taken Conditional Branches: 45966
Compressed Instructions:    0
Multiply Wait:              822
