Program header number 0 in `/workspace/out/cache/ac3688276d43d2c02f82370ff97b42be67dcc3e35a932b59fd90aab39c04f542/run/program.elf' is not of type PT_LOAD; ignoring.
Program header number 3 in `/workspace/out/cache/ac3688276d43d2c02f82370ff97b42be67dcc3e35a932b59fd90aab39c04f542/run/program.elf' is not of type PT_LOAD; ignoring.
Simulation of Ibex
==================

Tracing can be toggled by sending SIGUSR1 to this process:
$ kill -USR1 17

Simulation running, end by pressing CTRL-c.
Tracing enabled.
Writing simulation traces to sim.fst
TOP.ibex_simple_system.u_top.u_ibex_tracer.unnamedblk2.unnamedblk3: Writing execution trace to trace_core_00000000.log
Terminating simulation by software request.
- src/lowrisc_ibex_sim_shared_0/rtl/sim/simulator_ctrl.sv:93: Verilog $finish
Received $finish() from Verilog, shutting down simulation.

Simulation statistics
=====================
Executed cycles:  238013
Wallclock time:   5.43 s
Simulation speed: 43833 cycles/s (43.833 kHz)
Trace file size:  17678592 B

You can view the simulation traces by calling
$ gtkwave sim.fst

Performance Counters
====================
Cycles:                     238009
Instructions Retired:       118152
LSU Busy:                   11779
Fetch Wait:                 46021
Loads:                      6824
Stores:                     4955
Jumps:                      1901
Conditional Branches:       46716
Taken Conditional Branches: 46017
Compressed Instructions:    0
Multiply Wait:              256
