Program header number 0 in `/workspace/out/cache/ba5473dbb016a017a99777bda2241d4c306cd8d729d2a749f7e90e0ed5c5cdce/run/program.elf' is not of type PT_LOAD; ignoring.
Program header number 3 in `/workspace/out/cache/ba5473dbb016a017a99777bda2241d4c306cd8d729d2a749f7e90e0ed5c5cdce/run/program.elf' is not of type PT_LOAD; ignoring.
Simulation of Ibex
==================

Tracing can be toggled by sending SIGUSR1 to this process:
$ kill -USR1 18

Simulation running, end by pressing CTRL-c.
Tracing enabled.
Writing simulation traces to sim.fst
TOP.ibex_simple_system.u_top.u_ibex_tracer.unnamedblk2.unnamedblk3: Writing execution trace to trace_core_00000000.log
Terminating simulation by software request.
- src/lowrisc_ibex_sim_shared_0/rtl/sim/simulator_ctrl.sv:93: Verilog $finish
Received $finish() from Verilog, shutting down simulation.

Simulation statistics
=====================
Executed cycles:  238014
Wallclock time:   5.464 s
Simulation speed: 43560.4 cycles/s (43.5604 kHz)
Trace file size:  17792268 B

You can view the simulation traces by calling
$ gtkwave sim.fst

Performance Counters
====================
Cycles:                     238010
Instructions Retired:       123656
LSU Busy:                   11139
Fetch Wait:                 49466
Loads:                      6440
Stores:                     4699
Jumps:                      1922
Conditional Branches:       49924
Taken Conditional Branches: 49462
Compressed Instructions:    0
Multiply Wait:              2064
