Program header number 0 in `/workspace/out/cache/3f6c78cd1a7ce9ca301d13efff016e1a9f65985c24993994b8b78d11d5b24097/run/program.elf' is not of type PT_LOAD; ignoring.
Program header number 3 in `/workspace/out/cache/3f6c78cd1a7ce9ca301d13efff016e1a9f65985c24993994b8b78d11d5b24097/run/program.elf' is not of type PT_LOAD; ignoring.
Simulation of Ibex
==================

Tracing can be toggled by sending SIGUSR1 to this process:
$ kill -USR1 18

Simulation running, end by pressing CTRL-c.
Tracing enabled.
Writing simulation traces to sim.fst
TOP.ibex_simple_system.u_top.u_ibex_tracer.unnamedblk2.unnamedblk3: Writing execution trace to trace_core_00000000.log
Terminating simulation by software request.
- src/lowrisc_ibex_sim_shared_0/rtl/sim/simulator_ctrl.sv:93: Verilog $finish
Received $finish() from Verilog, shutting down simulation.

Simulation statistics
=====================
Executed cycles:  238012
Wallclock time:   4.851 s
Simulation speed: 49064.5 cycles/s (49.0645 kHz)
Trace file size:  17797059 B

You can view the simulation traces by calling
$ gtkwave sim.fst

Performance Counters
====================
Cycles:                     238008
Instructions Retired:       121491
LSU Busy:                   11685
Fetch Wait:                 47734
Loads:                      6986
Stores:                     4699
Jumps:                      1915
Conditional Branches:       48385
Taken Conditional Branches: 47730
Compressed Instructions:    0
Multiply Wait:              308
