Program header number 0 in `/workspace/out/cache/137a4ca3c15368a424fc2ce4d242752831a02e5fee5fb247597e45012873b651/run/program.elf' is not of type PT_LOAD; ignoring.
Program header number 3 in `/workspace/out/cache/137a4ca3c15368a424fc2ce4d242752831a02e5fee5fb247597e45012873b651/run/program.elf' is not of type PT_LOAD; ignoring.
Simulation of Ibex
==================

Tracing can be toggled by sending SIGUSR1 to this process:
$ kill -USR1 18

Simulation running, end by pressing CTRL-c.
Tracing enabled.
Writing simulation traces to sim.fst
TOP.ibex_simple_system.u_top.u_ibex_tracer.unnamedblk2.unnamedblk3: Writing execution trace to trace_core_00000000.log
Terminating simulation by software request.
- src/lowrisc_ibex_sim_shared_0/rtl/sim/simulator_ctrl.sv:93: Verilog $finish
Received $finish() from Verilog, shutting down simulation.

Simulation statistics
=====================
Executed cycles:  238016
Wallclock time:   5.363 s
Simulation speed: 44381.1 cycles/s (44.3811 kHz)
Trace file size:  18214983 B

You can view the simulation traces by calling
$ gtkwave sim.fst

Performance Counters
====================
Cycles:                     238012
Instructions Retired:       125833
LSU Busy:                   11870
Fetch Wait:                 48865
Loads:                      6806
Stores:                     5064
Jumps:                      1914
Conditional Branches:       49717
Taken Conditional Branches: 48861
Compressed Instructions:    0
Multiply Wait:              668
