Program header number 0 in `/workspace/out/cache/19702bf5399f21d0e84ecea7b8b922a952260e1c6778959fa5da16ab7d900e45/run/program.elf' is not of type PT_LOAD; ignoring.
Program header number 3 in `/workspace/out/cache/19702bf5399f21d0e84ecea7b8b922a952260e1c6778959fa5da16ab7d900e45/run/program.elf' is not of type PT_LOAD; ignoring.
Simulation of Ibex
==================

Tracing can be toggled by sending SIGUSR1 to this process:
$ kill -USR1 18

Simulation running, end by pressing CTRL-c.
Tracing enabled.
Writing simulation traces to sim.fst
TOP.ibex_simple_system.u_top.u_ibex_tracer.unnamedblk2.unnamedblk3: Writing execution trace to trace_core_00000000.log
Terminating simulation by software request.
- src/lowrisc_ibex_sim_shared_0/rtl/sim/simulator_ctrl.sv:93: Verilog $finish
Received $finish() from Verilog, shutting down simulation.

Simulation statistics
=====================
Executed cycles:  238015
Wallclock time:   4.307 s
Simulation speed: 55262.4 cycles/s (55.2624 kHz)
Trace file size:  16559820 B

You can view the simulation traces by calling
$ gtkwave sim.fst

Performance Counters
====================
Cycles:                     238011
Instructions Retired:       105238
LSU Busy:                   11139
Fetch Wait:                 39858
Loads:                      6440
Stores:                     4699
Jumps:                      1921
Conditional Branches:       40315
Taken Conditional Branches: 39854
Compressed Instructions:    0
Multiply Wait:              4000
