Program header number 0 in `/workspace/out/cache/df7496373d747396655f6d8c5a5a1a03d14adfd648322b9574d97793f2b5849e/run/program.elf' is not of type PT_LOAD; ignoring.
Program header number 3 in `/workspace/out/cache/df7496373d747396655f6d8c5a5a1a03d14adfd648322b9574d97793f2b5849e/run/program.elf' is not of type PT_LOAD; ignoring.
Simulation of Ibex
==================

Tracing can be toggled by sending SIGUSR1 to this process:
$ kill -USR1 17

Simulation running, end by pressing CTRL-c.
Tracing enabled.
Writing simulation traces to sim.fst
TOP.ibex_simple_system.u_top.u_ibex_tracer.unnamedblk2.unnamedblk3: Writing execution trace to trace_core_00000000.log
Terminating simulation by software request.
- src/lowrisc_ibex_sim_shared_0/rtl/sim/simulator_ctrl.sv:93: Verilog $finish
Received $finish() from Verilog, shutting down simulation.

Simulation statistics
=====================
Executed cycles:  238015
Wallclock time:   4.618 s
Simulation speed: 51540.7 cycles/s (51.5407 kHz)
Trace file size:  16982250 B

You can view the simulation traces by calling
$ gtkwave sim.fst

Performance Counters
====================
Cycles:                     238011
Instructions Retired:       107713
LSU Busy:                   11969
Fetch Wait:                 39924
Loads:                      6820
Stores:                     5149
Jumps:                      1908
Conditional Branches:       40376
Taken Conditional Branches: 39920
Compressed Instructions:    0
Multiply Wait:              0
