Program header number 0 in `/workspace/out/cache/5129b228fc30392d6f9e1d0b9afb9ce8df61c302551149b290ea7cd513cdf5c3/run/program.elf' is not of type PT_LOAD; ignoring.
Program header number 3 in `/workspace/out/cache/5129b228fc30392d6f9e1d0b9afb9ce8df61c302551149b290ea7cd513cdf5c3/run/program.elf' is not of type PT_LOAD; ignoring.
Simulation of Ibex
==================

Tracing can be toggled by sending SIGUSR1 to this process:
$ kill -USR1 17

Simulation running, end by pressing CTRL-c.
Tracing enabled.
Writing simulation traces to sim.fst
TOP.ibex_simple_system.u_top.u_ibex_tracer.unnamedblk2.unnamedblk3: Writing execution trace to trace_core_00000000.log
Terminating simulation by software request.
- src/lowrisc_ibex_sim_shared_0/rtl/sim/simulator_ctrl.sv:93: Verilog $finish
Received $finish() from Verilog, shutting down simulation.

Simulation statistics
=====================
Executed cycles:  238013
Wallclock time:   4.064 s
Simulation speed: 58566.2 cycles/s (58.5662 kHz)
Trace file size:  16002161 B

You can view the simulation traces by calling
$ gtkwave sim.fst

Performance Counters
====================
Cycles:                     238009
Instructions Retired:       95688
LSU Busy:                   11900
Fetch Wait:                 34016
Loads:                      6953
Stores:                     4947
Jumps:                      1912
Conditional Branches:       34472
Taken Conditional Branches: 34012
Compressed Instructions:    0
Multiply Wait:              0
