Program header number 0 in `/workspace/out/cache/f4c291e6643e30ff28b8e911a2a744840ab588a3f69c6e6d3daa9e585b98f2a6/run/program.elf' is not of type PT_LOAD; ignoring.
Program header number 3 in `/workspace/out/cache/f4c291e6643e30ff28b8e911a2a744840ab588a3f69c6e6d3daa9e585b98f2a6/run/program.elf' is not of type PT_LOAD; ignoring.
Simulation of Ibex
==================

Tracing can be toggled by sending SIGUSR1 to this process:
$ kill -USR1 17

Simulation running, end by pressing CTRL-c.
Tracing enabled.
Writing simulation traces to sim.fst
TOP.ibex_simple_system.u_top.u_ibex_tracer.unnamedblk2.unnamedblk3: Writing execution trace to trace_core_00000000.log
Terminating simulation by software request.
- src/lowrisc_ibex_sim_shared_0/rtl/sim/simulator_ctrl.sv:93: Verilog $finish
Received $finish() from Verilog, shutting down simulation.

Simulation statistics
=====================
Executed cycles:  238014
Wallclock time:   5.123 s
Simulation speed: 46459.9 cycles/s (46.4599 kHz)
Trace file size:  17630947 B

You can view the simulation traces by calling
$ gtkwave sim.fst

Performance Counters
====================
Cycles:                     238010
Instructions Retired:       116476
LSU Busy:                   12162
Fetch Wait:                 44214
Loads:                      6952
Stores:                     5210
Jumps:                      1921
Conditional Branches:       44673
Taken Conditional Branches: 44210
Compressed Instructions:    0
Multiply Wait:              1026
