Program header number 0 in `/workspace/out/cache/a7e60b9913833a59f1691013995859c35d6ba39fdff6e4bc0c2fa11cb68973f0/run/program.elf' is not of type PT_LOAD; ignoring.
Program header number 3 in `/workspace/out/cache/a7e60b9913833a59f1691013995859c35d6ba39fdff6e4bc0c2fa11cb68973f0/run/program.elf' is not of type PT_LOAD; ignoring.
Simulation of Ibex
==================

Tracing can be toggled by sending SIGUSR1 to this process:
$ kill -USR1 17

Simulation running, end by pressing CTRL-c.
Tracing enabled.
Writing simulation traces to sim.fst
TOP.ibex_simple_system.u_top.u_ibex_tracer.unnamedblk2.unnamedblk3: Writing execution trace to trace_core_00000000.log
Terminating simulation by software request.
- src/lowrisc_ibex_sim_shared_0/rtl/sim/simulator_ctrl.sv:93: Verilog $finish
Received $finish() from Verilog, shutting down simulation.

Simulation statistics
=====================
Executed cycles:  238014
Wallclock time:   3.884 s
Simulation speed: 61280.6 cycles/s (61.2806 kHz)
Trace file size:  15206696 B

You can view the simulation traces by calling
$ gtkwave sim.fst

Performance Counters
====================
Cycles:                     238010
Instructions Retired:       86919
LSU Busy:                   11941
Fetch Wait:                 29488
Loads:                      7037
Stores:                     4904
Jumps:                      1924
Conditional Branches:       29950
Taken Conditional Branches: 29484
Compressed Instructions:    0
Multiply Wait:              0
