Program header number 0 in `/workspace/out/cache/3e517c86da9108c135996a95f5a8f4663d5f7a54c903aef4780105c01c31152e/run/program.elf' is not of type PT_LOAD; ignoring.
Program header number 3 in `/workspace/out/cache/3e517c86da9108c135996a95f5a8f4663d5f7a54c903aef4780105c01c31152e/run/program.elf' is not of type PT_LOAD; ignoring.
Simulation of Ibex
==================

Tracing can be toggled by sending SIGUSR1 to this process:
$ kill -USR1 18

Simulation running, end by pressing CTRL-c.
Tracing enabled.
Writing simulation traces to sim.fst
TOP.ibex_simple_system.u_top.u_ibex_tracer.unnamedblk2.unnamedblk3: Writing execution trace to trace_core_00000000.log
Terminating simulation by software request.
- src/lowrisc_ibex_sim_shared_0/rtl/sim/simulator_ctrl.sv:93: Verilog $finish
Received $finish() from Verilog, shutting down simulation.

Simulation statistics
=====================
Executed cycles:  238011
Wallclock time:   5.009 s
Simulation speed: 47516.7 cycles/s (47.5167 kHz)
Trace file size:  17780764 B

You can view the simulation traces by calling
$ gtkwave sim.fst

Performance Counters
====================
Cycles:                     238007
Instructions Retired:       126008
LSU Busy:                   12503
Fetch Wait:                 48318
Loads:                      7122
Stores:                     5381
Jumps:                      2009
Conditional Branches:       48865
Taken Conditional Branches: 48314
Compressed Instructions:    0
Multiply Wait:              854
