Program header number 0 in `/workspace/out/cache/b9bb528589eb444f91e54e8d554fada75a77904d5f3ec855c977da8ddef9e302/run/program.elf' is not of type PT_LOAD; ignoring.
Program header number 3 in `/workspace/out/cache/b9bb528589eb444f91e54e8d554fada75a77904d5f3ec855c977da8ddef9e302/run/program.elf' is not of type PT_LOAD; ignoring.
Simulation of Ibex
==================

Tracing can be toggled by sending SIGUSR1 to this process:
$ kill -USR1 17

Simulation running, end by pressing CTRL-c.
Tracing enabled.
Writing simulation traces to sim.fst
TOP.ibex_simple_system.u_top.u_ibex_tracer.unnamedblk2.unnamedblk3: Writing execution trace to trace_core_00000000.log
Terminating simulation by software request.
- src/lowrisc_ibex_sim_shared_0/rtl/sim/simulator_ctrl.sv:93: Verilog $finish
Received $finish() from Verilog, shutting down simulation.

Simulation statistics
=====================
Executed cycles:  238015
Wallclock time:   5.132 s
Simulation speed: 46378.6 cycles/s (46.3786 kHz)
Trace file size:  16633731 B

You can view the simulation traces by calling
$ gtkwave sim.fst

Performance Counters
====================
Cycles:                     238011
Instructions Retired:       103168
LSU Busy:                   11986
Fetch Wait:                 37638
Loads:                      7027
Stores:                     4959
Jumps:                      1900
Conditional Branches:       38082
Taken Conditional Branches: 37634
Compressed Instructions:    0
Multiply Wait:              0
