Program header number 0 in `/workspace/out/cache/55a375859ce4c9a47cc6b76b309a0d2ada466698f90f22a503afc643f474b9f4/run/program.elf' is not of type PT_LOAD; ignoring.
Program header number 3 in `/workspace/out/cache/55a375859ce4c9a47cc6b76b309a0d2ada466698f90f22a503afc643f474b9f4/run/program.elf' is not of type PT_LOAD; ignoring.
Simulation of Ibex
==================

Tracing can be toggled by sending SIGUSR1 to this process:
$ kill -USR1 17

Simulation running, end by pressing CTRL-c.
Tracing enabled.
Writing simulation traces to sim.fst
TOP.ibex_simple_system.u_top.u_ibex_tracer.unnamedblk2.unnamedblk3: Writing execution trace to trace_core_00000000.log
Terminating simulation by software request.
- src/lowrisc_ibex_sim_shared_0/rtl/sim/simulator_ctrl.sv:93: Verilog $finish
Received $finish() from Verilog, shutting down simulation.

Simulation statistics
=====================
Executed cycles:  238012
Wallclock time:   4.868 s
Simulation speed: 48893.2 cycles/s (48.8932 kHz)
Trace file size:  18171515 B

You can view the simulation traces by calling
$ gtkwave sim.fst

Performance Counters
====================
Cycles:                     238008
Instructions Retired:       122751
LSU Busy:                   11889
Fetch Wait:                 47844
Loads:                      6815
Stores:                     5074
Jumps:                      1933
Conditional Branches:       48315
Taken Conditional Branches: 47840
Compressed Instructions:    0
Multiply Wait:              1250
