Program header number 0 in `/workspace/out/cache/c2f7f3821ae4f1f159d8d262d265885978b49acdc405c22c5608db096accd074/run/program.elf' is not of type PT_LOAD; ignoring.
Program header number 3 in `/workspace/out/cache/c2f7f3821ae4f1f159d8d262d265885978b49acdc405c22c5608db096accd074/run/program.elf' is not of type PT_LOAD; ignoring.
Simulation of Ibex
==================

Tracing can be toggled by sending SIGUSR1 to this process:
$ kill -USR1 17

Simulation running, end by pressing CTRL-c.
Tracing enabled.
Writing simulation traces to sim.fst
TOP.ibex_simple_system.u_top.u_ibex_tracer.unnamedblk2.unnamedblk3: Writing execution trace to trace_core_00000000.log
Terminating simulation by software request.
- src/lowrisc_ibex_sim_shared_0/rtl/sim/simulator_ctrl.sv:93: Verilog $finish
Received $finish() from Verilog, shutting down simulation.

Simulation statistics
=====================
Executed cycles:  238013
Wallclock time:   4.553 s
Simulation speed: 52276.1 cycles/s (52.2761 kHz)
Trace file size:  16210853 B

You can view the simulation traces by calling
$ gtkwave sim.fst

Performance Counters
====================
Cycles:                     238009
Instructions Retired:       98238
LSU Busy:                   11139
Fetch Wait:                 36356
Loads:                      6440
Stores:                     4699
Jumps:                      1923
Conditional Branches:       36815
Taken Conditional Branches: 36352
Compressed Instructions:    0
Multiply Wait:              0
