Program header number 0 in `/workspace/out/cache/20e476bdab995dd4f0bccaf53c46b7d71b631652c43693f8453ba20631757d8d/run/program.elf' is not of type PT_LOAD; ignoring.
Program header number 3 in `/workspace/out/cache/20e476bdab995dd4f0bccaf53c46b7d71b631652c43693f8453ba20631757d8d/run/program.elf' is not of type PT_LOAD; ignoring.
Simulation of Ibex
==================

Tracing can be toggled by sending SIGUSR1 to this process:
$ kill -USR1 17

Simulation running, end by pressing CTRL-c.
Tracing enabled.
Writing simulation traces to sim.fst
TOP.ibex_simple_system.u_top.u_ibex_tracer.unnamedblk2.unnamedblk3: Writing execution trace to trace_core_00000000.log
Terminating simulation by software request.
- src/lowrisc_ibex_sim_shared_0/rtl/sim/simulator_ctrl.sv:93: Verilog $finish
Received $finish() from Verilog, shutting down simulation.

Simulation statistics
=====================
Executed cycles:  238014
Wallclock time:   4.91 s
Simulation speed: 48475.4 cycles/s (48.4754 kHz)
Trace file size:  18091005 B

You can view the simulation traces by calling
$ gtkwave sim.fst

Performance Counters
====================
Cycles:                     238010
Instructions Retired:       124831
LSU Busy:                   11300
Fetch Wait:                 49982
Loads:                      6601
Stores:                     4699
Jumps:                      1918
Conditional Branches:       50438
Taken Conditional Branches: 49978
Compressed Instructions:    0
Multiply Wait:              0
