Program header number 0 in `/workspace/out/cache/b5292ef7fd749da90c7ce01b5abc35264b32b32ec5ab159742b7905821342514/run/program.elf' is not of type PT_LOAD; ignoring.
Program header number 3 in `/workspace/out/cache/b5292ef7fd749da90c7ce01b5abc35264b32b32ec5ab159742b7905821342514/run/program.elf' is not of type PT_LOAD; ignoring.
Simulation of Ibex
==================

Tracing can be toggled by sending SIGUSR1 to this process:
$ kill -USR1 17

Simulation running, end by pressing CTRL-c.
Tracing enabled.
Writing simulation traces to sim.fst
TOP.ibex_simple_system.u_top.u_ibex_tracer.unnamedblk2.unnamedblk3: Writing execution trace to trace_core_00000000.log
Terminating simulation by software request.
- src/lowrisc_ibex_sim_shared_0/rtl/sim/simulator_ctrl.sv:93: Verilog $finish
Received $finish() from Verilog, shutting down simulation.

Simulation statistics
=====================
Executed cycles:  238013
Wallclock time:   5.198 s
Simulation speed: 45789.3 cycles/s (45.7893 kHz)
Trace file size:  17439109 B

You can view the simulation traces by calling
$ gtkwave sim.fst

Performance Counters
====================
Cycles:                     238009
Instructions Retired:       117934
LSU Busy:                   11739
Fetch Wait:                 45552
Loads:                      6740
Stores:                     4999
Jumps:                      1900
Conditional Branches:       46010
Taken Conditional Branches: 45548
Compressed Instructions:    0
Multiply Wait:              504
