Program header number 0 in `/workspace/out/cache/497cb5e96748520c12ba9e7ec5f85992fa4ccf76c06576063440325726a24e9a/run/program.elf' is not of type PT_LOAD; ignoring.
Program header number 3 in `/workspace/out/cache/497cb5e96748520c12ba9e7ec5f85992fa4ccf76c06576063440325726a24e9a/run/program.elf' is not of type PT_LOAD; ignoring.
Simulation of Ibex
==================

Tracing can be toggled by sending SIGUSR1 to this process:
$ kill -USR1 18

Simulation running, end by pressing CTRL-c.
Tracing enabled.
Writing simulation traces to sim.fst
TOP.ibex_simple_system.u_top.u_ibex_tracer.unnamedblk2.unnamedblk3: Writing execution trace to trace_core_00000000.log
Terminating simulation by software request.
- src/lowrisc_ibex_sim_shared_0/rtl/sim/simulator_ctrl.sv:93: Verilog $finish
Received $finish() from Verilog, shutting down simulation.

Simulation statistics
=====================
Executed cycles:  238014
Wallclock time:   5.481 s
Simulation speed: 43425.3 cycles/s (43.4253 kHz)
Trace file size:  18094503 B

You can view the simulation traces by calling
$ gtkwave sim.fst

Performance Counters
====================
Cycles:                     238010
Instructions Retired:       125706
LSU Busy:                   11801
Fetch Wait:                 49073
Loads:                      6877
Stores:                     4924
Jumps:                      1936
Conditional Branches:       49547
Taken Conditional Branches: 49069
Compressed Instructions:    0
Multiply Wait:              424
