Program header number 0 in `/workspace/out/cache/c95cb580e387fc943bf1d6e35fb5ac2bc74bd3ccd82a370b1e2105cb70fc936a/run/program.elf' is not of type PT_LOAD; ignoring.
Program header number 3 in `/workspace/out/cache/c95cb580e387fc943bf1d6e35fb5ac2bc74bd3ccd82a370b1e2105cb70fc936a/run/program.elf' is not of type PT_LOAD; ignoring.
Simulation of Ibex
==================

Tracing can be toggled by sending SIGUSR1 to this process:
$ kill -USR1 18

Simulation running, end by pressing CTRL-c.
Tracing enabled.
Writing simulation traces to sim.fst
TOP.ibex_simple_system.u_top.u_ibex_tracer.unnamedblk2.unnamedblk3: Writing execution trace to trace_core_00000000.log
Terminating simulation by software request.
- src/lowrisc_ibex_sim_shared_0/rtl/sim/simulator_ctrl.sv:93: Verilog $finish
Received $finish() from Verilog, shutting down simulation.

Simulation statistics
=====================
Executed cycles:  238011
Wallclock time:   4.994 s
Simulation speed: 47659.4 cycles/s (47.6594 kHz)
Trace file size:  18260233 B

You can view the simulation traces by calling
$ gtkwave sim.fst

Performance Counters
====================
Cycles:                     238007
Instructions Retired:       125624
LSU Busy:                   11894
Fetch Wait:                 48930
Loads:                      6818
Stores:                     5076
Jumps:                      1914
Conditional Branches:       49380
Taken Conditional Branches: 48926
Compressed Instructions:    0
Multiply Wait:              718
