Program header number 0 in `/workspace/out/cache/1f82ef905b71beea2a5591f5c79d706e6b64bd1e9aec9d3b375a445dea71a8d9/run/program.elf' is not of type PT_LOAD; ignoring.
Program header number 3 in `/workspace/out/cache/1f82ef905b71beea2a5591f5c79d706e6b64bd1e9aec9d3b375a445dea71a8d9/run/program.elf' is not of type PT_LOAD; ignoring.
Simulation of Ibex
==================

Tracing can be toggled by sending SIGUSR1 to this process:
$ kill -USR1 18

Simulation running, end by pressing CTRL-c.
Tracing enabled.
Writing simulation traces to sim.fst
TOP.ibex_simple_system.u_top.u_ibex_tracer.unnamedblk2.unnamedblk3: Writing execution trace to trace_core_00000000.log
Terminating simulation by software request.
- src/lowrisc_ibex_sim_shared_0/rtl/sim/simulator_ctrl.sv:93: Verilog $finish
Received $finish() from Verilog, shutting down simulation.

Simulation statistics
=====================
Executed cycles:  238012
Wallclock time:   4.951 s
Simulation speed: 48073.5 cycles/s (48.0735 kHz)
Trace file size:  18195768 B

You can view the simulation traces by calling
$ gtkwave sim.fst

Performance Counters
====================
Cycles:                     238008
Instructions Retired:       123873
LSU Busy:                   12737
Fetch Wait:                 46958
Loads:                      7464
Stores:                     5273
Jumps:                      1916
Conditional Branches:       47662
Taken Conditional Branches: 46954
Compressed Instructions:    0
Multiply Wait:              500
