Program header number 0 in `/workspace/out/cache/31e88eb2368a7b467c622bb702bf3d713c0c1a5bfde53340a498124953374d3c/run/program.elf' is not of type PT_LOAD; ignoring.
Program header number 3 in `/workspace/out/cache/31e88eb2368a7b467c622bb702bf3d713c0c1a5bfde53340a498124953374d3c/run/program.elf' is not of type PT_LOAD; ignoring.
Simulation of Ibex
==================

Tracing can be toggled by sending SIGUSR1 to this process:
$ kill -USR1 17

Simulation running, end by pressing CTRL-c.
Tracing enabled.
Writing simulation traces to sim.fst
TOP.ibex_simple_system.u_top.u_ibex_tracer.unnamedblk2.unnamedblk3: Writing execution trace to trace_core_00000000.log
Terminating simulation by software request.
- src/lowrisc_ibex_sim_shared_0/rtl/sim/simulator_ctrl.sv:93: Verilog $finish
Received $finish() from Verilog, shutting down simulation.

Simulation statistics
=====================
Executed cycles:  238013
Wallclock time:   4.678 s
Simulation speed: 50879.2 cycles/s (50.8792 kHz)
Trace file size:  18043145 B

You can view the simulation traces by calling
$ gtkwave sim.fst

Performance Counters
====================
Cycles:                     238009
Instructions Retired:       115140
LSU Busy:                   11139
Fetch Wait:                 45140
Loads:                      6440
Stores:                     4699
Jumps:                      1905
Conditional Branches:       45710
Taken Conditional Branches: 45136
Compressed Instructions:    0
Multiply Wait:              1548
