Program header number 0 in `/workspace/out/cache/2ed5b69d973c6a668de6825d7059f5cd883806d0cfeee67947f278bd7db3ccb6/run/program.elf' is not of type PT_LOAD; ignoring.
Program header number 3 in `/workspace/out/cache/2ed5b69d973c6a668de6825d7059f5cd883806d0cfeee67947f278bd7db3ccb6/run/program.elf' is not of type PT_LOAD; ignoring.
Simulation of Ibex
==================

Tracing can be toggled by sending SIGUSR1 to this process:
$ kill -USR1 18

Simulation running, end by pressing CTRL-c.
Tracing enabled.
Writing simulation traces to sim.fst
TOP.ibex_simple_system.u_top.u_ibex_tracer.unnamedblk2.unnamedblk3: Writing execution trace to trace_core_00000000.log
Terminating simulation by software request.
- src/lowrisc_ibex_sim_shared_0/rtl/sim/simulator_ctrl.sv:93: Verilog $finish
Received $finish() from Verilog, shutting down simulation.

Simulation statistics
=====================
Executed cycles:  238015
Wallclock time:   5.38 s
Simulation speed: 44240.7 cycles/s (44.2407 kHz)
Trace file size:  18205731 B

You can view the simulation traces by calling
$ gtkwave sim.fst

Performance Counters
====================
Cycles:                     238011
Instructions Retired:       125664
LSU Busy:                   11979
Fetch Wait:                 48868
Loads:                      7070
Stores:                     4909
Jumps:                      1915
Conditional Branches:       49327
Taken Conditional Branches: 48864
Compressed Instructions:    0
Multiply Wait:              0
