Program header number 0 in `/workspace/out/cache/3d56eeeb911db49d816da61b626a05b7251e191fe8e4ba8c508df4e42af226d5/run/program.elf' is not of type PT_LOAD; ignoring.
Program header number 3 in `/workspace/out/cache/3d56eeeb911db49d816da61b626a05b7251e191fe8e4ba8c508df4e42af226d5/run/program.elf' is not of type PT_LOAD; ignoring.
Simulation of Ibex
==================

Tracing can be toggled by sending SIGUSR1 to this process:
$ kill -USR1 17

Simulation running, end by pressing CTRL-c.
Tracing enabled.
Writing simulation traces to sim.fst
TOP.ibex_simple_system.u_top.u_ibex_tracer.unnamedblk2.unnamedblk3: Writing execution trace to trace_core_00000000.log
Terminating simulation by software request.
- src/lowrisc_ibex_sim_shared_0/rtl/sim/simulator_ctrl.sv:93: Verilog $finish
Received $finish() from Verilog, shutting down simulation.

Simulation statistics
=====================
Executed cycles:  238015
Wallclock time:   5.082 s
Simulation speed: 46834.9 cycles/s (46.8349 kHz)
Trace file size:  17915920 B

You can view the simulation traces by calling
$ gtkwave sim.fst

Performance Counters
====================
Cycles:                     238011
Instructions Retired:       120733
LSU Busy:                   11687
Fetch Wait:                 47091
Loads:                      6714
Stores:                     4973
Jumps:                      1912
Conditional Branches:       47542
Taken Conditional Branches: 47087
Compressed Instructions:    0
Multiply Wait:              500
