Program header number 0 in `/workspace/out/cache/4094e46301194b67c7fd27772a24586df5ef305c9f5c3e21e4eb1e8888d9532f/run/program.elf' is not of type PT_LOAD; ignoring.
Program header number 3 in `/workspace/out/cache/4094e46301194b67c7fd27772a24586df5ef305c9f5c3e21e4eb1e8888d9532f/run/program.elf' is not of type PT_LOAD; ignoring.
Simulation of Ibex
==================

Tracing can be toggled by sending SIGUSR1 to this process:
$ kill -USR1 18

Simulation running, end by pressing CTRL-c.
Tracing enabled.
Writing simulation traces to sim.fst
TOP.ibex_simple_system.u_top.u_ibex_tracer.unnamedblk2.unnamedblk3: Writing execution trace to trace_core_00000000.log
Terminating simulation by software request.
- src/lowrisc_ibex_sim_shared_0/rtl/sim/simulator_ctrl.sv:93: Verilog $finish
Received $finish() from Verilog, shutting down simulation.

Simulation statistics
=====================
Executed cycles:  238013
Wallclock time:   3.526 s
Simulation speed: 67502.3 cycles/s (67.5023 kHz)
Trace file size:  13877848 B

You can view the simulation traces by calling
$ gtkwave sim.fst

Performance Counters
====================
Cycles:                     238009
Instructions Retired:       68933
LSU Busy:                   11139
Fetch Wait:                 22284
Loads:                      6440
Stores:                     4699
Jumps:                      1916
Conditional Branches:       22737
Taken Conditional Branches: 22280
Compressed Instructions:    0
Multiply Wait:              0
