Program header number 0 in `/workspace/out/cache/8f0f4042a72acfaaa5665039101c6e9f9de0312c6198bbf827e2da50ca6a772f/run/program.elf' is not of type PT_LOAD; ignoring.
Program header number 3 in `/workspace/out/cache/8f0f4042a72acfaaa5665039101c6e9f9de0312c6198bbf827e2da50ca6a772f/run/program.elf' is not of type PT_LOAD; ignoring.
Simulation of Ibex
==================

Tracing can be toggled by sending SIGUSR1 to this process:
$ kill -USR1 17

Simulation running, end by pressing CTRL-c.
Tracing enabled.
Writing simulation traces to sim.fst
TOP.ibex_simple_system.u_top.u_ibex_tracer.unnamedblk2.unnamedblk3: Writing execution trace to trace_core_00000000.log
Terminating simulation by software request.
- src/lowrisc_ibex_sim_shared_0/rtl/sim/simulator_ctrl.sv:93: Verilog $finish
Received $finish() from Verilog, shutting down simulation.

Simulation statistics
=====================
Executed cycles:  238015
Wallclock time:   5.095 s
Simulation speed: 46715.4 cycles/s (46.7154 kHz)
Trace file size:  17909719 B

You can view the simulation traces by calling
$ gtkwave sim.fst

Performance Counters
====================
Cycles:                     238011
Instructions Retired:       120341
LSU Busy:                   11737
Fetch Wait:                 46787
Loads:                      6739
Stores:                     4998
Jumps:                      1912
Conditional Branches:       47238
Taken Conditional Branches: 46783
Compressed Instructions:    0
Multiply Wait:              550
