Program header number 0 in `/workspace/out/cache/06e241b83c17817e0f633531cbef0b6a3eecb8321246f523c4a6e6c1ccd0f810/run/program.elf' is not of type PT_LOAD; ignoring.
Program header number 3 in `/workspace/out/cache/06e241b83c17817e0f633531cbef0b6a3eecb8321246f523c4a6e6c1ccd0f810/run/program.elf' is not of type PT_LOAD; ignoring.
Simulation of Ibex
==================

Tracing can be toggled by sending SIGUSR1 to this process:
$ kill -USR1 17

Simulation running, end by pressing CTRL-c.
Tracing enabled.
Writing simulation traces to sim.fst
TOP.ibex_simple_system.u_top.u_ibex_tracer.unnamedblk2.unnamedblk3: Writing execution trace to trace_core_00000000.log
Terminating simulation by software request.
- src/lowrisc_ibex_sim_shared_0/rtl/sim/simulator_ctrl.sv:93: Verilog $finish
Received $finish() from Verilog, shutting down simulation.

Simulation statistics
=====================
Executed cycles:  238014
Wallclock time:   4.434 s
Simulation speed: 53679.3 cycles/s (53.6793 kHz)
Trace file size:  15575262 B

You can view the simulation traces by calling
$ gtkwave sim.fst

Performance Counters
====================
Cycles:                     238010
Instructions Retired:       88378
LSU Busy:                   11139
Fetch Wait:                 31448
Loads:                      6440
Stores:                     4699
Jumps:                      1907
Conditional Branches:       31893
Taken Conditional Branches: 31444
Compressed Instructions:    0
Multiply Wait:              0
