Program header number 0 in `/workspace/out/cache/a7f9954ef2acbfa49119421737f7a8df05c540a973649f9bfde1abbe53a19a52/run/program.elf' is not of type PT_LOAD; ignoring.
Program header number 3 in `/workspace/out/cache/a7f9954ef2acbfa49119421737f7a8df05c540a973649f9bfde1abbe53a19a52/run/program.elf' is not of type PT_LOAD; ignoring.
Simulation of Ibex
==================

Tracing can be toggled by sending SIGUSR1 to this process:
$ kill -USR1 17

Simulation running, end by pressing CTRL-c.
Tracing enabled.
Writing simulation traces to sim.fst
TOP.ibex_simple_system.u_top.u_ibex_tracer.unnamedblk2.unnamedblk3: Writing execution trace to trace_core_00000000.log
Terminating simulation by software request.
- src/lowrisc_ibex_sim_shared_0/rtl/sim/simulator_ctrl.sv:93: Verilog $finish
Received $finish() from Verilog, shutting down simulation.

Simulation statistics
=====================
Executed cycles:  238011
Wallclock time:   5.95 s
Simulation speed: 40001.8 cycles/s (40.0018 kHz)
Trace file size:  18510296 B

You can view the simulation traces by calling
$ gtkwave sim.fst

Performance Counters
====================
Cycles:                     238007
Instructions Retired:       121945
LSU Busy:                   12367
Fetch Wait:                 46591
Loads:                      7054
Stores:                     5313
Jumps:                      1908
Conditional Branches:       47037
Taken Conditional Branches: 46587
Compressed Instructions:    0
Multiply Wait:              1228
