Program header number 0 in `/workspace/out/cache/a2b638efa58df61f71f6fa1ab5f064574e9addb1831b41cb7dbc755e31760bdd/run/program.elf' is not of type PT_LOAD; ignoring.
Program header number 3 in `/workspace/out/cache/a2b638efa58df61f71f6fa1ab5f064574e9addb1831b41cb7dbc755e31760bdd/run/program.elf' is not of type PT_LOAD; ignoring.
Simulation of Ibex
==================

Tracing can be toggled by sending SIGUSR1 to this process:
$ kill -USR1 17

Simulation running, end by pressing CTRL-c.
Tracing enabled.
Writing simulation traces to sim.fst
TOP.ibex_simple_system.u_top.u_ibex_tracer.unnamedblk2.unnamedblk3: Writing execution trace to trace_core_00000000.log
Terminating simulation by software request.
- src/lowrisc_ibex_sim_shared_0/rtl/sim/simulator_ctrl.sv:93: Verilog $finish
Received $finish() from Verilog, shutting down simulation.

Simulation statistics
=====================
Executed cycles:  238012
Wallclock time:   4.902 s
Simulation speed: 48554.1 cycles/s (48.5541 kHz)
Trace file size:  17696446 B

You can view the simulation traces by calling
$ gtkwave sim.fst

Performance Counters
====================
Cycles:                     238008
Instructions Retired:       119553
LSU Busy:                   11688
Fetch Wait:                 46644
Loads:                      6806
Stores:                     4882
Jumps:                      1918
Conditional Branches:       47100
Taken Conditional Branches: 46640
Compressed Instructions:    0
Multiply Wait:              1542
