Program header number 0 in `/workspace/out/cache/a63a176d8791cb778f9e00024078e171deec142398e2c7fe7cbe496ac42b5b78/run/program.elf' is not of type PT_LOAD; ignoring.
Program header number 3 in `/workspace/out/cache/a63a176d8791cb778f9e00024078e171deec142398e2c7fe7cbe496ac42b5b78/run/program.elf' is not of type PT_LOAD; ignoring.
Simulation of Ibex
==================

Tracing can be toggled by sending SIGUSR1 to this process:
$ kill -USR1 17

Simulation running, end by pressing CTRL-c.
Tracing enabled.
Writing simulation traces to sim.fst
TOP.ibex_simple_system.u_top.u_ibex_tracer.unnamedblk2.unnamedblk3: Writing execution trace to trace_core_00000000.log
Terminating simulation by software request.
- src/lowrisc_ibex_sim_shared_0/rtl/sim/simulator_ctrl.sv:93: Verilog $finish
Received $finish() from Verilog, shutting down simulation.

Simulation statistics
=====================
Executed cycles:  238012
Wallclock time:   5.462 s
Simulation speed: 43576 cycles/s (43.576 kHz)
Trace file size:  18910997 B

You can view the simulation traces by calling
$ gtkwave sim.fst

Performance Counters
====================
Cycles:                     238008
Instructions Retired:       125924
LSU Busy:                   12507
Fetch Wait:                 48145
Loads:                      7124
Stores:                     5383
Jumps:                      1922
Conditional Branches:       48605
Taken Conditional Branches: 48141
Compressed Instructions:    0
Multiply Wait:              1368
