Program header number 0 in `/workspace/out/cache/126dca7b146889d913779a7c0fffed86abcc010e8086d7cad6b312594c679ec4/run/program.elf' is not of type PT_LOAD; ignoring.
Program header number 3 in `/workspace/out/cache/126dca7b146889d913779a7c0fffed86abcc010e8086d7cad6b312594c679ec4/run/program.elf' is not of type PT_LOAD; ignoring.
Simulation of Ibex
==================

Tracing can be toggled by sending SIGUSR1 to this process:
$ kill -USR1 18

Simulation running, end by pressing CTRL-c.
Tracing enabled.
Writing simulation traces to sim.fst
TOP.ibex_simple_system.u_top.u_ibex_tracer.unnamedblk2.unnamedblk3: Writing execution trace to trace_core_00000000.log
Terminating simulation by software request.
- src/lowrisc_ibex_sim_shared_0/rtl/sim/simulator_ctrl.sv:93: Verilog $finish
Received $finish() from Verilog, shutting down simulation.

Simulation statistics
=====================
Executed cycles:  238012
Wallclock time:   4.569 s
Simulation speed: 52092.8 cycles/s (52.0928 kHz)
Trace file size:  17354981 B

You can view the simulation traces by calling
$ gtkwave sim.fst

Performance Counters
====================
Cycles:                     238008
Instructions Retired:       116208
LSU Busy:                   11889
Fetch Wait:                 44882
Loads:                      6815
Stores:                     5074
Jumps:                      1906
Conditional Branches:       45328
Taken Conditional Branches: 44878
Compressed Instructions:    0
Multiply Wait:              1432
