Program header number 0 in `/workspace/out/cache/7827cbb460583e8632de7983b68b2bd53bfdaa8289161b1a1f8e966eb77272d8/run/program.elf' is not of type PT_LOAD; ignoring.
Program header number 3 in `/workspace/out/cache/7827cbb460583e8632de7983b68b2bd53bfdaa8289161b1a1f8e966eb77272d8/run/program.elf' is not of type PT_LOAD; ignoring.
Simulation of Ibex
==================

Tracing can be toggled by sending SIGUSR1 to this process:
$ kill -USR1 17

Simulation running, end by pressing CTRL-c.
Tracing enabled.
Writing simulation traces to sim.fst
TOP.ibex_simple_system.u_top.u_ibex_tracer.unnamedblk2.unnamedblk3: Writing execution trace to trace_core_00000000.log
Terminating simulation by software request.
- src/lowrisc_ibex_sim_shared_0/rtl/sim/simulator_ctrl.sv:93: Verilog $finish
Received $finish() from Verilog, shutting down simulation.

Simulation statistics
=====================
Executed cycles:  238014
Wallclock time:   5.016 s
Simulation speed: 47451 cycles/s (47.451 kHz)
Trace file size:  18430013 B

You can view the simulation traces by calling
$ gtkwave sim.fst

Performance Counters
====================
Cycles:                     238010
Instructions Retired:       124686
LSU Busy:                   11139
Fetch Wait:                 49565
Loads:                      6440
Stores:                     4699
Jumps:                      1922
Conditional Branches:       50031
Taken Conditional Branches: 49561
Compressed Instructions:    0
Multiply Wait:              1136
