Program header number 0 in `/workspace/out/cache/44609b1ee8aef9e038cf505d15f3a341ca62f9e87c405daffa1f3055ed5fdce4/run/program.elf' is not of type PT_LOAD; ignoring.
Program header number 3 in `/workspace/out/cache/44609b1ee8aef9e038cf505d15f3a341ca62f9e87c405daffa1f3055ed5fdce4/run/program.elf' is not of type PT_LOAD; ignoring.
Simulation of Ibex
==================

Tracing can be toggled by sending SIGUSR1 to this process:
$ kill -USR1 16

Simulation running, end by pressing CTRL-c.
Tracing enabled.
Writing simulation traces to sim.fst
TOP.ibex_simple_system.u_top.u_ibex_tracer.unnamedblk2.unnamedblk3: Writing execution trace to trace_core_00000000.log
Terminating simulation by software request.
- src/lowrisc_ibex_sim_shared_0/rtl/sim/simulator_ctrl.sv:93: Verilog $finish
Received $finish() from Verilog, shutting down simulation.

Simulation statistics
=====================
Executed cycles:  238012
Wallclock time:   4.966 s
Simulation speed: 47928.3 cycles/s (47.9283 kHz)
Trace file size:  17722059 B

You can view the simulation traces by calling
$ gtkwave sim.fst

Performance Counters
====================
Cycles:                     238008
Instructions Retired:       119742
LSU Busy:                   12237
Fetch Wait:                 46654
Loads:                      7288
Stores:                     4949
Jumps:                      1924
Conditional Branches:       47116
Taken Conditional Branches: 46650
Compressed Instructions:    0
Multiply Wait:              0
