Program header number 0 in `/workspace/out/cache/a436ad3e187bb815bb11280c203166ef89801281f878d76bdddf49fab1219bf1/run/program.elf' is not of type PT_LOAD; ignoring.
Program header number 3 in `/workspace/out/cache/a436ad3e187bb815bb11280c203166ef89801281f878d76bdddf49fab1219bf1/run/program.elf' is not of type PT_LOAD; ignoring.
Simulation of Ibex
==================

Tracing can be toggled by sending SIGUSR1 to this process:
$ kill -USR1 18

Simulation running, end by pressing CTRL-c.
Tracing enabled.
Writing simulation traces to sim.fst
TOP.ibex_simple_system.u_top.u_ibex_tracer.unnamedblk2.unnamedblk3: Writing execution trace to trace_core_00000000.log
Terminating simulation by software request.
- src/lowrisc_ibex_sim_shared_0/rtl/sim/simulator_ctrl.sv:93: Verilog $finish
Received $finish() from Verilog, shutting down simulation.

Simulation statistics
=====================
Executed cycles:  238016
Wallclock time:   5.134 s
Simulation speed: 46360.7 cycles/s (46.3607 kHz)
Trace file size:  18297157 B

You can view the simulation traces by calling
$ gtkwave sim.fst

Performance Counters
====================
Cycles:                     238012
Instructions Retired:       127005
LSU Busy:                   13163
Fetch Wait:                 47719
Loads:                      7190
Stores:                     5973
Jumps:                      1909
Conditional Branches:       48166
Taken Conditional Branches: 47715
Compressed Instructions:    0
Multiply Wait:              500
