Program header number 0 in `/workspace/out/cache/3182a2a11bb3f094d0b6ce63168dcd53864ccb6bcb62bb7ea3449733bb712526/run/program.elf' is not of type PT_LOAD; ignoring.
Program header number 3 in `/workspace/out/cache/3182a2a11bb3f094d0b6ce63168dcd53864ccb6bcb62bb7ea3449733bb712526/run/program.elf' is not of type PT_LOAD; ignoring.
Simulation of Ibex
==================

Tracing can be toggled by sending SIGUSR1 to this process:
$ kill -USR1 18

Simulation running, end by pressing CTRL-c.
Tracing enabled.
Writing simulation traces to sim.fst
TOP.ibex_simple_system.u_top.u_ibex_tracer.unnamedblk2.unnamedblk3: Writing execution trace to trace_core_00000000.log
Terminating simulation by software request.
- src/lowrisc_ibex_sim_shared_0/rtl/sim/simulator_ctrl.sv:93: Verilog $finish
Received $finish() from Verilog, shutting down simulation.

Simulation statistics
=====================
Executed cycles:  238016
Wallclock time:   4.633 s
Simulation speed: 51374.1 cycles/s (51.3741 kHz)
Trace file size:  18206773 B

You can view the simulation traces by calling
$ gtkwave sim.fst

Performance Counters
====================
Cycles:                     238012
Instructions Retired:       125759
LSU Busy:                   11663
Fetch Wait:                 49340
Loads:                      6715
Stores:                     4948
Jumps:                      1913
Conditional Branches:       49791
Taken Conditional Branches: 49336
Compressed Instructions:    0
Multiply Wait:              0
