Program header number 0 in `/workspace/out/cache/5edd72ce98f5e1bc1c23f7484d13c766fa95101e8e7d8bcadfe17a37bbe438c7/run/program.elf' is not of type PT_LOAD; ignoring.
Program header number 3 in `/workspace/out/cache/5edd72ce98f5e1bc1c23f7484d13c766fa95101e8e7d8bcadfe17a37bbe438c7/run/program.elf' is not of type PT_LOAD; ignoring.
Simulation of Ibex
==================

Tracing can be toggled by sending SIGUSR1 to this process:
$ kill -USR1 16

Simulation running, end by pressing CTRL-c.
Tracing enabled.
Writing simulation traces to sim.fst
TOP.ibex_simple_system.u_top.u_ibex_tracer.unnamedblk2.unnamedblk3: Writing execution trace to trace_core_00000000.log
Terminating simulation by software request.
- src/lowrisc_ibex_sim_shared_0/rtl/sim/simulator_ctrl.sv:93: Verilog $finish
Received $finish() from Verilog, shutting down simulation.

Simulation statistics
=====================
Executed cycles:  238013
Wallclock time:   4.96 s
Simulation speed: 47986.5 cycles/s (47.9865 kHz)
Trace file size:  17280236 B

You can view the simulation traces by calling
$ gtkwave sim.fst

Performance Counters
====================
Cycles:                     238009
Instructions Retired:       116874
LSU Busy:                   12288
Fetch Wait:                 44460
Loads:                      7339
Stores:                     4949
Jumps:                      1930
Conditional Branches:       45277
Taken Conditional Branches: 44456
Compressed Instructions:    0
Multiply Wait:              0
