Program header number 0 in `/workspace/out/cache/8cb92ea0d7694bcbcc3626061b16ab32184d3490f3569a4117623497bc9c73d8/run/program.elf' is not of type PT_LOAD; ignoring.
Program header number 3 in `/workspace/out/cache/8cb92ea0d7694bcbcc3626061b16ab32184d3490f3569a4117623497bc9c73d8/run/program.elf' is not of type PT_LOAD; ignoring.
Simulation of Ibex
==================

Tracing can be toggled by sending SIGUSR1 to this process:
$ kill -USR1 17

Simulation running, end by pressing CTRL-c.
Tracing enabled.
Writing simulation traces to sim.fst
TOP.ibex_simple_system.u_top.u_ibex_tracer.unnamedblk2.unnamedblk3: Writing execution trace to trace_core_00000000.log
Terminating simulation by software request.
- src/lowrisc_ibex_sim_shared_0/rtl/sim/simulator_ctrl.sv:93: Verilog $finish
Received $finish() from Verilog, shutting down simulation.

Simulation statistics
=====================
Executed cycles:  238011
Wallclock time:   5.044 s
Simulation speed: 47187 cycles/s (47.187 kHz)
Trace file size:  18371424 B

You can view the simulation traces by calling
$ gtkwave sim.fst

Performance Counters
====================
Cycles:                     238007
Instructions Retired:       124999
LSU Busy:                   11776
Fetch Wait:                 49408
Loads:                      6565
Stores:                     5211
Jumps:                      1919
Conditional Branches:       49865
Taken Conditional Branches: 49404
Compressed Instructions:    0
Multiply Wait:              500
