Program header number 0 in `/workspace/out/cache/e6586ecbb26f6afc65520d7a53680985b2ef42ac7b1012c8201ebfc623a10e0c/run/program.elf' is not of type PT_LOAD; ignoring.
Program header number 3 in `/workspace/out/cache/e6586ecbb26f6afc65520d7a53680985b2ef42ac7b1012c8201ebfc623a10e0c/run/program.elf' is not of type PT_LOAD; ignoring.
Simulation of Ibex
==================

Tracing can be toggled by sending SIGUSR1 to this process:
$ kill -USR1 17

Simulation running, end by pressing CTRL-c.
Tracing enabled.
Writing simulation traces to sim.fst
TOP.ibex_simple_system.u_top.u_ibex_tracer.unnamedblk2.unnamedblk3: Writing execution trace to trace_core_00000000.log
Terminating simulation by software request.
- src/lowrisc_ibex_sim_shared_0/rtl/sim/simulator_ctrl.sv:93: Verilog $finish
Received $finish() from Verilog, shutting down simulation.

Simulation statistics
=====================
Executed cycles:  238011
Wallclock time:   5.383 s
Simulation speed: 44215.3 cycles/s (44.2153 kHz)
Trace file size:  17889536 B

You can view the simulation traces by calling
$ gtkwave sim.fst

Performance Counters
====================
Cycles:                     238007
Instructions Retired:       123827
LSU Busy:                   11139
Fetch Wait:                 50176
Loads:                      6440
Stores:                     4699
Jumps:                      1924
Conditional Branches:       50635
Taken Conditional Branches: 50172
Compressed Instructions:    0
Multiply Wait:              768
