Program header number 0 in `/workspace/out/cache/10c93b4561252fe9bdb50e8484729dcbc8dc1932356113cf1e933a1c08d1d073/run/program.elf' is not of type PT_LOAD; ignoring.
Program header number 3 in `/workspace/out/cache/10c93b4561252fe9bdb50e8484729dcbc8dc1932356113cf1e933a1c08d1d073/run/program.elf' is not of type PT_LOAD; ignoring.
Simulation of Ibex
==================

Tracing can be toggled by sending SIGUSR1 to this process:
$ kill -USR1 18

Simulation running, end by pressing CTRL-c.
Tracing enabled.
Writing simulation traces to sim.fst
TOP.ibex_simple_system.u_top.u_ibex_tracer.unnamedblk2.unnamedblk3: Writing execution trace to trace_core_00000000.log
Terminating simulation by software request.
- src/lowrisc_ibex_sim_shared_0/rtl/sim/simulator_ctrl.sv:93: Verilog $finish
Received $finish() from Verilog, shutting down simulation.

Simulation statistics
=====================
Executed cycles:  238014
Wallclock time:   5.189 s
Simulation speed: 45869 cycles/s (45.869 kHz)
Trace file size:  18295531 B

You can view the simulation traces by calling
$ gtkwave sim.fst

Performance Counters
====================
Cycles:                     238010
Instructions Retired:       123212
LSU Busy:                   11822
Fetch Wait:                 48379
Loads:                      6782
Stores:                     5040
Jumps:                      1901
Conditional Branches:       48819
Taken Conditional Branches: 48375
Compressed Instructions:    0
Multiply Wait:              768
