OpenSTA 3.1.0 a9a3f30ca9 Copyright (c) 2026, Parallax Software, Inc.
License GPLv3: GNU GPL version 3 <http://gnu.org/licenses/gpl.html>

This is free software, and you are free to change and redistribute it
under certain conditions; type `show_copying' for details. 
This program comes with ABSOLUTELY NO WARRANTY; for details type `show_warranty'.
Annotated 36292 pin activities.
Group                          Internal          Switching            Leakage              Total
                                  Power              Power              Power              Power (Watts)
------------------------------------------------------------------------------------------------
Sequential           2.040938287973e-02 2.948231413029e-04 4.369907813384e-08 2.070424892008e-02  95.6%
Combinational        7.379517192021e-04 2.175574336434e-04 1.138740302054e-08 9.555205469951e-04   4.4%
Clock                0.000000000000e+00 0.000000000000e+00 0.000000000000e+00 0.000000000000e+00   0.0%
Macro                0.000000000000e+00 0.000000000000e+00 0.000000000000e+00 0.000000000000e+00   0.0%
Pad                  0.000000000000e+00 0.000000000000e+00 0.000000000000e+00 0.000000000000e+00   0.0%
------------------------------------------------------------------------------------------------
Total                2.114727720618e-02 5.123782320879e-04 5.508640299468e-08 2.165971137583e-02 100.0%
                                  97.6%               2.4%               0.0%
vcd         36292
unannotated     4
Unannotated pins:
 m_axis_read_data_tuser[0]
 m_axis_write_desc_status_user[0]
 s_axis_read_desc_user[0]
 s_axis_write_data_tuser[0]
LEAF_SWITCHING_SUM 8477 0.00051237987824197251
