Program header number 0 in `/workspace/out/cache/ce1def9d50c149704cee484a0dd4dfe55ae357aab43541ee81adb93e499ba2ae/run/program.elf' is not of type PT_LOAD; ignoring.
Program header number 3 in `/workspace/out/cache/ce1def9d50c149704cee484a0dd4dfe55ae357aab43541ee81adb93e499ba2ae/run/program.elf' is not of type PT_LOAD; ignoring.
Simulation of Ibex
==================

Tracing can be toggled by sending SIGUSR1 to this process:
$ kill -USR1 17

Simulation running, end by pressing CTRL-c.
Tracing enabled.
Writing simulation traces to sim.fst
TOP.ibex_simple_system.u_top.u_ibex_tracer.unnamedblk2.unnamedblk3: Writing execution trace to trace_core_00000000.log
Terminating simulation by software request.
- src/lowrisc_ibex_sim_shared_0/rtl/sim/simulator_ctrl.sv:93: Verilog $finish
Received $finish() from Verilog, shutting down simulation.

Simulation statistics
=====================
Executed cycles:  238011
Wallclock time:   5.331 s
Simulation speed: 44646.6 cycles/s (44.6466 kHz)
Trace file size:  18454112 B

You can view the simulation traces by calling
$ gtkwave sim.fst

Performance Counters
====================
Cycles:                     238007
Instructions Retired:       114706
LSU Busy:                   12024
Fetch Wait:                 43406
Loads:                      6953
Stores:                     5071
Jumps:                      1914
Conditional Branches:       43859
Taken Conditional Branches: 43402
Compressed Instructions:    0
Multiply Wait:              1022
