Program header number 0 in `/workspace/out/cache/58a8cb689b8c1a350da280f3299be8240beb3477a39bf19e69c7b1b766349bea/run/program.elf' is not of type PT_LOAD; ignoring.
Program header number 3 in `/workspace/out/cache/58a8cb689b8c1a350da280f3299be8240beb3477a39bf19e69c7b1b766349bea/run/program.elf' is not of type PT_LOAD; ignoring.
Simulation of Ibex
==================

Tracing can be toggled by sending SIGUSR1 to this process:
$ kill -USR1 18

Simulation running, end by pressing CTRL-c.
Tracing enabled.
Writing simulation traces to sim.fst
TOP.ibex_simple_system.u_top.u_ibex_tracer.unnamedblk2.unnamedblk3: Writing execution trace to trace_core_00000000.log
Terminating simulation by software request.
- src/lowrisc_ibex_sim_shared_0/rtl/sim/simulator_ctrl.sv:93: Verilog $finish
Received $finish() from Verilog, shutting down simulation.

Simulation statistics
=====================
Executed cycles:  238016
Wallclock time:   5.187 s
Simulation speed: 45887 cycles/s (45.887 kHz)
Trace file size:  17806555 B

You can view the simulation traces by calling
$ gtkwave sim.fst

Performance Counters
====================
Cycles:                     238012
Instructions Retired:       123784
LSU Busy:                   11139
Fetch Wait:                 50592
Loads:                      6440
Stores:                     4699
Jumps:                      1908
Conditional Branches:       51609
Taken Conditional Branches: 50588
Compressed Instructions:    0
Multiply Wait:              0
