Program header number 0 in `/workspace/out/cache/123222a776528f6263c7200c8e40bc5f55cd8b518c89dea19ed2b679450b362e/run/program.elf' is not of type PT_LOAD; ignoring.
Program header number 3 in `/workspace/out/cache/123222a776528f6263c7200c8e40bc5f55cd8b518c89dea19ed2b679450b362e/run/program.elf' is not of type PT_LOAD; ignoring.
Simulation of Ibex
==================

Tracing can be toggled by sending SIGUSR1 to this process:
$ kill -USR1 18

Simulation running, end by pressing CTRL-c.
Tracing enabled.
Writing simulation traces to sim.fst
TOP.ibex_simple_system.u_top.u_ibex_tracer.unnamedblk2.unnamedblk3: Writing execution trace to trace_core_00000000.log
Terminating simulation by software request.
- src/lowrisc_ibex_sim_shared_0/rtl/sim/simulator_ctrl.sv:93: Verilog $finish
Received $finish() from Verilog, shutting down simulation.

Simulation statistics
=====================
Executed cycles:  238013
Wallclock time:   5.652 s
Simulation speed: 42111.3 cycles/s (42.1113 kHz)
Trace file size:  17598735 B

You can view the simulation traces by calling
$ gtkwave sim.fst

Performance Counters
====================
Cycles:                     238009
Instructions Retired:       123303
LSU Busy:                   11139
Fetch Wait:                 50826
Loads:                      6440
Stores:                     4699
Jumps:                      1918
Conditional Branches:       52724
Taken Conditional Branches: 50822
Compressed Instructions:    0
Multiply Wait:              0
