Program header number 0 in `/workspace/out/cache/db02595b45d1e9762adbf39ec6a6c299444055bc93f0452de2f8ab717403709b/run/program.elf' is not of type PT_LOAD; ignoring.
Program header number 3 in `/workspace/out/cache/db02595b45d1e9762adbf39ec6a6c299444055bc93f0452de2f8ab717403709b/run/program.elf' is not of type PT_LOAD; ignoring.
Simulation of Ibex
==================

Tracing can be toggled by sending SIGUSR1 to this process:
$ kill -USR1 18

Simulation running, end by pressing CTRL-c.
Tracing enabled.
Writing simulation traces to sim.fst
TOP.ibex_simple_system.u_top.u_ibex_tracer.unnamedblk2.unnamedblk3: Writing execution trace to trace_core_00000000.log
Terminating simulation by software request.
- src/lowrisc_ibex_sim_shared_0/rtl/sim/simulator_ctrl.sv:93: Verilog $finish
Received $finish() from Verilog, shutting down simulation.

Simulation statistics
=====================
Executed cycles:  238012
Wallclock time:   5.172 s
Simulation speed: 46019.3 cycles/s (46.0193 kHz)
Trace file size:  18134959 B

You can view the simulation traces by calling
$ gtkwave sim.fst

Performance Counters
====================
Cycles:                     238008
Instructions Retired:       118161
LSU Busy:                   11957
Fetch Wait:                 45197
Loads:                      6849
Stores:                     5108
Jumps:                      1919
Conditional Branches:       45857
Taken Conditional Branches: 45193
Compressed Instructions:    0
Multiply Wait:              820
