Program header number 0 in `/workspace/out/cache/14212edf5065366cde00c6ccde367d51c9597bf6e362fa496361109899b28c89/run/program.elf' is not of type PT_LOAD; ignoring.
Program header number 3 in `/workspace/out/cache/14212edf5065366cde00c6ccde367d51c9597bf6e362fa496361109899b28c89/run/program.elf' is not of type PT_LOAD; ignoring.
Simulation of Ibex
==================

Tracing can be toggled by sending SIGUSR1 to this process:
$ kill -USR1 18

Simulation running, end by pressing CTRL-c.
Tracing enabled.
Writing simulation traces to sim.fst
TOP.ibex_simple_system.u_top.u_ibex_tracer.unnamedblk2.unnamedblk3: Writing execution trace to trace_core_00000000.log
Terminating simulation by software request.
- src/lowrisc_ibex_sim_shared_0/rtl/sim/simulator_ctrl.sv:93: Verilog $finish
Received $finish() from Verilog, shutting down simulation.

Simulation statistics
=====================
Executed cycles:  238014
Wallclock time:   4.418 s
Simulation speed: 53873.7 cycles/s (53.8737 kHz)
Trace file size:  16394004 B

You can view the simulation traces by calling
$ gtkwave sim.fst

Performance Counters
====================
Cycles:                     238010
Instructions Retired:       102818
LSU Busy:                   11737
Fetch Wait:                 38419
Loads:                      6739
Stores:                     4998
Jumps:                      1922
Conditional Branches:       39080
Taken Conditional Branches: 38415
Compressed Instructions:    0
Multiply Wait:              598
