Program header number 0 in `/workspace/out/cache/b4a4277eb092854ff68c268ca02e2c0fb084fefc0719dd6bd95c1b1c6d5a3b5e/run/program.elf' is not of type PT_LOAD; ignoring.
Program header number 3 in `/workspace/out/cache/b4a4277eb092854ff68c268ca02e2c0fb084fefc0719dd6bd95c1b1c6d5a3b5e/run/program.elf' is not of type PT_LOAD; ignoring.
Simulation of Ibex
==================

Tracing can be toggled by sending SIGUSR1 to this process:
$ kill -USR1 18

Simulation running, end by pressing CTRL-c.
Tracing enabled.
Writing simulation traces to sim.fst
TOP.ibex_simple_system.u_top.u_ibex_tracer.unnamedblk2.unnamedblk3: Writing execution trace to trace_core_00000000.log
Terminating simulation by software request.
- src/lowrisc_ibex_sim_shared_0/rtl/sim/simulator_ctrl.sv:93: Verilog $finish
Received $finish() from Verilog, shutting down simulation.

Simulation statistics
=====================
Executed cycles:  238015
Wallclock time:   4.7 s
Simulation speed: 50641.5 cycles/s (50.6415 kHz)
Trace file size:  16783376 B

You can view the simulation traces by calling
$ gtkwave sim.fst

Performance Counters
====================
Cycles:                     238011
Instructions Retired:       108955
LSU Busy:                   12687
Fetch Wait:                 39395
Loads:                      7214
Stores:                     5473
Jumps:                      1918
Conditional Branches:       39851
Taken Conditional Branches: 39391
Compressed Instructions:    0
Multiply Wait:              600
