Program header number 0 in `/workspace/out/cache/e7a19399589a082de90227d7c8ddbebe4aae0a8f6901ac5223ed783f9c19d8fa/run/program.elf' is not of type PT_LOAD; ignoring.
Program header number 3 in `/workspace/out/cache/e7a19399589a082de90227d7c8ddbebe4aae0a8f6901ac5223ed783f9c19d8fa/run/program.elf' is not of type PT_LOAD; ignoring.
Simulation of Ibex
==================

Tracing can be toggled by sending SIGUSR1 to this process:
$ kill -USR1 17

Simulation running, end by pressing CTRL-c.
Tracing enabled.
Writing simulation traces to sim.fst
TOP.ibex_simple_system.u_top.u_ibex_tracer.unnamedblk2.unnamedblk3: Writing execution trace to trace_core_00000000.log
Terminating simulation by software request.
- src/lowrisc_ibex_sim_shared_0/rtl/sim/simulator_ctrl.sv:93: Verilog $finish
Received $finish() from Verilog, shutting down simulation.

Simulation statistics
=====================
Executed cycles:  238017
Wallclock time:   5.664 s
Simulation speed: 42022.8 cycles/s (42.0228 kHz)
Trace file size:  17548130 B

You can view the simulation traces by calling
$ gtkwave sim.fst

Performance Counters
====================
Cycles:                     238013
Instructions Retired:       125228
LSU Busy:                   13160
Fetch Wait:                 46939
Loads:                      7745
Stores:                     5415
Jumps:                      1958
Conditional Branches:       47436
Taken Conditional Branches: 46935
Compressed Instructions:    0
Multiply Wait:              3792
