Program header number 0 in `/workspace/out/cache/d939f7496154dd2b7ea7114012507c2e33c05090e5a65cfda5420b5f69ee549e/run/program.elf' is not of type PT_LOAD; ignoring.
Program header number 3 in `/workspace/out/cache/d939f7496154dd2b7ea7114012507c2e33c05090e5a65cfda5420b5f69ee549e/run/program.elf' is not of type PT_LOAD; ignoring.
Simulation of Ibex
==================

Tracing can be toggled by sending SIGUSR1 to this process:
$ kill -USR1 17

Simulation running, end by pressing CTRL-c.
Tracing enabled.
Writing simulation traces to sim.fst
TOP.ibex_simple_system.u_top.u_ibex_tracer.unnamedblk2.unnamedblk3: Writing execution trace to trace_core_00000000.log
Terminating simulation by software request.
- src/lowrisc_ibex_sim_shared_0/rtl/sim/simulator_ctrl.sv:93: Verilog $finish
Received $finish() from Verilog, shutting down simulation.

Simulation statistics
=====================
Executed cycles:  246975
Wallclock time:   4.387 s
Simulation speed: 56297 cycles/s (56.297 kHz)
Trace file size:  16235655 B

You can view the simulation traces by calling
$ gtkwave sim.fst

Performance Counters
====================
Cycles:                     246971
Instructions Retired:       95457
LSU Busy:                   11969
Fetch Wait:                 33790
Loads:                      7010
Stores:                     4959
Jumps:                      1912
Conditional Branches:       34246
Taken Conditional Branches: 33786
Compressed Instructions:    0
Multiply Wait:              0
