Program header number 0 in `/workspace/out/cache/deb27bf2ee656ed46c5f22fac184a6c9ae2e0aeeb5d5ca80ac494a252e7ac33b/run/program.elf' is not of type PT_LOAD; ignoring.
Program header number 3 in `/workspace/out/cache/deb27bf2ee656ed46c5f22fac184a6c9ae2e0aeeb5d5ca80ac494a252e7ac33b/run/program.elf' is not of type PT_LOAD; ignoring.
Simulation of Ibex
==================

Tracing can be toggled by sending SIGUSR1 to this process:
$ kill -USR1 17

Simulation running, end by pressing CTRL-c.
Tracing enabled.
Writing simulation traces to sim.fst
TOP.ibex_simple_system.u_top.u_ibex_tracer.unnamedblk2.unnamedblk3: Writing execution trace to trace_core_00000000.log
Terminating simulation by software request.
- src/lowrisc_ibex_sim_shared_0/rtl/sim/simulator_ctrl.sv:93: Verilog $finish
Received $finish() from Verilog, shutting down simulation.

Simulation statistics
=====================
Executed cycles:  238012
Wallclock time:   4.769 s
Simulation speed: 49908.2 cycles/s (49.9082 kHz)
Trace file size:  17542418 B

You can view the simulation traces by calling
$ gtkwave sim.fst

Performance Counters
====================
Cycles:                     238008
Instructions Retired:       116567
LSU Busy:                   12060
Fetch Wait:                 44256
Loads:                      6900
Stores:                     5160
Jumps:                      1928
Conditional Branches:       44978
Taken Conditional Branches: 44252
Compressed Instructions:    0
Multiply Wait:              512
