Program header number 0 in `/workspace/out/cache/8d33cfc497b21af1e8e6c8d91ef22ec267997f4fd0ab60d1e54ffae8df660651/run/program.elf' is not of type PT_LOAD; ignoring.
Program header number 3 in `/workspace/out/cache/8d33cfc497b21af1e8e6c8d91ef22ec267997f4fd0ab60d1e54ffae8df660651/run/program.elf' is not of type PT_LOAD; ignoring.
Simulation of Ibex
==================

Tracing can be toggled by sending SIGUSR1 to this process:
$ kill -USR1 18

Simulation running, end by pressing CTRL-c.
Tracing enabled.
Writing simulation traces to sim.fst
TOP.ibex_simple_system.u_top.u_ibex_tracer.unnamedblk2.unnamedblk3: Writing execution trace to trace_core_00000000.log
Terminating simulation by software request.
- src/lowrisc_ibex_sim_shared_0/rtl/sim/simulator_ctrl.sv:93: Verilog $finish
Received $finish() from Verilog, shutting down simulation.

Simulation statistics
=====================
Executed cycles:  238016
Wallclock time:   5.091 s
Simulation speed: 46752.3 cycles/s (46.7523 kHz)
Trace file size:  18214021 B

You can view the simulation traces by calling
$ gtkwave sim.fst

Performance Counters
====================
Cycles:                     238012
Instructions Retired:       125843
LSU Busy:                   11936
Fetch Wait:                 48793
Loads:                      6839
Stores:                     5097
Jumps:                      1916
Conditional Branches:       49597
Taken Conditional Branches: 48789
Compressed Instructions:    0
Multiply Wait:              734
