Program header number 0 in `/workspace/out/cache/95cc6c529e16901f3a8a402747f2929f135edace988c9fb15ef650b71be5a6e6/run/program.elf' is not of type PT_LOAD; ignoring.
Program header number 3 in `/workspace/out/cache/95cc6c529e16901f3a8a402747f2929f135edace988c9fb15ef650b71be5a6e6/run/program.elf' is not of type PT_LOAD; ignoring.
Simulation of Ibex
==================

Tracing can be toggled by sending SIGUSR1 to this process:
$ kill -USR1 17

Simulation running, end by pressing CTRL-c.
Tracing enabled.
Writing simulation traces to sim.fst
TOP.ibex_simple_system.u_top.u_ibex_tracer.unnamedblk2.unnamedblk3: Writing execution trace to trace_core_00000000.log
Terminating simulation by software request.
- src/lowrisc_ibex_sim_shared_0/rtl/sim/simulator_ctrl.sv:93: Verilog $finish
Received $finish() from Verilog, shutting down simulation.

Simulation statistics
=====================
Executed cycles:  238016
Wallclock time:   5.195 s
Simulation speed: 45816.4 cycles/s (45.8164 kHz)
Trace file size:  17691868 B

You can view the simulation traces by calling
$ gtkwave sim.fst

Performance Counters
====================
Cycles:                     238012
Instructions Retired:       123288
LSU Busy:                   11139
Fetch Wait:                 50835
Loads:                      6440
Stores:                     4699
Jumps:                      1918
Conditional Branches:       52438
Taken Conditional Branches: 50831
Compressed Instructions:    0
Multiply Wait:              0
