Program header number 0 in `/workspace/out/cache/0ee080c2ae0617294c6eb2eaeedf8b72778e1893b42366b0d3363a90cb6cf205/run/program.elf' is not of type PT_LOAD; ignoring.
Program header number 3 in `/workspace/out/cache/0ee080c2ae0617294c6eb2eaeedf8b72778e1893b42366b0d3363a90cb6cf205/run/program.elf' is not of type PT_LOAD; ignoring.
Simulation of Ibex
==================

Tracing can be toggled by sending SIGUSR1 to this process:
$ kill -USR1 18

Simulation running, end by pressing CTRL-c.
Tracing enabled.
Writing simulation traces to sim.fst
TOP.ibex_simple_system.u_top.u_ibex_tracer.unnamedblk2.unnamedblk3: Writing execution trace to trace_core_00000000.log
Terminating simulation by software request.
- src/lowrisc_ibex_sim_shared_0/rtl/sim/simulator_ctrl.sv:93: Verilog $finish
Received $finish() from Verilog, shutting down simulation.

Simulation statistics
=====================
Executed cycles:  238012
Wallclock time:   5.291 s
Simulation speed: 44984.3 cycles/s (44.9843 kHz)
Trace file size:  17649111 B

You can view the simulation traces by calling
$ gtkwave sim.fst

Performance Counters
====================
Cycles:                     238008
Instructions Retired:       120625
LSU Busy:                   11651
Fetch Wait:                 46916
Loads:                      6696
Stores:                     4955
Jumps:                      1919
Conditional Branches:       47627
Taken Conditional Branches: 46912
Compressed Instructions:    0
Multiply Wait:              512
