Program header number 0 in `/workspace/out/cache/94591fb2303fcce811467b4d64c088324f792cef3f96918fd59809522d5e88b6/run/program.elf' is not of type PT_LOAD; ignoring.
Program header number 3 in `/workspace/out/cache/94591fb2303fcce811467b4d64c088324f792cef3f96918fd59809522d5e88b6/run/program.elf' is not of type PT_LOAD; ignoring.
Simulation of Ibex
==================

Tracing can be toggled by sending SIGUSR1 to this process:
$ kill -USR1 17

Simulation running, end by pressing CTRL-c.
Tracing enabled.
Writing simulation traces to sim.fst
TOP.ibex_simple_system.u_top.u_ibex_tracer.unnamedblk2.unnamedblk3: Writing execution trace to trace_core_00000000.log
Terminating simulation by software request.
- src/lowrisc_ibex_sim_shared_0/rtl/sim/simulator_ctrl.sv:93: Verilog $finish
Received $finish() from Verilog, shutting down simulation.

Simulation statistics
=====================
Executed cycles:  238011
Wallclock time:   4.896 s
Simulation speed: 48613.4 cycles/s (48.6134 kHz)
Trace file size:  17862926 B

You can view the simulation traces by calling
$ gtkwave sim.fst

Performance Counters
====================
Cycles:                     238007
Instructions Retired:       126196
LSU Busy:                   12199
Fetch Wait:                 48604
Loads:                      6964
Stores:                     5235
Jumps:                      1931
Conditional Branches:       49323
Taken Conditional Branches: 48600
Compressed Instructions:    0
Multiply Wait:              476
