Program header number 0 in `/workspace/out/cache/f3dcc05956a6175fdd7dc9006263eec8e17bf39a33e9b300b88b17de86efd61d/run/program.elf' is not of type PT_LOAD; ignoring.
Program header number 3 in `/workspace/out/cache/f3dcc05956a6175fdd7dc9006263eec8e17bf39a33e9b300b88b17de86efd61d/run/program.elf' is not of type PT_LOAD; ignoring.
Simulation of Ibex
==================

Tracing can be toggled by sending SIGUSR1 to this process:
$ kill -USR1 17

Simulation running, end by pressing CTRL-c.
Tracing enabled.
Writing simulation traces to sim.fst
TOP.ibex_simple_system.u_top.u_ibex_tracer.unnamedblk2.unnamedblk3: Writing execution trace to trace_core_00000000.log
Terminating simulation by software request.
- src/lowrisc_ibex_sim_shared_0/rtl/sim/simulator_ctrl.sv:93: Verilog $finish
Received $finish() from Verilog, shutting down simulation.

Simulation statistics
=====================
Executed cycles:  238013
Wallclock time:   5.03 s
Simulation speed: 47318.7 cycles/s (47.3187 kHz)
Trace file size:  17653249 B

You can view the simulation traces by calling
$ gtkwave sim.fst

Performance Counters
====================
Cycles:                     238009
Instructions Retired:       123283
LSU Busy:                   11480
Fetch Wait:                 50667
Loads:                      6781
Stores:                     4699
Jumps:                      1915
Conditional Branches:       52096
Taken Conditional Branches: 50663
Compressed Instructions:    0
Multiply Wait:              0
