Program header number 0 in `/workspace/out/cache/3b087c3593766be7ea9989a3ae79a3ed24259f967ade574e54449262a0cab9da/run/program.elf' is not of type PT_LOAD; ignoring.
Program header number 3 in `/workspace/out/cache/3b087c3593766be7ea9989a3ae79a3ed24259f967ade574e54449262a0cab9da/run/program.elf' is not of type PT_LOAD; ignoring.
Simulation of Ibex
==================

Tracing can be toggled by sending SIGUSR1 to this process:
$ kill -USR1 17

Simulation running, end by pressing CTRL-c.
Tracing enabled.
Writing simulation traces to sim.fst
TOP.ibex_simple_system.u_top.u_ibex_tracer.unnamedblk2.unnamedblk3: Writing execution trace to trace_core_00000000.log
Terminating simulation by software request.
- src/lowrisc_ibex_sim_shared_0/rtl/sim/simulator_ctrl.sv:93: Verilog $finish
Received $finish() from Verilog, shutting down simulation.

Simulation statistics
=====================
Executed cycles:  238012
Wallclock time:   5.792 s
Simulation speed: 41093.2 cycles/s (41.0932 kHz)
Trace file size:  18474504 B

You can view the simulation traces by calling
$ gtkwave sim.fst

Performance Counters
====================
Cycles:                     238008
Instructions Retired:       126264
LSU Busy:                   12675
Fetch Wait:                 48575
Loads:                      7208
Stores:                     5467
Jumps:                      1922
Conditional Branches:       49035
Taken Conditional Branches: 48571
Compressed Instructions:    0
Multiply Wait:              0
