Program header number 0 in `/workspace/out/cache/08e286b7125c360730927b566433237bd4778b25ba07e2f053cd8a722eca95a9/run/program.elf' is not of type PT_LOAD; ignoring.
Program header number 3 in `/workspace/out/cache/08e286b7125c360730927b566433237bd4778b25ba07e2f053cd8a722eca95a9/run/program.elf' is not of type PT_LOAD; ignoring.
Simulation of Ibex
==================

Tracing can be toggled by sending SIGUSR1 to this process:
$ kill -USR1 17

Simulation running, end by pressing CTRL-c.
Tracing enabled.
Writing simulation traces to sim.fst
TOP.ibex_simple_system.u_top.u_ibex_tracer.unnamedblk2.unnamedblk3: Writing execution trace to trace_core_00000000.log
Terminating simulation by software request.
- src/lowrisc_ibex_sim_shared_0/rtl/sim/simulator_ctrl.sv:93: Verilog $finish
Received $finish() from Verilog, shutting down simulation.

Simulation statistics
=====================
Executed cycles:  238012
Wallclock time:   4.726 s
Simulation speed: 50362.3 cycles/s (50.3623 kHz)
Trace file size:  17541991 B

You can view the simulation traces by calling
$ gtkwave sim.fst

Performance Counters
====================
Cycles:                     238008
Instructions Retired:       124224
LSU Busy:                   11139
Fetch Wait:                 49335
Loads:                      6440
Stores:                     4699
Jumps:                      1930
Conditional Branches:       49803
Taken Conditional Branches: 49331
Compressed Instructions:    0
Multiply Wait:              2048
