Program header number 0 in `/workspace/out/cache/9ee2c268393d630fd2c61dc526a8dce9dd7c0c0ac7f350e691e42f259eaac677/run/program.elf' is not of type PT_LOAD; ignoring.
Program header number 3 in `/workspace/out/cache/9ee2c268393d630fd2c61dc526a8dce9dd7c0c0ac7f350e691e42f259eaac677/run/program.elf' is not of type PT_LOAD; ignoring.
Simulation of Ibex
==================

Tracing can be toggled by sending SIGUSR1 to this process:
$ kill -USR1 18

Simulation running, end by pressing CTRL-c.
Tracing enabled.
Writing simulation traces to sim.fst
TOP.ibex_simple_system.u_top.u_ibex_tracer.unnamedblk2.unnamedblk3: Writing execution trace to trace_core_00000000.log
Terminating simulation by software request.
- src/lowrisc_ibex_sim_shared_0/rtl/sim/simulator_ctrl.sv:93: Verilog $finish
Received $finish() from Verilog, shutting down simulation.

Simulation statistics
=====================
Executed cycles:  238013
Wallclock time:   5.32 s
Simulation speed: 44739.3 cycles/s (44.7393 kHz)
Trace file size:  17823970 B

You can view the simulation traces by calling
$ gtkwave sim.fst

Performance Counters
====================
Cycles:                     238009
Instructions Retired:       117705
LSU Busy:                   11164
Fetch Wait:                 45167
Loads:                      6465
Stores:                     4699
Jumps:                      1901
Conditional Branches:       47813
Taken Conditional Branches: 45163
Compressed Instructions:    0
Multiply Wait:              100
