Program header number 0 in `/workspace/out/cache/f9096599abcf1cabc1063fbf48670cabbc3a2a77f03fb0f6fb445609def86b7f/run/program.elf' is not of type PT_LOAD; ignoring.
Program header number 3 in `/workspace/out/cache/f9096599abcf1cabc1063fbf48670cabbc3a2a77f03fb0f6fb445609def86b7f/run/program.elf' is not of type PT_LOAD; ignoring.
Simulation of Ibex
==================

Tracing can be toggled by sending SIGUSR1 to this process:
$ kill -USR1 17

Simulation running, end by pressing CTRL-c.
Tracing enabled.
Writing simulation traces to sim.fst
TOP.ibex_simple_system.u_top.u_ibex_tracer.unnamedblk2.unnamedblk3: Writing execution trace to trace_core_00000000.log
Terminating simulation by software request.
- src/lowrisc_ibex_sim_shared_0/rtl/sim/simulator_ctrl.sv:93: Verilog $finish
Received $finish() from Verilog, shutting down simulation.

Simulation statistics
=====================
Executed cycles:  238014
Wallclock time:   5.352 s
Simulation speed: 44472 cycles/s (44.472 kHz)
Trace file size:  17468302 B

You can view the simulation traces by calling
$ gtkwave sim.fst

Performance Counters
====================
Cycles:                     238010
Instructions Retired:       116819
LSU Busy:                   12163
Fetch Wait:                 44122
Loads:                      6440
Stores:                     5723
Jumps:                      1913
Conditional Branches:       44573
Taken Conditional Branches: 44118
Compressed Instructions:    0
Multiply Wait:              0
