Program header number 0 in `/workspace/out/cache/fee20709b0445ce47df754575778bbd4e4bb64857d3d908528a7df11859b4d18/run/program.elf' is not of type PT_LOAD; ignoring.
Program header number 3 in `/workspace/out/cache/fee20709b0445ce47df754575778bbd4e4bb64857d3d908528a7df11859b4d18/run/program.elf' is not of type PT_LOAD; ignoring.
Simulation of Ibex
==================

Tracing can be toggled by sending SIGUSR1 to this process:
$ kill -USR1 17

Simulation running, end by pressing CTRL-c.
Tracing enabled.
Writing simulation traces to sim.fst
TOP.ibex_simple_system.u_top.u_ibex_tracer.unnamedblk2.unnamedblk3: Writing execution trace to trace_core_00000000.log
Terminating simulation by software request.
- src/lowrisc_ibex_sim_shared_0/rtl/sim/simulator_ctrl.sv:93: Verilog $finish
Received $finish() from Verilog, shutting down simulation.

Simulation statistics
=====================
Executed cycles:  238013
Wallclock time:   5.019 s
Simulation speed: 47422.4 cycles/s (47.4224 kHz)
Trace file size:  17295642 B

You can view the simulation traces by calling
$ gtkwave sim.fst

Performance Counters
====================
Cycles:                     238009
Instructions Retired:       112938
LSU Busy:                   11139
Fetch Wait:                 43713
Loads:                      6440
Stores:                     4699
Jumps:                      1921
Conditional Branches:       44168
Taken Conditional Branches: 43709
Compressed Instructions:    0
Multiply Wait:              0
