Program header number 0 in `/workspace/out/cache/d39d9ff212b6df7f73a8db5332654ee4c0e6dd5b2c87baf19c76c4363a549178/run/program.elf' is not of type PT_LOAD; ignoring.
Program header number 3 in `/workspace/out/cache/d39d9ff212b6df7f73a8db5332654ee4c0e6dd5b2c87baf19c76c4363a549178/run/program.elf' is not of type PT_LOAD; ignoring.
Simulation of Ibex
==================

Tracing can be toggled by sending SIGUSR1 to this process:
$ kill -USR1 17

Simulation running, end by pressing CTRL-c.
Tracing enabled.
Writing simulation traces to sim.fst
TOP.ibex_simple_system.u_top.u_ibex_tracer.unnamedblk2.unnamedblk3: Writing execution trace to trace_core_00000000.log
Terminating simulation by software request.
- src/lowrisc_ibex_sim_shared_0/rtl/sim/simulator_ctrl.sv:93: Verilog $finish
Received $finish() from Verilog, shutting down simulation.

Simulation statistics
=====================
Executed cycles:  238016
Wallclock time:   5.239 s
Simulation speed: 45431.6 cycles/s (45.4316 kHz)
Trace file size:  17491701 B

You can view the simulation traces by calling
$ gtkwave sim.fst

Performance Counters
====================
Cycles:                     238012
Instructions Retired:       125551
LSU Busy:                   13339
Fetch Wait:                 46704
Loads:                      7924
Stores:                     5415
Jumps:                      1925
Conditional Branches:       47167
Taken Conditional Branches: 46700
Compressed Instructions:    0
Multiply Wait:              3792
