Program header number 0 in `/workspace/out/cache/e62cc1a042d85f0b9e5575a545acf000e5732377773c93e93df12f7af24f1c4b/run/program.elf' is not of type PT_LOAD; ignoring.
Program header number 3 in `/workspace/out/cache/e62cc1a042d85f0b9e5575a545acf000e5732377773c93e93df12f7af24f1c4b/run/program.elf' is not of type PT_LOAD; ignoring.
Simulation of Ibex
==================

Tracing can be toggled by sending SIGUSR1 to this process:
$ kill -USR1 17

Simulation running, end by pressing CTRL-c.
Tracing enabled.
Writing simulation traces to sim.fst
TOP.ibex_simple_system.u_top.u_ibex_tracer.unnamedblk2.unnamedblk3: Writing execution trace to trace_core_00000000.log
Terminating simulation by software request.
- src/lowrisc_ibex_sim_shared_0/rtl/sim/simulator_ctrl.sv:93: Verilog $finish
Received $finish() from Verilog, shutting down simulation.

Simulation statistics
=====================
Executed cycles:  238013
Wallclock time:   2.594 s
Simulation speed: 91755.2 cycles/s (91.7552 kHz)
Trace file size:  12357796 B

You can view the simulation traces by calling
$ gtkwave sim.fst

Performance Counters
====================
Cycles:                     238009
Instructions Retired:       51529
LSU Busy:                   11139
Fetch Wait:                 12997
Loads:                      6440
Stores:                     4699
Jumps:                      1929
Conditional Branches:       13460
Taken Conditional Branches: 12993
Compressed Instructions:    0
Multiply Wait:              0
