Program header number 0 in `/workspace/out/cache/a563d3fd6ba04fb7dde2ee181a0c6ae805e1d04311127053748cf83c3811f6e9/run/program.elf' is not of type PT_LOAD; ignoring.
Program header number 3 in `/workspace/out/cache/a563d3fd6ba04fb7dde2ee181a0c6ae805e1d04311127053748cf83c3811f6e9/run/program.elf' is not of type PT_LOAD; ignoring.
Simulation of Ibex
==================

Tracing can be toggled by sending SIGUSR1 to this process:
$ kill -USR1 17

Simulation running, end by pressing CTRL-c.
Tracing enabled.
Writing simulation traces to sim.fst
TOP.ibex_simple_system.u_top.u_ibex_tracer.unnamedblk2.unnamedblk3: Writing execution trace to trace_core_00000000.log
Terminating simulation by software request.
- src/lowrisc_ibex_sim_shared_0/rtl/sim/simulator_ctrl.sv:93: Verilog $finish
Received $finish() from Verilog, shutting down simulation.

Simulation statistics
=====================
Executed cycles:  238014
Wallclock time:   6.198 s
Simulation speed: 38401.7 cycles/s (38.4017 kHz)
Trace file size:  18330906 B

You can view the simulation traces by calling
$ gtkwave sim.fst

Performance Counters
====================
Cycles:                     238010
Instructions Retired:       125707
LSU Busy:                   12471
Fetch Wait:                 48291
Loads:                      7106
Stores:                     5365
Jumps:                      1925
Conditional Branches:       48754
Taken Conditional Branches: 48287
Compressed Instructions:    0
Multiply Wait:              1328
