Program header number 0 in `/workspace/out/cache/0ea303209b70ff05a700284c92f233dea2b100a7159b733c291223f46bd88dd0/run/program.elf' is not of type PT_LOAD; ignoring.
Program header number 3 in `/workspace/out/cache/0ea303209b70ff05a700284c92f233dea2b100a7159b733c291223f46bd88dd0/run/program.elf' is not of type PT_LOAD; ignoring.
Simulation of Ibex
==================

Tracing can be toggled by sending SIGUSR1 to this process:
$ kill -USR1 18

Simulation running, end by pressing CTRL-c.
Tracing enabled.
Writing simulation traces to sim.fst
TOP.ibex_simple_system.u_top.u_ibex_tracer.unnamedblk2.unnamedblk3: Writing execution trace to trace_core_00000000.log
Terminating simulation by software request.
- src/lowrisc_ibex_sim_shared_0/rtl/sim/simulator_ctrl.sv:93: Verilog $finish
Received $finish() from Verilog, shutting down simulation.

Simulation statistics
=====================
Executed cycles:  238014
Wallclock time:   4.562 s
Simulation speed: 52173.2 cycles/s (52.1732 kHz)
Trace file size:  16745166 B

You can view the simulation traces by calling
$ gtkwave sim.fst

Performance Counters
====================
Cycles:                     238010
Instructions Retired:       107026
LSU Busy:                   11739
Fetch Wait:                 40281
Loads:                      7040
Stores:                     4699
Jumps:                      1919
Conditional Branches:       40874
Taken Conditional Branches: 40277
Compressed Instructions:    0
Multiply Wait:              400
