Program header number 0 in `/workspace/out/cache/7be2edd43845f49405c9b06f198ac97b0ab7a48fd919206167c552652c238019/run/program.elf' is not of type PT_LOAD; ignoring.
Program header number 3 in `/workspace/out/cache/7be2edd43845f49405c9b06f198ac97b0ab7a48fd919206167c552652c238019/run/program.elf' is not of type PT_LOAD; ignoring.
Simulation of Ibex
==================

Tracing can be toggled by sending SIGUSR1 to this process:
$ kill -USR1 18

Simulation running, end by pressing CTRL-c.
Tracing enabled.
Writing simulation traces to sim.fst
TOP.ibex_simple_system.u_top.u_ibex_tracer.unnamedblk2.unnamedblk3: Writing execution trace to trace_core_00000000.log
Terminating simulation by software request.
- src/lowrisc_ibex_sim_shared_0/rtl/sim/simulator_ctrl.sv:93: Verilog $finish
Received $finish() from Verilog, shutting down simulation.

Simulation statistics
=====================
Executed cycles:  238013
Wallclock time:   4.653 s
Simulation speed: 51152.6 cycles/s (51.1526 kHz)
Trace file size:  17487003 B

You can view the simulation traces by calling
$ gtkwave sim.fst

Performance Counters
====================
Cycles:                     238009
Instructions Retired:       113849
LSU Busy:                   11147
Fetch Wait:                 43106
Loads:                      6444
Stores:                     4703
Jumps:                      1930
Conditional Branches:       45612
Taken Conditional Branches: 43102
Compressed Instructions:    0
Multiply Wait:              1984
