Program header number 0 in `/workspace/out/cache/7cba5760b136bc1531e4ccf6fe3630848f18dd121b7e0bfb3f8711fea54ab99a/run/program.elf' is not of type PT_LOAD; ignoring.
Program header number 3 in `/workspace/out/cache/7cba5760b136bc1531e4ccf6fe3630848f18dd121b7e0bfb3f8711fea54ab99a/run/program.elf' is not of type PT_LOAD; ignoring.
Simulation of Ibex
==================

Tracing can be toggled by sending SIGUSR1 to this process:
$ kill -USR1 18

Simulation running, end by pressing CTRL-c.
Tracing enabled.
Writing simulation traces to sim.fst
TOP.ibex_simple_system.u_top.u_ibex_tracer.unnamedblk2.unnamedblk3: Writing execution trace to trace_core_00000000.log
Terminating simulation by software request.
- src/lowrisc_ibex_sim_shared_0/rtl/sim/simulator_ctrl.sv:93: Verilog $finish
Received $finish() from Verilog, shutting down simulation.

Simulation statistics
=====================
Executed cycles:  238012
Wallclock time:   5.171 s
Simulation speed: 46028.2 cycles/s (46.0282 kHz)
Trace file size:  18025391 B

You can view the simulation traces by calling
$ gtkwave sim.fst

Performance Counters
====================
Cycles:                     238008
Instructions Retired:       123175
LSU Busy:                   11139
Fetch Wait:                 49870
Loads:                      6440
Stores:                     4699
Jumps:                      1909
Conditional Branches:       50315
Taken Conditional Branches: 49866
Compressed Instructions:    0
Multiply Wait:              1024
