Program header number 0 in `/workspace/out/cache/9a482d7a7c1a82042d1012f65671df439c7065660574be58c55d836c7737ee26/run/program.elf' is not of type PT_LOAD; ignoring.
Program header number 3 in `/workspace/out/cache/9a482d7a7c1a82042d1012f65671df439c7065660574be58c55d836c7737ee26/run/program.elf' is not of type PT_LOAD; ignoring.
Simulation of Ibex
==================

Tracing can be toggled by sending SIGUSR1 to this process:
$ kill -USR1 17

Simulation running, end by pressing CTRL-c.
Tracing enabled.
Writing simulation traces to sim.fst
TOP.ibex_simple_system.u_top.u_ibex_tracer.unnamedblk2.unnamedblk3: Writing execution trace to trace_core_00000000.log
Terminating simulation by software request.
- src/lowrisc_ibex_sim_shared_0/rtl/sim/simulator_ctrl.sv:93: Verilog $finish
Received $finish() from Verilog, shutting down simulation.

Simulation statistics
=====================
Executed cycles:  238012
Wallclock time:   4.994 s
Simulation speed: 47659.6 cycles/s (47.6596 kHz)
Trace file size:  16151996 B

You can view the simulation traces by calling
$ gtkwave sim.fst

Performance Counters
====================
Cycles:                     238008
Instructions Retired:       100241
LSU Busy:                   11139
Fetch Wait:                 38956
Loads:                      6440
Stores:                     4699
Jumps:                      1919
Conditional Branches:       39415
Taken Conditional Branches: 38952
Compressed Instructions:    0
Multiply Wait:              0
