Program header number 0 in `/workspace/out/cache/21ba0aeb75f799bd2c6dced3b80ef2362e584a14c23dcf03fc27d54ec0afefaa/run/program.elf' is not of type PT_LOAD; ignoring.
Program header number 3 in `/workspace/out/cache/21ba0aeb75f799bd2c6dced3b80ef2362e584a14c23dcf03fc27d54ec0afefaa/run/program.elf' is not of type PT_LOAD; ignoring.
Simulation of Ibex
==================

Tracing can be toggled by sending SIGUSR1 to this process:
$ kill -USR1 17

Simulation running, end by pressing CTRL-c.
Tracing enabled.
Writing simulation traces to sim.fst
TOP.ibex_simple_system.u_top.u_ibex_tracer.unnamedblk2.unnamedblk3: Writing execution trace to trace_core_00000000.log
Terminating simulation by software request.
- src/lowrisc_ibex_sim_shared_0/rtl/sim/simulator_ctrl.sv:93: Verilog $finish
Received $finish() from Verilog, shutting down simulation.

Simulation statistics
=====================
Executed cycles:  247191
Wallclock time:   4.209 s
Simulation speed: 58729.2 cycles/s (58.7292 kHz)
Trace file size:  16102109 B

You can view the simulation traces by calling
$ gtkwave sim.fst

Performance Counters
====================
Cycles:                     247187
Instructions Retired:       92677
LSU Busy:                   11817
Fetch Wait:                 32628
Loads:                      6896
Stores:                     4921
Jumps:                      1912
Conditional Branches:       33084
Taken Conditional Branches: 32624
Compressed Instructions:    0
Multiply Wait:              0
