Program header number 0 in `/workspace/out/cache/8214250a149d94aceb2668065c93392d64cac5d6a72d44049f0149452241e0f6/run/program.elf' is not of type PT_LOAD; ignoring.
Program header number 3 in `/workspace/out/cache/8214250a149d94aceb2668065c93392d64cac5d6a72d44049f0149452241e0f6/run/program.elf' is not of type PT_LOAD; ignoring.
Simulation of Ibex
==================

Tracing can be toggled by sending SIGUSR1 to this process:
$ kill -USR1 17

Simulation running, end by pressing CTRL-c.
Tracing enabled.
Writing simulation traces to sim.fst
TOP.ibex_simple_system.u_top.u_ibex_tracer.unnamedblk2.unnamedblk3: Writing execution trace to trace_core_00000000.log
Terminating simulation by software request.
- src/lowrisc_ibex_sim_shared_0/rtl/sim/simulator_ctrl.sv:93: Verilog $finish
Received $finish() from Verilog, shutting down simulation.

Simulation statistics
=====================
Executed cycles:  238015
Wallclock time:   4.576 s
Simulation speed: 52013.8 cycles/s (52.0138 kHz)
Trace file size:  14992349 B

You can view the simulation traces by calling
$ gtkwave sim.fst

Performance Counters
====================
Cycles:                     238011
Instructions Retired:       87737
LSU Busy:                   11139
Fetch Wait:                 31743
Loads:                      6440
Stores:                     4699
Jumps:                      1924
Conditional Branches:       32459
Taken Conditional Branches: 31739
Compressed Instructions:    0
Multiply Wait:              0
