Program header number 0 in `/workspace/out/cache/05291d227a5819698c3514c36e4aa77ef1f7c46c9c3fdc47fecaa59c9637dfae/run/program.elf' is not of type PT_LOAD; ignoring.
Program header number 3 in `/workspace/out/cache/05291d227a5819698c3514c36e4aa77ef1f7c46c9c3fdc47fecaa59c9637dfae/run/program.elf' is not of type PT_LOAD; ignoring.
Simulation of Ibex
==================

Tracing can be toggled by sending SIGUSR1 to this process:
$ kill -USR1 17

Simulation running, end by pressing CTRL-c.
Tracing enabled.
Writing simulation traces to sim.fst
TOP.ibex_simple_system.u_top.u_ibex_tracer.unnamedblk2.unnamedblk3: Writing execution trace to trace_core_00000000.log
Terminating simulation by software request.
- src/lowrisc_ibex_sim_shared_0/rtl/sim/simulator_ctrl.sv:93: Verilog $finish
Received $finish() from Verilog, shutting down simulation.

Simulation statistics
=====================
Executed cycles:  238014
Wallclock time:   5.204 s
Simulation speed: 45736.7 cycles/s (45.7367 kHz)
Trace file size:  16925603 B

You can view the simulation traces by calling
$ gtkwave sim.fst

Performance Counters
====================
Cycles:                     238010
Instructions Retired:       109989
LSU Busy:                   12139
Fetch Wait:                 40603
Loads:                      6940
Stores:                     5199
Jumps:                      1923
Conditional Branches:       41314
Taken Conditional Branches: 40599
Compressed Instructions:    0
Multiply Wait:              500
