Program header number 0 in `/workspace/out/cache/1f27c18c651267d82fc839706487cc586a10ca366800460fadb5c0f8ed239a54/run/program.elf' is not of type PT_LOAD; ignoring.
Program header number 3 in `/workspace/out/cache/1f27c18c651267d82fc839706487cc586a10ca366800460fadb5c0f8ed239a54/run/program.elf' is not of type PT_LOAD; ignoring.
Simulation of Ibex
==================

Tracing can be toggled by sending SIGUSR1 to this process:
$ kill -USR1 17

Simulation running, end by pressing CTRL-c.
Tracing enabled.
Writing simulation traces to sim.fst
TOP.ibex_simple_system.u_top.u_ibex_tracer.unnamedblk2.unnamedblk3: Writing execution trace to trace_core_00000000.log
Terminating simulation by software request.
- src/lowrisc_ibex_sim_shared_0/rtl/sim/simulator_ctrl.sv:93: Verilog $finish
Received $finish() from Verilog, shutting down simulation.

Simulation statistics
=====================
Executed cycles:  238013
Wallclock time:   4.616 s
Simulation speed: 51562.6 cycles/s (51.5626 kHz)
Trace file size:  17318571 B

You can view the simulation traces by calling
$ gtkwave sim.fst

Performance Counters
====================
Cycles:                     238009
Instructions Retired:       111017
LSU Busy:                   12519
Fetch Wait:                 41064
Loads:                      7427
Stores:                     5092
Jumps:                      1920
Conditional Branches:       41524
Taken Conditional Branches: 41060
Compressed Instructions:    0
Multiply Wait:              224
