Program header number 0 in `/workspace/out/cache/ce570c48a3b2ecdca6f6a3ae45b9e5536dfa72a42d5a9a5879b0cb6e9ee7e4f3/run/program.elf' is not of type PT_LOAD; ignoring.
Program header number 3 in `/workspace/out/cache/ce570c48a3b2ecdca6f6a3ae45b9e5536dfa72a42d5a9a5879b0cb6e9ee7e4f3/run/program.elf' is not of type PT_LOAD; ignoring.
Simulation of Ibex
==================

Tracing can be toggled by sending SIGUSR1 to this process:
$ kill -USR1 17

Simulation running, end by pressing CTRL-c.
Tracing enabled.
Writing simulation traces to sim.fst
TOP.ibex_simple_system.u_top.u_ibex_tracer.unnamedblk2.unnamedblk3: Writing execution trace to trace_core_00000000.log
Terminating simulation by software request.
- src/lowrisc_ibex_sim_shared_0/rtl/sim/simulator_ctrl.sv:93: Verilog $finish
Received $finish() from Verilog, shutting down simulation.

Simulation statistics
=====================
Executed cycles:  238012
Wallclock time:   5.328 s
Simulation speed: 44671.9 cycles/s (44.6719 kHz)
Trace file size:  17316894 B

You can view the simulation traces by calling
$ gtkwave sim.fst

Performance Counters
====================
Cycles:                     238008
Instructions Retired:       117547
LSU Busy:                   12420
Fetch Wait:                 44961
Loads:                      6881
Stores:                     5539
Jumps:                      1931
Conditional Branches:       45431
Taken Conditional Branches: 44957
Compressed Instructions:    0
Multiply Wait:              0
