Program header number 0 in `/workspace/out/cache/f9f973dd5b0ab85e96fe982d6a5a28985be61ca72d9566ea4dc4a8ee00b72230/run/program.elf' is not of type PT_LOAD; ignoring.
Program header number 3 in `/workspace/out/cache/f9f973dd5b0ab85e96fe982d6a5a28985be61ca72d9566ea4dc4a8ee00b72230/run/program.elf' is not of type PT_LOAD; ignoring.
Simulation of Ibex
==================

Tracing can be toggled by sending SIGUSR1 to this process:
$ kill -USR1 17

Simulation running, end by pressing CTRL-c.
Tracing enabled.
Writing simulation traces to sim.fst
TOP.ibex_simple_system.u_top.u_ibex_tracer.unnamedblk2.unnamedblk3: Writing execution trace to trace_core_00000000.log
Terminating simulation by software request.
- src/lowrisc_ibex_sim_shared_0/rtl/sim/simulator_ctrl.sv:93: Verilog $finish
Received $finish() from Verilog, shutting down simulation.

Simulation statistics
=====================
Executed cycles:  238011
Wallclock time:   5.133 s
Simulation speed: 46368.8 cycles/s (46.3688 kHz)
Trace file size:  18040258 B

You can view the simulation traces by calling
$ gtkwave sim.fst

Performance Counters
====================
Cycles:                     238007
Instructions Retired:       121648
LSU Busy:                   11400
Fetch Wait:                 50070
Loads:                      6701
Stores:                     4699
Jumps:                      1908
Conditional Branches:       50514
Taken Conditional Branches: 50066
Compressed Instructions:    0
Multiply Wait:              2914
