Program header number 0 in `/workspace/out/cache/bfe64ae7ce5b1f88d2af18ae8bd3ba4572be0b2f47bbab3649e11658e55885cc/run/program.elf' is not of type PT_LOAD; ignoring.
Program header number 3 in `/workspace/out/cache/bfe64ae7ce5b1f88d2af18ae8bd3ba4572be0b2f47bbab3649e11658e55885cc/run/program.elf' is not of type PT_LOAD; ignoring.
Simulation of Ibex
==================

Tracing can be toggled by sending SIGUSR1 to this process:
$ kill -USR1 17

Simulation running, end by pressing CTRL-c.
Tracing enabled.
Writing simulation traces to sim.fst
TOP.ibex_simple_system.u_top.u_ibex_tracer.unnamedblk2.unnamedblk3: Writing execution trace to trace_core_00000000.log
Terminating simulation by software request.
- src/lowrisc_ibex_sim_shared_0/rtl/sim/simulator_ctrl.sv:93: Verilog $finish
Received $finish() from Verilog, shutting down simulation.

Simulation statistics
=====================
Executed cycles:  238011
Wallclock time:   5.05 s
Simulation speed: 47130.9 cycles/s (47.1309 kHz)
Trace file size:  17984421 B

You can view the simulation traces by calling
$ gtkwave sim.fst

Performance Counters
====================
Cycles:                     238007
Instructions Retired:       118194
LSU Busy:                   12375
Fetch Wait:                 44555
Loads:                      7058
Stores:                     5317
Jumps:                      1916
Conditional Branches:       45011
Taken Conditional Branches: 44551
Compressed Instructions:    0
Multiply Wait:              1066
