Program header number 0 in `/workspace/out/cache/1fdd55b5c055bc8c11075e8f0f34be95b807b08dff12b5bc4fbf5e06f23b00e8/run/program.elf' is not of type PT_LOAD; ignoring.
Program header number 3 in `/workspace/out/cache/1fdd55b5c055bc8c11075e8f0f34be95b807b08dff12b5bc4fbf5e06f23b00e8/run/program.elf' is not of type PT_LOAD; ignoring.
Simulation of Ibex
==================

Tracing can be toggled by sending SIGUSR1 to this process:
$ kill -USR1 17

Simulation running, end by pressing CTRL-c.
Tracing enabled.
Writing simulation traces to sim.fst
TOP.ibex_simple_system.u_top.u_ibex_tracer.unnamedblk2.unnamedblk3: Writing execution trace to trace_core_00000000.log
Terminating simulation by software request.
- src/lowrisc_ibex_sim_shared_0/rtl/sim/simulator_ctrl.sv:93: Verilog $finish
Received $finish() from Verilog, shutting down simulation.

Simulation statistics
=====================
Executed cycles:  238011
Wallclock time:   5.23 s
Simulation speed: 45508.8 cycles/s (45.5088 kHz)
Trace file size:  17829200 B

You can view the simulation traces by calling
$ gtkwave sim.fst

Performance Counters
====================
Cycles:                     238007
Instructions Retired:       119094
LSU Busy:                   11822
Fetch Wait:                 45768
Loads:                      6781
Stores:                     5041
Jumps:                      1915
Conditional Branches:       46221
Taken Conditional Branches: 45764
Compressed Instructions:    0
Multiply Wait:              1366
