Program header number 0 in `/workspace/out/cache/0643692b8fb0c9f8be978612abd3e040980bae5a1fc43f970bad676af6292d44/run/program.elf' is not of type PT_LOAD; ignoring.
Program header number 3 in `/workspace/out/cache/0643692b8fb0c9f8be978612abd3e040980bae5a1fc43f970bad676af6292d44/run/program.elf' is not of type PT_LOAD; ignoring.
Simulation of Ibex
==================

Tracing can be toggled by sending SIGUSR1 to this process:
$ kill -USR1 18

Simulation running, end by pressing CTRL-c.
Tracing enabled.
Writing simulation traces to sim.fst
TOP.ibex_simple_system.u_top.u_ibex_tracer.unnamedblk2.unnamedblk3: Writing execution trace to trace_core_00000000.log
Terminating simulation by software request.
- src/lowrisc_ibex_sim_shared_0/rtl/sim/simulator_ctrl.sv:93: Verilog $finish
Received $finish() from Verilog, shutting down simulation.

Simulation statistics
=====================
Executed cycles:  238014
Wallclock time:   4.941 s
Simulation speed: 48171.2 cycles/s (48.1712 kHz)
Trace file size:  18230241 B

You can view the simulation traces by calling
$ gtkwave sim.fst

Performance Counters
====================
Cycles:                     238010
Instructions Retired:       121656
LSU Busy:                   12675
Fetch Wait:                 46019
Loads:                      6952
Stores:                     5723
Jumps:                      1916
Conditional Branches:       46476
Taken Conditional Branches: 46015
Compressed Instructions:    0
Multiply Wait:              512
