Program header number 0 in `/workspace/out/cache/b082e365e2968fc81a21aa04d96315b98ad6c258e8b474901440b2637555f788/run/program.elf' is not of type PT_LOAD; ignoring.
Program header number 3 in `/workspace/out/cache/b082e365e2968fc81a21aa04d96315b98ad6c258e8b474901440b2637555f788/run/program.elf' is not of type PT_LOAD; ignoring.
Simulation of Ibex
==================

Tracing can be toggled by sending SIGUSR1 to this process:
$ kill -USR1 18

Simulation running, end by pressing CTRL-c.
Tracing enabled.
Writing simulation traces to sim.fst
TOP.ibex_simple_system.u_top.u_ibex_tracer.unnamedblk2.unnamedblk3: Writing execution trace to trace_core_00000000.log
Terminating simulation by software request.
- src/lowrisc_ibex_sim_shared_0/rtl/sim/simulator_ctrl.sv:93: Verilog $finish
Received $finish() from Verilog, shutting down simulation.

Simulation statistics
=====================
Executed cycles:  238013
Wallclock time:   5.154 s
Simulation speed: 46180.2 cycles/s (46.1802 kHz)
Trace file size:  17926679 B

You can view the simulation traces by calling
$ gtkwave sim.fst

Performance Counters
====================
Cycles:                     238009
Instructions Retired:       124856
LSU Busy:                   11651
Fetch Wait:                 48896
Loads:                      6696
Stores:                     4955
Jumps:                      1921
Conditional Branches:       49355
Taken Conditional Branches: 48892
Compressed Instructions:    0
Multiply Wait:              1792
