Program header number 0 in `/workspace/out/cache/22e6264b8700735145d26ea90692ed71929376afdea7bbb67518276d686033f8/run/program.elf' is not of type PT_LOAD; ignoring.
Program header number 3 in `/workspace/out/cache/22e6264b8700735145d26ea90692ed71929376afdea7bbb67518276d686033f8/run/program.elf' is not of type PT_LOAD; ignoring.
Simulation of Ibex
==================

Tracing can be toggled by sending SIGUSR1 to this process:
$ kill -USR1 18

Simulation running, end by pressing CTRL-c.
Tracing enabled.
Writing simulation traces to sim.fst
TOP.ibex_simple_system.u_top.u_ibex_tracer.unnamedblk2.unnamedblk3: Writing execution trace to trace_core_00000000.log
Terminating simulation by software request.
- src/lowrisc_ibex_sim_shared_0/rtl/sim/simulator_ctrl.sv:93: Verilog $finish
Received $finish() from Verilog, shutting down simulation.

Simulation statistics
=====================
Executed cycles:  238015
Wallclock time:   5.161 s
Simulation speed: 46118 cycles/s (46.118 kHz)
Trace file size:  18106989 B

You can view the simulation traces by calling
$ gtkwave sim.fst

Performance Counters
====================
Cycles:                     238011
Instructions Retired:       124642
LSU Busy:                   11139
Fetch Wait:                 49757
Loads:                      6440
Stores:                     4699
Jumps:                      1919
Conditional Branches:       50215
Taken Conditional Branches: 49753
Compressed Instructions:    0
Multiply Wait:              800
