Program header number 0 in `/workspace/out/cache/41fdd8d1f6b3329fcacf43e06152782f6b1a39eac05efc52946c53cae51b941f/run/program.elf' is not of type PT_LOAD; ignoring.
Program header number 3 in `/workspace/out/cache/41fdd8d1f6b3329fcacf43e06152782f6b1a39eac05efc52946c53cae51b941f/run/program.elf' is not of type PT_LOAD; ignoring.
Simulation of Ibex
==================

Tracing can be toggled by sending SIGUSR1 to this process:
$ kill -USR1 17

Simulation running, end by pressing CTRL-c.
Tracing enabled.
Writing simulation traces to sim.fst
TOP.ibex_simple_system.u_top.u_ibex_tracer.unnamedblk2.unnamedblk3: Writing execution trace to trace_core_00000000.log
Terminating simulation by software request.
- src/lowrisc_ibex_sim_shared_0/rtl/sim/simulator_ctrl.sv:93: Verilog $finish
Received $finish() from Verilog, shutting down simulation.

Simulation statistics
=====================
Executed cycles:  238015
Wallclock time:   5.581 s
Simulation speed: 42647.4 cycles/s (42.6474 kHz)
Trace file size:  19204795 B

You can view the simulation traces by calling
$ gtkwave sim.fst

Performance Counters
====================
Cycles:                     238011
Instructions Retired:       120707
LSU Busy:                   12037
Fetch Wait:                 46445
Loads:                      6890
Stores:                     5147
Jumps:                      1914
Conditional Branches:       46901
Taken Conditional Branches: 46441
Compressed Instructions:    0
Multiply Wait:              500
