Program header number 0 in `/workspace/out/cache/4d6bee30ed0e6f1857c40e4cc100e47bbb63b014bcf237819bbcc3831e25581b/run/program.elf' is not of type PT_LOAD; ignoring.
Program header number 3 in `/workspace/out/cache/4d6bee30ed0e6f1857c40e4cc100e47bbb63b014bcf237819bbcc3831e25581b/run/program.elf' is not of type PT_LOAD; ignoring.
Simulation of Ibex
==================

Tracing can be toggled by sending SIGUSR1 to this process:
$ kill -USR1 18

Simulation running, end by pressing CTRL-c.
Tracing enabled.
Writing simulation traces to sim.fst
TOP.ibex_simple_system.u_top.u_ibex_tracer.unnamedblk2.unnamedblk3: Writing execution trace to trace_core_00000000.log
Terminating simulation by software request.
- src/lowrisc_ibex_sim_shared_0/rtl/sim/simulator_ctrl.sv:93: Verilog $finish
Received $finish() from Verilog, shutting down simulation.

Simulation statistics
=====================
Executed cycles:  238013
Wallclock time:   5.569 s
Simulation speed: 42738.9 cycles/s (42.7389 kHz)
Trace file size:  16776722 B

You can view the simulation traces by calling
$ gtkwave sim.fst

Performance Counters
====================
Cycles:                     238009
Instructions Retired:       114476
LSU Busy:                   11139
Fetch Wait:                 44512
Loads:                      6440
Stores:                     4699
Jumps:                      1904
Conditional Branches:       44948
Taken Conditional Branches: 44508
Compressed Instructions:    0
Multiply Wait:              2048
