Program header number 0 in `/workspace/out/cache/41a18e5089d81329cbb41087b6500fe903b8011a96a3e6ee5431bb6eef8ef8ca/run/program.elf' is not of type PT_LOAD; ignoring.
Program header number 3 in `/workspace/out/cache/41a18e5089d81329cbb41087b6500fe903b8011a96a3e6ee5431bb6eef8ef8ca/run/program.elf' is not of type PT_LOAD; ignoring.
Simulation of Ibex
==================

Tracing can be toggled by sending SIGUSR1 to this process:
$ kill -USR1 16

Simulation running, end by pressing CTRL-c.
Tracing enabled.
Writing simulation traces to sim.fst
TOP.ibex_simple_system.u_top.u_ibex_tracer.unnamedblk2.unnamedblk3: Writing execution trace to trace_core_00000000.log
Terminating simulation by software request.
- src/lowrisc_ibex_sim_shared_0/rtl/sim/simulator_ctrl.sv:93: Verilog $finish
Received $finish() from Verilog, shutting down simulation.

Simulation statistics
=====================
Executed cycles:  238012
Wallclock time:   4.878 s
Simulation speed: 48792.9 cycles/s (48.7929 kHz)
Trace file size:  17734538 B

You can view the simulation traces by calling
$ gtkwave sim.fst

Performance Counters
====================
Cycles:                     238008
Instructions Retired:       127298
LSU Busy:                   13187
Fetch Wait:                 47797
Loads:                      7464
Stores:                     5723
Jumps:                      1932
Conditional Branches:       48267
Taken Conditional Branches: 47793
Compressed Instructions:    0
Multiply Wait:              0
