Program header number 0 in `/workspace/out/cache/8baa26fe963afebad5be076ac6f8e96e8cd109caf83275e0950b135da1be33df/run/program.elf' is not of type PT_LOAD; ignoring.
Program header number 3 in `/workspace/out/cache/8baa26fe963afebad5be076ac6f8e96e8cd109caf83275e0950b135da1be33df/run/program.elf' is not of type PT_LOAD; ignoring.
Simulation of Ibex
==================

Tracing can be toggled by sending SIGUSR1 to this process:
$ kill -USR1 17

Simulation running, end by pressing CTRL-c.
Tracing enabled.
Writing simulation traces to sim.fst
TOP.ibex_simple_system.u_top.u_ibex_tracer.unnamedblk2.unnamedblk3: Writing execution trace to trace_core_00000000.log
Terminating simulation by software request.
- src/lowrisc_ibex_sim_shared_0/rtl/sim/simulator_ctrl.sv:93: Verilog $finish
Received $finish() from Verilog, shutting down simulation.

Simulation statistics
=====================
Executed cycles:  238012
Wallclock time:   5.094 s
Simulation speed: 46724 cycles/s (46.724 kHz)
Trace file size:  17526483 B

You can view the simulation traces by calling
$ gtkwave sim.fst

Performance Counters
====================
Cycles:                     238008
Instructions Retired:       127122
LSU Busy:                   12505
Fetch Wait:                 48225
Loads:                      7122
Stores:                     5383
Jumps:                      1934
Conditional Branches:       49717
Taken Conditional Branches: 48221
Compressed Instructions:    0
Multiply Wait:              0
