Program header number 0 in `/workspace/out/cache/341af178bd0d79da1ca09e8344cc8163bafe0e62df8ab14be93b48b6622e3116/run/program.elf' is not of type PT_LOAD; ignoring.
Program header number 3 in `/workspace/out/cache/341af178bd0d79da1ca09e8344cc8163bafe0e62df8ab14be93b48b6622e3116/run/program.elf' is not of type PT_LOAD; ignoring.
Simulation of Ibex
==================

Tracing can be toggled by sending SIGUSR1 to this process:
$ kill -USR1 16

Simulation running, end by pressing CTRL-c.
Tracing enabled.
Writing simulation traces to sim.fst
TOP.ibex_simple_system.u_top.u_ibex_tracer.unnamedblk2.unnamedblk3: Writing execution trace to trace_core_00000000.log
Terminating simulation by software request.
- src/lowrisc_ibex_sim_shared_0/rtl/sim/simulator_ctrl.sv:93: Verilog $finish
Received $finish() from Verilog, shutting down simulation.

Simulation statistics
=====================
Executed cycles:  238014
Wallclock time:   5.362 s
Simulation speed: 44389 cycles/s (44.389 kHz)
Trace file size:  17593315 B

You can view the simulation traces by calling
$ gtkwave sim.fst

Performance Counters
====================
Cycles:                     238010
Instructions Retired:       118748
LSU Busy:                   11639
Fetch Wait:                 46450
Loads:                      6940
Stores:                     4699
Jumps:                      1908
Conditional Branches:       47098
Taken Conditional Branches: 46446
Compressed Instructions:    0
Multiply Wait:              3092
