Program header number 0 in `/workspace/out/cache/f8df628133684d66178205b5af14c63667c2185f1f655ee3df0010e4a79cba68/run/program.elf' is not of type PT_LOAD; ignoring.
Program header number 3 in `/workspace/out/cache/f8df628133684d66178205b5af14c63667c2185f1f655ee3df0010e4a79cba68/run/program.elf' is not of type PT_LOAD; ignoring.
Simulation of Ibex
==================

Tracing can be toggled by sending SIGUSR1 to this process:
$ kill -USR1 18

Simulation running, end by pressing CTRL-c.
Tracing enabled.
Writing simulation traces to sim.fst
TOP.ibex_simple_system.u_top.u_ibex_tracer.unnamedblk2.unnamedblk3: Writing execution trace to trace_core_00000000.log
Terminating simulation by software request.
- src/lowrisc_ibex_sim_shared_0/rtl/sim/simulator_ctrl.sv:93: Verilog $finish
Received $finish() from Verilog, shutting down simulation.

Simulation statistics
=====================
Executed cycles:  238013
Wallclock time:   4.968 s
Simulation speed: 47909.2 cycles/s (47.9092 kHz)
Trace file size:  18409286 B

You can view the simulation traces by calling
$ gtkwave sim.fst

Performance Counters
====================
Cycles:                     238009
Instructions Retired:       126268
LSU Busy:                   12163
Fetch Wait:                 48828
Loads:                      6952
Stores:                     5211
Jumps:                      1925
Conditional Branches:       49291
Taken Conditional Branches: 48824
Compressed Instructions:    0
Multiply Wait:              0
