Program header number 0 in `/workspace/out/cache/61070e67d1dcc144084dcb008c408e96bbeea145d231d662ea5ca94f063e0f14/run/program.elf' is not of type PT_LOAD; ignoring.
Program header number 3 in `/workspace/out/cache/61070e67d1dcc144084dcb008c408e96bbeea145d231d662ea5ca94f063e0f14/run/program.elf' is not of type PT_LOAD; ignoring.
Simulation of Ibex
==================

Tracing can be toggled by sending SIGUSR1 to this process:
$ kill -USR1 17

Simulation running, end by pressing CTRL-c.
Tracing enabled.
Writing simulation traces to sim.fst
TOP.ibex_simple_system.u_top.u_ibex_tracer.unnamedblk2.unnamedblk3: Writing execution trace to trace_core_00000000.log
Terminating simulation by software request.
- src/lowrisc_ibex_sim_shared_0/rtl/sim/simulator_ctrl.sv:93: Verilog $finish
Received $finish() from Verilog, shutting down simulation.

Simulation statistics
=====================
Executed cycles:  238013
Wallclock time:   5.485 s
Simulation speed: 43393.4 cycles/s (43.3934 kHz)
Trace file size:  17246834 B

You can view the simulation traces by calling
$ gtkwave sim.fst

Performance Counters
====================
Cycles:                     238009
Instructions Retired:       117707
LSU Busy:                   12508
Fetch Wait:                 44845
Loads:                      6881
Stores:                     5627
Jumps:                      1916
Conditional Branches:       45299
Taken Conditional Branches: 44841
Compressed Instructions:    0
Multiply Wait:              0
