Program header number 0 in `/workspace/out/cache/97ae4ca2f53ec4016600563aa937f1d2d300af365857e255708b35e13e1eff66/run/program.elf' is not of type PT_LOAD; ignoring.
Program header number 3 in `/workspace/out/cache/97ae4ca2f53ec4016600563aa937f1d2d300af365857e255708b35e13e1eff66/run/program.elf' is not of type PT_LOAD; ignoring.
Simulation of Ibex
==================

Tracing can be toggled by sending SIGUSR1 to this process:
$ kill -USR1 18

Simulation running, end by pressing CTRL-c.
Tracing enabled.
Writing simulation traces to sim.fst
TOP.ibex_simple_system.u_top.u_ibex_tracer.unnamedblk2.unnamedblk3: Writing execution trace to trace_core_00000000.log
Terminating simulation by software request.
- src/lowrisc_ibex_sim_shared_0/rtl/sim/simulator_ctrl.sv:93: Verilog $finish
Received $finish() from Verilog, shutting down simulation.

Simulation statistics
=====================
Executed cycles:  238012
Wallclock time:   4.909 s
Simulation speed: 48484.8 cycles/s (48.4848 kHz)
Trace file size:  17887331 B

You can view the simulation traces by calling
$ gtkwave sim.fst

Performance Counters
====================
Cycles:                     238008
Instructions Retired:       125812
LSU Busy:                   12574
Fetch Wait:                 48235
Loads:                      7166
Stores:                     5408
Jumps:                      1924
Conditional Branches:       48697
Taken Conditional Branches: 48231
Compressed Instructions:    0
Multiply Wait:              1012
