Program header number 0 in `/workspace/out/cache/825d51444ecf930a6ea636fe0aca31d339f476d218997b8a501c8d3e0e7da1a5/run/program.elf' is not of type PT_LOAD; ignoring.
Program header number 3 in `/workspace/out/cache/825d51444ecf930a6ea636fe0aca31d339f476d218997b8a501c8d3e0e7da1a5/run/program.elf' is not of type PT_LOAD; ignoring.
Simulation of Ibex
==================

Tracing can be toggled by sending SIGUSR1 to this process:
$ kill -USR1 18

Simulation running, end by pressing CTRL-c.
Tracing enabled.
Writing simulation traces to sim.fst
TOP.ibex_simple_system.u_top.u_ibex_tracer.unnamedblk2.unnamedblk3: Writing execution trace to trace_core_00000000.log
Terminating simulation by software request.
- src/lowrisc_ibex_sim_shared_0/rtl/sim/simulator_ctrl.sv:93: Verilog $finish
Received $finish() from Verilog, shutting down simulation.

Simulation statistics
=====================
Executed cycles:  238014
Wallclock time:   4.868 s
Simulation speed: 48893.6 cycles/s (48.8936 kHz)
Trace file size:  17924340 B

You can view the simulation traces by calling
$ gtkwave sim.fst

Performance Counters
====================
Cycles:                     238010
Instructions Retired:       125687
LSU Busy:                   12255
Fetch Wait:                 49072
Loads:                      6881
Stores:                     5374
Jumps:                      1927
Conditional Branches:       49753
Taken Conditional Branches: 49068
Compressed Instructions:    0
Multiply Wait:              0
