Program header number 0 in `/workspace/out/cache/4b8722a0e0b7c19bfcde72b55fc6f37e70f0fb3e41b8a97a9d5aa4b8873578f6/run/program.elf' is not of type PT_LOAD; ignoring.
Program header number 3 in `/workspace/out/cache/4b8722a0e0b7c19bfcde72b55fc6f37e70f0fb3e41b8a97a9d5aa4b8873578f6/run/program.elf' is not of type PT_LOAD; ignoring.
Simulation of Ibex
==================

Tracing can be toggled by sending SIGUSR1 to this process:
$ kill -USR1 18

Simulation running, end by pressing CTRL-c.
Tracing enabled.
Writing simulation traces to sim.fst
TOP.ibex_simple_system.u_top.u_ibex_tracer.unnamedblk2.unnamedblk3: Writing execution trace to trace_core_00000000.log
Terminating simulation by software request.
- src/lowrisc_ibex_sim_shared_0/rtl/sim/simulator_ctrl.sv:93: Verilog $finish
Received $finish() from Verilog, shutting down simulation.

Simulation statistics
=====================
Executed cycles:  238012
Wallclock time:   4.92 s
Simulation speed: 48376.4 cycles/s (48.3764 kHz)
Trace file size:  18006579 B

You can view the simulation traces by calling
$ gtkwave sim.fst

Performance Counters
====================
Cycles:                     238008
Instructions Retired:       125369
LSU Busy:                   12163
Fetch Wait:                 48254
Loads:                      6952
Stores:                     5211
Jumps:                      1923
Conditional Branches:       48971
Taken Conditional Branches: 48250
Compressed Instructions:    0
Multiply Wait:              2048
