Program header number 0 in `/workspace/out/cache/7b3eb87891658b86a9e5dc4a3e98c4b8801b78a71be91ae6337f66634c3bc456/run/program.elf' is not of type PT_LOAD; ignoring.
Program header number 3 in `/workspace/out/cache/7b3eb87891658b86a9e5dc4a3e98c4b8801b78a71be91ae6337f66634c3bc456/run/program.elf' is not of type PT_LOAD; ignoring.
Simulation of Ibex
==================

Tracing can be toggled by sending SIGUSR1 to this process:
$ kill -USR1 18

Simulation running, end by pressing CTRL-c.
Tracing enabled.
Writing simulation traces to sim.fst
TOP.ibex_simple_system.u_top.u_ibex_tracer.unnamedblk2.unnamedblk3: Writing execution trace to trace_core_00000000.log
Terminating simulation by software request.
- src/lowrisc_ibex_sim_shared_0/rtl/sim/simulator_ctrl.sv:93: Verilog $finish
Received $finish() from Verilog, shutting down simulation.

Simulation statistics
=====================
Executed cycles:  238015
Wallclock time:   4.175 s
Simulation speed: 57009.6 cycles/s (57.0096 kHz)
Trace file size:  15183608 B

You can view the simulation traces by calling
$ gtkwave sim.fst

Performance Counters
====================
Cycles:                     238011
Instructions Retired:       87331
LSU Busy:                   11139
Fetch Wait:                 30929
Loads:                      6440
Stores:                     4699
Jumps:                      1910
Conditional Branches:       31371
Taken Conditional Branches: 30925
Compressed Instructions:    0
Multiply Wait:              0
