Program header number 0 in `/workspace/out/cache/72a9da8aa2a698c151ec3cc3ebea5a7e154a3f1379c66cfe3713248972f18d71/run/program.elf' is not of type PT_LOAD; ignoring.
Program header number 3 in `/workspace/out/cache/72a9da8aa2a698c151ec3cc3ebea5a7e154a3f1379c66cfe3713248972f18d71/run/program.elf' is not of type PT_LOAD; ignoring.
Simulation of Ibex
==================

Tracing can be toggled by sending SIGUSR1 to this process:
$ kill -USR1 17

Simulation running, end by pressing CTRL-c.
Tracing enabled.
Writing simulation traces to sim.fst
TOP.ibex_simple_system.u_top.u_ibex_tracer.unnamedblk2.unnamedblk3: Writing execution trace to trace_core_00000000.log
Terminating simulation by software request.
- src/lowrisc_ibex_sim_shared_0/rtl/sim/simulator_ctrl.sv:93: Verilog $finish
Received $finish() from Verilog, shutting down simulation.

Simulation statistics
=====================
Executed cycles:  238012
Wallclock time:   4.033 s
Simulation speed: 59016.1 cycles/s (59.0161 kHz)
Trace file size:  15815711 B

You can view the simulation traces by calling
$ gtkwave sim.fst

Performance Counters
====================
Cycles:                     238008
Instructions Retired:       97081
LSU Busy:                   11139
Fetch Wait:                 35803
Loads:                      6440
Stores:                     4699
Jumps:                      1900
Conditional Branches:       36245
Taken Conditional Branches: 35799
Compressed Instructions:    0
Multiply Wait:              0
