Program header number 0 in `/workspace/out/cache/d0ed2a26906063d84642423f528765444438f1a400a72be31c40d60af531d18a/run/program.elf' is not of type PT_LOAD; ignoring.
Program header number 3 in `/workspace/out/cache/d0ed2a26906063d84642423f528765444438f1a400a72be31c40d60af531d18a/run/program.elf' is not of type PT_LOAD; ignoring.
Simulation of Ibex
==================

Tracing can be toggled by sending SIGUSR1 to this process:
$ kill -USR1 17

Simulation running, end by pressing CTRL-c.
Tracing enabled.
Writing simulation traces to sim.fst
TOP.ibex_simple_system.u_top.u_ibex_tracer.unnamedblk2.unnamedblk3: Writing execution trace to trace_core_00000000.log
Terminating simulation by software request.
- src/lowrisc_ibex_sim_shared_0/rtl/sim/simulator_ctrl.sv:93: Verilog $finish
Received $finish() from Verilog, shutting down simulation.

Simulation statistics
=====================
Executed cycles:  238014
Wallclock time:   5.757 s
Simulation speed: 41343.4 cycles/s (41.3434 kHz)
Trace file size:  18394963 B

You can view the simulation traces by calling
$ gtkwave sim.fst

Performance Counters
====================
Cycles:                     238010
Instructions Retired:       125225
LSU Busy:                   12163
Fetch Wait:                 48849
Loads:                      6952
Stores:                     5211
Jumps:                      1903
Conditional Branches:       49292
Taken Conditional Branches: 48845
Compressed Instructions:    0
Multiply Wait:              1024
