Program header number 0 in `/workspace/out/cache/d4572769b018012a340ad0487a99d2a32fa90995880121fc6a6be8c6796e964c/run/program.elf' is not of type PT_LOAD; ignoring.
Program header number 3 in `/workspace/out/cache/d4572769b018012a340ad0487a99d2a32fa90995880121fc6a6be8c6796e964c/run/program.elf' is not of type PT_LOAD; ignoring.
Simulation of Ibex
==================

Tracing can be toggled by sending SIGUSR1 to this process:
$ kill -USR1 18

Simulation running, end by pressing CTRL-c.
Tracing enabled.
Writing simulation traces to sim.fst
TOP.ibex_simple_system.u_top.u_ibex_tracer.unnamedblk2.unnamedblk3: Writing execution trace to trace_core_00000000.log
Terminating simulation by software request.
- src/lowrisc_ibex_sim_shared_0/rtl/sim/simulator_ctrl.sv:93: Verilog $finish
Received $finish() from Verilog, shutting down simulation.

Simulation statistics
=====================
Executed cycles:  238013
Wallclock time:   5.486 s
Simulation speed: 43385.5 cycles/s (43.3855 kHz)
Trace file size:  18250848 B

You can view the simulation traces by calling
$ gtkwave sim.fst

Performance Counters
====================
Cycles:                     238009
Instructions Retired:       120060
LSU Busy:                   12897
Fetch Wait:                 44835
Loads:                      8198
Stores:                     4699
Jumps:                      1915
Conditional Branches:       45292
Taken Conditional Branches: 44831
Compressed Instructions:    0
Multiply Wait:              546
