Program header number 0 in `/workspace/out/cache/c00c7aa666b268e2326920b16a9bd53c104499b87dd0eb9b07bdc5bc19389a99/run/program.elf' is not of type PT_LOAD; ignoring.
Program header number 3 in `/workspace/out/cache/c00c7aa666b268e2326920b16a9bd53c104499b87dd0eb9b07bdc5bc19389a99/run/program.elf' is not of type PT_LOAD; ignoring.
Simulation of Ibex
==================

Tracing can be toggled by sending SIGUSR1 to this process:
$ kill -USR1 16

Simulation running, end by pressing CTRL-c.
Tracing enabled.
Writing simulation traces to sim.fst
TOP.ibex_simple_system.u_top.u_ibex_tracer.unnamedblk2.unnamedblk3: Writing execution trace to trace_core_00000000.log
Terminating simulation by software request.
- src/lowrisc_ibex_sim_shared_0/rtl/sim/simulator_ctrl.sv:93: Verilog $finish
Received $finish() from Verilog, shutting down simulation.

Simulation statistics
=====================
Executed cycles:  238015
Wallclock time:   5.535 s
Simulation speed: 43001.8 cycles/s (43.0018 kHz)
Trace file size:  17825073 B

You can view the simulation traces by calling
$ gtkwave sim.fst

Performance Counters
====================
Cycles:                     238011
Instructions Retired:       123364
LSU Busy:                   11713
Fetch Wait:                 48568
Loads:                      7014
Stores:                     4699
Jumps:                      1927
Conditional Branches:       49210
Taken Conditional Branches: 48564
Compressed Instructions:    0
Multiply Wait:              3874
