Program header number 0 in `/workspace/out/cache/62bcdd9efba5d04214f49b66bd300bf8354aee79234f36bc3bba476374118751/run/program.elf' is not of type PT_LOAD; ignoring.
Program header number 3 in `/workspace/out/cache/62bcdd9efba5d04214f49b66bd300bf8354aee79234f36bc3bba476374118751/run/program.elf' is not of type PT_LOAD; ignoring.
Simulation of Ibex
==================

Tracing can be toggled by sending SIGUSR1 to this process:
$ kill -USR1 17

Simulation running, end by pressing CTRL-c.
Tracing enabled.
Writing simulation traces to sim.fst
TOP.ibex_simple_system.u_top.u_ibex_tracer.unnamedblk2.unnamedblk3: Writing execution trace to trace_core_00000000.log
Terminating simulation by software request.
- src/lowrisc_ibex_sim_shared_0/rtl/sim/simulator_ctrl.sv:93: Verilog $finish
Received $finish() from Verilog, shutting down simulation.

Simulation statistics
=====================
Executed cycles:  238013
Wallclock time:   4.672 s
Simulation speed: 50944.6 cycles/s (50.9446 kHz)
Trace file size:  18171856 B

You can view the simulation traces by calling
$ gtkwave sim.fst

Performance Counters
====================
Cycles:                     238009
Instructions Retired:       125382
LSU Busy:                   11709
Fetch Wait:                 49088
Loads:                      6725
Stores:                     4984
Jumps:                      1913
Conditional Branches:       49537
Taken Conditional Branches: 49084
Compressed Instructions:    0
Multiply Wait:              832
