Program header number 0 in `/workspace/out/cache/471b8f116925b89d155bebcc55a2bb39ebb09318fd2a4052dbbe8c04444bce32/run/program.elf' is not of type PT_LOAD; ignoring.
Program header number 3 in `/workspace/out/cache/471b8f116925b89d155bebcc55a2bb39ebb09318fd2a4052dbbe8c04444bce32/run/program.elf' is not of type PT_LOAD; ignoring.
Simulation of Ibex
==================

Tracing can be toggled by sending SIGUSR1 to this process:
$ kill -USR1 18

Simulation running, end by pressing CTRL-c.
Tracing enabled.
Writing simulation traces to sim.fst
TOP.ibex_simple_system.u_top.u_ibex_tracer.unnamedblk2.unnamedblk3: Writing execution trace to trace_core_00000000.log
Terminating simulation by software request.
- src/lowrisc_ibex_sim_shared_0/rtl/sim/simulator_ctrl.sv:93: Verilog $finish
Received $finish() from Verilog, shutting down simulation.

Simulation statistics
=====================
Executed cycles:  238013
Wallclock time:   4.531 s
Simulation speed: 52529.9 cycles/s (52.5299 kHz)
Trace file size:  16522215 B

You can view the simulation traces by calling
$ gtkwave sim.fst

Performance Counters
====================
Cycles:                     238009
Instructions Retired:       106796
LSU Busy:                   11139
Fetch Wait:                 40648
Loads:                      6440
Stores:                     4699
Jumps:                      1917
Conditional Branches:       41099
Taken Conditional Branches: 40644
Compressed Instructions:    0
Multiply Wait:              0
