Program header number 0 in `/workspace/out/cache/b83f3a27eff52cb6f3654a7a14ba0c5d91ff8ed4427c6eb94e4dfdd411789694/run/program.elf' is not of type PT_LOAD; ignoring.
Program header number 3 in `/workspace/out/cache/b83f3a27eff52cb6f3654a7a14ba0c5d91ff8ed4427c6eb94e4dfdd411789694/run/program.elf' is not of type PT_LOAD; ignoring.
Simulation of Ibex
==================

Tracing can be toggled by sending SIGUSR1 to this process:
$ kill -USR1 17

Simulation running, end by pressing CTRL-c.
Tracing enabled.
Writing simulation traces to sim.fst
TOP.ibex_simple_system.u_top.u_ibex_tracer.unnamedblk2.unnamedblk3: Writing execution trace to trace_core_00000000.log
Terminating simulation by software request.
- src/lowrisc_ibex_sim_shared_0/rtl/sim/simulator_ctrl.sv:93: Verilog $finish
Received $finish() from Verilog, shutting down simulation.

Simulation statistics
=====================
Executed cycles:  238012
Wallclock time:   4.369 s
Simulation speed: 54477.5 cycles/s (54.4775 kHz)
Trace file size:  16426018 B

You can view the simulation traces by calling
$ gtkwave sim.fst

Performance Counters
====================
Cycles:                     238008
Instructions Retired:       104685
LSU Busy:                   11139
Fetch Wait:                 41586
Loads:                      6440
Stores:                     4699
Jumps:                      1930
Conditional Branches:       42073
Taken Conditional Branches: 41582
Compressed Instructions:    0
Multiply Wait:              256
