Program header number 0 in `/workspace/out/cache/57656514426e545281c3f9accbe54f136a3e95f466e333ff57e00df1ebba9cb1/run/program.elf' is not of type PT_LOAD; ignoring.
Program header number 3 in `/workspace/out/cache/57656514426e545281c3f9accbe54f136a3e95f466e333ff57e00df1ebba9cb1/run/program.elf' is not of type PT_LOAD; ignoring.
Simulation of Ibex
==================

Tracing can be toggled by sending SIGUSR1 to this process:
$ kill -USR1 17

Simulation running, end by pressing CTRL-c.
Tracing enabled.
Writing simulation traces to sim.fst
TOP.ibex_simple_system.u_top.u_ibex_tracer.unnamedblk2.unnamedblk3: Writing execution trace to trace_core_00000000.log
Terminating simulation by software request.
- src/lowrisc_ibex_sim_shared_0/rtl/sim/simulator_ctrl.sv:93: Verilog $finish
Received $finish() from Verilog, shutting down simulation.

Simulation statistics
=====================
Executed cycles:  238012
Wallclock time:   3.867 s
Simulation speed: 61549.5 cycles/s (61.5495 kHz)
Trace file size:  15898333 B

You can view the simulation traces by calling
$ gtkwave sim.fst

Performance Counters
====================
Cycles:                     238008
Instructions Retired:       97343
LSU Busy:                   11139
Fetch Wait:                 35896
Loads:                      6440
Stores:                     4699
Jumps:                      1929
Conditional Branches:       36363
Taken Conditional Branches: 35892
Compressed Instructions:    0
Multiply Wait:              0
