Program header number 0 in `/workspace/out/cache/b551451660dd6ab865f83136636687b439c29b8e7ade75823b82eb13f070da7b/run/program.elf' is not of type PT_LOAD; ignoring.
Program header number 3 in `/workspace/out/cache/b551451660dd6ab865f83136636687b439c29b8e7ade75823b82eb13f070da7b/run/program.elf' is not of type PT_LOAD; ignoring.
Simulation of Ibex
==================

Tracing can be toggled by sending SIGUSR1 to this process:
$ kill -USR1 18

Simulation running, end by pressing CTRL-c.
Tracing enabled.
Writing simulation traces to sim.fst
TOP.ibex_simple_system.u_top.u_ibex_tracer.unnamedblk2.unnamedblk3: Writing execution trace to trace_core_00000000.log
Terminating simulation by software request.
- src/lowrisc_ibex_sim_shared_0/rtl/sim/simulator_ctrl.sv:93: Verilog $finish
Received $finish() from Verilog, shutting down simulation.

Simulation statistics
=====================
Executed cycles:  238013
Wallclock time:   5.105 s
Simulation speed: 46623.5 cycles/s (46.6235 kHz)
Trace file size:  17683777 B

You can view the simulation traces by calling
$ gtkwave sim.fst

Performance Counters
====================
Cycles:                     238009
Instructions Retired:       115509
LSU Busy:                   11139
Fetch Wait:                 44991
Loads:                      6440
Stores:                     4699
Jumps:                      1926
Conditional Branches:       45451
Taken Conditional Branches: 44987
Compressed Instructions:    0
Multiply Wait:              1024
