Program header number 0 in `/workspace/out/cache/fc877f5aa2db61fb931861ae6fefbf8a8e8c3fc6b060c0bc4f601e87a85a0a4e/run/program.elf' is not of type PT_LOAD; ignoring.
Program header number 3 in `/workspace/out/cache/fc877f5aa2db61fb931861ae6fefbf8a8e8c3fc6b060c0bc4f601e87a85a0a4e/run/program.elf' is not of type PT_LOAD; ignoring.
Simulation of Ibex
==================

Tracing can be toggled by sending SIGUSR1 to this process:
$ kill -USR1 17

Simulation running, end by pressing CTRL-c.
Tracing enabled.
Writing simulation traces to sim.fst
TOP.ibex_simple_system.u_top.u_ibex_tracer.unnamedblk2.unnamedblk3: Writing execution trace to trace_core_00000000.log
Terminating simulation by software request.
- src/lowrisc_ibex_sim_shared_0/rtl/sim/simulator_ctrl.sv:93: Verilog $finish
Received $finish() from Verilog, shutting down simulation.

Simulation statistics
=====================
Executed cycles:  238013
Wallclock time:   5.119 s
Simulation speed: 46496 cycles/s (46.496 kHz)
Trace file size:  16939312 B

You can view the simulation traces by calling
$ gtkwave sim.fst

Performance Counters
====================
Cycles:                     238009
Instructions Retired:       115340
LSU Busy:                   11685
Fetch Wait:                 43778
Loads:                      6986
Stores:                     4699
Jumps:                      1914
Conditional Branches:       45016
Taken Conditional Branches: 43774
Compressed Instructions:    0
Multiply Wait:              308
