OpenSTA 3.1.0 a9a3f30ca9 Copyright (c) 2026, Parallax Software, Inc.
License GPLv3: GNU GPL version 3 <http://gnu.org/licenses/gpl.html>

This is free software, and you are free to change and redistribute it
under certain conditions; type `show_copying' for details. 
This program comes with ABSOLUTELY NO WARRANTY; for details type `show_warranty'.
Annotated 90247 pin activities.
Group                          Internal          Switching            Leakage              Total
                                  Power              Power              Power              Power (Watts)
------------------------------------------------------------------------------------------------
Sequential           3.020884934813e-03 7.072117878124e-04 8.660829386997e-09 3.728105453774e-03  49.5%
Combinational        1.775175216608e-03 2.033346565440e-03 4.188920499359e-08 3.808563575149e-03  50.5%
Clock                0.000000000000e+00 0.000000000000e+00 0.000000000000e+00 0.000000000000e+00   0.0%
Macro                0.000000000000e+00 0.000000000000e+00 0.000000000000e+00 0.000000000000e+00   0.0%
Pad                  0.000000000000e+00 0.000000000000e+00 0.000000000000e+00 0.000000000000e+00   0.0%
------------------------------------------------------------------------------------------------
Total                4.796036519110e-03 2.740558469668e-03 5.054972262997e-08 7.536645513028e-03 100.0%
                                  63.6%              36.4%               0.0%
vcd         90247
unannotated     0
Unannotated pins:
LEAF_SWITCHING_SUM 22901 0.0027405698103377674
