Program header number 0 in `/workspace/out/cache/63b147a00a313310143d7317d36b35824e84c74704bb14359447bc0dfb0c22ff/run/program.elf' is not of type PT_LOAD; ignoring.
Program header number 3 in `/workspace/out/cache/63b147a00a313310143d7317d36b35824e84c74704bb14359447bc0dfb0c22ff/run/program.elf' is not of type PT_LOAD; ignoring.
Simulation of Ibex
==================

Tracing can be toggled by sending SIGUSR1 to this process:
$ kill -USR1 18

Simulation running, end by pressing CTRL-c.
Tracing enabled.
Writing simulation traces to sim.fst
TOP.ibex_simple_system.u_top.u_ibex_tracer.unnamedblk2.unnamedblk3: Writing execution trace to trace_core_00000000.log
Terminating simulation by software request.
- src/lowrisc_ibex_sim_shared_0/rtl/sim/simulator_ctrl.sv:93: Verilog $finish
Received $finish() from Verilog, shutting down simulation.

Simulation statistics
=====================
Executed cycles:  238015
Wallclock time:   4.979 s
Simulation speed: 47803.8 cycles/s (47.8038 kHz)
Trace file size:  17401568 B

You can view the simulation traces by calling
$ gtkwave sim.fst

Performance Counters
====================
Cycles:                     238011
Instructions Retired:       113304
LSU Busy:                   11949
Fetch Wait:                 42870
Loads:                      7000
Stores:                     4949
Jumps:                      1920
Conditional Branches:       43330
Taken Conditional Branches: 42866
Compressed Instructions:    0
Multiply Wait:              720
