Program header number 0 in `/workspace/out/cache/4cb2d6ad0a1ffa3f933f1aac8649f5428d6337f0f2f378dddc852d5f32f64ad1/run/program.elf' is not of type PT_LOAD; ignoring.
Program header number 3 in `/workspace/out/cache/4cb2d6ad0a1ffa3f933f1aac8649f5428d6337f0f2f378dddc852d5f32f64ad1/run/program.elf' is not of type PT_LOAD; ignoring.
Simulation of Ibex
==================

Tracing can be toggled by sending SIGUSR1 to this process:
$ kill -USR1 16

Simulation running, end by pressing CTRL-c.
Tracing enabled.
Writing simulation traces to sim.fst
TOP.ibex_simple_system.u_top.u_ibex_tracer.unnamedblk2.unnamedblk3: Writing execution trace to trace_core_00000000.log
Terminating simulation by software request.
- src/lowrisc_ibex_sim_shared_0/rtl/sim/simulator_ctrl.sv:93: Verilog $finish
Received $finish() from Verilog, shutting down simulation.

Simulation statistics
=====================
Executed cycles:  238012
Wallclock time:   4.821 s
Simulation speed: 49369.8 cycles/s (49.3698 kHz)
Trace file size:  16757980 B

You can view the simulation traces by calling
$ gtkwave sim.fst

Performance Counters
====================
Cycles:                     238008
Instructions Retired:       105228
LSU Busy:                   11139
Fetch Wait:                 39915
Loads:                      6440
Stores:                     4699
Jumps:                      1878
Conditional Branches:       40331
Taken Conditional Branches: 39911
Compressed Instructions:    0
Multiply Wait:              0
