Program header number 0 in `/workspace/out/cache/5f3f175d85847d0f5c89e345cc3a1e694411bb0a9c616b22e4d65e50b969b267/run/program.elf' is not of type PT_LOAD; ignoring.
Program header number 3 in `/workspace/out/cache/5f3f175d85847d0f5c89e345cc3a1e694411bb0a9c616b22e4d65e50b969b267/run/program.elf' is not of type PT_LOAD; ignoring.
Simulation of Ibex
==================

Tracing can be toggled by sending SIGUSR1 to this process:
$ kill -USR1 17

Simulation running, end by pressing CTRL-c.
Tracing enabled.
Writing simulation traces to sim.fst
TOP.ibex_simple_system.u_top.u_ibex_tracer.unnamedblk2.unnamedblk3: Writing execution trace to trace_core_00000000.log
Terminating simulation by software request.
- src/lowrisc_ibex_sim_shared_0/rtl/sim/simulator_ctrl.sv:93: Verilog $finish
Received $finish() from Verilog, shutting down simulation.

Simulation statistics
=====================
Executed cycles:  238013
Wallclock time:   4.374 s
Simulation speed: 54415.4 cycles/s (54.4154 kHz)
Trace file size:  16621981 B

You can view the simulation traces by calling
$ gtkwave sim.fst

Performance Counters
====================
Cycles:                     238009
Instructions Retired:       109104
LSU Busy:                   11139
Fetch Wait:                 41818
Loads:                      6440
Stores:                     4699
Jumps:                      1907
Conditional Branches:       42259
Taken Conditional Branches: 41814
Compressed Instructions:    0
Multiply Wait:              800
