Program header number 0 in `/workspace/out/cache/e3be0a3b26ce9c1de562b0b46a82824098c59bab2a6a41ab1a693f27505220e6/run/program.elf' is not of type PT_LOAD; ignoring.
Program header number 3 in `/workspace/out/cache/e3be0a3b26ce9c1de562b0b46a82824098c59bab2a6a41ab1a693f27505220e6/run/program.elf' is not of type PT_LOAD; ignoring.
Simulation of Ibex
==================

Tracing can be toggled by sending SIGUSR1 to this process:
$ kill -USR1 17

Simulation running, end by pressing CTRL-c.
Tracing enabled.
Writing simulation traces to sim.fst
TOP.ibex_simple_system.u_top.u_ibex_tracer.unnamedblk2.unnamedblk3: Writing execution trace to trace_core_00000000.log
Terminating simulation by software request.
- src/lowrisc_ibex_sim_shared_0/rtl/sim/simulator_ctrl.sv:93: Verilog $finish
Received $finish() from Verilog, shutting down simulation.

Simulation statistics
=====================
Executed cycles:  238014
Wallclock time:   5.574 s
Simulation speed: 42700.8 cycles/s (42.7008 kHz)
Trace file size:  18468295 B

You can view the simulation traces by calling
$ gtkwave sim.fst

Performance Counters
====================
Cycles:                     238010
Instructions Retired:       120848
LSU Busy:                   11503
Fetch Wait:                 47139
Loads:                      6804
Stores:                     4699
Jumps:                      1901
Conditional Branches:       47580
Taken Conditional Branches: 47135
Compressed Instructions:    0
Multiply Wait:              1376
