Program header number 0 in `/workspace/out/cache/8568ebc0e398e0aee5643996e6a83b1f3ffe1987b6807ae24c28ad67b63bdf31/run/program.elf' is not of type PT_LOAD; ignoring.
Program header number 3 in `/workspace/out/cache/8568ebc0e398e0aee5643996e6a83b1f3ffe1987b6807ae24c28ad67b63bdf31/run/program.elf' is not of type PT_LOAD; ignoring.
Simulation of Ibex
==================

Tracing can be toggled by sending SIGUSR1 to this process:
$ kill -USR1 17

Simulation running, end by pressing CTRL-c.
Tracing enabled.
Writing simulation traces to sim.fst
TOP.ibex_simple_system.u_top.u_ibex_tracer.unnamedblk2.unnamedblk3: Writing execution trace to trace_core_00000000.log
Terminating simulation by software request.
- src/lowrisc_ibex_sim_shared_0/rtl/sim/simulator_ctrl.sv:93: Verilog $finish
Received $finish() from Verilog, shutting down simulation.

Simulation statistics
=====================
Executed cycles:  238014
Wallclock time:   5.529 s
Simulation speed: 43048.3 cycles/s (43.0483 kHz)
Trace file size:  17820183 B

You can view the simulation traces by calling
$ gtkwave sim.fst

Performance Counters
====================
Cycles:                     238010
Instructions Retired:       123732
LSU Busy:                   11480
Fetch Wait:                 50443
Loads:                      6781
Stores:                     4699
Jumps:                      1915
Conditional Branches:       52171
Taken Conditional Branches: 50439
Compressed Instructions:    0
Multiply Wait:              0
