Program header number 0 in `/workspace/out/cache/95c33d5fa91b761ccd7303b7f169a4d16be26c010551b2585f56f5db6cee2d20/run/program.elf' is not of type PT_LOAD; ignoring.
Program header number 3 in `/workspace/out/cache/95c33d5fa91b761ccd7303b7f169a4d16be26c010551b2585f56f5db6cee2d20/run/program.elf' is not of type PT_LOAD; ignoring.
Simulation of Ibex
==================

Tracing can be toggled by sending SIGUSR1 to this process:
$ kill -USR1 18

Simulation running, end by pressing CTRL-c.
Tracing enabled.
Writing simulation traces to sim.fst
TOP.ibex_simple_system.u_top.u_ibex_tracer.unnamedblk2.unnamedblk3: Writing execution trace to trace_core_00000000.log
Terminating simulation by software request.
- src/lowrisc_ibex_sim_shared_0/rtl/sim/simulator_ctrl.sv:93: Verilog $finish
Received $finish() from Verilog, shutting down simulation.

Simulation statistics
=====================
Executed cycles:  238012
Wallclock time:   5.017 s
Simulation speed: 47441.1 cycles/s (47.4411 kHz)
Trace file size:  17938121 B

You can view the simulation traces by calling
$ gtkwave sim.fst

Performance Counters
====================
Cycles:                     238008
Instructions Retired:       124283
LSU Busy:                   11685
Fetch Wait:                 49121
Loads:                      6986
Stores:                     4699
Jumps:                      1921
Conditional Branches:       49778
Taken Conditional Branches: 49117
Compressed Instructions:    0
Multiply Wait:              1504
