OpenSTA 3.1.0 a9a3f30ca9 Copyright (c) 2026, Parallax Software, Inc.
License GPLv3: GNU GPL version 3 <http://gnu.org/licenses/gpl.html>

This is free software, and you are free to change and redistribute it
under certain conditions; type `show_copying' for details. 
This program comes with ABSOLUTELY NO WARRANTY; for details type `show_warranty'.
Annotated 2 pin activities.
Pin Name Activity Duty Cycle
--------------------------------------------------------
u_inv/Y 0.0666665 0.667
u_inv/A 0.0666665 0.333

Annotated 2 pin activities.
Pin Name Activity Duty Cycle
--------------------------------------------------------
u_inv/Y 0.1 1.000
u_inv/A 0.1 0.000

Annotated 2 pin activities.
Pin Name Activity Duty Cycle
--------------------------------------------------------
u_inv/Y 0.2 0.000
u_inv/A 0.2 1.000

Annotated 2 pin activities.
Pin Name Activity Duty Cycle
--------------------------------------------------------
u_inv/Y 0.1 1.000
u_inv/A 0.1 0.000

Annotated 2 pin activities.
Pin Name Activity Duty Cycle
--------------------------------------------------------
u_inv/Y 0.25 0.500
u_inv/A 0.25 0.500

Annotated 2 pin activities.
Pin Name Activity Duty Cycle
--------------------------------------------------------
u_inv/Y 0.125 0.750
u_inv/A 0.125 0.250

Annotated 2 pin activities.
Pin Name Activity Duty Cycle
--------------------------------------------------------
u_inv/Y 0.125 0.250
u_inv/A 0.125 0.750

Annotated 2 pin activities.
Pin Name Activity Duty Cycle
--------------------------------------------------------
u_inv/Y 0.25 0.500
u_inv/A 0.25 0.500

Annotated 2 pin activities.
Pin Name Activity Duty Cycle
--------------------------------------------------------
u_inv/Y 0.125 0.250
u_inv/A 0.125 0.750

Annotated 2 pin activities.
Pin Name Activity Duty Cycle
--------------------------------------------------------
u_inv/Y 0.125 0.750
u_inv/A 0.125 0.250

