Program header number 0 in `/workspace/out/cache/dea0aca28883564be94508988ec253c4e2119faa9266c06bfa981bbff4b1d08c/run/program.elf' is not of type PT_LOAD; ignoring.
Program header number 3 in `/workspace/out/cache/dea0aca28883564be94508988ec253c4e2119faa9266c06bfa981bbff4b1d08c/run/program.elf' is not of type PT_LOAD; ignoring.
Simulation of Ibex
==================

Tracing can be toggled by sending SIGUSR1 to this process:
$ kill -USR1 17

Simulation running, end by pressing CTRL-c.
Tracing enabled.
Writing simulation traces to sim.fst
TOP.ibex_simple_system.u_top.u_ibex_tracer.unnamedblk2.unnamedblk3: Writing execution trace to trace_core_00000000.log
Terminating simulation by software request.
- src/lowrisc_ibex_sim_shared_0/rtl/sim/simulator_ctrl.sv:93: Verilog $finish
Received $finish() from Verilog, shutting down simulation.

Simulation statistics
=====================
Executed cycles:  238014
Wallclock time:   4.349 s
Simulation speed: 54728.4 cycles/s (54.7284 kHz)
Trace file size:  15436964 B

You can view the simulation traces by calling
$ gtkwave sim.fst

Performance Counters
====================
Cycles:                     238010
Instructions Retired:       88397
LSU Busy:                   11139
Fetch Wait:                 31429
Loads:                      6440
Stores:                     4699
Jumps:                      1926
Conditional Branches:       31893
Taken Conditional Branches: 31425
Compressed Instructions:    0
Multiply Wait:              0
