Program header number 0 in `/workspace/out/cache/ecc61dd0fb36f79a0c8c61e94f5301b1847752b19c6fa6493d93eaaf14bfa792/run/program.elf' is not of type PT_LOAD; ignoring.
Program header number 3 in `/workspace/out/cache/ecc61dd0fb36f79a0c8c61e94f5301b1847752b19c6fa6493d93eaaf14bfa792/run/program.elf' is not of type PT_LOAD; ignoring.
Simulation of Ibex
==================

Tracing can be toggled by sending SIGUSR1 to this process:
$ kill -USR1 18

Simulation running, end by pressing CTRL-c.
Tracing enabled.
Writing simulation traces to sim.fst
TOP.ibex_simple_system.u_top.u_ibex_tracer.unnamedblk2.unnamedblk3: Writing execution trace to trace_core_00000000.log
Terminating simulation by software request.
- src/lowrisc_ibex_sim_shared_0/rtl/sim/simulator_ctrl.sv:93: Verilog $finish
Received $finish() from Verilog, shutting down simulation.

Simulation statistics
=====================
Executed cycles:  238012
Wallclock time:   4.879 s
Simulation speed: 48782.9 cycles/s (48.7829 kHz)
Trace file size:  18251262 B

You can view the simulation traces by calling
$ gtkwave sim.fst

Performance Counters
====================
Cycles:                     238008
Instructions Retired:       124731
LSU Busy:                   11139
Fetch Wait:                 49840
Loads:                      6440
Stores:                     4699
Jumps:                      1927
Conditional Branches:       50306
Taken Conditional Branches: 49836
Compressed Instructions:    0
Multiply Wait:              534
