Program header number 0 in `/workspace/out/cache/5887f79a88317538c3d6d2be2d70ae15fb88f05c2c23e8ab89dd069697f47a21/run/program.elf' is not of type PT_LOAD; ignoring.
Program header number 3 in `/workspace/out/cache/5887f79a88317538c3d6d2be2d70ae15fb88f05c2c23e8ab89dd069697f47a21/run/program.elf' is not of type PT_LOAD; ignoring.
Simulation of Ibex
==================

Tracing can be toggled by sending SIGUSR1 to this process:
$ kill -USR1 17

Simulation running, end by pressing CTRL-c.
Tracing enabled.
Writing simulation traces to sim.fst
TOP.ibex_simple_system.u_top.u_ibex_tracer.unnamedblk2.unnamedblk3: Writing execution trace to trace_core_00000000.log
Terminating simulation by software request.
- src/lowrisc_ibex_sim_shared_0/rtl/sim/simulator_ctrl.sv:93: Verilog $finish
Received $finish() from Verilog, shutting down simulation.

Simulation statistics
=====================
Executed cycles:  238012
Wallclock time:   4.344 s
Simulation speed: 54791 cycles/s (54.791 kHz)
Trace file size:  17210322 B

You can view the simulation traces by calling
$ gtkwave sim.fst

Performance Counters
====================
Cycles:                     238008
Instructions Retired:       115062
LSU Busy:                   11821
Fetch Wait:                 44800
Loads:                      6781
Stores:                     5040
Jumps:                      1900
Conditional Branches:       45238
Taken Conditional Branches: 44796
Compressed Instructions:    0
Multiply Wait:              684
