Program header number 0 in `/workspace/out/cache/342cf554bca34b9f31a21c66127fe3cf58a4aec3d618a00c01b29b51ee68b951/run/program.elf' is not of type PT_LOAD; ignoring.
Program header number 3 in `/workspace/out/cache/342cf554bca34b9f31a21c66127fe3cf58a4aec3d618a00c01b29b51ee68b951/run/program.elf' is not of type PT_LOAD; ignoring.
Simulation of Ibex
==================

Tracing can be toggled by sending SIGUSR1 to this process:
$ kill -USR1 17

Simulation running, end by pressing CTRL-c.
Tracing enabled.
Writing simulation traces to sim.fst
TOP.ibex_simple_system.u_top.u_ibex_tracer.unnamedblk2.unnamedblk3: Writing execution trace to trace_core_00000000.log
Terminating simulation by software request.
- src/lowrisc_ibex_sim_shared_0/rtl/sim/simulator_ctrl.sv:93: Verilog $finish
Received $finish() from Verilog, shutting down simulation.

Simulation statistics
=====================
Executed cycles:  238011
Wallclock time:   5.215 s
Simulation speed: 45639.7 cycles/s (45.6397 kHz)
Trace file size:  17145896 B

You can view the simulation traces by calling
$ gtkwave sim.fst

Performance Counters
====================
Cycles:                     238007
Instructions Retired:       110525
LSU Busy:                   11739
Fetch Wait:                 42178
Loads:                      6840
Stores:                     4899
Jumps:                      1924
Conditional Branches:       42648
Taken Conditional Branches: 42174
Compressed Instructions:    0
Multiply Wait:              466
