Program header number 0 in `/workspace/out/cache/c1390641ece56ce9d7eb9167cdff5f3fe77387e1486af0e3343b57a5412e87ca/run/program.elf' is not of type PT_LOAD; ignoring.
Program header number 3 in `/workspace/out/cache/c1390641ece56ce9d7eb9167cdff5f3fe77387e1486af0e3343b57a5412e87ca/run/program.elf' is not of type PT_LOAD; ignoring.
Simulation of Ibex
==================

Tracing can be toggled by sending SIGUSR1 to this process:
$ kill -USR1 18

Simulation running, end by pressing CTRL-c.
Tracing enabled.
Writing simulation traces to sim.fst
TOP.ibex_simple_system.u_top.u_ibex_tracer.unnamedblk2.unnamedblk3: Writing execution trace to trace_core_00000000.log
Terminating simulation by software request.
- src/lowrisc_ibex_sim_shared_0/rtl/sim/simulator_ctrl.sv:93: Verilog $finish
Received $finish() from Verilog, shutting down simulation.

Simulation statistics
=====================
Executed cycles:  238016
Wallclock time:   5.244 s
Simulation speed: 45388.3 cycles/s (45.3883 kHz)
Trace file size:  18036147 B

You can view the simulation traces by calling
$ gtkwave sim.fst

Performance Counters
====================
Cycles:                     238012
Instructions Retired:       126000
LSU Busy:                   12187
Fetch Wait:                 48930
Loads:                      7226
Stores:                     4961
Jumps:                      1911
Conditional Branches:       50821
Taken Conditional Branches: 48926
Compressed Instructions:    0
Multiply Wait:              0
