Program header number 0 in `/workspace/out/cache/333172837300d1ec734286702ad29e97de963c520983ffd54d4ddaaa28ed4e95/run/program.elf' is not of type PT_LOAD; ignoring.
Program header number 3 in `/workspace/out/cache/333172837300d1ec734286702ad29e97de963c520983ffd54d4ddaaa28ed4e95/run/program.elf' is not of type PT_LOAD; ignoring.
Simulation of Ibex
==================

Tracing can be toggled by sending SIGUSR1 to this process:
$ kill -USR1 17

Simulation running, end by pressing CTRL-c.
Tracing enabled.
Writing simulation traces to sim.fst
TOP.ibex_simple_system.u_top.u_ibex_tracer.unnamedblk2.unnamedblk3: Writing execution trace to trace_core_00000000.log
Terminating simulation by software request.
- src/lowrisc_ibex_sim_shared_0/rtl/sim/simulator_ctrl.sv:93: Verilog $finish
Received $finish() from Verilog, shutting down simulation.

Simulation statistics
=====================
Executed cycles:  238012
Wallclock time:   5.311 s
Simulation speed: 44814.9 cycles/s (44.8149 kHz)
Trace file size:  17526574 B

You can view the simulation traces by calling
$ gtkwave sim.fst

Performance Counters
====================
Cycles:                     238008
Instructions Retired:       127291
LSU Busy:                   12639
Fetch Wait:                 48076
Loads:                      7190
Stores:                     5449
Jumps:                      1929
Conditional Branches:       49637
Taken Conditional Branches: 48072
Compressed Instructions:    0
Multiply Wait:              0
