Program header number 0 in `/workspace/out/cache/bc15573703135fdd22e52be9f2498e4a3d1b60b5567e2ff84dfac9239287a6e9/run/program.elf' is not of type PT_LOAD; ignoring.
Program header number 3 in `/workspace/out/cache/bc15573703135fdd22e52be9f2498e4a3d1b60b5567e2ff84dfac9239287a6e9/run/program.elf' is not of type PT_LOAD; ignoring.
Simulation of Ibex
==================

Tracing can be toggled by sending SIGUSR1 to this process:
$ kill -USR1 17

Simulation running, end by pressing CTRL-c.
Tracing enabled.
Writing simulation traces to sim.fst
TOP.ibex_simple_system.u_top.u_ibex_tracer.unnamedblk2.unnamedblk3: Writing execution trace to trace_core_00000000.log
Terminating simulation by software request.
- src/lowrisc_ibex_sim_shared_0/rtl/sim/simulator_ctrl.sv:93: Verilog $finish
Received $finish() from Verilog, shutting down simulation.

Simulation statistics
=====================
Executed cycles:  272270
Wallclock time:   4.717 s
Simulation speed: 57721 cycles/s (57.721 kHz)
Trace file size:  17732845 B

You can view the simulation traces by calling
$ gtkwave sim.fst

Performance Counters
====================
Cycles:                     272266
Instructions Retired:       100914
LSU Busy:                   11471
Fetch Wait:                 37658
Loads:                      6772
Stores:                     4699
Jumps:                      1912
Conditional Branches:       38114
Taken Conditional Branches: 37654
Compressed Instructions:    0
Multiply Wait:              0
