Program header number 0 in `/workspace/out/cache/b4aa02586ab77105ac954dd3662576905ae8ba67a8d073c4d13024f1f70a9024/run/program.elf' is not of type PT_LOAD; ignoring.
Program header number 3 in `/workspace/out/cache/b4aa02586ab77105ac954dd3662576905ae8ba67a8d073c4d13024f1f70a9024/run/program.elf' is not of type PT_LOAD; ignoring.
Simulation of Ibex
==================

Tracing can be toggled by sending SIGUSR1 to this process:
$ kill -USR1 17

Simulation running, end by pressing CTRL-c.
Tracing enabled.
Writing simulation traces to sim.fst
TOP.ibex_simple_system.u_top.u_ibex_tracer.unnamedblk2.unnamedblk3: Writing execution trace to trace_core_00000000.log
Terminating simulation by software request.
- src/lowrisc_ibex_sim_shared_0/rtl/sim/simulator_ctrl.sv:93: Verilog $finish
Received $finish() from Verilog, shutting down simulation.

Simulation statistics
=====================
Executed cycles:  238018
Wallclock time:   5.239 s
Simulation speed: 45432 cycles/s (45.432 kHz)
Trace file size:  17665880 B

You can view the simulation traces by calling
$ gtkwave sim.fst

Performance Counters
====================
Cycles:                     238014
Instructions Retired:       124713
LSU Busy:                   11139
Fetch Wait:                 49614
Loads:                      6440
Stores:                     4699
Jumps:                      1913
Conditional Branches:       50059
Taken Conditional Branches: 49610
Compressed Instructions:    0
Multiply Wait:              0
