Program header number 0 in `/workspace/out/cache/3c49b8873ba5efe15680233443f771cbc32291e9c4a967539370d19adbd7d0fd/run/program.elf' is not of type PT_LOAD; ignoring.
Program header number 3 in `/workspace/out/cache/3c49b8873ba5efe15680233443f771cbc32291e9c4a967539370d19adbd7d0fd/run/program.elf' is not of type PT_LOAD; ignoring.
Simulation of Ibex
==================

Tracing can be toggled by sending SIGUSR1 to this process:
$ kill -USR1 17

Simulation running, end by pressing CTRL-c.
Tracing enabled.
Writing simulation traces to sim.fst
TOP.ibex_simple_system.u_top.u_ibex_tracer.unnamedblk2.unnamedblk3: Writing execution trace to trace_core_00000000.log
Terminating simulation by software request.
- src/lowrisc_ibex_sim_shared_0/rtl/sim/simulator_ctrl.sv:93: Verilog $finish
Received $finish() from Verilog, shutting down simulation.

Simulation statistics
=====================
Executed cycles:  238012
Wallclock time:   2.593 s
Simulation speed: 91790.2 cycles/s (91.7902 kHz)
Trace file size:  12402295 B

You can view the simulation traces by calling
$ gtkwave sim.fst

Performance Counters
====================
Cycles:                     238008
Instructions Retired:       51526
LSU Busy:                   11139
Fetch Wait:                 12999
Loads:                      6440
Stores:                     4699
Jumps:                      1927
Conditional Branches:       13460
Taken Conditional Branches: 12995
Compressed Instructions:    0
Multiply Wait:              0
