Program header number 0 in `/workspace/out/cache/7ad15adf30167f69703d0a67a8a0724782c258279eac7535d578c4e2210a40ff/run/program.elf' is not of type PT_LOAD; ignoring.
Program header number 3 in `/workspace/out/cache/7ad15adf30167f69703d0a67a8a0724782c258279eac7535d578c4e2210a40ff/run/program.elf' is not of type PT_LOAD; ignoring.
Simulation of Ibex
==================

Tracing can be toggled by sending SIGUSR1 to this process:
$ kill -USR1 18

Simulation running, end by pressing CTRL-c.
Tracing enabled.
Writing simulation traces to sim.fst
TOP.ibex_simple_system.u_top.u_ibex_tracer.unnamedblk2.unnamedblk3: Writing execution trace to trace_core_00000000.log
Terminating simulation by software request.
- src/lowrisc_ibex_sim_shared_0/rtl/sim/simulator_ctrl.sv:93: Verilog $finish
Received $finish() from Verilog, shutting down simulation.

Simulation statistics
=====================
Executed cycles:  238014
Wallclock time:   4.062 s
Simulation speed: 58595.3 cycles/s (58.5953 kHz)
Trace file size:  15209997 B

You can view the simulation traces by calling
$ gtkwave sim.fst

Performance Counters
====================
Cycles:                     238010
Instructions Retired:       85205
LSU Busy:                   11139
Fetch Wait:                 30367
Loads:                      6440
Stores:                     4699
Jumps:                      1915
Conditional Branches:       31028
Taken Conditional Branches: 30363
Compressed Instructions:    0
Multiply Wait:              0
