Program header number 0 in `/workspace/out/cache/3ccb43ccd71fbcf33b7ee7948795bb87f898e4e4d71d629620e15fcc070808fc/run/program.elf' is not of type PT_LOAD; ignoring.
Program header number 3 in `/workspace/out/cache/3ccb43ccd71fbcf33b7ee7948795bb87f898e4e4d71d629620e15fcc070808fc/run/program.elf' is not of type PT_LOAD; ignoring.
Simulation of Ibex
==================

Tracing can be toggled by sending SIGUSR1 to this process:
$ kill -USR1 17

Simulation running, end by pressing CTRL-c.
Tracing enabled.
Writing simulation traces to sim.fst
TOP.ibex_simple_system.u_top.u_ibex_tracer.unnamedblk2.unnamedblk3: Writing execution trace to trace_core_00000000.log
Terminating simulation by software request.
- src/lowrisc_ibex_sim_shared_0/rtl/sim/simulator_ctrl.sv:93: Verilog $finish
Received $finish() from Verilog, shutting down simulation.

Simulation statistics
=====================
Executed cycles:  238012
Wallclock time:   4.199 s
Simulation speed: 56683 cycles/s (56.683 kHz)
Trace file size:  15976919 B

You can view the simulation traces by calling
$ gtkwave sim.fst

Performance Counters
====================
Cycles:                     238008
Instructions Retired:       96567
LSU Busy:                   11139
Fetch Wait:                 36544
Loads:                      6440
Stores:                     4699
Jumps:                      1921
Conditional Branches:       37003
Taken Conditional Branches: 36540
Compressed Instructions:    0
Multiply Wait:              0
