Program header number 0 in `/workspace/out/cache/661ec2ab50655a0d188e74dabffb81d27d0342139aece3c6b26abd151494a0bf/run/program.elf' is not of type PT_LOAD; ignoring.
Program header number 3 in `/workspace/out/cache/661ec2ab50655a0d188e74dabffb81d27d0342139aece3c6b26abd151494a0bf/run/program.elf' is not of type PT_LOAD; ignoring.
Simulation of Ibex
==================

Tracing can be toggled by sending SIGUSR1 to this process:
$ kill -USR1 17

Simulation running, end by pressing CTRL-c.
Tracing enabled.
Writing simulation traces to sim.fst
TOP.ibex_simple_system.u_top.u_ibex_tracer.unnamedblk2.unnamedblk3: Writing execution trace to trace_core_00000000.log
Terminating simulation by software request.
- src/lowrisc_ibex_sim_shared_0/rtl/sim/simulator_ctrl.sv:93: Verilog $finish
Received $finish() from Verilog, shutting down simulation.

Simulation statistics
=====================
Executed cycles:  238012
Wallclock time:   5.009 s
Simulation speed: 47516.9 cycles/s (47.5169 kHz)
Trace file size:  18590945 B

You can view the simulation traces by calling
$ gtkwave sim.fst

Performance Counters
====================
Cycles:                     238008
Instructions Retired:       125334
LSU Busy:                   11525
Fetch Wait:                 49240
Loads:                      6826
Stores:                     4699
Jumps:                      1922
Conditional Branches:       50076
Taken Conditional Branches: 49236
Compressed Instructions:    0
Multiply Wait:              750
