Program header number 0 in `/workspace/out/cache/0c04639302c508d4a710e86e398f7f137ad7440894549a5191d751c954a74a60/run/program.elf' is not of type PT_LOAD; ignoring.
Program header number 3 in `/workspace/out/cache/0c04639302c508d4a710e86e398f7f137ad7440894549a5191d751c954a74a60/run/program.elf' is not of type PT_LOAD; ignoring.
Simulation of Ibex
==================

Tracing can be toggled by sending SIGUSR1 to this process:
$ kill -USR1 18

Simulation running, end by pressing CTRL-c.
Tracing enabled.
Writing simulation traces to sim.fst
TOP.ibex_simple_system.u_top.u_ibex_tracer.unnamedblk2.unnamedblk3: Writing execution trace to trace_core_00000000.log
Terminating simulation by software request.
- src/lowrisc_ibex_sim_shared_0/rtl/sim/simulator_ctrl.sv:93: Verilog $finish
Received $finish() from Verilog, shutting down simulation.

Simulation statistics
=====================
Executed cycles:  238014
Wallclock time:   4.912 s
Simulation speed: 48455.6 cycles/s (48.4556 kHz)
Trace file size:  18030920 B

You can view the simulation traces by calling
$ gtkwave sim.fst

Performance Counters
====================
Cycles:                     238010
Instructions Retired:       125318
LSU Busy:                   11801
Fetch Wait:                 49479
Loads:                      6877
Stores:                     4924
Jumps:                      1936
Conditional Branches:       49953
Taken Conditional Branches: 49475
Compressed Instructions:    0
Multiply Wait:              0
