Program header number 0 in `/workspace/out/cache/1198bef1ff19eff79cdf02c43ca2514ec22f732b37c3edb4ee10e6aed247b58b/run/program.elf' is not of type PT_LOAD; ignoring.
Program header number 3 in `/workspace/out/cache/1198bef1ff19eff79cdf02c43ca2514ec22f732b37c3edb4ee10e6aed247b58b/run/program.elf' is not of type PT_LOAD; ignoring.
Simulation of Ibex
==================

Tracing can be toggled by sending SIGUSR1 to this process:
$ kill -USR1 18

Simulation running, end by pressing CTRL-c.
Tracing enabled.
Writing simulation traces to sim.fst
TOP.ibex_simple_system.u_top.u_ibex_tracer.unnamedblk2.unnamedblk3: Writing execution trace to trace_core_00000000.log
Terminating simulation by software request.
- src/lowrisc_ibex_sim_shared_0/rtl/sim/simulator_ctrl.sv:93: Verilog $finish
Received $finish() from Verilog, shutting down simulation.

Simulation statistics
=====================
Executed cycles:  238013
Wallclock time:   4.789 s
Simulation speed: 49699.9 cycles/s (49.6999 kHz)
Trace file size:  18389976 B

You can view the simulation traces by calling
$ gtkwave sim.fst

Performance Counters
====================
Cycles:                     238009
Instructions Retired:       123710
LSU Busy:                   11659
Fetch Wait:                 49578
Loads:                      6816
Stores:                     4843
Jumps:                      1911
Conditional Branches:       50033
Taken Conditional Branches: 49574
Compressed Instructions:    0
Multiply Wait:              832
