Program header number 0 in `/workspace/out/cache/c20c7103c4590168b3105ff9e97a2a37c75965133996aaf1287f488cb1bcd96b/run/program.elf' is not of type PT_LOAD; ignoring.
Program header number 3 in `/workspace/out/cache/c20c7103c4590168b3105ff9e97a2a37c75965133996aaf1287f488cb1bcd96b/run/program.elf' is not of type PT_LOAD; ignoring.
Simulation of Ibex
==================

Tracing can be toggled by sending SIGUSR1 to this process:
$ kill -USR1 18

Simulation running, end by pressing CTRL-c.
Tracing enabled.
Writing simulation traces to sim.fst
TOP.ibex_simple_system.u_top.u_ibex_tracer.unnamedblk2.unnamedblk3: Writing execution trace to trace_core_00000000.log
Terminating simulation by software request.
- src/lowrisc_ibex_sim_shared_0/rtl/sim/simulator_ctrl.sv:93: Verilog $finish
Received $finish() from Verilog, shutting down simulation.

Simulation statistics
=====================
Executed cycles:  238014
Wallclock time:   5.052 s
Simulation speed: 47112.8 cycles/s (47.1128 kHz)
Trace file size:  18209890 B

You can view the simulation traces by calling
$ gtkwave sim.fst

Performance Counters
====================
Cycles:                     238010
Instructions Retired:       125114
LSU Busy:                   11365
Fetch Wait:                 48693
Loads:                      6440
Stores:                     4925
Jumps:                      1930
Conditional Branches:       50660
Taken Conditional Branches: 48689
Compressed Instructions:    0
Multiply Wait:              2218
