Program header number 0 in `/workspace/out/cache/cf18bda9f1012e86a60b04655ddd6f04535d3668e798a002f9bf671a705cc24b/run/program.elf' is not of type PT_LOAD; ignoring.
Program header number 3 in `/workspace/out/cache/cf18bda9f1012e86a60b04655ddd6f04535d3668e798a002f9bf671a705cc24b/run/program.elf' is not of type PT_LOAD; ignoring.
Simulation of Ibex
==================

Tracing can be toggled by sending SIGUSR1 to this process:
$ kill -USR1 18

Simulation running, end by pressing CTRL-c.
Tracing enabled.
Writing simulation traces to sim.fst
TOP.ibex_simple_system.u_top.u_ibex_tracer.unnamedblk2.unnamedblk3: Writing execution trace to trace_core_00000000.log
Terminating simulation by software request.
- src/lowrisc_ibex_sim_shared_0/rtl/sim/simulator_ctrl.sv:93: Verilog $finish
Received $finish() from Verilog, shutting down simulation.

Simulation statistics
=====================
Executed cycles:  238011
Wallclock time:   4.697 s
Simulation speed: 50673 cycles/s (50.673 kHz)
Trace file size:  17761612 B

You can view the simulation traces by calling
$ gtkwave sim.fst

Performance Counters
====================
Cycles:                     238007
Instructions Retired:       119218
LSU Busy:                   11805
Fetch Wait:                 46191
Loads:                      6773
Stores:                     5032
Jumps:                      1913
Conditional Branches:       46642
Taken Conditional Branches: 46187
Compressed Instructions:    0
Multiply Wait:              668
