Program header number 0 in `/workspace/out/cache/cedfc48f396f54a5d395fef2f5af36e783f91c6dc228df0b5972ff72134120e3/run/program.elf' is not of type PT_LOAD; ignoring.
Program header number 3 in `/workspace/out/cache/cedfc48f396f54a5d395fef2f5af36e783f91c6dc228df0b5972ff72134120e3/run/program.elf' is not of type PT_LOAD; ignoring.
Simulation of Ibex
==================

Tracing can be toggled by sending SIGUSR1 to this process:
$ kill -USR1 17

Simulation running, end by pressing CTRL-c.
Tracing enabled.
Writing simulation traces to sim.fst
TOP.ibex_simple_system.u_top.u_ibex_tracer.unnamedblk2.unnamedblk3: Writing execution trace to trace_core_00000000.log
Terminating simulation by software request.
- src/lowrisc_ibex_sim_shared_0/rtl/sim/simulator_ctrl.sv:93: Verilog $finish
Received $finish() from Verilog, shutting down simulation.

Simulation statistics
=====================
Executed cycles:  238016
Wallclock time:   5.031 s
Simulation speed: 47309.9 cycles/s (47.3099 kHz)
Trace file size:  18002327 B

You can view the simulation traces by calling
$ gtkwave sim.fst

Performance Counters
====================
Cycles:                     238012
Instructions Retired:       121509
LSU Busy:                   12413
Fetch Wait:                 46340
Loads:                      6940
Stores:                     5473
Jumps:                      1913
Conditional Branches:       46791
Taken Conditional Branches: 46336
Compressed Instructions:    0
Multiply Wait:              500
