Program header number 0 in `/workspace/out/cache/429cc9fd124b6f0e19ce5c1b5086e27870327f5602085209db3e500332d0b51e/run/program.elf' is not of type PT_LOAD; ignoring.
Program header number 3 in `/workspace/out/cache/429cc9fd124b6f0e19ce5c1b5086e27870327f5602085209db3e500332d0b51e/run/program.elf' is not of type PT_LOAD; ignoring.
Simulation of Ibex
==================

Tracing can be toggled by sending SIGUSR1 to this process:
$ kill -USR1 18

Simulation running, end by pressing CTRL-c.
Tracing enabled.
Writing simulation traces to sim.fst
TOP.ibex_simple_system.u_top.u_ibex_tracer.unnamedblk2.unnamedblk3: Writing execution trace to trace_core_00000000.log
Terminating simulation by software request.
- src/lowrisc_ibex_sim_shared_0/rtl/sim/simulator_ctrl.sv:93: Verilog $finish
Received $finish() from Verilog, shutting down simulation.

Simulation statistics
=====================
Executed cycles:  238014
Wallclock time:   4.161 s
Simulation speed: 57201.2 cycles/s (57.2012 kHz)
Trace file size:  16367521 B

You can view the simulation traces by calling
$ gtkwave sim.fst

Performance Counters
====================
Cycles:                     238010
Instructions Retired:       103373
LSU Busy:                   11692
Fetch Wait:                 38654
Loads:                      6993
Stores:                     4699
Jumps:                      1924
Conditional Branches:       39312
Taken Conditional Branches: 38650
Compressed Instructions:    0
Multiply Wait:              308
