Program header number 0 in `/workspace/out/cache/ecfca83a7ddf17043e14df8d7971e506d92ea396efb4fee5f975a3e21ee0a122/run/program.elf' is not of type PT_LOAD; ignoring.
Program header number 3 in `/workspace/out/cache/ecfca83a7ddf17043e14df8d7971e506d92ea396efb4fee5f975a3e21ee0a122/run/program.elf' is not of type PT_LOAD; ignoring.
Simulation of Ibex
==================

Tracing can be toggled by sending SIGUSR1 to this process:
$ kill -USR1 17

Simulation running, end by pressing CTRL-c.
Tracing enabled.
Writing simulation traces to sim.fst
TOP.ibex_simple_system.u_top.u_ibex_tracer.unnamedblk2.unnamedblk3: Writing execution trace to trace_core_00000000.log
Terminating simulation by software request.
- src/lowrisc_ibex_sim_shared_0/rtl/sim/simulator_ctrl.sv:93: Verilog $finish
Received $finish() from Verilog, shutting down simulation.

Simulation statistics
=====================
Executed cycles:  238011
Wallclock time:   4.952 s
Simulation speed: 48063.6 cycles/s (48.0636 kHz)
Trace file size:  18431304 B

You can view the simulation traces by calling
$ gtkwave sim.fst

Performance Counters
====================
Cycles:                     238007
Instructions Retired:       123397
LSU Busy:                   12026
Fetch Wait:                 47718
Loads:                      6883
Stores:                     5143
Jumps:                      1940
Conditional Branches:       48304
Taken Conditional Branches: 47714
Compressed Instructions:    0
Multiply Wait:              1298
