Program header number 0 in `/workspace/out/cache/e009c87662dfee5ad6189309a346fce05a05f80fd8b429b678aaea0c23c5763f/run/program.elf' is not of type PT_LOAD; ignoring.
Program header number 3 in `/workspace/out/cache/e009c87662dfee5ad6189309a346fce05a05f80fd8b429b678aaea0c23c5763f/run/program.elf' is not of type PT_LOAD; ignoring.
Simulation of Ibex
==================

Tracing can be toggled by sending SIGUSR1 to this process:
$ kill -USR1 17

Simulation running, end by pressing CTRL-c.
Tracing enabled.
Writing simulation traces to sim.fst
TOP.ibex_simple_system.u_top.u_ibex_tracer.unnamedblk2.unnamedblk3: Writing execution trace to trace_core_00000000.log
Terminating simulation by software request.
- src/lowrisc_ibex_sim_shared_0/rtl/sim/simulator_ctrl.sv:93: Verilog $finish
Received $finish() from Verilog, shutting down simulation.

Simulation statistics
=====================
Executed cycles:  238013
Wallclock time:   4.612 s
Simulation speed: 51607.3 cycles/s (51.6073 kHz)
Trace file size:  15789475 B

You can view the simulation traces by calling
$ gtkwave sim.fst

Performance Counters
====================
Cycles:                     238009
Instructions Retired:       94200
LSU Busy:                   11139
Fetch Wait:                 34330
Loads:                      6440
Stores:                     4699
Jumps:                      1933
Conditional Branches:       34835
Taken Conditional Branches: 34326
Compressed Instructions:    0
Multiply Wait:              320
