Program header number 0 in `/workspace/out/cache/9cd27efa4c7c313ed629e97b877eafccbfe2e2281f6538b8383798ec1d017b11/run/program.elf' is not of type PT_LOAD; ignoring.
Program header number 3 in `/workspace/out/cache/9cd27efa4c7c313ed629e97b877eafccbfe2e2281f6538b8383798ec1d017b11/run/program.elf' is not of type PT_LOAD; ignoring.
Simulation of Ibex
==================

Tracing can be toggled by sending SIGUSR1 to this process:
$ kill -USR1 18

Simulation running, end by pressing CTRL-c.
Tracing enabled.
Writing simulation traces to sim.fst
TOP.ibex_simple_system.u_top.u_ibex_tracer.unnamedblk2.unnamedblk3: Writing execution trace to trace_core_00000000.log
Terminating simulation by software request.
- src/lowrisc_ibex_sim_shared_0/rtl/sim/simulator_ctrl.sv:93: Verilog $finish
Received $finish() from Verilog, shutting down simulation.

Simulation statistics
=====================
Executed cycles:  238013
Wallclock time:   4.429 s
Simulation speed: 53739.7 cycles/s (53.7397 kHz)
Trace file size:  17339209 B

You can view the simulation traces by calling
$ gtkwave sim.fst

Performance Counters
====================
Cycles:                     238009
Instructions Retired:       113701
LSU Busy:                   12846
Fetch Wait:                 41539
Loads:                      7293
Stores:                     5553
Jumps:                      1909
Conditional Branches:       41988
Taken Conditional Branches: 41535
Compressed Instructions:    0
Multiply Wait:              666
