Program header number 0 in `/workspace/out/cache/6bcd217fecd2ee87f2d6afdffb28d0150f83d7da11f924bb9f1552b3c5aba683/run/program.elf' is not of type PT_LOAD; ignoring.
Program header number 3 in `/workspace/out/cache/6bcd217fecd2ee87f2d6afdffb28d0150f83d7da11f924bb9f1552b3c5aba683/run/program.elf' is not of type PT_LOAD; ignoring.
Simulation of Ibex
==================

Tracing can be toggled by sending SIGUSR1 to this process:
$ kill -USR1 17

Simulation running, end by pressing CTRL-c.
Tracing enabled.
Writing simulation traces to sim.fst
TOP.ibex_simple_system.u_top.u_ibex_tracer.unnamedblk2.unnamedblk3: Writing execution trace to trace_core_00000000.log
Terminating simulation by software request.
- src/lowrisc_ibex_sim_shared_0/rtl/sim/simulator_ctrl.sv:93: Verilog $finish
Received $finish() from Verilog, shutting down simulation.

Simulation statistics
=====================
Executed cycles:  238014
Wallclock time:   5.614 s
Simulation speed: 42396.5 cycles/s (42.3965 kHz)
Trace file size:  17913340 B

You can view the simulation traces by calling
$ gtkwave sim.fst

Performance Counters
====================
Cycles:                     238010
Instructions Retired:       119302
LSU Busy:                   12154
Fetch Wait:                 45216
Loads:                      6823
Stores:                     5331
Jumps:                      1937
Conditional Branches:       45941
Taken Conditional Branches: 45212
Compressed Instructions:    0
Multiply Wait:              400
