Program header number 0 in `/workspace/out/cache/b8ae9495e7665be1617d9b51a1e26245bc7e8f60d67b0503481d32f295ce258c/run/program.elf' is not of type PT_LOAD; ignoring.
Program header number 3 in `/workspace/out/cache/b8ae9495e7665be1617d9b51a1e26245bc7e8f60d67b0503481d32f295ce258c/run/program.elf' is not of type PT_LOAD; ignoring.
Simulation of Ibex
==================

Tracing can be toggled by sending SIGUSR1 to this process:
$ kill -USR1 18

Simulation running, end by pressing CTRL-c.
Tracing enabled.
Writing simulation traces to sim.fst
TOP.ibex_simple_system.u_top.u_ibex_tracer.unnamedblk2.unnamedblk3: Writing execution trace to trace_core_00000000.log
Terminating simulation by software request.
- src/lowrisc_ibex_sim_shared_0/rtl/sim/simulator_ctrl.sv:93: Verilog $finish
Received $finish() from Verilog, shutting down simulation.

Simulation statistics
=====================
Executed cycles:  238014
Wallclock time:   4.775 s
Simulation speed: 49845.9 cycles/s (49.8459 kHz)
Trace file size:  17919288 B

You can view the simulation traces by calling
$ gtkwave sim.fst

Performance Counters
====================
Cycles:                     238010
Instructions Retired:       122071
LSU Busy:                   11939
Fetch Wait:                 47793
Loads:                      6840
Stores:                     5099
Jumps:                      1909
Conditional Branches:       48240
Taken Conditional Branches: 47789
Compressed Instructions:    0
Multiply Wait:              1108
