Program header number 0 in `/workspace/out/cache/de8eca67106f696844732f8f354b2e83829aba32a504b599e54475171fd95104/run/program.elf' is not of type PT_LOAD; ignoring.
Program header number 3 in `/workspace/out/cache/de8eca67106f696844732f8f354b2e83829aba32a504b599e54475171fd95104/run/program.elf' is not of type PT_LOAD; ignoring.
Simulation of Ibex
==================

Tracing can be toggled by sending SIGUSR1 to this process:
$ kill -USR1 18

Simulation running, end by pressing CTRL-c.
Tracing enabled.
Writing simulation traces to sim.fst
TOP.ibex_simple_system.u_top.u_ibex_tracer.unnamedblk2.unnamedblk3: Writing execution trace to trace_core_00000000.log
Terminating simulation by software request.
- src/lowrisc_ibex_sim_shared_0/rtl/sim/simulator_ctrl.sv:93: Verilog $finish
Received $finish() from Verilog, shutting down simulation.

Simulation statistics
=====================
Executed cycles:  238016
Wallclock time:   4.66 s
Simulation speed: 51076.4 cycles/s (51.0764 kHz)
Trace file size:  18043420 B

You can view the simulation traces by calling
$ gtkwave sim.fst

Performance Counters
====================
Cycles:                     238012
Instructions Retired:       121492
LSU Busy:                   12196
Fetch Wait:                 46398
Loads:                      6957
Stores:                     5239
Jumps:                      1919
Conditional Branches:       46855
Taken Conditional Branches: 46394
Compressed Instructions:    0
Multiply Wait:              0
