Program header number 0 in `/workspace/out/cache/f823239ae1d41262e2fb253fa19b903b95aea9b2ced13793a82a4ef6f0780d7f/run/program.elf' is not of type PT_LOAD; ignoring.
Program header number 3 in `/workspace/out/cache/f823239ae1d41262e2fb253fa19b903b95aea9b2ced13793a82a4ef6f0780d7f/run/program.elf' is not of type PT_LOAD; ignoring.
Simulation of Ibex
==================

Tracing can be toggled by sending SIGUSR1 to this process:
$ kill -USR1 17

Simulation running, end by pressing CTRL-c.
Tracing enabled.
Writing simulation traces to sim.fst
TOP.ibex_simple_system.u_top.u_ibex_tracer.unnamedblk2.unnamedblk3: Writing execution trace to trace_core_00000000.log
Terminating simulation by software request.
- src/lowrisc_ibex_sim_shared_0/rtl/sim/simulator_ctrl.sv:93: Verilog $finish
Received $finish() from Verilog, shutting down simulation.

Simulation statistics
=====================
Executed cycles:  238012
Wallclock time:   4.969 s
Simulation speed: 47899.4 cycles/s (47.8994 kHz)
Trace file size:  18193563 B

You can view the simulation traces by calling
$ gtkwave sim.fst

Performance Counters
====================
Cycles:                     238008
Instructions Retired:       111461
LSU Busy:                   11987
Fetch Wait:                 41926
Loads:                      6840
Stores:                     5147
Jumps:                      1895
Conditional Branches:       42363
Taken Conditional Branches: 41922
Compressed Instructions:    0
Multiply Wait:              400
