Program header number 0 in `/workspace/out/cache/25cff5619f2be0fa4c3dd744fe3f85de9fc8f9dfe7ff878d4fe0b729aa3a1851/run/program.elf' is not of type PT_LOAD; ignoring.
Program header number 3 in `/workspace/out/cache/25cff5619f2be0fa4c3dd744fe3f85de9fc8f9dfe7ff878d4fe0b729aa3a1851/run/program.elf' is not of type PT_LOAD; ignoring.
Simulation of Ibex
==================

Tracing can be toggled by sending SIGUSR1 to this process:
$ kill -USR1 18

Simulation running, end by pressing CTRL-c.
Tracing enabled.
Writing simulation traces to sim.fst
TOP.ibex_simple_system.u_top.u_ibex_tracer.unnamedblk2.unnamedblk3: Writing execution trace to trace_core_00000000.log
Terminating simulation by software request.
- src/lowrisc_ibex_sim_shared_0/rtl/sim/simulator_ctrl.sv:93: Verilog $finish
Received $finish() from Verilog, shutting down simulation.

Simulation statistics
=====================
Executed cycles:  238013
Wallclock time:   4.743 s
Simulation speed: 50182 cycles/s (50.182 kHz)
Trace file size:  16925063 B

You can view the simulation traces by calling
$ gtkwave sim.fst

Performance Counters
====================
Cycles:                     238009
Instructions Retired:       108904
LSU Busy:                   12087
Fetch Wait:                 40869
Loads:                      6914
Stores:                     5173
Jumps:                      1935
Conditional Branches:       41592
Taken Conditional Branches: 40865
Compressed Instructions:    0
Multiply Wait:              948
