Program header number 0 in `/workspace/out/cache/40a7c074a7a74ae6c3f0792f0568821064d1df6444d80834032daa9781b7419f/run/program.elf' is not of type PT_LOAD; ignoring.
Program header number 3 in `/workspace/out/cache/40a7c074a7a74ae6c3f0792f0568821064d1df6444d80834032daa9781b7419f/run/program.elf' is not of type PT_LOAD; ignoring.
Simulation of Ibex
==================

Tracing can be toggled by sending SIGUSR1 to this process:
$ kill -USR1 17

Simulation running, end by pressing CTRL-c.
Tracing enabled.
Writing simulation traces to sim.fst
TOP.ibex_simple_system.u_top.u_ibex_tracer.unnamedblk2.unnamedblk3: Writing execution trace to trace_core_00000000.log
Terminating simulation by software request.
- src/lowrisc_ibex_sim_shared_0/rtl/sim/simulator_ctrl.sv:93: Verilog $finish
Received $finish() from Verilog, shutting down simulation.

Simulation statistics
=====================
Executed cycles:  238015
Wallclock time:   4.757 s
Simulation speed: 50034.7 cycles/s (50.0347 kHz)
Trace file size:  17341587 B

You can view the simulation traces by calling
$ gtkwave sim.fst

Performance Counters
====================
Cycles:                     238011
Instructions Retired:       116425
LSU Busy:                   11888
Fetch Wait:                 44900
Loads:                      6940
Stores:                     4948
Jumps:                      1936
Conditional Branches:       45375
Taken Conditional Branches: 44896
Compressed Instructions:    0
Multiply Wait:              0
