Program header number 0 in `/workspace/out/cache/2232aed94a7107778e31945dc0d656887b50a492043c881c9adbf8174b81613d/run/program.elf' is not of type PT_LOAD; ignoring.
Program header number 3 in `/workspace/out/cache/2232aed94a7107778e31945dc0d656887b50a492043c881c9adbf8174b81613d/run/program.elf' is not of type PT_LOAD; ignoring.
Simulation of Ibex
==================

Tracing can be toggled by sending SIGUSR1 to this process:
$ kill -USR1 17

Simulation running, end by pressing CTRL-c.
Tracing enabled.
Writing simulation traces to sim.fst
TOP.ibex_simple_system.u_top.u_ibex_tracer.unnamedblk2.unnamedblk3: Writing execution trace to trace_core_00000000.log
Terminating simulation by software request.
- src/lowrisc_ibex_sim_shared_0/rtl/sim/simulator_ctrl.sv:93: Verilog $finish
Received $finish() from Verilog, shutting down simulation.

Simulation statistics
=====================
Executed cycles:  238011
Wallclock time:   5.124 s
Simulation speed: 46450.2 cycles/s (46.4502 kHz)
Trace file size:  16200584 B

You can view the simulation traces by calling
$ gtkwave sim.fst

Performance Counters
====================
Cycles:                     238007
Instructions Retired:       101930
LSU Busy:                   11139
Fetch Wait:                 38213
Loads:                      6440
Stores:                     4699
Jumps:                      1919
Conditional Branches:       38666
Taken Conditional Branches: 38209
Compressed Instructions:    0
Multiply Wait:              1596
