OpenSTA 3.1.0 a9a3f30ca9 Copyright (c) 2026, Parallax Software, Inc.
License GPLv3: GNU GPL version 3 <http://gnu.org/licenses/gpl.html>

This is free software, and you are free to change and redistribute it
under certain conditions; type `show_copying' for details. 
This program comes with ABSOLUTELY NO WARRANTY; for details type `show_warranty'.
Annotated 90247 pin activities.
Group                          Internal          Switching            Leakage              Total
                                  Power              Power              Power              Power (Watts)
------------------------------------------------------------------------------------------------
Sequential           3.014607820660e-03 6.715747294948e-04 9.015991508932e-09 3.686191746965e-03  50.4%
Combinational        1.689187716693e-03 1.935145235620e-03 4.164299127751e-08 3.624374745414e-03  49.6%
Clock                0.000000000000e+00 0.000000000000e+00 0.000000000000e+00 0.000000000000e+00   0.0%
Macro                0.000000000000e+00 0.000000000000e+00 0.000000000000e+00 0.000000000000e+00   0.0%
Pad                  0.000000000000e+00 0.000000000000e+00 0.000000000000e+00 0.000000000000e+00   0.0%
------------------------------------------------------------------------------------------------
Total                4.703784361482e-03 2.606721362099e-03 5.065953700978e-08 7.310556713492e-03 100.0%
                                  64.3%              35.7%               0.0%
vcd         90247
unannotated     0
Unannotated pins:
LEAF_SWITCHING_SUM 22901 0.0026067271565668182
