Program header number 0 in `/workspace/out/cache/56d9c4ca58b42033ae61998a2e9bdd20a5383a6ff08f966035fc0b61f8d5d541/run/program.elf' is not of type PT_LOAD; ignoring.
Program header number 3 in `/workspace/out/cache/56d9c4ca58b42033ae61998a2e9bdd20a5383a6ff08f966035fc0b61f8d5d541/run/program.elf' is not of type PT_LOAD; ignoring.
Simulation of Ibex
==================

Tracing can be toggled by sending SIGUSR1 to this process:
$ kill -USR1 18

Simulation running, end by pressing CTRL-c.
Tracing enabled.
Writing simulation traces to sim.fst
TOP.ibex_simple_system.u_top.u_ibex_tracer.unnamedblk2.unnamedblk3: Writing execution trace to trace_core_00000000.log
Terminating simulation by software request.
- src/lowrisc_ibex_sim_shared_0/rtl/sim/simulator_ctrl.sv:93: Verilog $finish
Received $finish() from Verilog, shutting down simulation.

Simulation statistics
=====================
Executed cycles:  238013
Wallclock time:   5.032 s
Simulation speed: 47299.9 cycles/s (47.2999 kHz)
Trace file size:  17675384 B

You can view the simulation traces by calling
$ gtkwave sim.fst

Performance Counters
====================
Cycles:                     238009
Instructions Retired:       120722
LSU Busy:                   12187
Fetch Wait:                 46613
Loads:                      6964
Stores:                     5223
Jumps:                      1877
Conditional Branches:       47029
Taken Conditional Branches: 46609
Compressed Instructions:    0
Multiply Wait:              1000
