Program header number 0 in `/workspace/out/cache/da0079a9a448f6fa703c2fa536579792a4d0a2f1ba7608e7e0a0eb8a44f65ad3/run/program.elf' is not of type PT_LOAD; ignoring.
Program header number 3 in `/workspace/out/cache/da0079a9a448f6fa703c2fa536579792a4d0a2f1ba7608e7e0a0eb8a44f65ad3/run/program.elf' is not of type PT_LOAD; ignoring.
Simulation of Ibex
==================

Tracing can be toggled by sending SIGUSR1 to this process:
$ kill -USR1 18

Simulation running, end by pressing CTRL-c.
Tracing enabled.
Writing simulation traces to sim.fst
TOP.ibex_simple_system.u_top.u_ibex_tracer.unnamedblk2.unnamedblk3: Writing execution trace to trace_core_00000000.log
Terminating simulation by software request.
- src/lowrisc_ibex_sim_shared_0/rtl/sim/simulator_ctrl.sv:93: Verilog $finish
Received $finish() from Verilog, shutting down simulation.

Simulation statistics
=====================
Executed cycles:  269135
Wallclock time:   4.679 s
Simulation speed: 57519.8 cycles/s (57.5198 kHz)
Trace file size:  15932729 B

You can view the simulation traces by calling
$ gtkwave sim.fst

Performance Counters
====================
Cycles:                     269131
Instructions Retired:       85071
LSU Busy:                   11139
Fetch Wait:                 29773
Loads:                      6440
Stores:                     4699
Jumps:                      1922
Conditional Branches:       30231
Taken Conditional Branches: 29769
Compressed Instructions:    0
Multiply Wait:              0
