Program header number 0 in `/workspace/out/cache/bb9aabe32cdc265a2e3034f468b606958450771c87d2cb833f5f2baceec2be08/run/program.elf' is not of type PT_LOAD; ignoring.
Program header number 3 in `/workspace/out/cache/bb9aabe32cdc265a2e3034f468b606958450771c87d2cb833f5f2baceec2be08/run/program.elf' is not of type PT_LOAD; ignoring.
Simulation of Ibex
==================

Tracing can be toggled by sending SIGUSR1 to this process:
$ kill -USR1 17

Simulation running, end by pressing CTRL-c.
Tracing enabled.
Writing simulation traces to sim.fst
TOP.ibex_simple_system.u_top.u_ibex_tracer.unnamedblk2.unnamedblk3: Writing execution trace to trace_core_00000000.log
Terminating simulation by software request.
- src/lowrisc_ibex_sim_shared_0/rtl/sim/simulator_ctrl.sv:93: Verilog $finish
Received $finish() from Verilog, shutting down simulation.

Simulation statistics
=====================
Executed cycles:  238014
Wallclock time:   5.034 s
Simulation speed: 47281.3 cycles/s (47.2813 kHz)
Trace file size:  17365055 B

You can view the simulation traces by calling
$ gtkwave sim.fst

Performance Counters
====================
Cycles:                     238010
Instructions Retired:       119688
LSU Busy:                   13348
Fetch Wait:                 44064
Loads:                      8649
Stores:                     4699
Jumps:                      1921
Conditional Branches:       44629
Taken Conditional Branches: 44060
Compressed Instructions:    0
Multiply Wait:              164
