Program header number 0 in `/workspace/out/cache/9e83f1de5236486527ed01a484598a544b88650e6c460e9adfe8f25206568296/run/program.elf' is not of type PT_LOAD; ignoring.
Program header number 3 in `/workspace/out/cache/9e83f1de5236486527ed01a484598a544b88650e6c460e9adfe8f25206568296/run/program.elf' is not of type PT_LOAD; ignoring.
Simulation of Ibex
==================

Tracing can be toggled by sending SIGUSR1 to this process:
$ kill -USR1 18

Simulation running, end by pressing CTRL-c.
Tracing enabled.
Writing simulation traces to sim.fst
TOP.ibex_simple_system.u_top.u_ibex_tracer.unnamedblk2.unnamedblk3: Writing execution trace to trace_core_00000000.log
Terminating simulation by software request.
- src/lowrisc_ibex_sim_shared_0/rtl/sim/simulator_ctrl.sv:93: Verilog $finish
Received $finish() from Verilog, shutting down simulation.

Simulation statistics
=====================
Executed cycles:  238013
Wallclock time:   4.782 s
Simulation speed: 49772.7 cycles/s (49.7727 kHz)
Trace file size:  17576303 B

You can view the simulation traces by calling
$ gtkwave sim.fst

Performance Counters
====================
Cycles:                     238009
Instructions Retired:       118501
LSU Busy:                   11822
Fetch Wait:                 45459
Loads:                      6782
Stores:                     5040
Jumps:                      1923
Conditional Branches:       45920
Taken Conditional Branches: 45455
Compressed Instructions:    0
Multiply Wait:              1024
