Program header number 0 in `/workspace/out/cache/21c9d2ece7150400035e0f88e74131d398d3c7af40fce7644da82eade963bdf1/run/program.elf' is not of type PT_LOAD; ignoring.
Program header number 3 in `/workspace/out/cache/21c9d2ece7150400035e0f88e74131d398d3c7af40fce7644da82eade963bdf1/run/program.elf' is not of type PT_LOAD; ignoring.
Simulation of Ibex
==================

Tracing can be toggled by sending SIGUSR1 to this process:
$ kill -USR1 17

Simulation running, end by pressing CTRL-c.
Tracing enabled.
Writing simulation traces to sim.fst
TOP.ibex_simple_system.u_top.u_ibex_tracer.unnamedblk2.unnamedblk3: Writing execution trace to trace_core_00000000.log
Terminating simulation by software request.
- src/lowrisc_ibex_sim_shared_0/rtl/sim/simulator_ctrl.sv:93: Verilog $finish
Received $finish() from Verilog, shutting down simulation.

Simulation statistics
=====================
Executed cycles:  238015
Wallclock time:   4.598 s
Simulation speed: 51764.9 cycles/s (51.7649 kHz)
Trace file size:  16873703 B

You can view the simulation traces by calling
$ gtkwave sim.fst

Performance Counters
====================
Cycles:                     238011
Instructions Retired:       110946
LSU Busy:                   11293
Fetch Wait:                 42549
Loads:                      6594
Stores:                     4699
Jumps:                      1922
Conditional Branches:       43011
Taken Conditional Branches: 42545
Compressed Instructions:    0
Multiply Wait:              700
