Program header number 0 in `/workspace/out/cache/30e9a7d17d043ccf0cf3aa4b4d3969e43c64e72093c33b7830504860dd4c9c9f/run/program.elf' is not of type PT_LOAD; ignoring.
Program header number 3 in `/workspace/out/cache/30e9a7d17d043ccf0cf3aa4b4d3969e43c64e72093c33b7830504860dd4c9c9f/run/program.elf' is not of type PT_LOAD; ignoring.
Simulation of Ibex
==================

Tracing can be toggled by sending SIGUSR1 to this process:
$ kill -USR1 17

Simulation running, end by pressing CTRL-c.
Tracing enabled.
Writing simulation traces to sim.fst
TOP.ibex_simple_system.u_top.u_ibex_tracer.unnamedblk2.unnamedblk3: Writing execution trace to trace_core_00000000.log
Terminating simulation by software request.
- src/lowrisc_ibex_sim_shared_0/rtl/sim/simulator_ctrl.sv:93: Verilog $finish
Received $finish() from Verilog, shutting down simulation.

Simulation statistics
=====================
Executed cycles:  238012
Wallclock time:   5.193 s
Simulation speed: 45833.2 cycles/s (45.8332 kHz)
Trace file size:  18371540 B

You can view the simulation traces by calling
$ gtkwave sim.fst

Performance Counters
====================
Cycles:                     238008
Instructions Retired:       123100
LSU Busy:                   11747
Fetch Wait:                 49074
Loads:                      6440
Stores:                     5307
Jumps:                      1928
Conditional Branches:       49682
Taken Conditional Branches: 49070
Compressed Instructions:    0
Multiply Wait:              0
