Program header number 0 in `/workspace/out/cache/16b2eacfa50f8b35c8c221a90d7fc5dbf6ef338b17945ed01cb88f5b373ef4ab/run/program.elf' is not of type PT_LOAD; ignoring.
Program header number 3 in `/workspace/out/cache/16b2eacfa50f8b35c8c221a90d7fc5dbf6ef338b17945ed01cb88f5b373ef4ab/run/program.elf' is not of type PT_LOAD; ignoring.
Simulation of Ibex
==================

Tracing can be toggled by sending SIGUSR1 to this process:
$ kill -USR1 17

Simulation running, end by pressing CTRL-c.
Tracing enabled.
Writing simulation traces to sim.fst
TOP.ibex_simple_system.u_top.u_ibex_tracer.unnamedblk2.unnamedblk3: Writing execution trace to trace_core_00000000.log
Terminating simulation by software request.
- src/lowrisc_ibex_sim_shared_0/rtl/sim/simulator_ctrl.sv:93: Verilog $finish
Received $finish() from Verilog, shutting down simulation.

Simulation statistics
=====================
Executed cycles:  238013
Wallclock time:   4.908 s
Simulation speed: 48494.9 cycles/s (48.4949 kHz)
Trace file size:  18346985 B

You can view the simulation traces by calling
$ gtkwave sim.fst

Performance Counters
====================
Cycles:                     238009
Instructions Retired:       124281
LSU Busy:                   12159
Fetch Wait:                 47835
Loads:                      7154
Stores:                     5005
Jumps:                      1926
Conditional Branches:       48411
Taken Conditional Branches: 47831
Compressed Instructions:    0
Multiply Wait:              3772
