Program header number 0 in `/workspace/out/cache/793545ad960df21364945b777ce3722c2405a949ac6447c9fc09e4f7a83acb1e/run/program.elf' is not of type PT_LOAD; ignoring.
Program header number 3 in `/workspace/out/cache/793545ad960df21364945b777ce3722c2405a949ac6447c9fc09e4f7a83acb1e/run/program.elf' is not of type PT_LOAD; ignoring.
Simulation of Ibex
==================

Tracing can be toggled by sending SIGUSR1 to this process:
$ kill -USR1 17

Simulation running, end by pressing CTRL-c.
Tracing enabled.
Writing simulation traces to sim.fst
TOP.ibex_simple_system.u_top.u_ibex_tracer.unnamedblk2.unnamedblk3: Writing execution trace to trace_core_00000000.log
Terminating simulation by software request.
- src/lowrisc_ibex_sim_shared_0/rtl/sim/simulator_ctrl.sv:93: Verilog $finish
Received $finish() from Verilog, shutting down simulation.

Simulation statistics
=====================
Executed cycles:  238014
Wallclock time:   4.614 s
Simulation speed: 51585.2 cycles/s (51.5852 kHz)
Trace file size:  17680845 B

You can view the simulation traces by calling
$ gtkwave sim.fst

Performance Counters
====================
Cycles:                     238010
Instructions Retired:       115899
LSU Busy:                   12453
Fetch Wait:                 43487
Loads:                      7386
Stores:                     5067
Jumps:                      1914
Conditional Branches:       44149
Taken Conditional Branches: 43483
Compressed Instructions:    0
Multiply Wait:              0
