OpenSTA 3.1.0 a9a3f30ca9 Copyright (c) 2026, Parallax Software, Inc.
License GPLv3: GNU GPL version 3 <http://gnu.org/licenses/gpl.html>

This is free software, and you are free to change and redistribute it
under certain conditions; type `show_copying' for details. 
This program comes with ABSOLUTELY NO WARRANTY; for details type `show_warranty'.
Annotated 36292 pin activities.
Group                          Internal          Switching            Leakage              Total
                                  Power              Power              Power              Power (Watts)
------------------------------------------------------------------------------------------------
Sequential           2.040340006351e-02 2.866755821742e-04 4.772231321226e-08 2.069012448192e-02  95.7%
Combinational        7.151695317589e-04 2.105568128172e-04 1.160349327733e-08 9.257379570045e-04   4.3%
Clock                0.000000000000e+00 0.000000000000e+00 0.000000000000e+00 0.000000000000e+00   0.0%
Macro                0.000000000000e+00 0.000000000000e+00 0.000000000000e+00 0.000000000000e+00   0.0%
Pad                  0.000000000000e+00 0.000000000000e+00 0.000000000000e+00 0.000000000000e+00   0.0%
------------------------------------------------------------------------------------------------
Total                2.111872099340e-02 4.972154856659e-04 5.932545477094e-08 2.161599695683e-02 100.0%
                                  97.7%               2.3%               0.0%
vcd         36292
unannotated     4
Unannotated pins:
 m_axis_read_data_tuser[0]
 m_axis_write_desc_status_user[0]
 s_axis_read_desc_user[0]
 s_axis_write_data_tuser[0]
LEAF_SWITCHING_SUM 8477 0.0004972276999373193
