Program header number 0 in `/workspace/out/cache/2e3fd214dc5503e0da9c384da18cc14f65fc306bf2c4126960282f3b8a8165da/run/program.elf' is not of type PT_LOAD; ignoring.
Program header number 3 in `/workspace/out/cache/2e3fd214dc5503e0da9c384da18cc14f65fc306bf2c4126960282f3b8a8165da/run/program.elf' is not of type PT_LOAD; ignoring.
Simulation of Ibex
==================

Tracing can be toggled by sending SIGUSR1 to this process:
$ kill -USR1 18

Simulation running, end by pressing CTRL-c.
Tracing enabled.
Writing simulation traces to sim.fst
TOP.ibex_simple_system.u_top.u_ibex_tracer.unnamedblk2.unnamedblk3: Writing execution trace to trace_core_00000000.log
Terminating simulation by software request.
- src/lowrisc_ibex_sim_shared_0/rtl/sim/simulator_ctrl.sv:93: Verilog $finish
Received $finish() from Verilog, shutting down simulation.

Simulation statistics
=====================
Executed cycles:  238016
Wallclock time:   5.619 s
Simulation speed: 42359.1 cycles/s (42.3591 kHz)
Trace file size:  17652595 B

You can view the simulation traces by calling
$ gtkwave sim.fst

Performance Counters
====================
Cycles:                     238012
Instructions Retired:       122865
LSU Busy:                   11139
Fetch Wait:                 51045
Loads:                      6440
Stores:                     4699
Jumps:                      1921
Conditional Branches:       52651
Taken Conditional Branches: 51041
Compressed Instructions:    0
Multiply Wait:              0
