Program header number 0 in `/workspace/out/cache/011086c7b72e2e58c119b83c0ea82290776ab4664dbe14a5bbaa2f59ec858d86/run/program.elf' is not of type PT_LOAD; ignoring.
Program header number 3 in `/workspace/out/cache/011086c7b72e2e58c119b83c0ea82290776ab4664dbe14a5bbaa2f59ec858d86/run/program.elf' is not of type PT_LOAD; ignoring.
Simulation of Ibex
==================

Tracing can be toggled by sending SIGUSR1 to this process:
$ kill -USR1 18

Simulation running, end by pressing CTRL-c.
Tracing enabled.
Writing simulation traces to sim.fst
TOP.ibex_simple_system.u_top.u_ibex_tracer.unnamedblk2.unnamedblk3: Writing execution trace to trace_core_00000000.log
Terminating simulation by software request.
- src/lowrisc_ibex_sim_shared_0/rtl/sim/simulator_ctrl.sv:93: Verilog $finish
Received $finish() from Verilog, shutting down simulation.

Simulation statistics
=====================
Executed cycles:  238013
Wallclock time:   4.976 s
Simulation speed: 47832.2 cycles/s (47.8322 kHz)
Trace file size:  18333247 B

You can view the simulation traces by calling
$ gtkwave sim.fst

Performance Counters
====================
Cycles:                     238009
Instructions Retired:       125751
LSU Busy:                   12419
Fetch Wait:                 48705
Loads:                      7208
Stores:                     5211
Jumps:                      1920
Conditional Branches:       49163
Taken Conditional Branches: 48701
Compressed Instructions:    0
Multiply Wait:              512
