Program header number 0 in `/workspace/out/cache/2cc2ab2e025635356f04a4a435ac273b2d4ce9d8b775bfcfa88a100b216790b9/run/program.elf' is not of type PT_LOAD; ignoring.
Program header number 3 in `/workspace/out/cache/2cc2ab2e025635356f04a4a435ac273b2d4ce9d8b775bfcfa88a100b216790b9/run/program.elf' is not of type PT_LOAD; ignoring.
Simulation of Ibex
==================

Tracing can be toggled by sending SIGUSR1 to this process:
$ kill -USR1 17

Simulation running, end by pressing CTRL-c.
Tracing enabled.
Writing simulation traces to sim.fst
TOP.ibex_simple_system.u_top.u_ibex_tracer.unnamedblk2.unnamedblk3: Writing execution trace to trace_core_00000000.log
Terminating simulation by software request.
- src/lowrisc_ibex_sim_shared_0/rtl/sim/simulator_ctrl.sv:93: Verilog $finish
Received $finish() from Verilog, shutting down simulation.

Simulation statistics
=====================
Executed cycles:  238013
Wallclock time:   5.189 s
Simulation speed: 45868.8 cycles/s (45.8688 kHz)
Trace file size:  18090107 B

You can view the simulation traces by calling
$ gtkwave sim.fst

Performance Counters
====================
Cycles:                     238009
Instructions Retired:       125943
LSU Busy:                   11911
Fetch Wait:                 49133
Loads:                      6979
Stores:                     4932
Jumps:                      1892
Conditional Branches:       49569
Taken Conditional Branches: 49129
Compressed Instructions:    0
Multiply Wait:              0
