Program header number 0 in `/workspace/out/cache/1443f5d3ecdd2b00f3a9aaf9bedb6a6628e8dc8f0a846a54e5e5f1820282f40b/run/program.elf' is not of type PT_LOAD; ignoring.
Program header number 3 in `/workspace/out/cache/1443f5d3ecdd2b00f3a9aaf9bedb6a6628e8dc8f0a846a54e5e5f1820282f40b/run/program.elf' is not of type PT_LOAD; ignoring.
Simulation of Ibex
==================

Tracing can be toggled by sending SIGUSR1 to this process:
$ kill -USR1 17

Simulation running, end by pressing CTRL-c.
Tracing enabled.
Writing simulation traces to sim.fst
TOP.ibex_simple_system.u_top.u_ibex_tracer.unnamedblk2.unnamedblk3: Writing execution trace to trace_core_00000000.log
Terminating simulation by software request.
- src/lowrisc_ibex_sim_shared_0/rtl/sim/simulator_ctrl.sv:93: Verilog $finish
Received $finish() from Verilog, shutting down simulation.

Simulation statistics
=====================
Executed cycles:  238013
Wallclock time:   4.585 s
Simulation speed: 51911.2 cycles/s (51.9112 kHz)
Trace file size:  17438160 B

You can view the simulation traces by calling
$ gtkwave sim.fst

Performance Counters
====================
Cycles:                     238009
Instructions Retired:       109072
LSU Busy:                   11139
Fetch Wait:                 41822
Loads:                      6440
Stores:                     4699
Jumps:                      1888
Conditional Branches:       42248
Taken Conditional Branches: 41818
Compressed Instructions:    0
Multiply Wait:              0
