Program header number 0 in `/workspace/out/cache/2dad6d5e4c0e229a053b710ba0e1c9a9dc98b2bbc8a7bff5770944179387502e/run/program.elf' is not of type PT_LOAD; ignoring.
Program header number 3 in `/workspace/out/cache/2dad6d5e4c0e229a053b710ba0e1c9a9dc98b2bbc8a7bff5770944179387502e/run/program.elf' is not of type PT_LOAD; ignoring.
Simulation of Ibex
==================

Tracing can be toggled by sending SIGUSR1 to this process:
$ kill -USR1 17

Simulation running, end by pressing CTRL-c.
Tracing enabled.
Writing simulation traces to sim.fst
TOP.ibex_simple_system.u_top.u_ibex_tracer.unnamedblk2.unnamedblk3: Writing execution trace to trace_core_00000000.log
Terminating simulation by software request.
- src/lowrisc_ibex_sim_shared_0/rtl/sim/simulator_ctrl.sv:93: Verilog $finish
Received $finish() from Verilog, shutting down simulation.

Simulation statistics
=====================
Executed cycles:  238011
Wallclock time:   5.057 s
Simulation speed: 47065.7 cycles/s (47.0657 kHz)
Trace file size:  17758469 B

You can view the simulation traces by calling
$ gtkwave sim.fst

Performance Counters
====================
Cycles:                     238007
Instructions Retired:       118656
LSU Busy:                   11957
Fetch Wait:                 45146
Loads:                      6850
Stores:                     5107
Jumps:                      1935
Conditional Branches:       45960
Taken Conditional Branches: 45142
Compressed Instructions:    0
Multiply Wait:              410
