Program header number 0 in `/workspace/out/cache/972733c5bc7f41166131da108cf4f518f65e77bc7721e9071fa0fc079031a722/run/program.elf' is not of type PT_LOAD; ignoring.
Program header number 3 in `/workspace/out/cache/972733c5bc7f41166131da108cf4f518f65e77bc7721e9071fa0fc079031a722/run/program.elf' is not of type PT_LOAD; ignoring.
Simulation of Ibex
==================

Tracing can be toggled by sending SIGUSR1 to this process:
$ kill -USR1 18

Simulation running, end by pressing CTRL-c.
Tracing enabled.
Writing simulation traces to sim.fst
TOP.ibex_simple_system.u_top.u_ibex_tracer.unnamedblk2.unnamedblk3: Writing execution trace to trace_core_00000000.log
Terminating simulation by software request.
- src/lowrisc_ibex_sim_shared_0/rtl/sim/simulator_ctrl.sv:93: Verilog $finish
Received $finish() from Verilog, shutting down simulation.

Simulation statistics
=====================
Executed cycles:  238014
Wallclock time:   5.542 s
Simulation speed: 42947.3 cycles/s (42.9473 kHz)
Trace file size:  18002865 B

You can view the simulation traces by calling
$ gtkwave sim.fst

Performance Counters
====================
Cycles:                     238010
Instructions Retired:       124105
LSU Busy:                   11389
Fetch Wait:                 49366
Loads:                      6690
Stores:                     4699
Jumps:                      1888
Conditional Branches:       49790
Taken Conditional Branches: 49362
Compressed Instructions:    0
Multiply Wait:              0
