Program header number 0 in `/workspace/out/cache/0ad8af6e5d8e3d58feeb3ce67156ef6bff90f1fc65b52fa146478cc1bea710c3/run/program.elf' is not of type PT_LOAD; ignoring.
Program header number 3 in `/workspace/out/cache/0ad8af6e5d8e3d58feeb3ce67156ef6bff90f1fc65b52fa146478cc1bea710c3/run/program.elf' is not of type PT_LOAD; ignoring.
Simulation of Ibex
==================

Tracing can be toggled by sending SIGUSR1 to this process:
$ kill -USR1 18

Simulation running, end by pressing CTRL-c.
Tracing enabled.
Writing simulation traces to sim.fst
TOP.ibex_simple_system.u_top.u_ibex_tracer.unnamedblk2.unnamedblk3: Writing execution trace to trace_core_00000000.log
Terminating simulation by software request.
- src/lowrisc_ibex_sim_shared_0/rtl/sim/simulator_ctrl.sv:93: Verilog $finish
Received $finish() from Verilog, shutting down simulation.

Simulation statistics
=====================
Executed cycles:  238011
Wallclock time:   4.932 s
Simulation speed: 48258.5 cycles/s (48.2585 kHz)
Trace file size:  18629829 B

You can view the simulation traces by calling
$ gtkwave sim.fst

Performance Counters
====================
Cycles:                     238007
Instructions Retired:       125778
LSU Busy:                   11889
Fetch Wait:                 49016
Loads:                      6815
Stores:                     5074
Jumps:                      1913
Conditional Branches:       49465
Taken Conditional Branches: 49012
Compressed Instructions:    0
Multiply Wait:              398
