Program header number 0 in `/workspace/out/cache/15b9251646c2b4d8c87fee2308ab6048dd5537b5927597eab848c99ee818e9d6/run/program.elf' is not of type PT_LOAD; ignoring.
Program header number 3 in `/workspace/out/cache/15b9251646c2b4d8c87fee2308ab6048dd5537b5927597eab848c99ee818e9d6/run/program.elf' is not of type PT_LOAD; ignoring.
Simulation of Ibex
==================

Tracing can be toggled by sending SIGUSR1 to this process:
$ kill -USR1 16

Simulation running, end by pressing CTRL-c.
Tracing enabled.
Writing simulation traces to sim.fst
TOP.ibex_simple_system.u_top.u_ibex_tracer.unnamedblk2.unnamedblk3: Writing execution trace to trace_core_00000000.log
Terminating simulation by software request.
- src/lowrisc_ibex_sim_shared_0/rtl/sim/simulator_ctrl.sv:93: Verilog $finish
Received $finish() from Verilog, shutting down simulation.

Simulation statistics
=====================
Executed cycles:  238012
Wallclock time:   4.801 s
Simulation speed: 49575.5 cycles/s (49.5755 kHz)
Trace file size:  17524849 B

You can view the simulation traces by calling
$ gtkwave sim.fst

Performance Counters
====================
Cycles:                     238008
Instructions Retired:       120422
LSU Busy:                   12420
Fetch Wait:                 46433
Loads:                      6881
Stores:                     5539
Jumps:                      1908
Conditional Branches:       46880
Taken Conditional Branches: 46429
Compressed Instructions:    0
Multiply Wait:              0
