Program header number 0 in `/workspace/out/cache/2295e4e85240674b9cf22bfa57332fa9a9468c8779760efabda9bdc79b99c5c5/run/program.elf' is not of type PT_LOAD; ignoring.
Program header number 3 in `/workspace/out/cache/2295e4e85240674b9cf22bfa57332fa9a9468c8779760efabda9bdc79b99c5c5/run/program.elf' is not of type PT_LOAD; ignoring.
Simulation of Ibex
==================

Tracing can be toggled by sending SIGUSR1 to this process:
$ kill -USR1 18

Simulation running, end by pressing CTRL-c.
Tracing enabled.
Writing simulation traces to sim.fst
TOP.ibex_simple_system.u_top.u_ibex_tracer.unnamedblk2.unnamedblk3: Writing execution trace to trace_core_00000000.log
Terminating simulation by software request.
- src/lowrisc_ibex_sim_shared_0/rtl/sim/simulator_ctrl.sv:93: Verilog $finish
Received $finish() from Verilog, shutting down simulation.

Simulation statistics
=====================
Executed cycles:  238017
Wallclock time:   5.274 s
Simulation speed: 45130.3 cycles/s (45.1303 kHz)
Trace file size:  18325980 B

You can view the simulation traces by calling
$ gtkwave sim.fst

Performance Counters
====================
Cycles:                     238013
Instructions Retired:       125375
LSU Busy:                   11803
Fetch Wait:                 49163
Loads:                      6772
Stores:                     5031
Jumps:                      1912
Conditional Branches:       49614
Taken Conditional Branches: 49159
Compressed Instructions:    0
Multiply Wait:              600
