Program header number 0 in `/workspace/out/cache/17650b7629a817e7a712184c0b44ec286481b67fa306a67251da975b241b52ae/run/program.elf' is not of type PT_LOAD; ignoring.
Program header number 3 in `/workspace/out/cache/17650b7629a817e7a712184c0b44ec286481b67fa306a67251da975b241b52ae/run/program.elf' is not of type PT_LOAD; ignoring.
Simulation of Ibex
==================

Tracing can be toggled by sending SIGUSR1 to this process:
$ kill -USR1 17

Simulation running, end by pressing CTRL-c.
Tracing enabled.
Writing simulation traces to sim.fst
TOP.ibex_simple_system.u_top.u_ibex_tracer.unnamedblk2.unnamedblk3: Writing execution trace to trace_core_00000000.log
Terminating simulation by software request.
- src/lowrisc_ibex_sim_shared_0/rtl/sim/simulator_ctrl.sv:93: Verilog $finish
Received $finish() from Verilog, shutting down simulation.

Simulation statistics
=====================
Executed cycles:  238012
Wallclock time:   4.369 s
Simulation speed: 54477.5 cycles/s (54.4775 kHz)
Trace file size:  16893636 B

You can view the simulation traces by calling
$ gtkwave sim.fst

Performance Counters
====================
Cycles:                     238008
Instructions Retired:       105924
LSU Busy:                   12039
Fetch Wait:                 39079
Loads:                      6890
Stores:                     5149
Jumps:                      1934
Conditional Branches:       39551
Taken Conditional Branches: 39075
Compressed Instructions:    0
Multiply Wait:              500
