Program header number 0 in `/workspace/out/cache/ccad7680f9bbbe0e45117266f28d1a52b57a3d66883fa70558acffe2c33a9609/run/program.elf' is not of type PT_LOAD; ignoring.
Program header number 3 in `/workspace/out/cache/ccad7680f9bbbe0e45117266f28d1a52b57a3d66883fa70558acffe2c33a9609/run/program.elf' is not of type PT_LOAD; ignoring.
Simulation of Ibex
==================

Tracing can be toggled by sending SIGUSR1 to this process:
$ kill -USR1 18

Simulation running, end by pressing CTRL-c.
Tracing enabled.
Writing simulation traces to sim.fst
TOP.ibex_simple_system.u_top.u_ibex_tracer.unnamedblk2.unnamedblk3: Writing execution trace to trace_core_00000000.log
Terminating simulation by software request.
- src/lowrisc_ibex_sim_shared_0/rtl/sim/simulator_ctrl.sv:93: Verilog $finish
Received $finish() from Verilog, shutting down simulation.

Simulation statistics
=====================
Executed cycles:  238013
Wallclock time:   5.4 s
Simulation speed: 44076.5 cycles/s (44.0765 kHz)
Trace file size:  17905523 B

You can view the simulation traces by calling
$ gtkwave sim.fst

Performance Counters
====================
Cycles:                     238009
Instructions Retired:       126037
LSU Busy:                   12547
Fetch Wait:                 48259
Loads:                      7144
Stores:                     5403
Jumps:                      2014
Conditional Branches:       48811
Taken Conditional Branches: 48255
Compressed Instructions:    0
Multiply Wait:              896
