Program header number 0 in `/workspace/out/cache/856a8ba0dd57c4a1e09d0217544513377bb0ed004f5ae338702e6d6bd6b99b67/run/program.elf' is not of type PT_LOAD; ignoring.
Program header number 3 in `/workspace/out/cache/856a8ba0dd57c4a1e09d0217544513377bb0ed004f5ae338702e6d6bd6b99b67/run/program.elf' is not of type PT_LOAD; ignoring.
Simulation of Ibex
==================

Tracing can be toggled by sending SIGUSR1 to this process:
$ kill -USR1 18

Simulation running, end by pressing CTRL-c.
Tracing enabled.
Writing simulation traces to sim.fst
TOP.ibex_simple_system.u_top.u_ibex_tracer.unnamedblk2.unnamedblk3: Writing execution trace to trace_core_00000000.log
Terminating simulation by software request.
- src/lowrisc_ibex_sim_shared_0/rtl/sim/simulator_ctrl.sv:93: Verilog $finish
Received $finish() from Verilog, shutting down simulation.

Simulation statistics
=====================
Executed cycles:  238012
Wallclock time:   4.926 s
Simulation speed: 48317.5 cycles/s (48.3175 kHz)
Trace file size:  17574145 B

You can view the simulation traces by calling
$ gtkwave sim.fst

Performance Counters
====================
Cycles:                     238008
Instructions Retired:       118141
LSU Busy:                   12476
Fetch Wait:                 45358
Loads:                      6839
Stores:                     5637
Jumps:                      1931
Conditional Branches:       45828
Taken Conditional Branches: 45354
Compressed Instructions:    0
Multiply Wait:              0
