Program header number 0 in `/workspace/out/cache/d3acce4c9d468afe69e9a9a7d647bd362563c232aab20583feba5a024a72e241/run/program.elf' is not of type PT_LOAD; ignoring.
Program header number 3 in `/workspace/out/cache/d3acce4c9d468afe69e9a9a7d647bd362563c232aab20583feba5a024a72e241/run/program.elf' is not of type PT_LOAD; ignoring.
Simulation of Ibex
==================

Tracing can be toggled by sending SIGUSR1 to this process:
$ kill -USR1 17

Simulation running, end by pressing CTRL-c.
Tracing enabled.
Writing simulation traces to sim.fst
TOP.ibex_simple_system.u_top.u_ibex_tracer.unnamedblk2.unnamedblk3: Writing execution trace to trace_core_00000000.log
Terminating simulation by software request.
- src/lowrisc_ibex_sim_shared_0/rtl/sim/simulator_ctrl.sv:93: Verilog $finish
Received $finish() from Verilog, shutting down simulation.

Simulation statistics
=====================
Executed cycles:  238016
Wallclock time:   5.096 s
Simulation speed: 46706.4 cycles/s (46.7064 kHz)
Trace file size:  18574371 B

You can view the simulation traces by calling
$ gtkwave sim.fst

Performance Counters
====================
Cycles:                     238012
Instructions Retired:       124744
LSU Busy:                   11937
Fetch Wait:                 49509
Loads:                      6833
Stores:                     5104
Jumps:                      1916
Conditional Branches:       50483
Taken Conditional Branches: 49505
Compressed Instructions:    0
Multiply Wait:              400
