Program header number 0 in `/workspace/out/cache/fbe95f79847e66cf49a1e4cce8792bff0df143b5e6d7662a02efb7bedf0f1686/run/program.elf' is not of type PT_LOAD; ignoring.
Program header number 3 in `/workspace/out/cache/fbe95f79847e66cf49a1e4cce8792bff0df143b5e6d7662a02efb7bedf0f1686/run/program.elf' is not of type PT_LOAD; ignoring.
Simulation of Ibex
==================

Tracing can be toggled by sending SIGUSR1 to this process:
$ kill -USR1 18

Simulation running, end by pressing CTRL-c.
Tracing enabled.
Writing simulation traces to sim.fst
TOP.ibex_simple_system.u_top.u_ibex_tracer.unnamedblk2.unnamedblk3: Writing execution trace to trace_core_00000000.log
Terminating simulation by software request.
- src/lowrisc_ibex_sim_shared_0/rtl/sim/simulator_ctrl.sv:93: Verilog $finish
Received $finish() from Verilog, shutting down simulation.

Simulation statistics
=====================
Executed cycles:  238014
Wallclock time:   4.536 s
Simulation speed: 52472.2 cycles/s (52.4722 kHz)
Trace file size:  16527637 B

You can view the simulation traces by calling
$ gtkwave sim.fst

Performance Counters
====================
Cycles:                     238010
Instructions Retired:       104524
LSU Busy:                   11411
Fetch Wait:                 39532
Loads:                      6712
Stores:                     4699
Jumps:                      1921
Conditional Branches:       40148
Taken Conditional Branches: 39528
Compressed Instructions:    0
Multiply Wait:              244
