Program header number 0 in `/workspace/out/cache/44dba7548aaefc6fbd663b5d3a270cd177ce06c3274063d3ea0f971a4a7a5d1a/run/program.elf' is not of type PT_LOAD; ignoring.
Program header number 3 in `/workspace/out/cache/44dba7548aaefc6fbd663b5d3a270cd177ce06c3274063d3ea0f971a4a7a5d1a/run/program.elf' is not of type PT_LOAD; ignoring.
Simulation of Ibex
==================

Tracing can be toggled by sending SIGUSR1 to this process:
$ kill -USR1 17

Simulation running, end by pressing CTRL-c.
Tracing enabled.
Writing simulation traces to sim.fst
TOP.ibex_simple_system.u_top.u_ibex_tracer.unnamedblk2.unnamedblk3: Writing execution trace to trace_core_00000000.log
Terminating simulation by software request.
- src/lowrisc_ibex_sim_shared_0/rtl/sim/simulator_ctrl.sv:93: Verilog $finish
Received $finish() from Verilog, shutting down simulation.

Simulation statistics
=====================
Executed cycles:  238011
Wallclock time:   5.526 s
Simulation speed: 43071.1 cycles/s (43.0711 kHz)
Trace file size:  17741900 B

You can view the simulation traces by calling
$ gtkwave sim.fst

Performance Counters
====================
Cycles:                     238007
Instructions Retired:       123037
LSU Busy:                   11413
Fetch Wait:                 48146
Loads:                      6577
Stores:                     4836
Jumps:                      1928
Conditional Branches:       48987
Taken Conditional Branches: 48142
Compressed Instructions:    0
Multiply Wait:              750
