Program header number 0 in `/workspace/out/cache/22e6e0aa654f7194b747036eeb8f4a1a304cb35262dc1ad41736fa6d54a90661/run/program.elf' is not of type PT_LOAD; ignoring.
Program header number 3 in `/workspace/out/cache/22e6e0aa654f7194b747036eeb8f4a1a304cb35262dc1ad41736fa6d54a90661/run/program.elf' is not of type PT_LOAD; ignoring.
Simulation of Ibex
==================

Tracing can be toggled by sending SIGUSR1 to this process:
$ kill -USR1 17

Simulation running, end by pressing CTRL-c.
Tracing enabled.
Writing simulation traces to sim.fst
TOP.ibex_simple_system.u_top.u_ibex_tracer.unnamedblk2.unnamedblk3: Writing execution trace to trace_core_00000000.log
Terminating simulation by software request.
- src/lowrisc_ibex_sim_shared_0/rtl/sim/simulator_ctrl.sv:93: Verilog $finish
Received $finish() from Verilog, shutting down simulation.

Simulation statistics
=====================
Executed cycles:  238012
Wallclock time:   4.876 s
Simulation speed: 48813 cycles/s (48.813 kHz)
Trace file size:  17365108 B

You can view the simulation traces by calling
$ gtkwave sim.fst

Performance Counters
====================
Cycles:                     238008
Instructions Retired:       117225
LSU Busy:                   11495
Fetch Wait:                 47302
Loads:                      6796
Stores:                     4699
Jumps:                      1907
Conditional Branches:       47745
Taken Conditional Branches: 47298
Compressed Instructions:    0
Multiply Wait:              0
