Program header number 0 in `/workspace/out/cache/d0aa1a72b67de931506b777a7ea03b9f098df01087dee85cd6e1b66351673998/run/program.elf' is not of type PT_LOAD; ignoring.
Program header number 3 in `/workspace/out/cache/d0aa1a72b67de931506b777a7ea03b9f098df01087dee85cd6e1b66351673998/run/program.elf' is not of type PT_LOAD; ignoring.
Simulation of Ibex
==================

Tracing can be toggled by sending SIGUSR1 to this process:
$ kill -USR1 18

Simulation running, end by pressing CTRL-c.
Tracing enabled.
Writing simulation traces to sim.fst
TOP.ibex_simple_system.u_top.u_ibex_tracer.unnamedblk2.unnamedblk3: Writing execution trace to trace_core_00000000.log
Terminating simulation by software request.
- src/lowrisc_ibex_sim_shared_0/rtl/sim/simulator_ctrl.sv:93: Verilog $finish
Received $finish() from Verilog, shutting down simulation.

Simulation statistics
=====================
Executed cycles:  238011
Wallclock time:   4.734 s
Simulation speed: 50276.9 cycles/s (50.2769 kHz)
Trace file size:  17350538 B

You can view the simulation traces by calling
$ gtkwave sim.fst

Performance Counters
====================
Cycles:                     238007
Instructions Retired:       111006
LSU Busy:                   11490
Fetch Wait:                 42236
Loads:                      6791
Stores:                     4699
Jumps:                      1900
Conditional Branches:       42678
Taken Conditional Branches: 42232
Compressed Instructions:    0
Multiply Wait:              702
