Program header number 0 in `/workspace/out/cache/9b9cd01f18d6614977ee5124bace865d2c772a8a168561995ab6b286c97eda3e/run/program.elf' is not of type PT_LOAD; ignoring.
Program header number 3 in `/workspace/out/cache/9b9cd01f18d6614977ee5124bace865d2c772a8a168561995ab6b286c97eda3e/run/program.elf' is not of type PT_LOAD; ignoring.
Simulation of Ibex
==================

Tracing can be toggled by sending SIGUSR1 to this process:
$ kill -USR1 17

Simulation running, end by pressing CTRL-c.
Tracing enabled.
Writing simulation traces to sim.fst
TOP.ibex_simple_system.u_top.u_ibex_tracer.unnamedblk2.unnamedblk3: Writing execution trace to trace_core_00000000.log
Terminating simulation by software request.
- src/lowrisc_ibex_sim_shared_0/rtl/sim/simulator_ctrl.sv:93: Verilog $finish
Received $finish() from Verilog, shutting down simulation.

Simulation statistics
=====================
Executed cycles:  238012
Wallclock time:   4.473 s
Simulation speed: 53210.8 cycles/s (53.2108 kHz)
Trace file size:  17413262 B

You can view the simulation traces by calling
$ gtkwave sim.fst

Performance Counters
====================
Cycles:                     238008
Instructions Retired:       114136
LSU Busy:                   11139
Fetch Wait:                 44342
Loads:                      6440
Stores:                     4699
Jumps:                      1896
Conditional Branches:       44776
Taken Conditional Branches: 44338
Compressed Instructions:    0
Multiply Wait:              2048
