Program header number 0 in `/workspace/out/cache/acbac72ff92cef4613e90037128b2e2a6e84eab796530deec08e27c89183e25e/run/program.elf' is not of type PT_LOAD; ignoring.
Program header number 3 in `/workspace/out/cache/acbac72ff92cef4613e90037128b2e2a6e84eab796530deec08e27c89183e25e/run/program.elf' is not of type PT_LOAD; ignoring.
Simulation of Ibex
==================

Tracing can be toggled by sending SIGUSR1 to this process:
$ kill -USR1 18

Simulation running, end by pressing CTRL-c.
Tracing enabled.
Writing simulation traces to sim.fst
TOP.ibex_simple_system.u_top.u_ibex_tracer.unnamedblk2.unnamedblk3: Writing execution trace to trace_core_00000000.log
Terminating simulation by software request.
- src/lowrisc_ibex_sim_shared_0/rtl/sim/simulator_ctrl.sv:93: Verilog $finish
Received $finish() from Verilog, shutting down simulation.

Simulation statistics
=====================
Executed cycles:  238013
Wallclock time:   5.267 s
Simulation speed: 45189.5 cycles/s (45.1895 kHz)
Trace file size:  17739864 B

You can view the simulation traces by calling
$ gtkwave sim.fst

Performance Counters
====================
Cycles:                     238009
Instructions Retired:       119755
LSU Busy:                   11366
Fetch Wait:                 47229
Loads:                      6440
Stores:                     4926
Jumps:                      1923
Conditional Branches:       47688
Taken Conditional Branches: 47225
Compressed Instructions:    0
Multiply Wait:              0
