Program header number 0 in `/workspace/out/cache/68deace6347414586b331d674b0501cece52095d1d36ebbe49666a51cced9992/run/program.elf' is not of type PT_LOAD; ignoring.
Program header number 3 in `/workspace/out/cache/68deace6347414586b331d674b0501cece52095d1d36ebbe49666a51cced9992/run/program.elf' is not of type PT_LOAD; ignoring.
Simulation of Ibex
==================

Tracing can be toggled by sending SIGUSR1 to this process:
$ kill -USR1 18

Simulation running, end by pressing CTRL-c.
Tracing enabled.
Writing simulation traces to sim.fst
TOP.ibex_simple_system.u_top.u_ibex_tracer.unnamedblk2.unnamedblk3: Writing execution trace to trace_core_00000000.log
Terminating simulation by software request.
- src/lowrisc_ibex_sim_shared_0/rtl/sim/simulator_ctrl.sv:93: Verilog $finish
Received $finish() from Verilog, shutting down simulation.

Simulation statistics
=====================
Executed cycles:  238014
Wallclock time:   4.963 s
Simulation speed: 47957.7 cycles/s (47.9577 kHz)
Trace file size:  18011284 B

You can view the simulation traces by calling
$ gtkwave sim.fst

Performance Counters
====================
Cycles:                     238010
Instructions Retired:       125429
LSU Busy:                   12138
Fetch Wait:                 48738
Loads:                      6940
Stores:                     5198
Jumps:                      1895
Conditional Branches:       49173
Taken Conditional Branches: 48734
Compressed Instructions:    0
Multiply Wait:              550
