Program header number 0 in `/workspace/out/cache/8f47de63ac5c5df6a547633a20ab56f4720b8efa91e92aef052483ac7ded74fe/run/program.elf' is not of type PT_LOAD; ignoring.
Program header number 3 in `/workspace/out/cache/8f47de63ac5c5df6a547633a20ab56f4720b8efa91e92aef052483ac7ded74fe/run/program.elf' is not of type PT_LOAD; ignoring.
Simulation of Ibex
==================

Tracing can be toggled by sending SIGUSR1 to this process:
$ kill -USR1 18

Simulation running, end by pressing CTRL-c.
Tracing enabled.
Writing simulation traces to sim.fst
TOP.ibex_simple_system.u_top.u_ibex_tracer.unnamedblk2.unnamedblk3: Writing execution trace to trace_core_00000000.log
Terminating simulation by software request.
- src/lowrisc_ibex_sim_shared_0/rtl/sim/simulator_ctrl.sv:93: Verilog $finish
Received $finish() from Verilog, shutting down simulation.

Simulation statistics
=====================
Executed cycles:  238014
Wallclock time:   5.002 s
Simulation speed: 47583.8 cycles/s (47.5838 kHz)
Trace file size:  17560042 B

You can view the simulation traces by calling
$ gtkwave sim.fst

Performance Counters
====================
Cycles:                     238010
Instructions Retired:       120168
LSU Busy:                   12099
Fetch Wait:                 45671
Loads:                      6920
Stores:                     5179
Jumps:                      1952
Conditional Branches:       46492
Taken Conditional Branches: 45667
Compressed Instructions:    0
Multiply Wait:              428
