Program header number 0 in `/workspace/out/cache/e15d94199927b07f8e93c2102f0990b15a8c1233ba708890aa4f689ba83a9456/run/program.elf' is not of type PT_LOAD; ignoring.
Program header number 3 in `/workspace/out/cache/e15d94199927b07f8e93c2102f0990b15a8c1233ba708890aa4f689ba83a9456/run/program.elf' is not of type PT_LOAD; ignoring.
Simulation of Ibex
==================

Tracing can be toggled by sending SIGUSR1 to this process:
$ kill -USR1 17

Simulation running, end by pressing CTRL-c.
Tracing enabled.
Writing simulation traces to sim.fst
TOP.ibex_simple_system.u_top.u_ibex_tracer.unnamedblk2.unnamedblk3: Writing execution trace to trace_core_00000000.log
Terminating simulation by software request.
- src/lowrisc_ibex_sim_shared_0/rtl/sim/simulator_ctrl.sv:93: Verilog $finish
Received $finish() from Verilog, shutting down simulation.

Simulation statistics
=====================
Executed cycles:  238011
Wallclock time:   5.029 s
Simulation speed: 47327.7 cycles/s (47.3277 kHz)
Trace file size:  17474428 B

You can view the simulation traces by calling
$ gtkwave sim.fst

Performance Counters
====================
Cycles:                     238007
Instructions Retired:       116306
LSU Busy:                   11739
Fetch Wait:                 44511
Loads:                      6740
Stores:                     4999
Jumps:                      1907
Conditional Branches:       45289
Taken Conditional Branches: 44507
Compressed Instructions:    0
Multiply Wait:              550
