Program header number 0 in `/workspace/out/cache/cc88c029e734e687c7211b2fe616eaf78304be346c27091f3e9db69feaf45e79/run/program.elf' is not of type PT_LOAD; ignoring.
Program header number 3 in `/workspace/out/cache/cc88c029e734e687c7211b2fe616eaf78304be346c27091f3e9db69feaf45e79/run/program.elf' is not of type PT_LOAD; ignoring.
Simulation of Ibex
==================

Tracing can be toggled by sending SIGUSR1 to this process:
$ kill -USR1 17

Simulation running, end by pressing CTRL-c.
Tracing enabled.
Writing simulation traces to sim.fst
TOP.ibex_simple_system.u_top.u_ibex_tracer.unnamedblk2.unnamedblk3: Writing execution trace to trace_core_00000000.log
Terminating simulation by software request.
- src/lowrisc_ibex_sim_shared_0/rtl/sim/simulator_ctrl.sv:93: Verilog $finish
Received $finish() from Verilog, shutting down simulation.

Simulation statistics
=====================
Executed cycles:  238014
Wallclock time:   4.992 s
Simulation speed: 47679.1 cycles/s (47.6791 kHz)
Trace file size:  17210664 B

You can view the simulation traces by calling
$ gtkwave sim.fst

Performance Counters
====================
Cycles:                     238010
Instructions Retired:       113633
LSU Busy:                   11907
Fetch Wait:                 42916
Loads:                      6824
Stores:                     5083
Jumps:                      1911
Conditional Branches:       43365
Taken Conditional Branches: 42912
Compressed Instructions:    0
Multiply Wait:              0
