Program header number 0 in `/workspace/out/cache/c9a1ca25edeadd130d49a81090066ffc0e8440686791fbee6573ae06da4c0095/run/program.elf' is not of type PT_LOAD; ignoring.
Program header number 3 in `/workspace/out/cache/c9a1ca25edeadd130d49a81090066ffc0e8440686791fbee6573ae06da4c0095/run/program.elf' is not of type PT_LOAD; ignoring.
Simulation of Ibex
==================

Tracing can be toggled by sending SIGUSR1 to this process:
$ kill -USR1 18

Simulation running, end by pressing CTRL-c.
Tracing enabled.
Writing simulation traces to sim.fst
TOP.ibex_simple_system.u_top.u_ibex_tracer.unnamedblk2.unnamedblk3: Writing execution trace to trace_core_00000000.log
Terminating simulation by software request.
- src/lowrisc_ibex_sim_shared_0/rtl/sim/simulator_ctrl.sv:93: Verilog $finish
Received $finish() from Verilog, shutting down simulation.

Simulation statistics
=====================
Executed cycles:  238013
Wallclock time:   5.476 s
Simulation speed: 43464.8 cycles/s (43.4648 kHz)
Trace file size:  18078215 B

You can view the simulation traces by calling
$ gtkwave sim.fst

Performance Counters
====================
Cycles:                     238009
Instructions Retired:       125752
LSU Busy:                   12163
Fetch Wait:                 48576
Loads:                      6952
Stores:                     5211
Jumps:                      1921
Conditional Branches:       49035
Taken Conditional Branches: 48572
Compressed Instructions:    0
Multiply Wait:              1024
