Program header number 0 in `/workspace/out/cache/ad424560b387f4e8c15aa1101c75035d12e8f97ccc848416c1556eb1719d654b/run/program.elf' is not of type PT_LOAD; ignoring.
Program header number 3 in `/workspace/out/cache/ad424560b387f4e8c15aa1101c75035d12e8f97ccc848416c1556eb1719d654b/run/program.elf' is not of type PT_LOAD; ignoring.
Simulation of Ibex
==================

Tracing can be toggled by sending SIGUSR1 to this process:
$ kill -USR1 17

Simulation running, end by pressing CTRL-c.
Tracing enabled.
Writing simulation traces to sim.fst
TOP.ibex_simple_system.u_top.u_ibex_tracer.unnamedblk2.unnamedblk3: Writing execution trace to trace_core_00000000.log
Terminating simulation by software request.
- src/lowrisc_ibex_sim_shared_0/rtl/sim/simulator_ctrl.sv:93: Verilog $finish
Received $finish() from Verilog, shutting down simulation.

Simulation statistics
=====================
Executed cycles:  238014
Wallclock time:   5.316 s
Simulation speed: 44773.1 cycles/s (44.7731 kHz)
Trace file size:  18777750 B

You can view the simulation traces by calling
$ gtkwave sim.fst

Performance Counters
====================
Cycles:                     238010
Instructions Retired:       125829
LSU Busy:                   12334
Fetch Wait:                 48372
Loads:                      7038
Stores:                     5296
Jumps:                      1912
Conditional Branches:       48822
Taken Conditional Branches: 48368
Compressed Instructions:    0
Multiply Wait:              1194
