Program header number 0 in `/workspace/out/cache/ddce7f423d537884d87025c334090a3f5c60fb75dd01dc720678b01e87fceeba/run/program.elf' is not of type PT_LOAD; ignoring.
Program header number 3 in `/workspace/out/cache/ddce7f423d537884d87025c334090a3f5c60fb75dd01dc720678b01e87fceeba/run/program.elf' is not of type PT_LOAD; ignoring.
Simulation of Ibex
==================

Tracing can be toggled by sending SIGUSR1 to this process:
$ kill -USR1 18

Simulation running, end by pressing CTRL-c.
Tracing enabled.
Writing simulation traces to sim.fst
TOP.ibex_simple_system.u_top.u_ibex_tracer.unnamedblk2.unnamedblk3: Writing execution trace to trace_core_00000000.log
Terminating simulation by software request.
- src/lowrisc_ibex_sim_shared_0/rtl/sim/simulator_ctrl.sv:93: Verilog $finish
Received $finish() from Verilog, shutting down simulation.

Simulation statistics
=====================
Executed cycles:  238014
Wallclock time:   4.526 s
Simulation speed: 52588.2 cycles/s (52.5882 kHz)
Trace file size:  16749032 B

You can view the simulation traces by calling
$ gtkwave sim.fst

Performance Counters
====================
Cycles:                     238010
Instructions Retired:       107652
LSU Busy:                   11461
Fetch Wait:                 41103
Loads:                      6762
Stores:                     4699
Jumps:                      1921
Conditional Branches:       41747
Taken Conditional Branches: 41099
Compressed Instructions:    0
Multiply Wait:              288
