Program header number 0 in `/workspace/out/cache/90db633b637f6f64c1d046afb2c1a2833c34909b67cb471143ffc90192aefc1e/run/program.elf' is not of type PT_LOAD; ignoring.
Program header number 3 in `/workspace/out/cache/90db633b637f6f64c1d046afb2c1a2833c34909b67cb471143ffc90192aefc1e/run/program.elf' is not of type PT_LOAD; ignoring.
Simulation of Ibex
==================

Tracing can be toggled by sending SIGUSR1 to this process:
$ kill -USR1 17

Simulation running, end by pressing CTRL-c.
Tracing enabled.
Writing simulation traces to sim.fst
TOP.ibex_simple_system.u_top.u_ibex_tracer.unnamedblk2.unnamedblk3: Writing execution trace to trace_core_00000000.log
Terminating simulation by software request.
- src/lowrisc_ibex_sim_shared_0/rtl/sim/simulator_ctrl.sv:93: Verilog $finish
Received $finish() from Verilog, shutting down simulation.

Simulation statistics
=====================
Executed cycles:  238013
Wallclock time:   5.014 s
Simulation speed: 47469.7 cycles/s (47.4697 kHz)
Trace file size:  18346653 B

You can view the simulation traces by calling
$ gtkwave sim.fst

Performance Counters
====================
Cycles:                     238009
Instructions Retired:       125636
LSU Busy:                   12598
Fetch Wait:                 48283
Loads:                      7494
Stores:                     5104
Jumps:                      1912
Conditional Branches:       48733
Taken Conditional Branches: 48279
Compressed Instructions:    0
Multiply Wait:              1300
