Program header number 0 in `/workspace/out/cache/c53ad74ce439733cbc1f8d9ff490a4b60e0cd07117433a40d24beead95af323c/run/program.elf' is not of type PT_LOAD; ignoring.
Program header number 3 in `/workspace/out/cache/c53ad74ce439733cbc1f8d9ff490a4b60e0cd07117433a40d24beead95af323c/run/program.elf' is not of type PT_LOAD; ignoring.
Simulation of Ibex
==================

Tracing can be toggled by sending SIGUSR1 to this process:
$ kill -USR1 17

Simulation running, end by pressing CTRL-c.
Tracing enabled.
Writing simulation traces to sim.fst
TOP.ibex_simple_system.u_top.u_ibex_tracer.unnamedblk2.unnamedblk3: Writing execution trace to trace_core_00000000.log
Terminating simulation by software request.
- src/lowrisc_ibex_sim_shared_0/rtl/sim/simulator_ctrl.sv:93: Verilog $finish
Received $finish() from Verilog, shutting down simulation.

Simulation statistics
=====================
Executed cycles:  238013
Wallclock time:   4.763 s
Simulation speed: 49971.2 cycles/s (49.9712 kHz)
Trace file size:  16685790 B

You can view the simulation traces by calling
$ gtkwave sim.fst

Performance Counters
====================
Cycles:                     238009
Instructions Retired:       107865
LSU Busy:                   12163
Fetch Wait:                 39609
Loads:                      6440
Stores:                     5723
Jumps:                      1937
Conditional Branches:       40084
Taken Conditional Branches: 39605
Compressed Instructions:    0
Multiply Wait:              0
