Program header number 0 in `/workspace/out/cache/e48bef596d807d8c1f84647980457c86f88ccfc6fde9e101ebc59b549666a717/run/program.elf' is not of type PT_LOAD; ignoring.
Program header number 3 in `/workspace/out/cache/e48bef596d807d8c1f84647980457c86f88ccfc6fde9e101ebc59b549666a717/run/program.elf' is not of type PT_LOAD; ignoring.
Simulation of Ibex
==================

Tracing can be toggled by sending SIGUSR1 to this process:
$ kill -USR1 17

Simulation running, end by pressing CTRL-c.
Tracing enabled.
Writing simulation traces to sim.fst
TOP.ibex_simple_system.u_top.u_ibex_tracer.unnamedblk2.unnamedblk3: Writing execution trace to trace_core_00000000.log
Terminating simulation by software request.
- src/lowrisc_ibex_sim_shared_0/rtl/sim/simulator_ctrl.sv:93: Verilog $finish
Received $finish() from Verilog, shutting down simulation.

Simulation statistics
=====================
Executed cycles:  238014
Wallclock time:   5.865 s
Simulation speed: 40582.1 cycles/s (40.5821 kHz)
Trace file size:  18939654 B

You can view the simulation traces by calling
$ gtkwave sim.fst

Performance Counters
====================
Cycles:                     238010
Instructions Retired:       124971
LSU Busy:                   11751
Fetch Wait:                 48819
Loads:                      7052
Stores:                     4699
Jumps:                      1911
Conditional Branches:       49268
Taken Conditional Branches: 48815
Compressed Instructions:    0
Multiply Wait:              1742
