Program header number 0 in `/workspace/out/cache/6fbf889a93de10e2a610fd5759af2d8d645f393d8655adb05c4a6f09d31bcd09/run/program.elf' is not of type PT_LOAD; ignoring.
Program header number 3 in `/workspace/out/cache/6fbf889a93de10e2a610fd5759af2d8d645f393d8655adb05c4a6f09d31bcd09/run/program.elf' is not of type PT_LOAD; ignoring.
Simulation of Ibex
==================

Tracing can be toggled by sending SIGUSR1 to this process:
$ kill -USR1 17

Simulation running, end by pressing CTRL-c.
Tracing enabled.
Writing simulation traces to sim.fst
TOP.ibex_simple_system.u_top.u_ibex_tracer.unnamedblk2.unnamedblk3: Writing execution trace to trace_core_00000000.log
Terminating simulation by software request.
- src/lowrisc_ibex_sim_shared_0/rtl/sim/simulator_ctrl.sv:93: Verilog $finish
Received $finish() from Verilog, shutting down simulation.

Simulation statistics
=====================
Executed cycles:  238013
Wallclock time:   5.219 s
Simulation speed: 45605.1 cycles/s (45.6051 kHz)
Trace file size:  17218918 B

You can view the simulation traces by calling
$ gtkwave sim.fst

Performance Counters
====================
Cycles:                     238009
Instructions Retired:       116901
LSU Busy:                   12184
Fetch Wait:                 45057
Loads:                      6903
Stores:                     5281
Jumps:                      1916
Conditional Branches:       45511
Taken Conditional Branches: 45053
Compressed Instructions:    0
Multiply Wait:              0
