Program header number 0 in `/workspace/out/cache/6d068216cbde9418260725cb29b6c6fe6a5d55805cd2790470536691f336df05/run/program.elf' is not of type PT_LOAD; ignoring.
Program header number 3 in `/workspace/out/cache/6d068216cbde9418260725cb29b6c6fe6a5d55805cd2790470536691f336df05/run/program.elf' is not of type PT_LOAD; ignoring.
Simulation of Ibex
==================

Tracing can be toggled by sending SIGUSR1 to this process:
$ kill -USR1 17

Simulation running, end by pressing CTRL-c.
Tracing enabled.
Writing simulation traces to sim.fst
TOP.ibex_simple_system.u_top.u_ibex_tracer.unnamedblk2.unnamedblk3: Writing execution trace to trace_core_00000000.log
Terminating simulation by software request.
- src/lowrisc_ibex_sim_shared_0/rtl/sim/simulator_ctrl.sv:93: Verilog $finish
Received $finish() from Verilog, shutting down simulation.

Simulation statistics
=====================
Executed cycles:  238013
Wallclock time:   3.58 s
Simulation speed: 66484.1 cycles/s (66.4841 kHz)
Trace file size:  14281988 B

You can view the simulation traces by calling
$ gtkwave sim.fst

Performance Counters
====================
Cycles:                     238009
Instructions Retired:       77042
LSU Busy:                   11139
Fetch Wait:                 25807
Loads:                      6440
Stores:                     4699
Jumps:                      1896
Conditional Branches:       26235
Taken Conditional Branches: 25803
Compressed Instructions:    0
Multiply Wait:              0
