Program header number 0 in `/workspace/out/cache/b2ed098ef8fb5d6a244c310dbacff385c7af34b92f3e40996b50a6acf2298daa/run/program.elf' is not of type PT_LOAD; ignoring.
Program header number 3 in `/workspace/out/cache/b2ed098ef8fb5d6a244c310dbacff385c7af34b92f3e40996b50a6acf2298daa/run/program.elf' is not of type PT_LOAD; ignoring.
Simulation of Ibex
==================

Tracing can be toggled by sending SIGUSR1 to this process:
$ kill -USR1 17

Simulation running, end by pressing CTRL-c.
Tracing enabled.
Writing simulation traces to sim.fst
TOP.ibex_simple_system.u_top.u_ibex_tracer.unnamedblk2.unnamedblk3: Writing execution trace to trace_core_00000000.log
Terminating simulation by software request.
- src/lowrisc_ibex_sim_shared_0/rtl/sim/simulator_ctrl.sv:93: Verilog $finish
Received $finish() from Verilog, shutting down simulation.

Simulation statistics
=====================
Executed cycles:  238011
Wallclock time:   5.372 s
Simulation speed: 44305.8 cycles/s (44.3058 kHz)
Trace file size:  18358918 B

You can view the simulation traces by calling
$ gtkwave sim.fst

Performance Counters
====================
Cycles:                     238007
Instructions Retired:       114852
LSU Busy:                   12026
Fetch Wait:                 43470
Loads:                      6952
Stores:                     5074
Jumps:                      1920
Conditional Branches:       43929
Taken Conditional Branches: 43466
Compressed Instructions:    0
Multiply Wait:              1026
