Program header number 0 in `/workspace/out/cache/7270e85b4644cc24b4f62e2c76a19eee51827bd4d9ed979c6513b12515b9a600/run/program.elf' is not of type PT_LOAD; ignoring.
Program header number 3 in `/workspace/out/cache/7270e85b4644cc24b4f62e2c76a19eee51827bd4d9ed979c6513b12515b9a600/run/program.elf' is not of type PT_LOAD; ignoring.
Simulation of Ibex
==================

Tracing can be toggled by sending SIGUSR1 to this process:
$ kill -USR1 18

Simulation running, end by pressing CTRL-c.
Tracing enabled.
Writing simulation traces to sim.fst
TOP.ibex_simple_system.u_top.u_ibex_tracer.unnamedblk2.unnamedblk3: Writing execution trace to trace_core_00000000.log
Terminating simulation by software request.
- src/lowrisc_ibex_sim_shared_0/rtl/sim/simulator_ctrl.sv:93: Verilog $finish
Received $finish() from Verilog, shutting down simulation.

Simulation statistics
=====================
Executed cycles:  238015
Wallclock time:   4.361 s
Simulation speed: 54578.1 cycles/s (54.5781 kHz)
Trace file size:  17580140 B

You can view the simulation traces by calling
$ gtkwave sim.fst

Performance Counters
====================
Cycles:                     238011
Instructions Retired:       114328
LSU Busy:                   11939
Fetch Wait:                 43202
Loads:                      7240
Stores:                     4699
Jumps:                      1917
Conditional Branches:       43659
Taken Conditional Branches: 43198
Compressed Instructions:    0
Multiply Wait:              1600
