Program header number 0 in `/workspace/out/cache/7c1a44f3f8522cdb7318694761768bb2b8466c159281b1ee3ac30090d697cdfd/run/program.elf' is not of type PT_LOAD; ignoring.
Program header number 3 in `/workspace/out/cache/7c1a44f3f8522cdb7318694761768bb2b8466c159281b1ee3ac30090d697cdfd/run/program.elf' is not of type PT_LOAD; ignoring.
Simulation of Ibex
==================

Tracing can be toggled by sending SIGUSR1 to this process:
$ kill -USR1 17

Simulation running, end by pressing CTRL-c.
Tracing enabled.
Writing simulation traces to sim.fst
TOP.ibex_simple_system.u_top.u_ibex_tracer.unnamedblk2.unnamedblk3: Writing execution trace to trace_core_00000000.log
Terminating simulation by software request.
- src/lowrisc_ibex_sim_shared_0/rtl/sim/simulator_ctrl.sv:93: Verilog $finish
Received $finish() from Verilog, shutting down simulation.

Simulation statistics
=====================
Executed cycles:  238014
Wallclock time:   4.977 s
Simulation speed: 47822.8 cycles/s (47.8228 kHz)
Trace file size:  17492562 B

You can view the simulation traces by calling
$ gtkwave sim.fst

Performance Counters
====================
Cycles:                     238010
Instructions Retired:       114243
LSU Busy:                   11739
Fetch Wait:                 43859
Loads:                      6740
Stores:                     4999
Jumps:                      1913
Conditional Branches:       44316
Taken Conditional Branches: 43855
Compressed Instructions:    0
Multiply Wait:              800
