Program header number 0 in `/workspace/out/cache/597d6d13a67d2105d5944783659ee9c1543d0aa11c19f7bc016b6fb0c4cdc040/run/program.elf' is not of type PT_LOAD; ignoring.
Program header number 3 in `/workspace/out/cache/597d6d13a67d2105d5944783659ee9c1543d0aa11c19f7bc016b6fb0c4cdc040/run/program.elf' is not of type PT_LOAD; ignoring.
Simulation of Ibex
==================

Tracing can be toggled by sending SIGUSR1 to this process:
$ kill -USR1 17

Simulation running, end by pressing CTRL-c.
Tracing enabled.
Writing simulation traces to sim.fst
TOP.ibex_simple_system.u_top.u_ibex_tracer.unnamedblk2.unnamedblk3: Writing execution trace to trace_core_00000000.log
Terminating simulation by software request.
- src/lowrisc_ibex_sim_shared_0/rtl/sim/simulator_ctrl.sv:93: Verilog $finish
Received $finish() from Verilog, shutting down simulation.

Simulation statistics
=====================
Executed cycles:  238011
Wallclock time:   5.179 s
Simulation speed: 45956.9 cycles/s (45.9569 kHz)
Trace file size:  18376316 B

You can view the simulation traces by calling
$ gtkwave sim.fst

Performance Counters
====================
Cycles:                     238007
Instructions Retired:       118841
LSU Busy:                   11647
Fetch Wait:                 46232
Loads:                      6777
Stores:                     4870
Jumps:                      1926
Conditional Branches:       46697
Taken Conditional Branches: 46228
Compressed Instructions:    0
Multiply Wait:              676
