Program header number 0 in `/workspace/out/cache/24fb6efbe6af49dffb368aac33de3edc9cd6b0a9f9dbb3125813316e7b92ab2a/run/program.elf' is not of type PT_LOAD; ignoring.
Program header number 3 in `/workspace/out/cache/24fb6efbe6af49dffb368aac33de3edc9cd6b0a9f9dbb3125813316e7b92ab2a/run/program.elf' is not of type PT_LOAD; ignoring.
Simulation of Ibex
==================

Tracing can be toggled by sending SIGUSR1 to this process:
$ kill -USR1 17

Simulation running, end by pressing CTRL-c.
Tracing enabled.
Writing simulation traces to sim.fst
TOP.ibex_simple_system.u_top.u_ibex_tracer.unnamedblk2.unnamedblk3: Writing execution trace to trace_core_00000000.log
Terminating simulation by software request.
- src/lowrisc_ibex_sim_shared_0/rtl/sim/simulator_ctrl.sv:93: Verilog $finish
Received $finish() from Verilog, shutting down simulation.

Simulation statistics
=====================
Executed cycles:  238014
Wallclock time:   5.528 s
Simulation speed: 43056.1 cycles/s (43.0561 kHz)
Trace file size:  18092803 B

You can view the simulation traces by calling
$ gtkwave sim.fst

Performance Counters
====================
Cycles:                     238010
Instructions Retired:       124434
LSU Busy:                   11139
Fetch Wait:                 49466
Loads:                      6440
Stores:                     4699
Jumps:                      1910
Conditional Branches:       49916
Taken Conditional Branches: 49462
Compressed Instructions:    0
Multiply Wait:              1598
