Program header number 0 in `/workspace/out/cache/de9f1614720200a798c3d9b0c79f6260c53289648bbae25b21c3af768fc8b639/run/program.elf' is not of type PT_LOAD; ignoring.
Program header number 3 in `/workspace/out/cache/de9f1614720200a798c3d9b0c79f6260c53289648bbae25b21c3af768fc8b639/run/program.elf' is not of type PT_LOAD; ignoring.
Simulation of Ibex
==================

Tracing can be toggled by sending SIGUSR1 to this process:
$ kill -USR1 17

Simulation running, end by pressing CTRL-c.
Tracing enabled.
Writing simulation traces to sim.fst
TOP.ibex_simple_system.u_top.u_ibex_tracer.unnamedblk2.unnamedblk3: Writing execution trace to trace_core_00000000.log
Terminating simulation by software request.
- src/lowrisc_ibex_sim_shared_0/rtl/sim/simulator_ctrl.sv:93: Verilog $finish
Received $finish() from Verilog, shutting down simulation.

Simulation statistics
=====================
Executed cycles:  238012
Wallclock time:   4.991 s
Simulation speed: 47688.2 cycles/s (47.6882 kHz)
Trace file size:  16639540 B

You can view the simulation traces by calling
$ gtkwave sim.fst

Performance Counters
====================
Cycles:                     238008
Instructions Retired:       106535
LSU Busy:                   11849
Fetch Wait:                 39918
Loads:                      6970
Stores:                     4879
Jumps:                      1915
Conditional Branches:       40373
Taken Conditional Branches: 39914
Compressed Instructions:    0
Multiply Wait:              300
