Program header number 0 in `/workspace/out/cache/00c15ca5c56644d5eab12316479cb2db22118a53016578438efd58793bf06ab5/run/program.elf' is not of type PT_LOAD; ignoring.
Program header number 3 in `/workspace/out/cache/00c15ca5c56644d5eab12316479cb2db22118a53016578438efd58793bf06ab5/run/program.elf' is not of type PT_LOAD; ignoring.
Simulation of Ibex
==================

Tracing can be toggled by sending SIGUSR1 to this process:
$ kill -USR1 17

Simulation running, end by pressing CTRL-c.
Tracing enabled.
Writing simulation traces to sim.fst
TOP.ibex_simple_system.u_top.u_ibex_tracer.unnamedblk2.unnamedblk3: Writing execution trace to trace_core_00000000.log
Terminating simulation by software request.
- src/lowrisc_ibex_sim_shared_0/rtl/sim/simulator_ctrl.sv:93: Verilog $finish
Received $finish() from Verilog, shutting down simulation.

Simulation statistics
=====================
Executed cycles:  238013
Wallclock time:   5.077 s
Simulation speed: 46880.6 cycles/s (46.8806 kHz)
Trace file size:  17864461 B

You can view the simulation traces by calling
$ gtkwave sim.fst

Performance Counters
====================
Cycles:                     238009
Instructions Retired:       125505
LSU Busy:                   12347
Fetch Wait:                 49118
Loads:                      6879
Stores:                     5468
Jumps:                      1924
Conditional Branches:       49581
Taken Conditional Branches: 49114
Compressed Instructions:    0
Multiply Wait:              0
