Program header number 0 in `/workspace/out/cache/ba0a67e83bd12e64b3603cf360f44773dd322627304ae47e6a3ca6a7426d07fb/run/program.elf' is not of type PT_LOAD; ignoring.
Program header number 3 in `/workspace/out/cache/ba0a67e83bd12e64b3603cf360f44773dd322627304ae47e6a3ca6a7426d07fb/run/program.elf' is not of type PT_LOAD; ignoring.
Simulation of Ibex
==================

Tracing can be toggled by sending SIGUSR1 to this process:
$ kill -USR1 18

Simulation running, end by pressing CTRL-c.
Tracing enabled.
Writing simulation traces to sim.fst
TOP.ibex_simple_system.u_top.u_ibex_tracer.unnamedblk2.unnamedblk3: Writing execution trace to trace_core_00000000.log
Terminating simulation by software request.
- src/lowrisc_ibex_sim_shared_0/rtl/sim/simulator_ctrl.sv:93: Verilog $finish
Received $finish() from Verilog, shutting down simulation.

Simulation statistics
=====================
Executed cycles:  238014
Wallclock time:   4.914 s
Simulation speed: 48435.9 cycles/s (48.4359 kHz)
Trace file size:  18152238 B

You can view the simulation traces by calling
$ gtkwave sim.fst

Performance Counters
====================
Cycles:                     238010
Instructions Retired:       126028
LSU Busy:                   12196
Fetch Wait:                 48669
Loads:                      6957
Stores:                     5239
Jumps:                      1917
Conditional Branches:       49124
Taken Conditional Branches: 48665
Compressed Instructions:    0
Multiply Wait:              534
