Program header number 0 in `/workspace/out/cache/989b29af55e1f49189dc136d48538d8803fc894a7a47343bdd850fbb220dd078/run/program.elf' is not of type PT_LOAD; ignoring.
Program header number 3 in `/workspace/out/cache/989b29af55e1f49189dc136d48538d8803fc894a7a47343bdd850fbb220dd078/run/program.elf' is not of type PT_LOAD; ignoring.
Simulation of Ibex
==================

Tracing can be toggled by sending SIGUSR1 to this process:
$ kill -USR1 18

Simulation running, end by pressing CTRL-c.
Tracing enabled.
Writing simulation traces to sim.fst
TOP.ibex_simple_system.u_top.u_ibex_tracer.unnamedblk2.unnamedblk3: Writing execution trace to trace_core_00000000.log
Terminating simulation by software request.
- src/lowrisc_ibex_sim_shared_0/rtl/sim/simulator_ctrl.sv:93: Verilog $finish
Received $finish() from Verilog, shutting down simulation.

Simulation statistics
=====================
Executed cycles:  238015
Wallclock time:   4.221 s
Simulation speed: 56388.3 cycles/s (56.3883 kHz)
Trace file size:  17570534 B

You can view the simulation traces by calling
$ gtkwave sim.fst

Performance Counters
====================
Cycles:                     238011
Instructions Retired:       115400
LSU Busy:                   12502
Fetch Wait:                 42900
Loads:                      7122
Stores:                     5380
Jumps:                      1912
Conditional Branches:       43352
Taken Conditional Branches: 42896
Compressed Instructions:    0
Multiply Wait:              800
