Program header number 0 in `/workspace/out/cache/6185220b524dce9e3b21d72f4b2c0c0a51116c7ec2552a82419701ce5419d75e/run/program.elf' is not of type PT_LOAD; ignoring.
Program header number 3 in `/workspace/out/cache/6185220b524dce9e3b21d72f4b2c0c0a51116c7ec2552a82419701ce5419d75e/run/program.elf' is not of type PT_LOAD; ignoring.
Simulation of Ibex
==================

Tracing can be toggled by sending SIGUSR1 to this process:
$ kill -USR1 17

Simulation running, end by pressing CTRL-c.
Tracing enabled.
Writing simulation traces to sim.fst
TOP.ibex_simple_system.u_top.u_ibex_tracer.unnamedblk2.unnamedblk3: Writing execution trace to trace_core_00000000.log
Terminating simulation by software request.
- src/lowrisc_ibex_sim_shared_0/rtl/sim/simulator_ctrl.sv:93: Verilog $finish
Received $finish() from Verilog, shutting down simulation.

Simulation statistics
=====================
Executed cycles:  238011
Wallclock time:   4.651 s
Simulation speed: 51174.2 cycles/s (51.1742 kHz)
Trace file size:  16765759 B

You can view the simulation traces by calling
$ gtkwave sim.fst

Performance Counters
====================
Cycles:                     238007
Instructions Retired:       105533
LSU Busy:                   11139
Fetch Wait:                 41718
Loads:                      6440
Stores:                     4699
Jumps:                      1902
Conditional Branches:       42434
Taken Conditional Branches: 41714
Compressed Instructions:    0
Multiply Wait:              0
