Program header number 0 in `/workspace/out/cache/42da55fb38a256592e8b3511c5a63d9d9def676f1db64e3e4472a3d90ece21fe/run/program.elf' is not of type PT_LOAD; ignoring.
Program header number 3 in `/workspace/out/cache/42da55fb38a256592e8b3511c5a63d9d9def676f1db64e3e4472a3d90ece21fe/run/program.elf' is not of type PT_LOAD; ignoring.
Simulation of Ibex
==================

Tracing can be toggled by sending SIGUSR1 to this process:
$ kill -USR1 16

Simulation running, end by pressing CTRL-c.
Tracing enabled.
Writing simulation traces to sim.fst
TOP.ibex_simple_system.u_top.u_ibex_tracer.unnamedblk2.unnamedblk3: Writing execution trace to trace_core_00000000.log
Terminating simulation by software request.
- src/lowrisc_ibex_sim_shared_0/rtl/sim/simulator_ctrl.sv:93: Verilog $finish
Received $finish() from Verilog, shutting down simulation.

Simulation statistics
=====================
Executed cycles:  238013
Wallclock time:   2.595 s
Simulation speed: 91719.8 cycles/s (91.7198 kHz)
Trace file size:  12291147 B

You can view the simulation traces by calling
$ gtkwave sim.fst

Performance Counters
====================
Cycles:                     238009
Instructions Retired:       51530
LSU Busy:                   11139
Fetch Wait:                 12994
Loads:                      6440
Stores:                     4699
Jumps:                      1934
Conditional Branches:       13460
Taken Conditional Branches: 12990
Compressed Instructions:    0
Multiply Wait:              0
