Program header number 0 in `/workspace/out/cache/0447e58a6091327dacc8250db449239476a56ff534943c59f7ebac6afa12d2a8/run/program.elf' is not of type PT_LOAD; ignoring.
Program header number 3 in `/workspace/out/cache/0447e58a6091327dacc8250db449239476a56ff534943c59f7ebac6afa12d2a8/run/program.elf' is not of type PT_LOAD; ignoring.
Simulation of Ibex
==================

Tracing can be toggled by sending SIGUSR1 to this process:
$ kill -USR1 18

Simulation running, end by pressing CTRL-c.
Tracing enabled.
Writing simulation traces to sim.fst
TOP.ibex_simple_system.u_top.u_ibex_tracer.unnamedblk2.unnamedblk3: Writing execution trace to trace_core_00000000.log
Terminating simulation by software request.
- src/lowrisc_ibex_sim_shared_0/rtl/sim/simulator_ctrl.sv:93: Verilog $finish
Received $finish() from Verilog, shutting down simulation.

Simulation statistics
=====================
Executed cycles:  238383
Wallclock time:   4.893 s
Simulation speed: 48719.2 cycles/s (48.7192 kHz)
Trace file size:  16589320 B

You can view the simulation traces by calling
$ gtkwave sim.fst

Performance Counters
====================
Cycles:                     238379
Instructions Retired:       107354
LSU Busy:                   12187
Fetch Wait:                 39345
Loads:                      6964
Stores:                     5223
Jumps:                      1923
Conditional Branches:       39802
Taken Conditional Branches: 39341
Compressed Instructions:    0
Multiply Wait:              500
