Program header number 0 in `/workspace/out/cache/4c5e5081792b8ea9290d4e726442096058675899b489489ebcf1bc705c47a050/run/program.elf' is not of type PT_LOAD; ignoring.
Program header number 3 in `/workspace/out/cache/4c5e5081792b8ea9290d4e726442096058675899b489489ebcf1bc705c47a050/run/program.elf' is not of type PT_LOAD; ignoring.
Simulation of Ibex
==================

Tracing can be toggled by sending SIGUSR1 to this process:
$ kill -USR1 17

Simulation running, end by pressing CTRL-c.
Tracing enabled.
Writing simulation traces to sim.fst
TOP.ibex_simple_system.u_top.u_ibex_tracer.unnamedblk2.unnamedblk3: Writing execution trace to trace_core_00000000.log
Terminating simulation by software request.
- src/lowrisc_ibex_sim_shared_0/rtl/sim/simulator_ctrl.sv:93: Verilog $finish
Received $finish() from Verilog, shutting down simulation.

Simulation statistics
=====================
Executed cycles:  238011
Wallclock time:   5.135 s
Simulation speed: 46350.7 cycles/s (46.3507 kHz)
Trace file size:  18093753 B

You can view the simulation traces by calling
$ gtkwave sim.fst

Performance Counters
====================
Cycles:                     238007
Instructions Retired:       124563
LSU Busy:                   12163
Fetch Wait:                 48995
Loads:                      7123
Stores:                     5040
Jumps:                      1928
Conditional Branches:       49461
Taken Conditional Branches: 48991
Compressed Instructions:    0
Multiply Wait:              1366
