Program header number 0 in `/workspace/out/cache/2d004f256e44873a168621649a9b70d1a1bd9f66a1d572e60b4a46a4da0e4d4e/run/program.elf' is not of type PT_LOAD; ignoring.
Program header number 3 in `/workspace/out/cache/2d004f256e44873a168621649a9b70d1a1bd9f66a1d572e60b4a46a4da0e4d4e/run/program.elf' is not of type PT_LOAD; ignoring.
Simulation of Ibex
==================

Tracing can be toggled by sending SIGUSR1 to this process:
$ kill -USR1 17

Simulation running, end by pressing CTRL-c.
Tracing enabled.
Writing simulation traces to sim.fst
TOP.ibex_simple_system.u_top.u_ibex_tracer.unnamedblk2.unnamedblk3: Writing execution trace to trace_core_00000000.log
Terminating simulation by software request.
- src/lowrisc_ibex_sim_shared_0/rtl/sim/simulator_ctrl.sv:93: Verilog $finish
Received $finish() from Verilog, shutting down simulation.

Simulation statistics
=====================
Executed cycles:  238014
Wallclock time:   4.414 s
Simulation speed: 53922.5 cycles/s (53.9225 kHz)
Trace file size:  16002103 B

You can view the simulation traces by calling
$ gtkwave sim.fst

Performance Counters
====================
Cycles:                     238010
Instructions Retired:       100462
LSU Busy:                   11139
Fetch Wait:                 39148
Loads:                      6440
Stores:                     4699
Jumps:                      1866
Conditional Branches:       39552
Taken Conditional Branches: 39144
Compressed Instructions:    0
Multiply Wait:              0
