Program header number 0 in `/workspace/out/cache/4309d885c14c601ec278b6061e6e9b8de9bf4e7c93be6ada4a6faa9d4823c318/run/program.elf' is not of type PT_LOAD; ignoring.
Program header number 3 in `/workspace/out/cache/4309d885c14c601ec278b6061e6e9b8de9bf4e7c93be6ada4a6faa9d4823c318/run/program.elf' is not of type PT_LOAD; ignoring.
Simulation of Ibex
==================

Tracing can be toggled by sending SIGUSR1 to this process:
$ kill -USR1 17

Simulation running, end by pressing CTRL-c.
Tracing enabled.
Writing simulation traces to sim.fst
TOP.ibex_simple_system.u_top.u_ibex_tracer.unnamedblk2.unnamedblk3: Writing execution trace to trace_core_00000000.log
Terminating simulation by software request.
- src/lowrisc_ibex_sim_shared_0/rtl/sim/simulator_ctrl.sv:93: Verilog $finish
Received $finish() from Verilog, shutting down simulation.

Simulation statistics
=====================
Executed cycles:  238012
Wallclock time:   4.713 s
Simulation speed: 50501.2 cycles/s (50.5012 kHz)
Trace file size:  18240521 B

You can view the simulation traces by calling
$ gtkwave sim.fst

Performance Counters
====================
Cycles:                     238008
Instructions Retired:       124464
LSU Busy:                   11139
Fetch Wait:                 49469
Loads:                      6440
Stores:                     4699
Jumps:                      1918
Conditional Branches:       49927
Taken Conditional Branches: 49465
Compressed Instructions:    0
Multiply Wait:              1552
