Program header number 0 in `/workspace/out/cache/1c9f7e93deaf7faf450c587b07b6ee9823776a9e55be8c1f4d5b4b204fd9231b/run/program.elf' is not of type PT_LOAD; ignoring.
Program header number 3 in `/workspace/out/cache/1c9f7e93deaf7faf450c587b07b6ee9823776a9e55be8c1f4d5b4b204fd9231b/run/program.elf' is not of type PT_LOAD; ignoring.
Simulation of Ibex
==================

Tracing can be toggled by sending SIGUSR1 to this process:
$ kill -USR1 18

Simulation running, end by pressing CTRL-c.
Tracing enabled.
Writing simulation traces to sim.fst
TOP.ibex_simple_system.u_top.u_ibex_tracer.unnamedblk2.unnamedblk3: Writing execution trace to trace_core_00000000.log
Terminating simulation by software request.
- src/lowrisc_ibex_sim_shared_0/rtl/sim/simulator_ctrl.sv:93: Verilog $finish
Received $finish() from Verilog, shutting down simulation.

Simulation statistics
=====================
Executed cycles:  238014
Wallclock time:   5.45 s
Simulation speed: 43672.3 cycles/s (43.6723 kHz)
Trace file size:  18227257 B

You can view the simulation traces by calling
$ gtkwave sim.fst

Performance Counters
====================
Cycles:                     238010
Instructions Retired:       123466
LSU Busy:                   12437
Fetch Wait:                 47101
Loads:                      7189
Stores:                     5248
Jumps:                      1910
Conditional Branches:       47674
Taken Conditional Branches: 47097
Compressed Instructions:    0
Multiply Wait:              1098
