Program header number 0 in `/workspace/out/cache/615ee1d49c499965cc5ae7c11b22ba57cde54b6ced02405ff967d4229a000498/run/program.elf' is not of type PT_LOAD; ignoring.
Program header number 3 in `/workspace/out/cache/615ee1d49c499965cc5ae7c11b22ba57cde54b6ced02405ff967d4229a000498/run/program.elf' is not of type PT_LOAD; ignoring.
Simulation of Ibex
==================

Tracing can be toggled by sending SIGUSR1 to this process:
$ kill -USR1 18

Simulation running, end by pressing CTRL-c.
Tracing enabled.
Writing simulation traces to sim.fst
TOP.ibex_simple_system.u_top.u_ibex_tracer.unnamedblk2.unnamedblk3: Writing execution trace to trace_core_00000000.log
Terminating simulation by software request.
- src/lowrisc_ibex_sim_shared_0/rtl/sim/simulator_ctrl.sv:93: Verilog $finish
Received $finish() from Verilog, shutting down simulation.

Simulation statistics
=====================
Executed cycles:  238017
Wallclock time:   4.754 s
Simulation speed: 50066.7 cycles/s (50.0667 kHz)
Trace file size:  18048772 B

You can view the simulation traces by calling
$ gtkwave sim.fst

Performance Counters
====================
Cycles:                     238013
Instructions Retired:       122930
LSU Busy:                   11139
Fetch Wait:                 51017
Loads:                      6440
Stores:                     4699
Jumps:                      1913
Conditional Branches:       51919
Taken Conditional Branches: 51013
Compressed Instructions:    0
Multiply Wait:              0
