Program header number 0 in `/workspace/out/cache/5d60f6a63581a67278552ade711f9eacfb5c3683b639e15dbb99ae23aa32044a/run/program.elf' is not of type PT_LOAD; ignoring.
Program header number 3 in `/workspace/out/cache/5d60f6a63581a67278552ade711f9eacfb5c3683b639e15dbb99ae23aa32044a/run/program.elf' is not of type PT_LOAD; ignoring.
Simulation of Ibex
==================

Tracing can be toggled by sending SIGUSR1 to this process:
$ kill -USR1 17

Simulation running, end by pressing CTRL-c.
Tracing enabled.
Writing simulation traces to sim.fst
TOP.ibex_simple_system.u_top.u_ibex_tracer.unnamedblk2.unnamedblk3: Writing execution trace to trace_core_00000000.log
Terminating simulation by software request.
- src/lowrisc_ibex_sim_shared_0/rtl/sim/simulator_ctrl.sv:93: Verilog $finish
Received $finish() from Verilog, shutting down simulation.

Simulation statistics
=====================
Executed cycles:  238012
Wallclock time:   4.888 s
Simulation speed: 48693.1 cycles/s (48.6931 kHz)
Trace file size:  17791041 B

You can view the simulation traces by calling
$ gtkwave sim.fst

Performance Counters
====================
Cycles:                     238008
Instructions Retired:       115856
LSU Busy:                   12235
Fetch Wait:                 44738
Loads:                      7536
Stores:                     4699
Jumps:                      1909
Conditional Branches:       45185
Taken Conditional Branches: 44734
Compressed Instructions:    0
Multiply Wait:              0
