Program header number 0 in `/workspace/out/cache/fbe923618e6678f5b178c8adbe28369a52b8a385c941e3cfdd23a971f239c952/run/program.elf' is not of type PT_LOAD; ignoring.
Program header number 3 in `/workspace/out/cache/fbe923618e6678f5b178c8adbe28369a52b8a385c941e3cfdd23a971f239c952/run/program.elf' is not of type PT_LOAD; ignoring.
Simulation of Ibex
==================

Tracing can be toggled by sending SIGUSR1 to this process:
$ kill -USR1 17

Simulation running, end by pressing CTRL-c.
Tracing enabled.
Writing simulation traces to sim.fst
TOP.ibex_simple_system.u_top.u_ibex_tracer.unnamedblk2.unnamedblk3: Writing execution trace to trace_core_00000000.log
Terminating simulation by software request.
- src/lowrisc_ibex_sim_shared_0/rtl/sim/simulator_ctrl.sv:93: Verilog $finish
Received $finish() from Verilog, shutting down simulation.

Simulation statistics
=====================
Executed cycles:  400145
Wallclock time:   6.952 s
Simulation speed: 57558.3 cycles/s (57.5583 kHz)
Trace file size:  24268036 B

You can view the simulation traces by calling
$ gtkwave sim.fst

Performance Counters
====================
Cycles:                     400141
Instructions Retired:       132565
LSU Busy:                   11139
Fetch Wait:                 53532
Loads:                      6440
Stores:                     4699
Jumps:                      1920
Conditional Branches:       53984
Taken Conditional Branches: 53528
Compressed Instructions:    0
Multiply Wait:              0
