Program header number 0 in `/workspace/out/cache/5f061fce673e6b78e93b599a51e2efe8b09489c0932433ba832210ecc45f5a28/run/program.elf' is not of type PT_LOAD; ignoring.
Program header number 3 in `/workspace/out/cache/5f061fce673e6b78e93b599a51e2efe8b09489c0932433ba832210ecc45f5a28/run/program.elf' is not of type PT_LOAD; ignoring.
Simulation of Ibex
==================

Tracing can be toggled by sending SIGUSR1 to this process:
$ kill -USR1 17

Simulation running, end by pressing CTRL-c.
Tracing enabled.
Writing simulation traces to sim.fst
TOP.ibex_simple_system.u_top.u_ibex_tracer.unnamedblk2.unnamedblk3: Writing execution trace to trace_core_00000000.log
Terminating simulation by software request.
- src/lowrisc_ibex_sim_shared_0/rtl/sim/simulator_ctrl.sv:93: Verilog $finish
Received $finish() from Verilog, shutting down simulation.

Simulation statistics
=====================
Executed cycles:  238014
Wallclock time:   4.89 s
Simulation speed: 48673.6 cycles/s (48.6736 kHz)
Trace file size:  16457725 B

You can view the simulation traces by calling
$ gtkwave sim.fst

Performance Counters
====================
Cycles:                     238010
Instructions Retired:       106848
LSU Busy:                   11139
Fetch Wait:                 40653
Loads:                      6440
Stores:                     4699
Jumps:                      1926
Conditional Branches:       41117
Taken Conditional Branches: 40649
Compressed Instructions:    0
Multiply Wait:              0
