Program header number 0 in `/workspace/out/cache/2ca7d11310e490647de74e107e4cb9f76124ecd31ac49aae07bcc9c220d86911/run/program.elf' is not of type PT_LOAD; ignoring.
Program header number 3 in `/workspace/out/cache/2ca7d11310e490647de74e107e4cb9f76124ecd31ac49aae07bcc9c220d86911/run/program.elf' is not of type PT_LOAD; ignoring.
Simulation of Ibex
==================

Tracing can be toggled by sending SIGUSR1 to this process:
$ kill -USR1 17

Simulation running, end by pressing CTRL-c.
Tracing enabled.
Writing simulation traces to sim.fst
TOP.ibex_simple_system.u_top.u_ibex_tracer.unnamedblk2.unnamedblk3: Writing execution trace to trace_core_00000000.log
Terminating simulation by software request.
- src/lowrisc_ibex_sim_shared_0/rtl/sim/simulator_ctrl.sv:93: Verilog $finish
Received $finish() from Verilog, shutting down simulation.

Simulation statistics
=====================
Executed cycles:  238013
Wallclock time:   4.409 s
Simulation speed: 53983.4 cycles/s (53.9834 kHz)
Trace file size:  17075977 B

You can view the simulation traces by calling
$ gtkwave sim.fst

Performance Counters
====================
Cycles:                     238009
Instructions Retired:       116658
LSU Busy:                   11806
Fetch Wait:                 44313
Loads:                      6774
Stores:                     5032
Jumps:                      1922
Conditional Branches:       45273
Taken Conditional Branches: 44309
Compressed Instructions:    0
Multiply Wait:              1000
