Program header number 0 in `/workspace/out/cache/a1c63dedbbfdb9ca377794e5fc9bdc8ff9a2562cf00589f950a3a5767d320e0e/run/program.elf' is not of type PT_LOAD; ignoring.
Program header number 3 in `/workspace/out/cache/a1c63dedbbfdb9ca377794e5fc9bdc8ff9a2562cf00589f950a3a5767d320e0e/run/program.elf' is not of type PT_LOAD; ignoring.
Simulation of Ibex
==================

Tracing can be toggled by sending SIGUSR1 to this process:
$ kill -USR1 17

Simulation running, end by pressing CTRL-c.
Tracing enabled.
Writing simulation traces to sim.fst
TOP.ibex_simple_system.u_top.u_ibex_tracer.unnamedblk2.unnamedblk3: Writing execution trace to trace_core_00000000.log
Terminating simulation by software request.
- src/lowrisc_ibex_sim_shared_0/rtl/sim/simulator_ctrl.sv:93: Verilog $finish
Received $finish() from Verilog, shutting down simulation.

Simulation statistics
=====================
Executed cycles:  238014
Wallclock time:   5.027 s
Simulation speed: 47347.1 cycles/s (47.3471 kHz)
Trace file size:  17663317 B

You can view the simulation traces by calling
$ gtkwave sim.fst

Performance Counters
====================
Cycles:                     238010
Instructions Retired:       119416
LSU Busy:                   11739
Fetch Wait:                 46431
Loads:                      6740
Stores:                     4999
Jumps:                      1902
Conditional Branches:       46939
Taken Conditional Branches: 46427
Compressed Instructions:    0
Multiply Wait:              924
