Program header number 0 in `/workspace/out/cache/474abd637fc0e67a4ed1ef8af4fcfedcf19b6cb5b682f5dc70837905df77b6b9/run/program.elf' is not of type PT_LOAD; ignoring.
Program header number 3 in `/workspace/out/cache/474abd637fc0e67a4ed1ef8af4fcfedcf19b6cb5b682f5dc70837905df77b6b9/run/program.elf' is not of type PT_LOAD; ignoring.
Simulation of Ibex
==================

Tracing can be toggled by sending SIGUSR1 to this process:
$ kill -USR1 18

Simulation running, end by pressing CTRL-c.
Tracing enabled.
Writing simulation traces to sim.fst
TOP.ibex_simple_system.u_top.u_ibex_tracer.unnamedblk2.unnamedblk3: Writing execution trace to trace_core_00000000.log
Terminating simulation by software request.
- src/lowrisc_ibex_sim_shared_0/rtl/sim/simulator_ctrl.sv:93: Verilog $finish
Received $finish() from Verilog, shutting down simulation.

Simulation statistics
=====================
Executed cycles:  238013
Wallclock time:   4.761 s
Simulation speed: 49992.2 cycles/s (49.9922 kHz)
Trace file size:  17919561 B

You can view the simulation traces by calling
$ gtkwave sim.fst

Performance Counters
====================
Cycles:                     238009
Instructions Retired:       123935
LSU Busy:                   11383
Fetch Wait:                 48097
Loads:                      6440
Stores:                     4943
Jumps:                      1922
Conditional Branches:       50530
Taken Conditional Branches: 48093
Compressed Instructions:    0
Multiply Wait:              0
