Program header number 0 in `/workspace/out/cache/7e0255fd7f1c2c67b4d709d082b7d0d395160d1c91445f2d1a847d288590919a/run/program.elf' is not of type PT_LOAD; ignoring.
Program header number 3 in `/workspace/out/cache/7e0255fd7f1c2c67b4d709d082b7d0d395160d1c91445f2d1a847d288590919a/run/program.elf' is not of type PT_LOAD; ignoring.
Simulation of Ibex
==================

Tracing can be toggled by sending SIGUSR1 to this process:
$ kill -USR1 18

Simulation running, end by pressing CTRL-c.
Tracing enabled.
Writing simulation traces to sim.fst
TOP.ibex_simple_system.u_top.u_ibex_tracer.unnamedblk2.unnamedblk3: Writing execution trace to trace_core_00000000.log
Terminating simulation by software request.
- src/lowrisc_ibex_sim_shared_0/rtl/sim/simulator_ctrl.sv:93: Verilog $finish
Received $finish() from Verilog, shutting down simulation.

Simulation statistics
=====================
Executed cycles:  238013
Wallclock time:   5.186 s
Simulation speed: 45895.3 cycles/s (45.8953 kHz)
Trace file size:  18137254 B

You can view the simulation traces by calling
$ gtkwave sim.fst

Performance Counters
====================
Cycles:                     238009
Instructions Retired:       126090
LSU Busy:                   12162
Fetch Wait:                 48493
Loads:                      6781
Stores:                     5381
Jumps:                      2090
Conditional Branches:       49121
Taken Conditional Branches: 48489
Compressed Instructions:    0
Multiply Wait:              684
