Program header number 0 in `/workspace/out/cache/1fd1d3b566854f29ed9478095ea072a6fa6d24f117bb41b8f2e4074c0cda0dee/run/program.elf' is not of type PT_LOAD; ignoring.
Program header number 3 in `/workspace/out/cache/1fd1d3b566854f29ed9478095ea072a6fa6d24f117bb41b8f2e4074c0cda0dee/run/program.elf' is not of type PT_LOAD; ignoring.
Simulation of Ibex
==================

Tracing can be toggled by sending SIGUSR1 to this process:
$ kill -USR1 17

Simulation running, end by pressing CTRL-c.
Tracing enabled.
Writing simulation traces to sim.fst
TOP.ibex_simple_system.u_top.u_ibex_tracer.unnamedblk2.unnamedblk3: Writing execution trace to trace_core_00000000.log
Terminating simulation by software request.
- src/lowrisc_ibex_sim_shared_0/rtl/sim/simulator_ctrl.sv:93: Verilog $finish
Received $finish() from Verilog, shutting down simulation.

Simulation statistics
=====================
Executed cycles:  238015
Wallclock time:   4.492 s
Simulation speed: 52986.4 cycles/s (52.9864 kHz)
Trace file size:  16575127 B

You can view the simulation traces by calling
$ gtkwave sim.fst

Performance Counters
====================
Cycles:                     238011
Instructions Retired:       106808
LSU Busy:                   12163
Fetch Wait:                 40130
Loads:                      7055
Stores:                     5108
Jumps:                      1919
Conditional Branches:       40587
Taken Conditional Branches: 40126
Compressed Instructions:    0
Multiply Wait:              0
