Program header number 0 in `/workspace/out/cache/26020ffd4ac52566f4c807d9f70bca1607b697e443fb0fdd61e268794082dd5b/run/program.elf' is not of type PT_LOAD; ignoring.
Program header number 3 in `/workspace/out/cache/26020ffd4ac52566f4c807d9f70bca1607b697e443fb0fdd61e268794082dd5b/run/program.elf' is not of type PT_LOAD; ignoring.
Simulation of Ibex
==================

Tracing can be toggled by sending SIGUSR1 to this process:
$ kill -USR1 18

Simulation running, end by pressing CTRL-c.
Tracing enabled.
Writing simulation traces to sim.fst
TOP.ibex_simple_system.u_top.u_ibex_tracer.unnamedblk2.unnamedblk3: Writing execution trace to trace_core_00000000.log
Terminating simulation by software request.
- src/lowrisc_ibex_sim_shared_0/rtl/sim/simulator_ctrl.sv:93: Verilog $finish
Received $finish() from Verilog, shutting down simulation.

Simulation statistics
=====================
Executed cycles:  238012
Wallclock time:   4.996 s
Simulation speed: 47640.5 cycles/s (47.6405 kHz)
Trace file size:  17834669 B

You can view the simulation traces by calling
$ gtkwave sim.fst

Performance Counters
====================
Cycles:                     238008
Instructions Retired:       123189
LSU Busy:                   11139
Fetch Wait:                 50878
Loads:                      6440
Stores:                     4699
Jumps:                      1927
Conditional Branches:       51339
Taken Conditional Branches: 50874
Compressed Instructions:    0
Multiply Wait:              0
