Program header number 0 in `/workspace/out/cache/feae38ba5a55fa0df825bf8b5ade01b1d2548d7babbcefa090a8be06d96f49bc/run/program.elf' is not of type PT_LOAD; ignoring.
Program header number 3 in `/workspace/out/cache/feae38ba5a55fa0df825bf8b5ade01b1d2548d7babbcefa090a8be06d96f49bc/run/program.elf' is not of type PT_LOAD; ignoring.
Simulation of Ibex
==================

Tracing can be toggled by sending SIGUSR1 to this process:
$ kill -USR1 18

Simulation running, end by pressing CTRL-c.
Tracing enabled.
Writing simulation traces to sim.fst
TOP.ibex_simple_system.u_top.u_ibex_tracer.unnamedblk2.unnamedblk3: Writing execution trace to trace_core_00000000.log
Terminating simulation by software request.
- src/lowrisc_ibex_sim_shared_0/rtl/sim/simulator_ctrl.sv:93: Verilog $finish
Received $finish() from Verilog, shutting down simulation.

Simulation statistics
=====================
Executed cycles:  238014
Wallclock time:   5.388 s
Simulation speed: 44174.8 cycles/s (44.1748 kHz)
Trace file size:  17751665 B

You can view the simulation traces by calling
$ gtkwave sim.fst

Performance Counters
====================
Cycles:                     238010
Instructions Retired:       118016
LSU Busy:                   11855
Fetch Wait:                 45153
Loads:                      6684
Stores:                     5171
Jumps:                      1924
Conditional Branches:       45621
Taken Conditional Branches: 45149
Compressed Instructions:    0
Multiply Wait:              3240
