Program header number 0 in `/workspace/out/cache/167e32e2dbbbdaa832038e2272d4cb69bad17951492695ae7a3dffaf34fd8d18/run/program.elf' is not of type PT_LOAD; ignoring.
Program header number 3 in `/workspace/out/cache/167e32e2dbbbdaa832038e2272d4cb69bad17951492695ae7a3dffaf34fd8d18/run/program.elf' is not of type PT_LOAD; ignoring.
Simulation of Ibex
==================

Tracing can be toggled by sending SIGUSR1 to this process:
$ kill -USR1 17

Simulation running, end by pressing CTRL-c.
Tracing enabled.
Writing simulation traces to sim.fst
TOP.ibex_simple_system.u_top.u_ibex_tracer.unnamedblk2.unnamedblk3: Writing execution trace to trace_core_00000000.log
Terminating simulation by software request.
- src/lowrisc_ibex_sim_shared_0/rtl/sim/simulator_ctrl.sv:93: Verilog $finish
Received $finish() from Verilog, shutting down simulation.

Simulation statistics
=====================
Executed cycles:  238012
Wallclock time:   3.888 s
Simulation speed: 61217.1 cycles/s (61.2171 kHz)
Trace file size:  16387688 B

You can view the simulation traces by calling
$ gtkwave sim.fst

Performance Counters
====================
Cycles:                     238008
Instructions Retired:       88382
LSU Busy:                   11139
Fetch Wait:                 31417
Loads:                      6440
Stores:                     4699
Jumps:                      1928
Conditional Branches:       31883
Taken Conditional Branches: 31413
Compressed Instructions:    0
Multiply Wait:              0
