Program header number 0 in `/workspace/out/cache/e292dddf849269dc85d6de5a0b30c011f9f6ff3a7d45aad4f79285a2f2cfc5e9/run/program.elf' is not of type PT_LOAD; ignoring.
Program header number 3 in `/workspace/out/cache/e292dddf849269dc85d6de5a0b30c011f9f6ff3a7d45aad4f79285a2f2cfc5e9/run/program.elf' is not of type PT_LOAD; ignoring.
Simulation of Ibex
==================

Tracing can be toggled by sending SIGUSR1 to this process:
$ kill -USR1 17

Simulation running, end by pressing CTRL-c.
Tracing enabled.
Writing simulation traces to sim.fst
TOP.ibex_simple_system.u_top.u_ibex_tracer.unnamedblk2.unnamedblk3: Writing execution trace to trace_core_00000000.log
Terminating simulation by software request.
- src/lowrisc_ibex_sim_shared_0/rtl/sim/simulator_ctrl.sv:93: Verilog $finish
Received $finish() from Verilog, shutting down simulation.

Simulation statistics
=====================
Executed cycles:  238014
Wallclock time:   4.664 s
Simulation speed: 51032.2 cycles/s (51.0322 kHz)
Trace file size:  16647368 B

You can view the simulation traces by calling
$ gtkwave sim.fst

Performance Counters
====================
Cycles:                     238010
Instructions Retired:       108005
LSU Busy:                   11688
Fetch Wait:                 40986
Loads:                      6989
Stores:                     4699
Jumps:                      1915
Conditional Branches:       41636
Taken Conditional Branches: 40982
Compressed Instructions:    0
Multiply Wait:              320
