Program header number 0 in `/workspace/out/cache/60c9962ed1107fb0a49b1b5b8b051108cfb1a26d47d2c4ce660ad3a314d20a35/run/program.elf' is not of type PT_LOAD; ignoring.
Program header number 3 in `/workspace/out/cache/60c9962ed1107fb0a49b1b5b8b051108cfb1a26d47d2c4ce660ad3a314d20a35/run/program.elf' is not of type PT_LOAD; ignoring.
Simulation of Ibex
==================

Tracing can be toggled by sending SIGUSR1 to this process:
$ kill -USR1 18

Simulation running, end by pressing CTRL-c.
Tracing enabled.
Writing simulation traces to sim.fst
TOP.ibex_simple_system.u_top.u_ibex_tracer.unnamedblk2.unnamedblk3: Writing execution trace to trace_core_00000000.log
Terminating simulation by software request.
- src/lowrisc_ibex_sim_shared_0/rtl/sim/simulator_ctrl.sv:93: Verilog $finish
Received $finish() from Verilog, shutting down simulation.

Simulation statistics
=====================
Executed cycles:  238014
Wallclock time:   4.473 s
Simulation speed: 53211.3 cycles/s (53.2113 kHz)
Trace file size:  17101949 B

You can view the simulation traces by calling
$ gtkwave sim.fst

Performance Counters
====================
Cycles:                     238010
Instructions Retired:       112829
LSU Busy:                   11581
Fetch Wait:                 43453
Loads:                      6882
Stores:                     4699
Jumps:                      1916
Conditional Branches:       44059
Taken Conditional Branches: 43449
Compressed Instructions:    0
Multiply Wait:              1510
