Program header number 0 in `/workspace/out/cache/4b71d6e2a37425101f77967f89a885a71c35051e59a0bf7f5d674ab3b4e96e6e/run/program.elf' is not of type PT_LOAD; ignoring.
Program header number 3 in `/workspace/out/cache/4b71d6e2a37425101f77967f89a885a71c35051e59a0bf7f5d674ab3b4e96e6e/run/program.elf' is not of type PT_LOAD; ignoring.
Simulation of Ibex
==================

Tracing can be toggled by sending SIGUSR1 to this process:
$ kill -USR1 17

Simulation running, end by pressing CTRL-c.
Tracing enabled.
Writing simulation traces to sim.fst
TOP.ibex_simple_system.u_top.u_ibex_tracer.unnamedblk2.unnamedblk3: Writing execution trace to trace_core_00000000.log
Terminating simulation by software request.
- src/lowrisc_ibex_sim_shared_0/rtl/sim/simulator_ctrl.sv:93: Verilog $finish
Received $finish() from Verilog, shutting down simulation.

Simulation statistics
=====================
Executed cycles:  238014
Wallclock time:   3.982 s
Simulation speed: 59772.5 cycles/s (59.7725 kHz)
Trace file size:  15722986 B

You can view the simulation traces by calling
$ gtkwave sim.fst

Performance Counters
====================
Cycles:                     238010
Instructions Retired:       92792
LSU Busy:                   11639
Fetch Wait:                 33263
Loads:                      6690
Stores:                     4949
Jumps:                      1934
Conditional Branches:       33735
Taken Conditional Branches: 33259
Compressed Instructions:    0
Multiply Wait:              466
