Program header number 0 in `/workspace/out/cache/02a1799334b30d43c75bc4733bc71e3feabb840e44e40440222b2ec81e2eebbe/run/program.elf' is not of type PT_LOAD; ignoring.
Program header number 3 in `/workspace/out/cache/02a1799334b30d43c75bc4733bc71e3feabb840e44e40440222b2ec81e2eebbe/run/program.elf' is not of type PT_LOAD; ignoring.
Simulation of Ibex
==================

Tracing can be toggled by sending SIGUSR1 to this process:
$ kill -USR1 17

Simulation running, end by pressing CTRL-c.
Tracing enabled.
Writing simulation traces to sim.fst
TOP.ibex_simple_system.u_top.u_ibex_tracer.unnamedblk2.unnamedblk3: Writing execution trace to trace_core_00000000.log
Terminating simulation by software request.
- src/lowrisc_ibex_sim_shared_0/rtl/sim/simulator_ctrl.sv:93: Verilog $finish
Received $finish() from Verilog, shutting down simulation.

Simulation statistics
=====================
Executed cycles:  242904
Wallclock time:   3.999 s
Simulation speed: 60741.2 cycles/s (60.7412 kHz)
Trace file size:  15760134 B

You can view the simulation traces by calling
$ gtkwave sim.fst

Performance Counters
====================
Cycles:                     242900
Instructions Retired:       92877
LSU Busy:                   11371
Fetch Wait:                 33653
Loads:                      6614
Stores:                     4757
Jumps:                      1908
Conditional Branches:       34101
Taken Conditional Branches: 33649
Compressed Instructions:    0
Multiply Wait:              2768
