Program header number 0 in `/workspace/out/cache/348dd808f9c0504c4ce7e5e44c1621d8756cf88663ee9a5cfd7cbf217b556cdb/run/program.elf' is not of type PT_LOAD; ignoring.
Program header number 3 in `/workspace/out/cache/348dd808f9c0504c4ce7e5e44c1621d8756cf88663ee9a5cfd7cbf217b556cdb/run/program.elf' is not of type PT_LOAD; ignoring.
Simulation of Ibex
==================

Tracing can be toggled by sending SIGUSR1 to this process:
$ kill -USR1 17

Simulation running, end by pressing CTRL-c.
Tracing enabled.
Writing simulation traces to sim.fst
TOP.ibex_simple_system.u_top.u_ibex_tracer.unnamedblk2.unnamedblk3: Writing execution trace to trace_core_00000000.log
Terminating simulation by software request.
- src/lowrisc_ibex_sim_shared_0/rtl/sim/simulator_ctrl.sv:93: Verilog $finish
Received $finish() from Verilog, shutting down simulation.

Simulation statistics
=====================
Executed cycles:  238012
Wallclock time:   4.787 s
Simulation speed: 49720.5 cycles/s (49.7205 kHz)
Trace file size:  16632243 B

You can view the simulation traces by calling
$ gtkwave sim.fst

Performance Counters
====================
Cycles:                     238008
Instructions Retired:       108801
LSU Busy:                   12339
Fetch Wait:                 39268
Loads:                      7040
Stores:                     5299
Jumps:                      1935
Conditional Branches:       40837
Taken Conditional Branches: 39264
Compressed Instructions:    0
Multiply Wait:              400
