Program header number 0 in `/workspace/out/cache/760e6c55094630a411a380721f24cc6ad7ab8a903ca47950bba1f033ac81c88e/run/program.elf' is not of type PT_LOAD; ignoring.
Program header number 3 in `/workspace/out/cache/760e6c55094630a411a380721f24cc6ad7ab8a903ca47950bba1f033ac81c88e/run/program.elf' is not of type PT_LOAD; ignoring.
Simulation of Ibex
==================

Tracing can be toggled by sending SIGUSR1 to this process:
$ kill -USR1 17

Simulation running, end by pressing CTRL-c.
Tracing enabled.
Writing simulation traces to sim.fst
TOP.ibex_simple_system.u_top.u_ibex_tracer.unnamedblk2.unnamedblk3: Writing execution trace to trace_core_00000000.log
Terminating simulation by software request.
- src/lowrisc_ibex_sim_shared_0/rtl/sim/simulator_ctrl.sv:93: Verilog $finish
Received $finish() from Verilog, shutting down simulation.

Simulation statistics
=====================
Executed cycles:  238012
Wallclock time:   4.059 s
Simulation speed: 58638.1 cycles/s (58.6381 kHz)
Trace file size:  15992463 B

You can view the simulation traces by calling
$ gtkwave sim.fst

Performance Counters
====================
Cycles:                     238008
Instructions Retired:       97451
LSU Busy:                   11651
Fetch Wait:                 35724
Loads:                      6696
Stores:                     4955
Jumps:                      1909
Conditional Branches:       36171
Taken Conditional Branches: 35720
Compressed Instructions:    0
Multiply Wait:              0
