Program header number 0 in `/workspace/out/cache/4b16bd01d2e7fd68ea0efa0c7c5fbd35d550c1743d2ac6ee689116eca91f7657/run/program.elf' is not of type PT_LOAD; ignoring.
Program header number 3 in `/workspace/out/cache/4b16bd01d2e7fd68ea0efa0c7c5fbd35d550c1743d2ac6ee689116eca91f7657/run/program.elf' is not of type PT_LOAD; ignoring.
Simulation of Ibex
==================

Tracing can be toggled by sending SIGUSR1 to this process:
$ kill -USR1 18

Simulation running, end by pressing CTRL-c.
Tracing enabled.
Writing simulation traces to sim.fst
TOP.ibex_simple_system.u_top.u_ibex_tracer.unnamedblk2.unnamedblk3: Writing execution trace to trace_core_00000000.log
Terminating simulation by software request.
- src/lowrisc_ibex_sim_shared_0/rtl/sim/simulator_ctrl.sv:93: Verilog $finish
Received $finish() from Verilog, shutting down simulation.

Simulation statistics
=====================
Executed cycles:  238015
Wallclock time:   5.242 s
Simulation speed: 45405.4 cycles/s (45.4054 kHz)
Trace file size:  16042392 B

You can view the simulation traces by calling
$ gtkwave sim.fst

Performance Counters
====================
Cycles:                     238011
Instructions Retired:       98526
LSU Busy:                   11396
Fetch Wait:                 36526
Loads:                      6697
Stores:                     4699
Jumps:                      1925
Conditional Branches:       37137
Taken Conditional Branches: 36522
Compressed Instructions:    0
Multiply Wait:              228
