Program header number 0 in `/workspace/out/cache/4856fcda99735de13fdba53296f6fbea82010363e90369b5d02041a18c57f02a/run/program.elf' is not of type PT_LOAD; ignoring.
Program header number 3 in `/workspace/out/cache/4856fcda99735de13fdba53296f6fbea82010363e90369b5d02041a18c57f02a/run/program.elf' is not of type PT_LOAD; ignoring.
Simulation of Ibex
==================

Tracing can be toggled by sending SIGUSR1 to this process:
$ kill -USR1 18

Simulation running, end by pressing CTRL-c.
Tracing enabled.
Writing simulation traces to sim.fst
TOP.ibex_simple_system.u_top.u_ibex_tracer.unnamedblk2.unnamedblk3: Writing execution trace to trace_core_00000000.log
Terminating simulation by software request.
- src/lowrisc_ibex_sim_shared_0/rtl/sim/simulator_ctrl.sv:93: Verilog $finish
Received $finish() from Verilog, shutting down simulation.

Simulation statistics
=====================
Executed cycles:  238015
Wallclock time:   4.902 s
Simulation speed: 48554.7 cycles/s (48.5547 kHz)
Trace file size:  17462926 B

You can view the simulation traces by calling
$ gtkwave sim.fst

Performance Counters
====================
Cycles:                     238011
Instructions Retired:       113351
LSU Busy:                   12251
Fetch Wait:                 42228
Loads:                      6996
Stores:                     5255
Jumps:                      1928
Conditional Branches:       42696
Taken Conditional Branches: 42224
Compressed Instructions:    0
Multiply Wait:              540
