Program header number 0 in `/workspace/out/cache/1fb204e872ca3cb26fa086d64d4d2290e306ee10ff387f81dda676af5ae306b4/run/program.elf' is not of type PT_LOAD; ignoring.
Program header number 3 in `/workspace/out/cache/1fb204e872ca3cb26fa086d64d4d2290e306ee10ff387f81dda676af5ae306b4/run/program.elf' is not of type PT_LOAD; ignoring.
Simulation of Ibex
==================

Tracing can be toggled by sending SIGUSR1 to this process:
$ kill -USR1 18

Simulation running, end by pressing CTRL-c.
Tracing enabled.
Writing simulation traces to sim.fst
TOP.ibex_simple_system.u_top.u_ibex_tracer.unnamedblk2.unnamedblk3: Writing execution trace to trace_core_00000000.log
Terminating simulation by software request.
- src/lowrisc_ibex_sim_shared_0/rtl/sim/simulator_ctrl.sv:93: Verilog $finish
Received $finish() from Verilog, shutting down simulation.

Simulation statistics
=====================
Executed cycles:  238014
Wallclock time:   4.799 s
Simulation speed: 49596.6 cycles/s (49.5966 kHz)
Trace file size:  17563879 B

You can view the simulation traces by calling
$ gtkwave sim.fst

Performance Counters
====================
Cycles:                     238010
Instructions Retired:       117444
LSU Busy:                   12003
Fetch Wait:                 44665
Loads:                      6872
Stores:                     5131
Jumps:                      1919
Conditional Branches:       45122
Taken Conditional Branches: 44661
Compressed Instructions:    0
Multiply Wait:              1200
