Program header number 0 in `/workspace/out/cache/57e1ac4648002004d9839143590ba52f5c42a1345b5d8fd21f2435276f2826da/run/program.elf' is not of type PT_LOAD; ignoring.
Program header number 3 in `/workspace/out/cache/57e1ac4648002004d9839143590ba52f5c42a1345b5d8fd21f2435276f2826da/run/program.elf' is not of type PT_LOAD; ignoring.
Simulation of Ibex
==================

Tracing can be toggled by sending SIGUSR1 to this process:
$ kill -USR1 18

Simulation running, end by pressing CTRL-c.
Tracing enabled.
Writing simulation traces to sim.fst
TOP.ibex_simple_system.u_top.u_ibex_tracer.unnamedblk2.unnamedblk3: Writing execution trace to trace_core_00000000.log
Terminating simulation by software request.
- src/lowrisc_ibex_sim_shared_0/rtl/sim/simulator_ctrl.sv:93: Verilog $finish
Received $finish() from Verilog, shutting down simulation.

Simulation statistics
=====================
Executed cycles:  238014
Wallclock time:   5.207 s
Simulation speed: 45710.4 cycles/s (45.7104 kHz)
Trace file size:  18125182 B

You can view the simulation traces by calling
$ gtkwave sim.fst

Performance Counters
====================
Cycles:                     238010
Instructions Retired:       121308
LSU Busy:                   11713
Fetch Wait:                 47393
Loads:                      6815
Stores:                     4898
Jumps:                      1922
Conditional Branches:       47853
Taken Conditional Branches: 47389
Compressed Instructions:    0
Multiply Wait:              1084
