Program header number 0 in `/workspace/out/cache/6ea136e9f9f0da10393feaa329ea98a22c70c5c5129d5e952d72d39796ad1f4a/run/program.elf' is not of type PT_LOAD; ignoring.
Program header number 3 in `/workspace/out/cache/6ea136e9f9f0da10393feaa329ea98a22c70c5c5129d5e952d72d39796ad1f4a/run/program.elf' is not of type PT_LOAD; ignoring.
Simulation of Ibex
==================

Tracing can be toggled by sending SIGUSR1 to this process:
$ kill -USR1 17

Simulation running, end by pressing CTRL-c.
Tracing enabled.
Writing simulation traces to sim.fst
TOP.ibex_simple_system.u_top.u_ibex_tracer.unnamedblk2.unnamedblk3: Writing execution trace to trace_core_00000000.log
Terminating simulation by software request.
- src/lowrisc_ibex_sim_shared_0/rtl/sim/simulator_ctrl.sv:93: Verilog $finish
Received $finish() from Verilog, shutting down simulation.

Simulation statistics
=====================
Executed cycles:  238013
Wallclock time:   5.296 s
Simulation speed: 44942 cycles/s (44.942 kHz)
Trace file size:  17985549 B

You can view the simulation traces by calling
$ gtkwave sim.fst

Performance Counters
====================
Cycles:                     238009
Instructions Retired:       121135
LSU Busy:                   11139
Fetch Wait:                 51907
Loads:                      6440
Stores:                     4699
Jumps:                      1924
Conditional Branches:       52363
Taken Conditional Branches: 51903
Compressed Instructions:    0
Multiply Wait:              0
