Program header number 0 in `/workspace/out/cache/c4468b532fd7214cffbf59192af719f71601f16736d79f14de52038231342468/run/program.elf' is not of type PT_LOAD; ignoring.
Program header number 3 in `/workspace/out/cache/c4468b532fd7214cffbf59192af719f71601f16736d79f14de52038231342468/run/program.elf' is not of type PT_LOAD; ignoring.
Simulation of Ibex
==================

Tracing can be toggled by sending SIGUSR1 to this process:
$ kill -USR1 18

Simulation running, end by pressing CTRL-c.
Tracing enabled.
Writing simulation traces to sim.fst
TOP.ibex_simple_system.u_top.u_ibex_tracer.unnamedblk2.unnamedblk3: Writing execution trace to trace_core_00000000.log
Terminating simulation by software request.
- src/lowrisc_ibex_sim_shared_0/rtl/sim/simulator_ctrl.sv:93: Verilog $finish
Received $finish() from Verilog, shutting down simulation.

Simulation statistics
=====================
Executed cycles:  238015
Wallclock time:   4.326 s
Simulation speed: 55019.6 cycles/s (55.0196 kHz)
Trace file size:  17147273 B

You can view the simulation traces by calling
$ gtkwave sim.fst

Performance Counters
====================
Cycles:                     238011
Instructions Retired:       114398
LSU Busy:                   11317
Fetch Wait:                 44807
Loads:                      6618
Stores:                     4699
Jumps:                      1931
Conditional Branches:       45277
Taken Conditional Branches: 44803
Compressed Instructions:    0
Multiply Wait:              732
