Program header number 0 in `/workspace/out/cache/fd0b6f1169bc88299d9a88e0a6a90856353bbcf6057dcabcfca4a5083189c596/run/program.elf' is not of type PT_LOAD; ignoring.
Program header number 3 in `/workspace/out/cache/fd0b6f1169bc88299d9a88e0a6a90856353bbcf6057dcabcfca4a5083189c596/run/program.elf' is not of type PT_LOAD; ignoring.
Simulation of Ibex
==================

Tracing can be toggled by sending SIGUSR1 to this process:
$ kill -USR1 17

Simulation running, end by pressing CTRL-c.
Tracing enabled.
Writing simulation traces to sim.fst
TOP.ibex_simple_system.u_top.u_ibex_tracer.unnamedblk2.unnamedblk3: Writing execution trace to trace_core_00000000.log
Terminating simulation by software request.
- src/lowrisc_ibex_sim_shared_0/rtl/sim/simulator_ctrl.sv:93: Verilog $finish
Received $finish() from Verilog, shutting down simulation.

Simulation statistics
=====================
Executed cycles:  238015
Wallclock time:   5.055 s
Simulation speed: 47085.1 cycles/s (47.0851 kHz)
Trace file size:  17497474 B

You can view the simulation traces by calling
$ gtkwave sim.fst

Performance Counters
====================
Cycles:                     238011
Instructions Retired:       120925
LSU Busy:                   12742
Fetch Wait:                 46012
Loads:                      6881
Stores:                     5861
Jumps:                      1928
Conditional Branches:       46478
Taken Conditional Branches: 46008
Compressed Instructions:    0
Multiply Wait:              0
