Program header number 0 in `/workspace/out/cache/35851a5fc6580556ac23a224e5eafc791a4eb1fc0ba019d37efff9d6019fc900/run/program.elf' is not of type PT_LOAD; ignoring.
Program header number 3 in `/workspace/out/cache/35851a5fc6580556ac23a224e5eafc791a4eb1fc0ba019d37efff9d6019fc900/run/program.elf' is not of type PT_LOAD; ignoring.
Simulation of Ibex
==================

Tracing can be toggled by sending SIGUSR1 to this process:
$ kill -USR1 18

Simulation running, end by pressing CTRL-c.
Tracing enabled.
Writing simulation traces to sim.fst
TOP.ibex_simple_system.u_top.u_ibex_tracer.unnamedblk2.unnamedblk3: Writing execution trace to trace_core_00000000.log
Terminating simulation by software request.
- src/lowrisc_ibex_sim_shared_0/rtl/sim/simulator_ctrl.sv:93: Verilog $finish
Received $finish() from Verilog, shutting down simulation.

Simulation statistics
=====================
Executed cycles:  238011
Wallclock time:   5.477 s
Simulation speed: 43456.5 cycles/s (43.4565 kHz)
Trace file size:  18100517 B

You can view the simulation traces by calling
$ gtkwave sim.fst

Performance Counters
====================
Cycles:                     238007
Instructions Retired:       120099
LSU Busy:                   11673
Fetch Wait:                 47040
Loads:                      6707
Stores:                     4966
Jumps:                      1916
Conditional Branches:       47494
Taken Conditional Branches: 47036
Compressed Instructions:    0
Multiply Wait:              666
