Program header number 0 in `/workspace/out/cache/ea6e848475608daba0088b31491059f585a486c8acbdae582d93c4b98c42ba79/run/program.elf' is not of type PT_LOAD; ignoring.
Program header number 3 in `/workspace/out/cache/ea6e848475608daba0088b31491059f585a486c8acbdae582d93c4b98c42ba79/run/program.elf' is not of type PT_LOAD; ignoring.
Simulation of Ibex
==================

Tracing can be toggled by sending SIGUSR1 to this process:
$ kill -USR1 16

Simulation running, end by pressing CTRL-c.
Tracing enabled.
Writing simulation traces to sim.fst
TOP.ibex_simple_system.u_top.u_ibex_tracer.unnamedblk2.unnamedblk3: Writing execution trace to trace_core_00000000.log
Terminating simulation by software request.
- src/lowrisc_ibex_sim_shared_0/rtl/sim/simulator_ctrl.sv:93: Verilog $finish
Received $finish() from Verilog, shutting down simulation.

Simulation statistics
=====================
Executed cycles:  238015
Wallclock time:   4.311 s
Simulation speed: 55211.1 cycles/s (55.2111 kHz)
Trace file size:  15803408 B

You can view the simulation traces by calling
$ gtkwave sim.fst

Performance Counters
====================
Cycles:                     238011
Instructions Retired:       97067
LSU Busy:                   12241
Fetch Wait:                 34420
Loads:                      7055
Stores:                     5186
Jumps:                      1906
Conditional Branches:       34864
Taken Conditional Branches: 34416
Compressed Instructions:    0
Multiply Wait:              0
