Program header number 0 in `/workspace/out/cache/403c35699d9e09f69851e7ca34bb823daa1f8b6bdc0f370d0a13711e25a3f423/run/program.elf' is not of type PT_LOAD; ignoring.
Program header number 3 in `/workspace/out/cache/403c35699d9e09f69851e7ca34bb823daa1f8b6bdc0f370d0a13711e25a3f423/run/program.elf' is not of type PT_LOAD; ignoring.
Simulation of Ibex
==================

Tracing can be toggled by sending SIGUSR1 to this process:
$ kill -USR1 18

Simulation running, end by pressing CTRL-c.
Tracing enabled.
Writing simulation traces to sim.fst
TOP.ibex_simple_system.u_top.u_ibex_tracer.unnamedblk2.unnamedblk3: Writing execution trace to trace_core_00000000.log
Terminating simulation by software request.
- src/lowrisc_ibex_sim_shared_0/rtl/sim/simulator_ctrl.sv:93: Verilog $finish
Received $finish() from Verilog, shutting down simulation.

Simulation statistics
=====================
Executed cycles:  238012
Wallclock time:   5.077 s
Simulation speed: 46880.4 cycles/s (46.8804 kHz)
Trace file size:  17852250 B

You can view the simulation traces by calling
$ gtkwave sim.fst

Performance Counters
====================
Cycles:                     238008
Instructions Retired:       121246
LSU Busy:                   11139
Fetch Wait:                 47849
Loads:                      6440
Stores:                     4699
Jumps:                      1928
Conditional Branches:       48315
Taken Conditional Branches: 47845
Compressed Instructions:    0
Multiply Wait:              8000
