Program header number 0 in `/workspace/out/cache/d017b9e8644b160249720e10034b32b790b0224957899272ed35debadaca950b/run/program.elf' is not of type PT_LOAD; ignoring.
Program header number 3 in `/workspace/out/cache/d017b9e8644b160249720e10034b32b790b0224957899272ed35debadaca950b/run/program.elf' is not of type PT_LOAD; ignoring.
Simulation of Ibex
==================

Tracing can be toggled by sending SIGUSR1 to this process:
$ kill -USR1 18

Simulation running, end by pressing CTRL-c.
Tracing enabled.
Writing simulation traces to sim.fst
TOP.ibex_simple_system.u_top.u_ibex_tracer.unnamedblk2.unnamedblk3: Writing execution trace to trace_core_00000000.log
Terminating simulation by software request.
- src/lowrisc_ibex_sim_shared_0/rtl/sim/simulator_ctrl.sv:93: Verilog $finish
Received $finish() from Verilog, shutting down simulation.

Simulation statistics
=====================
Executed cycles:  238014
Wallclock time:   4.702 s
Simulation speed: 50619.7 cycles/s (50.6197 kHz)
Trace file size:  17516908 B

You can view the simulation traces by calling
$ gtkwave sim.fst

Performance Counters
====================
Cycles:                     238010
Instructions Retired:       128870
LSU Busy:                   14859
Fetch Wait:                 46176
Loads:                      8300
Stores:                     6559
Jumps:                      1932
Conditional Branches:       46830
Taken Conditional Branches: 46172
Compressed Instructions:    0
Multiply Wait:              0
