Program header number 0 in `/workspace/out/cache/71f25581593b384ec5ad8c11fb686f29f4820b67c02ee5f72f989ab541870876/run/program.elf' is not of type PT_LOAD; ignoring.
Program header number 3 in `/workspace/out/cache/71f25581593b384ec5ad8c11fb686f29f4820b67c02ee5f72f989ab541870876/run/program.elf' is not of type PT_LOAD; ignoring.
Simulation of Ibex
==================

Tracing can be toggled by sending SIGUSR1 to this process:
$ kill -USR1 17

Simulation running, end by pressing CTRL-c.
Tracing enabled.
Writing simulation traces to sim.fst
TOP.ibex_simple_system.u_top.u_ibex_tracer.unnamedblk2.unnamedblk3: Writing execution trace to trace_core_00000000.log
Terminating simulation by software request.
- src/lowrisc_ibex_sim_shared_0/rtl/sim/simulator_ctrl.sv:93: Verilog $finish
Received $finish() from Verilog, shutting down simulation.

Simulation statistics
=====================
Executed cycles:  238012
Wallclock time:   4.318 s
Simulation speed: 55120.9 cycles/s (55.1209 kHz)
Trace file size:  16302699 B

You can view the simulation traces by calling
$ gtkwave sim.fst

Performance Counters
====================
Cycles:                     238008
Instructions Retired:       88382
LSU Busy:                   11139
Fetch Wait:                 31417
Loads:                      6440
Stores:                     4699
Jumps:                      1928
Conditional Branches:       31883
Taken Conditional Branches: 31413
Compressed Instructions:    0
Multiply Wait:              0
