Program header number 0 in `/workspace/out/cache/75ccccfc58f667ee4d64d2d65d4bcaa782f92d30dc32332a76ae45ce79714c8f/run/program.elf' is not of type PT_LOAD; ignoring.
Program header number 3 in `/workspace/out/cache/75ccccfc58f667ee4d64d2d65d4bcaa782f92d30dc32332a76ae45ce79714c8f/run/program.elf' is not of type PT_LOAD; ignoring.
Simulation of Ibex
==================

Tracing can be toggled by sending SIGUSR1 to this process:
$ kill -USR1 17

Simulation running, end by pressing CTRL-c.
Tracing enabled.
Writing simulation traces to sim.fst
TOP.ibex_simple_system.u_top.u_ibex_tracer.unnamedblk2.unnamedblk3: Writing execution trace to trace_core_00000000.log
Terminating simulation by software request.
- src/lowrisc_ibex_sim_shared_0/rtl/sim/simulator_ctrl.sv:93: Verilog $finish
Received $finish() from Verilog, shutting down simulation.

Simulation statistics
=====================
Executed cycles:  270388
Wallclock time:   5.797 s
Simulation speed: 46642.7 cycles/s (46.6427 kHz)
Trace file size:  19182645 B

You can view the simulation traces by calling
$ gtkwave sim.fst

Performance Counters
====================
Cycles:                     270384
Instructions Retired:       127351
LSU Busy:                   11685
Fetch Wait:                 50646
Loads:                      6986
Stores:                     4699
Jumps:                      1927
Conditional Branches:       51309
Taken Conditional Branches: 50642
Compressed Instructions:    0
Multiply Wait:              308
