Program header number 0 in `/workspace/out/cache/9603e8b1ca544fdbd921e831290e67a8f0807063967aff4e494db26c8715cff7/run/program.elf' is not of type PT_LOAD; ignoring.
Program header number 3 in `/workspace/out/cache/9603e8b1ca544fdbd921e831290e67a8f0807063967aff4e494db26c8715cff7/run/program.elf' is not of type PT_LOAD; ignoring.
Simulation of Ibex
==================

Tracing can be toggled by sending SIGUSR1 to this process:
$ kill -USR1 17

Simulation running, end by pressing CTRL-c.
Tracing enabled.
Writing simulation traces to sim.fst
TOP.ibex_simple_system.u_top.u_ibex_tracer.unnamedblk2.unnamedblk3: Writing execution trace to trace_core_00000000.log
Terminating simulation by software request.
- src/lowrisc_ibex_sim_shared_0/rtl/sim/simulator_ctrl.sv:93: Verilog $finish
Received $finish() from Verilog, shutting down simulation.

Simulation statistics
=====================
Executed cycles:  238015
Wallclock time:   5.618 s
Simulation speed: 42366.5 cycles/s (42.3665 kHz)
Trace file size:  17804854 B

You can view the simulation traces by calling
$ gtkwave sim.fst

Performance Counters
====================
Cycles:                     238011
Instructions Retired:       124704
LSU Busy:                   12030
Fetch Wait:                 49383
Loads:                      6881
Stores:                     5149
Jumps:                      1932
Conditional Branches:       49854
Taken Conditional Branches: 49379
Compressed Instructions:    0
Multiply Wait:              582
