Program header number 0 in `/workspace/out/cache/d445e437bbe6ac85b6d166c7057f95f0a6c7083a798858b39f878d09ccbe9ecb/run/program.elf' is not of type PT_LOAD; ignoring.
Program header number 3 in `/workspace/out/cache/d445e437bbe6ac85b6d166c7057f95f0a6c7083a798858b39f878d09ccbe9ecb/run/program.elf' is not of type PT_LOAD; ignoring.
Simulation of Ibex
==================

Tracing can be toggled by sending SIGUSR1 to this process:
$ kill -USR1 17

Simulation running, end by pressing CTRL-c.
Tracing enabled.
Writing simulation traces to sim.fst
TOP.ibex_simple_system.u_top.u_ibex_tracer.unnamedblk2.unnamedblk3: Writing execution trace to trace_core_00000000.log
Terminating simulation by software request.
- src/lowrisc_ibex_sim_shared_0/rtl/sim/simulator_ctrl.sv:93: Verilog $finish
Received $finish() from Verilog, shutting down simulation.

Simulation statistics
=====================
Executed cycles:  238015
Wallclock time:   5.018 s
Simulation speed: 47432.2 cycles/s (47.4322 kHz)
Trace file size:  17970288 B

You can view the simulation traces by calling
$ gtkwave sim.fst

Performance Counters
====================
Cycles:                     238011
Instructions Retired:       127545
LSU Busy:                   14179
Fetch Wait:                 46459
Loads:                      9480
Stores:                     4699
Jumps:                      1916
Conditional Branches:       46911
Taken Conditional Branches: 46455
Compressed Instructions:    0
Multiply Wait:              1456
