Program header number 0 in `/workspace/out/cache/2e178aebd67be27ed93d1c16c277557e037d68f53813d784ec513fac009cb954/run/program.elf' is not of type PT_LOAD; ignoring.
Program header number 3 in `/workspace/out/cache/2e178aebd67be27ed93d1c16c277557e037d68f53813d784ec513fac009cb954/run/program.elf' is not of type PT_LOAD; ignoring.
Simulation of Ibex
==================

Tracing can be toggled by sending SIGUSR1 to this process:
$ kill -USR1 17

Simulation running, end by pressing CTRL-c.
Tracing enabled.
Writing simulation traces to sim.fst
TOP.ibex_simple_system.u_top.u_ibex_tracer.unnamedblk2.unnamedblk3: Writing execution trace to trace_core_00000000.log
Terminating simulation by software request.
- src/lowrisc_ibex_sim_shared_0/rtl/sim/simulator_ctrl.sv:93: Verilog $finish
Received $finish() from Verilog, shutting down simulation.

Simulation statistics
=====================
Executed cycles:  238012
Wallclock time:   4.855 s
Simulation speed: 49024.1 cycles/s (49.0241 kHz)
Trace file size:  16647495 B

You can view the simulation traces by calling
$ gtkwave sim.fst

Performance Counters
====================
Cycles:                     238008
Instructions Retired:       105847
LSU Busy:                   11139
Fetch Wait:                 40483
Loads:                      6440
Stores:                     4699
Jumps:                      1921
Conditional Branches:       40940
Taken Conditional Branches: 40479
Compressed Instructions:    0
Multiply Wait:              2138
