Program header number 0 in `/workspace/out/cache/a55d68c1aaed2d14682cafef6025508d8c1548a2bc6ccef8eea71e9291bb93fc/run/program.elf' is not of type PT_LOAD; ignoring.
Program header number 3 in `/workspace/out/cache/a55d68c1aaed2d14682cafef6025508d8c1548a2bc6ccef8eea71e9291bb93fc/run/program.elf' is not of type PT_LOAD; ignoring.
Simulation of Ibex
==================

Tracing can be toggled by sending SIGUSR1 to this process:
$ kill -USR1 18

Simulation running, end by pressing CTRL-c.
Tracing enabled.
Writing simulation traces to sim.fst
TOP.ibex_simple_system.u_top.u_ibex_tracer.unnamedblk2.unnamedblk3: Writing execution trace to trace_core_00000000.log
Terminating simulation by software request.
- src/lowrisc_ibex_sim_shared_0/rtl/sim/simulator_ctrl.sv:93: Verilog $finish
Received $finish() from Verilog, shutting down simulation.

Simulation statistics
=====================
Executed cycles:  238014
Wallclock time:   4.686 s
Simulation speed: 50792.6 cycles/s (50.7926 kHz)
Trace file size:  17764020 B

You can view the simulation traces by calling
$ gtkwave sim.fst

Performance Counters
====================
Cycles:                     238010
Instructions Retired:       124443
LSU Busy:                   11514
Fetch Wait:                 48889
Loads:                      6815
Stores:                     4699
Jumps:                      1928
Conditional Branches:       49353
Taken Conditional Branches: 48885
Compressed Instructions:    0
Multiply Wait:              2350
