Program header number 0 in `/workspace/out/cache/d20762269b6bdd34fe505bdb767c606806b8755649bb75dcd3484320f535e428/run/program.elf' is not of type PT_LOAD; ignoring.
Program header number 3 in `/workspace/out/cache/d20762269b6bdd34fe505bdb767c606806b8755649bb75dcd3484320f535e428/run/program.elf' is not of type PT_LOAD; ignoring.
Simulation of Ibex
==================

Tracing can be toggled by sending SIGUSR1 to this process:
$ kill -USR1 18

Simulation running, end by pressing CTRL-c.
Tracing enabled.
Writing simulation traces to sim.fst
TOP.ibex_simple_system.u_top.u_ibex_tracer.unnamedblk2.unnamedblk3: Writing execution trace to trace_core_00000000.log
Terminating simulation by software request.
- src/lowrisc_ibex_sim_shared_0/rtl/sim/simulator_ctrl.sv:93: Verilog $finish
Received $finish() from Verilog, shutting down simulation.

Simulation statistics
=====================
Executed cycles:  238014
Wallclock time:   5.186 s
Simulation speed: 45895.5 cycles/s (45.8955 kHz)
Trace file size:  17493068 B

You can view the simulation traces by calling
$ gtkwave sim.fst

Performance Counters
====================
Cycles:                     238010
Instructions Retired:       118298
LSU Busy:                   12474
Fetch Wait:                 45516
Loads:                      6827
Stores:                     5647
Jumps:                      1926
Conditional Branches:       45981
Taken Conditional Branches: 45512
Compressed Instructions:    0
Multiply Wait:              0
