Program header number 0 in `/workspace/out/cache/8e34d83b3bfb72d0987bba8df1886462b770c24622acefadcc3f98e2239e39eb/run/program.elf' is not of type PT_LOAD; ignoring.
Program header number 3 in `/workspace/out/cache/8e34d83b3bfb72d0987bba8df1886462b770c24622acefadcc3f98e2239e39eb/run/program.elf' is not of type PT_LOAD; ignoring.
Simulation of Ibex
==================

Tracing can be toggled by sending SIGUSR1 to this process:
$ kill -USR1 18

Simulation running, end by pressing CTRL-c.
Tracing enabled.
Writing simulation traces to sim.fst
TOP.ibex_simple_system.u_top.u_ibex_tracer.unnamedblk2.unnamedblk3: Writing execution trace to trace_core_00000000.log
Terminating simulation by software request.
- src/lowrisc_ibex_sim_shared_0/rtl/sim/simulator_ctrl.sv:93: Verilog $finish
Received $finish() from Verilog, shutting down simulation.

Simulation statistics
=====================
Executed cycles:  238014
Wallclock time:   4.391 s
Simulation speed: 54205 cycles/s (54.205 kHz)
Trace file size:  17386513 B

You can view the simulation traces by calling
$ gtkwave sim.fst

Performance Counters
====================
Cycles:                     238010
Instructions Retired:       113611
LSU Busy:                   12107
Fetch Wait:                 42886
Loads:                      7302
Stores:                     4805
Jumps:                      1915
Conditional Branches:       43935
Taken Conditional Branches: 42882
Compressed Instructions:    0
Multiply Wait:              1280
