Program header number 0 in `/workspace/out/cache/215961d7796e247e256e01db4697f8ab5e373e5638f619af1a4bf1889b1c5448/run/program.elf' is not of type PT_LOAD; ignoring.
Program header number 3 in `/workspace/out/cache/215961d7796e247e256e01db4697f8ab5e373e5638f619af1a4bf1889b1c5448/run/program.elf' is not of type PT_LOAD; ignoring.
Simulation of Ibex
==================

Tracing can be toggled by sending SIGUSR1 to this process:
$ kill -USR1 16

Simulation running, end by pressing CTRL-c.
Tracing enabled.
Writing simulation traces to sim.fst
TOP.ibex_simple_system.u_top.u_ibex_tracer.unnamedblk2.unnamedblk3: Writing execution trace to trace_core_00000000.log
Terminating simulation by software request.
- src/lowrisc_ibex_sim_shared_0/rtl/sim/simulator_ctrl.sv:93: Verilog $finish
Received $finish() from Verilog, shutting down simulation.

Simulation statistics
=====================
Executed cycles:  238012
Wallclock time:   4.446 s
Simulation speed: 53534 cycles/s (53.534 kHz)
Trace file size:  16095230 B

You can view the simulation traces by calling
$ gtkwave sim.fst

Performance Counters
====================
Cycles:                     238008
Instructions Retired:       97589
LSU Busy:                   11651
Fetch Wait:                 35421
Loads:                      6696
Stores:                     4955
Jumps:                      1900
Conditional Branches:       36116
Taken Conditional Branches: 35417
Compressed Instructions:    0
Multiply Wait:              256
