Program header number 0 in `/workspace/out/cache/87d0a064f3b56ce4964f5535b8466e4b64c94fa1e41e6136d6a6659cf1752ae7/run/program.elf' is not of type PT_LOAD; ignoring.
Program header number 3 in `/workspace/out/cache/87d0a064f3b56ce4964f5535b8466e4b64c94fa1e41e6136d6a6659cf1752ae7/run/program.elf' is not of type PT_LOAD; ignoring.
Simulation of Ibex
==================

Tracing can be toggled by sending SIGUSR1 to this process:
$ kill -USR1 17

Simulation running, end by pressing CTRL-c.
Tracing enabled.
Writing simulation traces to sim.fst
TOP.ibex_simple_system.u_top.u_ibex_tracer.unnamedblk2.unnamedblk3: Writing execution trace to trace_core_00000000.log
Terminating simulation by software request.
- src/lowrisc_ibex_sim_shared_0/rtl/sim/simulator_ctrl.sv:93: Verilog $finish
Received $finish() from Verilog, shutting down simulation.

Simulation statistics
=====================
Executed cycles:  238016
Wallclock time:   5.825 s
Simulation speed: 40861.1 cycles/s (40.8611 kHz)
Trace file size:  18295624 B

You can view the simulation traces by calling
$ gtkwave sim.fst

Performance Counters
====================
Cycles:                     238012
Instructions Retired:       125485
LSU Busy:                   11139
Fetch Wait:                 49739
Loads:                      6440
Stores:                     4699
Jumps:                      1913
Conditional Branches:       50690
Taken Conditional Branches: 49735
Compressed Instructions:    0
Multiply Wait:              0
