Program header number 0 in `/workspace/out/cache/6b6a1bce0be51143ad9a9a0d8e4461f3371e1b130a13157a0064711eef5f0428/run/program.elf' is not of type PT_LOAD; ignoring.
Program header number 3 in `/workspace/out/cache/6b6a1bce0be51143ad9a9a0d8e4461f3371e1b130a13157a0064711eef5f0428/run/program.elf' is not of type PT_LOAD; ignoring.
Simulation of Ibex
==================

Tracing can be toggled by sending SIGUSR1 to this process:
$ kill -USR1 18

Simulation running, end by pressing CTRL-c.
Tracing enabled.
Writing simulation traces to sim.fst
TOP.ibex_simple_system.u_top.u_ibex_tracer.unnamedblk2.unnamedblk3: Writing execution trace to trace_core_00000000.log
Terminating simulation by software request.
- src/lowrisc_ibex_sim_shared_0/rtl/sim/simulator_ctrl.sv:93: Verilog $finish
Received $finish() from Verilog, shutting down simulation.

Simulation statistics
=====================
Executed cycles:  238013
Wallclock time:   5.283 s
Simulation speed: 45052.6 cycles/s (45.0526 kHz)
Trace file size:  17005244 B

You can view the simulation traces by calling
$ gtkwave sim.fst

Performance Counters
====================
Cycles:                     238009
Instructions Retired:       113960
LSU Busy:                   11789
Fetch Wait:                 43147
Loads:                      6765
Stores:                     5024
Jumps:                      1920
Conditional Branches:       43796
Taken Conditional Branches: 43143
Compressed Instructions:    0
Multiply Wait:              684
