Program header number 0 in `/workspace/out/cache/611f8aadfa815afdb24a6d0f184c5a465af5e80b5f1ff92c3f74b1692e386528/run/program.elf' is not of type PT_LOAD; ignoring.
Program header number 3 in `/workspace/out/cache/611f8aadfa815afdb24a6d0f184c5a465af5e80b5f1ff92c3f74b1692e386528/run/program.elf' is not of type PT_LOAD; ignoring.
Simulation of Ibex
==================

Tracing can be toggled by sending SIGUSR1 to this process:
$ kill -USR1 18

Simulation running, end by pressing CTRL-c.
Tracing enabled.
Writing simulation traces to sim.fst
TOP.ibex_simple_system.u_top.u_ibex_tracer.unnamedblk2.unnamedblk3: Writing execution trace to trace_core_00000000.log
Terminating simulation by software request.
- src/lowrisc_ibex_sim_shared_0/rtl/sim/simulator_ctrl.sv:93: Verilog $finish
Received $finish() from Verilog, shutting down simulation.

Simulation statistics
=====================
Executed cycles:  238012
Wallclock time:   4.682 s
Simulation speed: 50835.5 cycles/s (50.8355 kHz)
Trace file size:  17326363 B

You can view the simulation traces by calling
$ gtkwave sim.fst

Performance Counters
====================
Cycles:                     238008
Instructions Retired:       117038
LSU Busy:                   11839
Fetch Wait:                 44611
Loads:                      6790
Stores:                     5049
Jumps:                      1900
Conditional Branches:       45299
Taken Conditional Branches: 44607
Compressed Instructions:    0
Multiply Wait:              948
