Program header number 0 in `/workspace/out/cache/db765c6dfa442f9b443d705f339b843ba4ac630805951eefb47077577fae15b8/run/program.elf' is not of type PT_LOAD; ignoring.
Program header number 3 in `/workspace/out/cache/db765c6dfa442f9b443d705f339b843ba4ac630805951eefb47077577fae15b8/run/program.elf' is not of type PT_LOAD; ignoring.
Simulation of Ibex
==================

Tracing can be toggled by sending SIGUSR1 to this process:
$ kill -USR1 18

Simulation running, end by pressing CTRL-c.
Tracing enabled.
Writing simulation traces to sim.fst
TOP.ibex_simple_system.u_top.u_ibex_tracer.unnamedblk2.unnamedblk3: Writing execution trace to trace_core_00000000.log
Terminating simulation by software request.
- src/lowrisc_ibex_sim_shared_0/rtl/sim/simulator_ctrl.sv:93: Verilog $finish
Received $finish() from Verilog, shutting down simulation.

Simulation statistics
=====================
Executed cycles:  238013
Wallclock time:   4.871 s
Simulation speed: 48863.3 cycles/s (48.8633 kHz)
Trace file size:  17477125 B

You can view the simulation traces by calling
$ gtkwave sim.fst

Performance Counters
====================
Cycles:                     238009
Instructions Retired:       113605
LSU Busy:                   12778
Fetch Wait:                 41596
Loads:                      7259
Stores:                     5519
Jumps:                      1907
Conditional Branches:       42043
Taken Conditional Branches: 41592
Compressed Instructions:    0
Multiply Wait:              718
