Program header number 0 in `/workspace/out/cache/02380891d736a3c9b128da6ddcb88cbd8211121a61f1b3ddbe020bb1a7ac3317/run/program.elf' is not of type PT_LOAD; ignoring.
Program header number 3 in `/workspace/out/cache/02380891d736a3c9b128da6ddcb88cbd8211121a61f1b3ddbe020bb1a7ac3317/run/program.elf' is not of type PT_LOAD; ignoring.
Simulation of Ibex
==================

Tracing can be toggled by sending SIGUSR1 to this process:
$ kill -USR1 17

Simulation running, end by pressing CTRL-c.
Tracing enabled.
Writing simulation traces to sim.fst
TOP.ibex_simple_system.u_top.u_ibex_tracer.unnamedblk2.unnamedblk3: Writing execution trace to trace_core_00000000.log
Terminating simulation by software request.
- src/lowrisc_ibex_sim_shared_0/rtl/sim/simulator_ctrl.sv:93: Verilog $finish
Received $finish() from Verilog, shutting down simulation.

Simulation statistics
=====================
Executed cycles:  286019
Wallclock time:   6.141 s
Simulation speed: 46575.3 cycles/s (46.5753 kHz)
Trace file size:  18532538 B

You can view the simulation traces by calling
$ gtkwave sim.fst

Performance Counters
====================
Cycles:                     286015
Instructions Retired:       109058
LSU Busy:                   11139
Fetch Wait:                 41810
Loads:                      6440
Stores:                     4699
Jumps:                      1895
Conditional Branches:       42239
Taken Conditional Branches: 41806
Compressed Instructions:    0
Multiply Wait:              2480
