Program header number 0 in `/workspace/out/cache/e4d8f3463f3005d73a0c2a4730e9b2a18b9235ab9f4f772020160670835dce36/run/program.elf' is not of type PT_LOAD; ignoring.
Program header number 3 in `/workspace/out/cache/e4d8f3463f3005d73a0c2a4730e9b2a18b9235ab9f4f772020160670835dce36/run/program.elf' is not of type PT_LOAD; ignoring.
Simulation of Ibex
==================

Tracing can be toggled by sending SIGUSR1 to this process:
$ kill -USR1 18

Simulation running, end by pressing CTRL-c.
Tracing enabled.
Writing simulation traces to sim.fst
TOP.ibex_simple_system.u_top.u_ibex_tracer.unnamedblk2.unnamedblk3: Writing execution trace to trace_core_00000000.log
Terminating simulation by software request.
- src/lowrisc_ibex_sim_shared_0/rtl/sim/simulator_ctrl.sv:93: Verilog $finish
Received $finish() from Verilog, shutting down simulation.

Simulation statistics
=====================
Executed cycles:  238014
Wallclock time:   5.04 s
Simulation speed: 47225 cycles/s (47.225 kHz)
Trace file size:  17674833 B

You can view the simulation traces by calling
$ gtkwave sim.fst

Performance Counters
====================
Cycles:                     238010
Instructions Retired:       119527
LSU Busy:                   12618
Fetch Wait:                 45024
Loads:                      7350
Stores:                     5268
Jumps:                      1913
Conditional Branches:       45473
Taken Conditional Branches: 45020
Compressed Instructions:    0
Multiply Wait:              1140
