Program header number 0 in `/workspace/out/cache/66860d30b519b5a8712d51c7911810b4554e183ecad0bf6284347104da896e42/run/program.elf' is not of type PT_LOAD; ignoring.
Program header number 3 in `/workspace/out/cache/66860d30b519b5a8712d51c7911810b4554e183ecad0bf6284347104da896e42/run/program.elf' is not of type PT_LOAD; ignoring.
Simulation of Ibex
==================

Tracing can be toggled by sending SIGUSR1 to this process:
$ kill -USR1 17

Simulation running, end by pressing CTRL-c.
Tracing enabled.
Writing simulation traces to sim.fst
TOP.ibex_simple_system.u_top.u_ibex_tracer.unnamedblk2.unnamedblk3: Writing execution trace to trace_core_00000000.log
Terminating simulation by software request.
- src/lowrisc_ibex_sim_shared_0/rtl/sim/simulator_ctrl.sv:93: Verilog $finish
Received $finish() from Verilog, shutting down simulation.

Simulation statistics
=====================
Executed cycles:  238014
Wallclock time:   5.544 s
Simulation speed: 42931.8 cycles/s (42.9318 kHz)
Trace file size:  17825177 B

You can view the simulation traces by calling
$ gtkwave sim.fst

Performance Counters
====================
Cycles:                     238010
Instructions Retired:       125375
LSU Busy:                   11724
Fetch Wait:                 48831
Loads:                      6733
Stores:                     4991
Jumps:                      1935
Conditional Branches:       49675
Taken Conditional Branches: 48827
Compressed Instructions:    0
Multiply Wait:              732
