Program header number 0 in `/workspace/out/cache/ad5cc07f2fbe1075e457ef60eab106cf1bce9b03c1ab87db80e123e64b9bc1c0/run/program.elf' is not of type PT_LOAD; ignoring.
Program header number 3 in `/workspace/out/cache/ad5cc07f2fbe1075e457ef60eab106cf1bce9b03c1ab87db80e123e64b9bc1c0/run/program.elf' is not of type PT_LOAD; ignoring.
Simulation of Ibex
==================

Tracing can be toggled by sending SIGUSR1 to this process:
$ kill -USR1 18

Simulation running, end by pressing CTRL-c.
Tracing enabled.
Writing simulation traces to sim.fst
TOP.ibex_simple_system.u_top.u_ibex_tracer.unnamedblk2.unnamedblk3: Writing execution trace to trace_core_00000000.log
Terminating simulation by software request.
- src/lowrisc_ibex_sim_shared_0/rtl/sim/simulator_ctrl.sv:93: Verilog $finish
Received $finish() from Verilog, shutting down simulation.

Simulation statistics
=====================
Executed cycles:  238013
Wallclock time:   3.549 s
Simulation speed: 67064.8 cycles/s (67.0648 kHz)
Trace file size:  14611472 B

You can view the simulation traces by calling
$ gtkwave sim.fst

Performance Counters
====================
Cycles:                     238009
Instructions Retired:       79682
LSU Busy:                   12163
Fetch Wait:                 25526
Loads:                      6952
Stores:                     5211
Jumps:                      1931
Conditional Branches:       25995
Taken Conditional Branches: 25522
Compressed Instructions:    0
Multiply Wait:              1024
