Program header number 0 in `/workspace/out/cache/d9de0171f84a7aac908db93d88c3be89f1dcb78a0303741028dae4dcd1a5a834/run/program.elf' is not of type PT_LOAD; ignoring.
Program header number 3 in `/workspace/out/cache/d9de0171f84a7aac908db93d88c3be89f1dcb78a0303741028dae4dcd1a5a834/run/program.elf' is not of type PT_LOAD; ignoring.
Simulation of Ibex
==================

Tracing can be toggled by sending SIGUSR1 to this process:
$ kill -USR1 17

Simulation running, end by pressing CTRL-c.
Tracing enabled.
Writing simulation traces to sim.fst
TOP.ibex_simple_system.u_top.u_ibex_tracer.unnamedblk2.unnamedblk3: Writing execution trace to trace_core_00000000.log
Terminating simulation by software request.
- src/lowrisc_ibex_sim_shared_0/rtl/sim/simulator_ctrl.sv:93: Verilog $finish
Received $finish() from Verilog, shutting down simulation.

Simulation statistics
=====================
Executed cycles:  238013
Wallclock time:   4.816 s
Simulation speed: 49421.3 cycles/s (49.4213 kHz)
Trace file size:  17355853 B

You can view the simulation traces by calling
$ gtkwave sim.fst

Performance Counters
====================
Cycles:                     238009
Instructions Retired:       101930
LSU Busy:                   11139
Fetch Wait:                 38631
Loads:                      6440
Stores:                     4699
Jumps:                      1896
Conditional Branches:       39069
Taken Conditional Branches: 38627
Compressed Instructions:    0
Multiply Wait:              0
