Program header number 0 in `/workspace/out/cache/edd082b6c95ec05f933c95f1ebbd3180221a55cc41c7878b3340d4229b942f90/run/program.elf' is not of type PT_LOAD; ignoring.
Program header number 3 in `/workspace/out/cache/edd082b6c95ec05f933c95f1ebbd3180221a55cc41c7878b3340d4229b942f90/run/program.elf' is not of type PT_LOAD; ignoring.
Simulation of Ibex
==================

Tracing can be toggled by sending SIGUSR1 to this process:
$ kill -USR1 17

Simulation running, end by pressing CTRL-c.
Tracing enabled.
Writing simulation traces to sim.fst
TOP.ibex_simple_system.u_top.u_ibex_tracer.unnamedblk2.unnamedblk3: Writing execution trace to trace_core_00000000.log
Terminating simulation by software request.
- src/lowrisc_ibex_sim_shared_0/rtl/sim/simulator_ctrl.sv:93: Verilog $finish
Received $finish() from Verilog, shutting down simulation.

Simulation statistics
=====================
Executed cycles:  238015
Wallclock time:   4.013 s
Simulation speed: 59311 cycles/s (59.311 kHz)
Trace file size:  14809884 B

You can view the simulation traces by calling
$ gtkwave sim.fst

Performance Counters
====================
Cycles:                     238011
Instructions Retired:       85673
LSU Busy:                   11139
Fetch Wait:                 30471
Loads:                      6440
Stores:                     4699
Jumps:                      1924
Conditional Branches:       31091
Taken Conditional Branches: 30467
Compressed Instructions:    0
Multiply Wait:              0
