Program header number 0 in `/workspace/out/cache/45e889f76a685d156ea2dca971777fca3d18d964ba9f959811434bef2fbac72c/run/program.elf' is not of type PT_LOAD; ignoring.
Program header number 3 in `/workspace/out/cache/45e889f76a685d156ea2dca971777fca3d18d964ba9f959811434bef2fbac72c/run/program.elf' is not of type PT_LOAD; ignoring.
Simulation of Ibex
==================

Tracing can be toggled by sending SIGUSR1 to this process:
$ kill -USR1 16

Simulation running, end by pressing CTRL-c.
Tracing enabled.
Writing simulation traces to sim.fst
TOP.ibex_simple_system.u_top.u_ibex_tracer.unnamedblk2.unnamedblk3: Writing execution trace to trace_core_00000000.log
Terminating simulation by software request.
- src/lowrisc_ibex_sim_shared_0/rtl/sim/simulator_ctrl.sv:93: Verilog $finish
Received $finish() from Verilog, shutting down simulation.

Simulation statistics
=====================
Executed cycles:  238014
Wallclock time:   5.358 s
Simulation speed: 44422.2 cycles/s (44.4222 kHz)
Trace file size:  17732258 B

You can view the simulation traces by calling
$ gtkwave sim.fst

Performance Counters
====================
Cycles:                     238010
Instructions Retired:       123457
LSU Busy:                   11438
Fetch Wait:                 50601
Loads:                      6440
Stores:                     4998
Jumps:                      1916
Conditional Branches:       52202
Taken Conditional Branches: 50597
Compressed Instructions:    0
Multiply Wait:              0
