Program header number 0 in `/workspace/out/cache/ae96ab598116f348cf0e6c5d2f0567683b4deeed26bfa831c024f08ec200467f/run/program.elf' is not of type PT_LOAD; ignoring.
Program header number 3 in `/workspace/out/cache/ae96ab598116f348cf0e6c5d2f0567683b4deeed26bfa831c024f08ec200467f/run/program.elf' is not of type PT_LOAD; ignoring.
Simulation of Ibex
==================

Tracing can be toggled by sending SIGUSR1 to this process:
$ kill -USR1 18

Simulation running, end by pressing CTRL-c.
Tracing enabled.
Writing simulation traces to sim.fst
TOP.ibex_simple_system.u_top.u_ibex_tracer.unnamedblk2.unnamedblk3: Writing execution trace to trace_core_00000000.log
Terminating simulation by software request.
- src/lowrisc_ibex_sim_shared_0/rtl/sim/simulator_ctrl.sv:93: Verilog $finish
Received $finish() from Verilog, shutting down simulation.

Simulation statistics
=====================
Executed cycles:  238013
Wallclock time:   4.479 s
Simulation speed: 53139.8 cycles/s (53.1398 kHz)
Trace file size:  17421386 B

You can view the simulation traces by calling
$ gtkwave sim.fst

Performance Counters
====================
Cycles:                     238009
Instructions Retired:       114249
LSU Busy:                   11719
Fetch Wait:                 43831
Loads:                      7020
Stores:                     4699
Jumps:                      1927
Conditional Branches:       44296
Taken Conditional Branches: 43827
Compressed Instructions:    0
Multiply Wait:              1260
