Program header number 0 in `/workspace/out/cache/f154d57e5013c3e28d2fc8f2b7c5c70053a3558de5bf728b468186c9389540b5/run/program.elf' is not of type PT_LOAD; ignoring.
Program header number 3 in `/workspace/out/cache/f154d57e5013c3e28d2fc8f2b7c5c70053a3558de5bf728b468186c9389540b5/run/program.elf' is not of type PT_LOAD; ignoring.
Simulation of Ibex
==================

Tracing can be toggled by sending SIGUSR1 to this process:
$ kill -USR1 17

Simulation running, end by pressing CTRL-c.
Tracing enabled.
Writing simulation traces to sim.fst
TOP.ibex_simple_system.u_top.u_ibex_tracer.unnamedblk2.unnamedblk3: Writing execution trace to trace_core_00000000.log
Terminating simulation by software request.
- src/lowrisc_ibex_sim_shared_0/rtl/sim/simulator_ctrl.sv:93: Verilog $finish
Received $finish() from Verilog, shutting down simulation.

Simulation statistics
=====================
Executed cycles:  238014
Wallclock time:   5.139 s
Simulation speed: 46315.2 cycles/s (46.3152 kHz)
Trace file size:  18083429 B

You can view the simulation traces by calling
$ gtkwave sim.fst

Performance Counters
====================
Cycles:                     238010
Instructions Retired:       125486
LSU Busy:                   12026
Fetch Wait:                 48775
Loads:                      6952
Stores:                     5074
Jumps:                      1927
Conditional Branches:       49240
Taken Conditional Branches: 48771
Compressed Instructions:    0
Multiply Wait:              1024
