Program header number 0 in `/workspace/out/cache/fa4d8e6ba05e3b9d202d4e3ee8d58ab3a4417bef1fc3720d4e94fd92d423085a/run/program.elf' is not of type PT_LOAD; ignoring.
Program header number 3 in `/workspace/out/cache/fa4d8e6ba05e3b9d202d4e3ee8d58ab3a4417bef1fc3720d4e94fd92d423085a/run/program.elf' is not of type PT_LOAD; ignoring.
Simulation of Ibex
==================

Tracing can be toggled by sending SIGUSR1 to this process:
$ kill -USR1 16

Simulation running, end by pressing CTRL-c.
Tracing enabled.
Writing simulation traces to sim.fst
TOP.ibex_simple_system.u_top.u_ibex_tracer.unnamedblk2.unnamedblk3: Writing execution trace to trace_core_00000000.log
Terminating simulation by software request.
- src/lowrisc_ibex_sim_shared_0/rtl/sim/simulator_ctrl.sv:93: Verilog $finish
Received $finish() from Verilog, shutting down simulation.

Simulation statistics
=====================
Executed cycles:  238013
Wallclock time:   4.915 s
Simulation speed: 48425.8 cycles/s (48.4258 kHz)
Trace file size:  17365444 B

You can view the simulation traces by calling
$ gtkwave sim.fst

Performance Counters
====================
Cycles:                     238009
Instructions Retired:       119670
LSU Busy:                   13348
Fetch Wait:                 44055
Loads:                      8649
Stores:                     4699
Jumps:                      1921
Conditional Branches:       44620
Taken Conditional Branches: 44051
Compressed Instructions:    0
Multiply Wait:              164
