Program header number 0 in `/workspace/out/cache/4d737d5532f55f90d8ddf10881f29391e9689590fac4eadeec1a5494b7501059/run/program.elf' is not of type PT_LOAD; ignoring.
Program header number 3 in `/workspace/out/cache/4d737d5532f55f90d8ddf10881f29391e9689590fac4eadeec1a5494b7501059/run/program.elf' is not of type PT_LOAD; ignoring.
Simulation of Ibex
==================

Tracing can be toggled by sending SIGUSR1 to this process:
$ kill -USR1 17

Simulation running, end by pressing CTRL-c.
Tracing enabled.
Writing simulation traces to sim.fst
TOP.ibex_simple_system.u_top.u_ibex_tracer.unnamedblk2.unnamedblk3: Writing execution trace to trace_core_00000000.log
Terminating simulation by software request.
- src/lowrisc_ibex_sim_shared_0/rtl/sim/simulator_ctrl.sv:93: Verilog $finish
Received $finish() from Verilog, shutting down simulation.

Simulation statistics
=====================
Executed cycles:  238011
Wallclock time:   4.648 s
Simulation speed: 51207.2 cycles/s (51.2072 kHz)
Trace file size:  17259734 B

You can view the simulation traces by calling
$ gtkwave sim.fst

Performance Counters
====================
Cycles:                     238007
Instructions Retired:       114709
LSU Busy:                   11739
Fetch Wait:                 43837
Loads:                      6740
Stores:                     4999
Jumps:                      1907
Conditional Branches:       44532
Taken Conditional Branches: 43833
Compressed Instructions:    0
Multiply Wait:              0
