Program header number 0 in `/workspace/out/cache/c922c4c51e0d0a0d600e73895a9f7e95c6ca8aa258f7b707372e2f287e37aa81/run/program.elf' is not of type PT_LOAD; ignoring.
Program header number 3 in `/workspace/out/cache/c922c4c51e0d0a0d600e73895a9f7e95c6ca8aa258f7b707372e2f287e37aa81/run/program.elf' is not of type PT_LOAD; ignoring.
Simulation of Ibex
==================

Tracing can be toggled by sending SIGUSR1 to this process:
$ kill -USR1 18

Simulation running, end by pressing CTRL-c.
Tracing enabled.
Writing simulation traces to sim.fst
TOP.ibex_simple_system.u_top.u_ibex_tracer.unnamedblk2.unnamedblk3: Writing execution trace to trace_core_00000000.log
Terminating simulation by software request.
- src/lowrisc_ibex_sim_shared_0/rtl/sim/simulator_ctrl.sv:93: Verilog $finish
Received $finish() from Verilog, shutting down simulation.

Simulation statistics
=====================
Executed cycles:  238014
Wallclock time:   4.962 s
Simulation speed: 47967.4 cycles/s (47.9674 kHz)
Trace file size:  18061641 B

You can view the simulation traces by calling
$ gtkwave sim.fst

Performance Counters
====================
Cycles:                     238010
Instructions Retired:       123165
LSU Busy:                   11139
Fetch Wait:                 48854
Loads:                      6440
Stores:                     4699
Jumps:                      1905
Conditional Branches:       49291
Taken Conditional Branches: 48850
Compressed Instructions:    0
Multiply Wait:              0
