Program header number 0 in `/workspace/out/cache/0b5836a90a30c4fef2b2b68633aec0e491160337321af3930c61b122e8af4089/run/program.elf' is not of type PT_LOAD; ignoring.
Program header number 3 in `/workspace/out/cache/0b5836a90a30c4fef2b2b68633aec0e491160337321af3930c61b122e8af4089/run/program.elf' is not of type PT_LOAD; ignoring.
Simulation of Ibex
==================

Tracing can be toggled by sending SIGUSR1 to this process:
$ kill -USR1 18

Simulation running, end by pressing CTRL-c.
Tracing enabled.
Writing simulation traces to sim.fst
TOP.ibex_simple_system.u_top.u_ibex_tracer.unnamedblk2.unnamedblk3: Writing execution trace to trace_core_00000000.log
Terminating simulation by software request.
- src/lowrisc_ibex_sim_shared_0/rtl/sim/simulator_ctrl.sv:93: Verilog $finish
Received $finish() from Verilog, shutting down simulation.

Simulation statistics
=====================
Executed cycles:  238016
Wallclock time:   5.148 s
Simulation speed: 46234.7 cycles/s (46.2347 kHz)
Trace file size:  18345784 B

You can view the simulation traces by calling
$ gtkwave sim.fst

Performance Counters
====================
Cycles:                     238012
Instructions Retired:       125516
LSU Busy:                   11139
Fetch Wait:                 49721
Loads:                      6440
Stores:                     4699
Jumps:                      1918
Conditional Branches:       50729
Taken Conditional Branches: 49717
Compressed Instructions:    0
Multiply Wait:              0
