Program header number 0 in `/workspace/out/cache/cd1d2f92c6445e85b688bccadda837f159479002b97e3c311232db57b5013553/run/program.elf' is not of type PT_LOAD; ignoring.
Program header number 3 in `/workspace/out/cache/cd1d2f92c6445e85b688bccadda837f159479002b97e3c311232db57b5013553/run/program.elf' is not of type PT_LOAD; ignoring.
Simulation of Ibex
==================

Tracing can be toggled by sending SIGUSR1 to this process:
$ kill -USR1 17

Simulation running, end by pressing CTRL-c.
Tracing enabled.
Writing simulation traces to sim.fst
TOP.ibex_simple_system.u_top.u_ibex_tracer.unnamedblk2.unnamedblk3: Writing execution trace to trace_core_00000000.log
Terminating simulation by software request.
- src/lowrisc_ibex_sim_shared_0/rtl/sim/simulator_ctrl.sv:93: Verilog $finish
Received $finish() from Verilog, shutting down simulation.

Simulation statistics
=====================
Executed cycles:  245872
Wallclock time:   4.566 s
Simulation speed: 53848.4 cycles/s (53.8484 kHz)
Trace file size:  16222038 B

You can view the simulation traces by calling
$ gtkwave sim.fst

Performance Counters
====================
Cycles:                     245868
Instructions Retired:       102612
LSU Busy:                   11139
Fetch Wait:                 38532
Loads:                      6440
Stores:                     4699
Jumps:                      1928
Conditional Branches:       38998
Taken Conditional Branches: 38528
Compressed Instructions:    0
Multiply Wait:              1000
