Program header number 0 in `/workspace/out/cache/d38f25d4ff7fe7371a4d48d305746106f0ff632f9797056ee292228ee9c5552e/run/program.elf' is not of type PT_LOAD; ignoring.
Program header number 3 in `/workspace/out/cache/d38f25d4ff7fe7371a4d48d305746106f0ff632f9797056ee292228ee9c5552e/run/program.elf' is not of type PT_LOAD; ignoring.
Simulation of Ibex
==================

Tracing can be toggled by sending SIGUSR1 to this process:
$ kill -USR1 17

Simulation running, end by pressing CTRL-c.
Tracing enabled.
Writing simulation traces to sim.fst
TOP.ibex_simple_system.u_top.u_ibex_tracer.unnamedblk2.unnamedblk3: Writing execution trace to trace_core_00000000.log
Terminating simulation by software request.
- src/lowrisc_ibex_sim_shared_0/rtl/sim/simulator_ctrl.sv:93: Verilog $finish
Received $finish() from Verilog, shutting down simulation.

Simulation statistics
=====================
Executed cycles:  238011
Wallclock time:   4.741 s
Simulation speed: 50202.7 cycles/s (50.2027 kHz)
Trace file size:  16780268 B

You can view the simulation traces by calling
$ gtkwave sim.fst

Performance Counters
====================
Cycles:                     238007
Instructions Retired:       114632
LSU Busy:                   11139
Fetch Wait:                 44587
Loads:                      6440
Stores:                     4699
Jumps:                      1898
Conditional Branches:       45023
Taken Conditional Branches: 44583
Compressed Instructions:    0
Multiply Wait:              2048
