Program header number 0 in `/workspace/out/cache/861ba59845d89d04399e23a9ea125c28f91f7a67216c220c1bb99a5d6bc10057/run/program.elf' is not of type PT_LOAD; ignoring.
Program header number 3 in `/workspace/out/cache/861ba59845d89d04399e23a9ea125c28f91f7a67216c220c1bb99a5d6bc10057/run/program.elf' is not of type PT_LOAD; ignoring.
Simulation of Ibex
==================

Tracing can be toggled by sending SIGUSR1 to this process:
$ kill -USR1 17

Simulation running, end by pressing CTRL-c.
Tracing enabled.
Writing simulation traces to sim.fst
TOP.ibex_simple_system.u_top.u_ibex_tracer.unnamedblk2.unnamedblk3: Writing execution trace to trace_core_00000000.log
Terminating simulation by software request.
- src/lowrisc_ibex_sim_shared_0/rtl/sim/simulator_ctrl.sv:93: Verilog $finish
Received $finish() from Verilog, shutting down simulation.

Simulation statistics
=====================
Executed cycles:  238013
Wallclock time:   4.738 s
Simulation speed: 50234.9 cycles/s (50.2349 kHz)
Trace file size:  16836020 B

You can view the simulation traces by calling
$ gtkwave sim.fst

Performance Counters
====================
Cycles:                     238009
Instructions Retired:       112908
LSU Busy:                   11819
Fetch Wait:                 42464
Loads:                      7120
Stores:                     4699
Jumps:                      1905
Conditional Branches:       43647
Taken Conditional Branches: 42460
Compressed Instructions:    0
Multiply Wait:              290
