Program header number 0 in `/workspace/out/cache/ef0c5df5ee31be137df179e895f108b5f97d494b3d0745df191038bd7e85fb34/run/program.elf' is not of type PT_LOAD; ignoring.
Program header number 3 in `/workspace/out/cache/ef0c5df5ee31be137df179e895f108b5f97d494b3d0745df191038bd7e85fb34/run/program.elf' is not of type PT_LOAD; ignoring.
Simulation of Ibex
==================

Tracing can be toggled by sending SIGUSR1 to this process:
$ kill -USR1 18

Simulation running, end by pressing CTRL-c.
Tracing enabled.
Writing simulation traces to sim.fst
TOP.ibex_simple_system.u_top.u_ibex_tracer.unnamedblk2.unnamedblk3: Writing execution trace to trace_core_00000000.log
Terminating simulation by software request.
- src/lowrisc_ibex_sim_shared_0/rtl/sim/simulator_ctrl.sv:93: Verilog $finish
Received $finish() from Verilog, shutting down simulation.

Simulation statistics
=====================
Executed cycles:  238015
Wallclock time:   4.402 s
Simulation speed: 54069.7 cycles/s (54.0697 kHz)
Trace file size:  16650108 B

You can view the simulation traces by calling
$ gtkwave sim.fst

Performance Counters
====================
Cycles:                     238011
Instructions Retired:       105591
LSU Busy:                   11650
Fetch Wait:                 39944
Loads:                      6838
Stores:                     4812
Jumps:                      1929
Conditional Branches:       40413
Taken Conditional Branches: 39940
Compressed Instructions:    0
Multiply Wait:              0
