Program header number 0 in `/workspace/out/cache/3e52f72d7503270f1e38e228127082896d3327fef468930c37ea87fadafd3dbd/run/program.elf' is not of type PT_LOAD; ignoring.
Program header number 3 in `/workspace/out/cache/3e52f72d7503270f1e38e228127082896d3327fef468930c37ea87fadafd3dbd/run/program.elf' is not of type PT_LOAD; ignoring.
Simulation of Ibex
==================

Tracing can be toggled by sending SIGUSR1 to this process:
$ kill -USR1 18

Simulation running, end by pressing CTRL-c.
Tracing enabled.
Writing simulation traces to sim.fst
TOP.ibex_simple_system.u_top.u_ibex_tracer.unnamedblk2.unnamedblk3: Writing execution trace to trace_core_00000000.log
Terminating simulation by software request.
- src/lowrisc_ibex_sim_shared_0/rtl/sim/simulator_ctrl.sv:93: Verilog $finish
Received $finish() from Verilog, shutting down simulation.

Simulation statistics
=====================
Executed cycles:  238014
Wallclock time:   5.106 s
Simulation speed: 46614.6 cycles/s (46.6146 kHz)
Trace file size:  18382008 B

You can view the simulation traces by calling
$ gtkwave sim.fst

Performance Counters
====================
Cycles:                     238010
Instructions Retired:       125168
LSU Busy:                   11479
Fetch Wait:                 49328
Loads:                      6780
Stores:                     4699
Jumps:                      1912
Conditional Branches:       49776
Taken Conditional Branches: 49324
Compressed Instructions:    0
Multiply Wait:              798
