Program header number 0 in `/workspace/out/cache/b3f64aa6c90c0f489ab6b422c831df3a542d0cba834e84917aa47e6033fdb26d/run/program.elf' is not of type PT_LOAD; ignoring.
Program header number 3 in `/workspace/out/cache/b3f64aa6c90c0f489ab6b422c831df3a542d0cba834e84917aa47e6033fdb26d/run/program.elf' is not of type PT_LOAD; ignoring.
Simulation of Ibex
==================

Tracing can be toggled by sending SIGUSR1 to this process:
$ kill -USR1 18

Simulation running, end by pressing CTRL-c.
Tracing enabled.
Writing simulation traces to sim.fst
TOP.ibex_simple_system.u_top.u_ibex_tracer.unnamedblk2.unnamedblk3: Writing execution trace to trace_core_00000000.log
Terminating simulation by software request.
- src/lowrisc_ibex_sim_shared_0/rtl/sim/simulator_ctrl.sv:93: Verilog $finish
Received $finish() from Verilog, shutting down simulation.

Simulation statistics
=====================
Executed cycles:  238014
Wallclock time:   5.141 s
Simulation speed: 46297.2 cycles/s (46.2972 kHz)
Trace file size:  17628110 B

You can view the simulation traces by calling
$ gtkwave sim.fst

Performance Counters
====================
Cycles:                     238010
Instructions Retired:       119755
LSU Busy:                   11459
Fetch Wait:                 47124
Loads:                      6760
Stores:                     4699
Jumps:                      1927
Conditional Branches:       47767
Taken Conditional Branches: 47120
Compressed Instructions:    0
Multiply Wait:              3712
