Program header number 0 in `/workspace/out/cache/c846112f679b444e10e13096995ff56ec4dc4141cd3bb44a02fdc055f8a31501/run/program.elf' is not of type PT_LOAD; ignoring.
Program header number 3 in `/workspace/out/cache/c846112f679b444e10e13096995ff56ec4dc4141cd3bb44a02fdc055f8a31501/run/program.elf' is not of type PT_LOAD; ignoring.
Simulation of Ibex
==================

Tracing can be toggled by sending SIGUSR1 to this process:
$ kill -USR1 18

Simulation running, end by pressing CTRL-c.
Tracing enabled.
Writing simulation traces to sim.fst
TOP.ibex_simple_system.u_top.u_ibex_tracer.unnamedblk2.unnamedblk3: Writing execution trace to trace_core_00000000.log
Terminating simulation by software request.
- src/lowrisc_ibex_sim_shared_0/rtl/sim/simulator_ctrl.sv:93: Verilog $finish
Received $finish() from Verilog, shutting down simulation.

Simulation statistics
=====================
Executed cycles:  238011
Wallclock time:   5.032 s
Simulation speed: 47299.5 cycles/s (47.2995 kHz)
Trace file size:  17874577 B

You can view the simulation traces by calling
$ gtkwave sim.fst

Performance Counters
====================
Cycles:                     238007
Instructions Retired:       125688
LSU Busy:                   12311
Fetch Wait:                 48812
Loads:                      6893
Stores:                     5418
Jumps:                      1921
Conditional Branches:       49269
Taken Conditional Branches: 48808
Compressed Instructions:    0
Multiply Wait:              466
