Program header number 0 in `/workspace/out/cache/3c2bb903f087ae1070267a0adb0dd1c8bca2913c4bc4a68d9f76bb77df482441/run/program.elf' is not of type PT_LOAD; ignoring.
Program header number 3 in `/workspace/out/cache/3c2bb903f087ae1070267a0adb0dd1c8bca2913c4bc4a68d9f76bb77df482441/run/program.elf' is not of type PT_LOAD; ignoring.
Simulation of Ibex
==================

Tracing can be toggled by sending SIGUSR1 to this process:
$ kill -USR1 17

Simulation running, end by pressing CTRL-c.
Tracing enabled.
Writing simulation traces to sim.fst
TOP.ibex_simple_system.u_top.u_ibex_tracer.unnamedblk2.unnamedblk3: Writing execution trace to trace_core_00000000.log
Terminating simulation by software request.
- src/lowrisc_ibex_sim_shared_0/rtl/sim/simulator_ctrl.sv:93: Verilog $finish
Received $finish() from Verilog, shutting down simulation.

Simulation statistics
=====================
Executed cycles:  238013
Wallclock time:   5.429 s
Simulation speed: 43841 cycles/s (43.841 kHz)
Trace file size:  16900666 B

You can view the simulation traces by calling
$ gtkwave sim.fst

Performance Counters
====================
Cycles:                     238009
Instructions Retired:       111164
LSU Busy:                   11685
Fetch Wait:                 42552
Loads:                      6986
Stores:                     4699
Jumps:                      1927
Conditional Branches:       43215
Taken Conditional Branches: 42548
Compressed Instructions:    0
Multiply Wait:              308
