Program header number 0 in `/workspace/out/cache/0a37fd8afd5b10a27bfa57b198890f97d4804881387a51b320a9adc09eaaae96/run/program.elf' is not of type PT_LOAD; ignoring.
Program header number 3 in `/workspace/out/cache/0a37fd8afd5b10a27bfa57b198890f97d4804881387a51b320a9adc09eaaae96/run/program.elf' is not of type PT_LOAD; ignoring.
Simulation of Ibex
==================

Tracing can be toggled by sending SIGUSR1 to this process:
$ kill -USR1 17

Simulation running, end by pressing CTRL-c.
Tracing enabled.
Writing simulation traces to sim.fst
TOP.ibex_simple_system.u_top.u_ibex_tracer.unnamedblk2.unnamedblk3: Writing execution trace to trace_core_00000000.log
Terminating simulation by software request.
- src/lowrisc_ibex_sim_shared_0/rtl/sim/simulator_ctrl.sv:93: Verilog $finish
Received $finish() from Verilog, shutting down simulation.

Simulation statistics
=====================
Executed cycles:  238013
Wallclock time:   5.315 s
Simulation speed: 44781.4 cycles/s (44.7814 kHz)
Trace file size:  17776288 B

You can view the simulation traces by calling
$ gtkwave sim.fst

Performance Counters
====================
Cycles:                     238009
Instructions Retired:       123575
LSU Busy:                   11139
Fetch Wait:                 49660
Loads:                      6440
Stores:                     4699
Jumps:                      1930
Conditional Branches:       50379
Taken Conditional Branches: 49656
Compressed Instructions:    0
Multiply Wait:              2048
