Program header number 0 in `/workspace/out/cache/56ff694ffd1f463776d1712670f231f951ea3579641c38af97f8ae65c1665eef/run/program.elf' is not of type PT_LOAD; ignoring.
Program header number 3 in `/workspace/out/cache/56ff694ffd1f463776d1712670f231f951ea3579641c38af97f8ae65c1665eef/run/program.elf' is not of type PT_LOAD; ignoring.
Simulation of Ibex
==================

Tracing can be toggled by sending SIGUSR1 to this process:
$ kill -USR1 17

Simulation running, end by pressing CTRL-c.
Tracing enabled.
Writing simulation traces to sim.fst
TOP.ibex_simple_system.u_top.u_ibex_tracer.unnamedblk2.unnamedblk3: Writing execution trace to trace_core_00000000.log
Terminating simulation by software request.
- src/lowrisc_ibex_sim_shared_0/rtl/sim/simulator_ctrl.sv:93: Verilog $finish
Received $finish() from Verilog, shutting down simulation.

Simulation statistics
=====================
Executed cycles:  238011
Wallclock time:   4.72 s
Simulation speed: 50426.1 cycles/s (50.4261 kHz)
Trace file size:  18473900 B

You can view the simulation traces by calling
$ gtkwave sim.fst

Performance Counters
====================
Cycles:                     238007
Instructions Retired:       125011
LSU Busy:                   11776
Fetch Wait:                 49396
Loads:                      6565
Stores:                     5211
Jumps:                      1931
Conditional Branches:       49865
Taken Conditional Branches: 49392
Compressed Instructions:    0
Multiply Wait:              500
