Program header number 0 in `/workspace/out/cache/183c105f3154f7c99654cc2084ce44a2ecc7e7a3fc241937a9efd4791cdbe625/run/program.elf' is not of type PT_LOAD; ignoring.
Program header number 3 in `/workspace/out/cache/183c105f3154f7c99654cc2084ce44a2ecc7e7a3fc241937a9efd4791cdbe625/run/program.elf' is not of type PT_LOAD; ignoring.
Simulation of Ibex
==================

Tracing can be toggled by sending SIGUSR1 to this process:
$ kill -USR1 17

Simulation running, end by pressing CTRL-c.
Tracing enabled.
Writing simulation traces to sim.fst
TOP.ibex_simple_system.u_top.u_ibex_tracer.unnamedblk2.unnamedblk3: Writing execution trace to trace_core_00000000.log
Terminating simulation by software request.
- src/lowrisc_ibex_sim_shared_0/rtl/sim/simulator_ctrl.sv:93: Verilog $finish
Received $finish() from Verilog, shutting down simulation.

Simulation statistics
=====================
Executed cycles:  238014
Wallclock time:   5.522 s
Simulation speed: 43102.9 cycles/s (43.1029 kHz)
Trace file size:  18591601 B

You can view the simulation traces by calling
$ gtkwave sim.fst

Performance Counters
====================
Cycles:                     238010
Instructions Retired:       125235
LSU Busy:                   11958
Fetch Wait:                 48631
Loads:                      7259
Stores:                     4699
Jumps:                      1920
Conditional Branches:       49087
Taken Conditional Branches: 48627
Compressed Instructions:    0
Multiply Wait:              1638
