Program header number 0 in `/workspace/out/cache/78bfc57b46f5f30e2fa6460441a11057226aa89ab7eb48ce4e8d60bc483050e2/run/program.elf' is not of type PT_LOAD; ignoring.
Program header number 3 in `/workspace/out/cache/78bfc57b46f5f30e2fa6460441a11057226aa89ab7eb48ce4e8d60bc483050e2/run/program.elf' is not of type PT_LOAD; ignoring.
Simulation of Ibex
==================

Tracing can be toggled by sending SIGUSR1 to this process:
$ kill -USR1 17

Simulation running, end by pressing CTRL-c.
Tracing enabled.
Writing simulation traces to sim.fst
TOP.ibex_simple_system.u_top.u_ibex_tracer.unnamedblk2.unnamedblk3: Writing execution trace to trace_core_00000000.log
Terminating simulation by software request.
- src/lowrisc_ibex_sim_shared_0/rtl/sim/simulator_ctrl.sv:93: Verilog $finish
Received $finish() from Verilog, shutting down simulation.

Simulation statistics
=====================
Executed cycles:  238012
Wallclock time:   5.885 s
Simulation speed: 40443.8 cycles/s (40.4438 kHz)
Trace file size:  17873467 B

You can view the simulation traces by calling
$ gtkwave sim.fst

Performance Counters
====================
Cycles:                     238008
Instructions Retired:       124077
LSU Busy:                   11907
Fetch Wait:                 49160
Loads:                      6824
Stores:                     5083
Jumps:                      1915
Conditional Branches:       49611
Taken Conditional Branches: 49156
Compressed Instructions:    0
Multiply Wait:              768
