Program header number 0 in `/workspace/out/cache/14cc7e3962a8883f0ff84f335b203c56ba933e2f66d0fde6f9f74d16e1ceb377/run/program.elf' is not of type PT_LOAD; ignoring.
Program header number 3 in `/workspace/out/cache/14cc7e3962a8883f0ff84f335b203c56ba933e2f66d0fde6f9f74d16e1ceb377/run/program.elf' is not of type PT_LOAD; ignoring.
Simulation of Ibex
==================

Tracing can be toggled by sending SIGUSR1 to this process:
$ kill -USR1 17

Simulation running, end by pressing CTRL-c.
Tracing enabled.
Writing simulation traces to sim.fst
TOP.ibex_simple_system.u_top.u_ibex_tracer.unnamedblk2.unnamedblk3: Writing execution trace to trace_core_00000000.log
Terminating simulation by software request.
- src/lowrisc_ibex_sim_shared_0/rtl/sim/simulator_ctrl.sv:93: Verilog $finish
Received $finish() from Verilog, shutting down simulation.

Simulation statistics
=====================
Executed cycles:  238012
Wallclock time:   4.157 s
Simulation speed: 57255.7 cycles/s (57.2557 kHz)
Trace file size:  15808276 B

You can view the simulation traces by calling
$ gtkwave sim.fst

Performance Counters
====================
Cycles:                     238008
Instructions Retired:       97082
LSU Busy:                   11139
Fetch Wait:                 35802
Loads:                      6440
Stores:                     4699
Jumps:                      1901
Conditional Branches:       36245
Taken Conditional Branches: 35798
Compressed Instructions:    0
Multiply Wait:              0
