Program header number 0 in `/workspace/out/cache/dbd105e71238442d5769708462140eddd63961e9c0484f89ce2d2f106981a842/run/program.elf' is not of type PT_LOAD; ignoring.
Program header number 3 in `/workspace/out/cache/dbd105e71238442d5769708462140eddd63961e9c0484f89ce2d2f106981a842/run/program.elf' is not of type PT_LOAD; ignoring.
Simulation of Ibex
==================

Tracing can be toggled by sending SIGUSR1 to this process:
$ kill -USR1 18

Simulation running, end by pressing CTRL-c.
Tracing enabled.
Writing simulation traces to sim.fst
TOP.ibex_simple_system.u_top.u_ibex_tracer.unnamedblk2.unnamedblk3: Writing execution trace to trace_core_00000000.log
Terminating simulation by software request.
- src/lowrisc_ibex_sim_shared_0/rtl/sim/simulator_ctrl.sv:93: Verilog $finish
Received $finish() from Verilog, shutting down simulation.

Simulation statistics
=====================
Executed cycles:  238014
Wallclock time:   5.244 s
Simulation speed: 45387.9 cycles/s (45.3879 kHz)
Trace file size:  18106008 B

You can view the simulation traces by calling
$ gtkwave sim.fst

Performance Counters
====================
Cycles:                     238010
Instructions Retired:       125583
LSU Busy:                   12101
Fetch Wait:                 49202
Loads:                      6877
Stores:                     5224
Jumps:                      1925
Conditional Branches:       49665
Taken Conditional Branches: 49198
Compressed Instructions:    0
Multiply Wait:              0
