Program header number 0 in `/workspace/out/cache/1fc413fab0010f4f1f6db2dece3183d57a72bff2b072722e831d0b5b16d8dd4f/run/program.elf' is not of type PT_LOAD; ignoring.
Program header number 3 in `/workspace/out/cache/1fc413fab0010f4f1f6db2dece3183d57a72bff2b072722e831d0b5b16d8dd4f/run/program.elf' is not of type PT_LOAD; ignoring.
Simulation of Ibex
==================

Tracing can be toggled by sending SIGUSR1 to this process:
$ kill -USR1 17

Simulation running, end by pressing CTRL-c.
Tracing enabled.
Writing simulation traces to sim.fst
TOP.ibex_simple_system.u_top.u_ibex_tracer.unnamedblk2.unnamedblk3: Writing execution trace to trace_core_00000000.log
Terminating simulation by software request.
- src/lowrisc_ibex_sim_shared_0/rtl/sim/simulator_ctrl.sv:93: Verilog $finish
Received $finish() from Verilog, shutting down simulation.

Simulation statistics
=====================
Executed cycles:  238013
Wallclock time:   4.347 s
Simulation speed: 54753.4 cycles/s (54.7534 kHz)
Trace file size:  15037007 B

You can view the simulation traces by calling
$ gtkwave sim.fst

Performance Counters
====================
Cycles:                     238009
Instructions Retired:       87845
LSU Busy:                   11139
Fetch Wait:                 31183
Loads:                      6440
Stores:                     4699
Jumps:                      1910
Conditional Branches:       31627
Taken Conditional Branches: 31179
Compressed Instructions:    0
Multiply Wait:              1024
