Program header number 0 in `/workspace/out/cache/f9740f5e9b27f938a2fa9ce88b72902804ca2d1ae5c3715161afca99019a1c73/run/program.elf' is not of type PT_LOAD; ignoring.
Program header number 3 in `/workspace/out/cache/f9740f5e9b27f938a2fa9ce88b72902804ca2d1ae5c3715161afca99019a1c73/run/program.elf' is not of type PT_LOAD; ignoring.
Simulation of Ibex
==================

Tracing can be toggled by sending SIGUSR1 to this process:
$ kill -USR1 18

Simulation running, end by pressing CTRL-c.
Tracing enabled.
Writing simulation traces to sim.fst
TOP.ibex_simple_system.u_top.u_ibex_tracer.unnamedblk2.unnamedblk3: Writing execution trace to trace_core_00000000.log
Terminating simulation by software request.
- src/lowrisc_ibex_sim_shared_0/rtl/sim/simulator_ctrl.sv:93: Verilog $finish
Received $finish() from Verilog, shutting down simulation.

Simulation statistics
=====================
Executed cycles:  238013
Wallclock time:   4.687 s
Simulation speed: 50781.5 cycles/s (50.7815 kHz)
Trace file size:  17448091 B

You can view the simulation traces by calling
$ gtkwave sim.fst

Performance Counters
====================
Cycles:                     238009
Instructions Retired:       125632
LSU Busy:                   13139
Fetch Wait:                 48150
Loads:                      7440
Stores:                     5699
Jumps:                      1893
Conditional Branches:       48577
Taken Conditional Branches: 48146
Compressed Instructions:    0
Multiply Wait:              0
