Program header number 0 in `/workspace/out/cache/c9bba2339a01854f05224591fd8ce670f00ec30056c8cc5c60f2e9efd8f3538c/run/program.elf' is not of type PT_LOAD; ignoring.
Program header number 3 in `/workspace/out/cache/c9bba2339a01854f05224591fd8ce670f00ec30056c8cc5c60f2e9efd8f3538c/run/program.elf' is not of type PT_LOAD; ignoring.
Simulation of Ibex
==================

Tracing can be toggled by sending SIGUSR1 to this process:
$ kill -USR1 17

Simulation running, end by pressing CTRL-c.
Tracing enabled.
Writing simulation traces to sim.fst
TOP.ibex_simple_system.u_top.u_ibex_tracer.unnamedblk2.unnamedblk3: Writing execution trace to trace_core_00000000.log
Terminating simulation by software request.
- src/lowrisc_ibex_sim_shared_0/rtl/sim/simulator_ctrl.sv:93: Verilog $finish
Received $finish() from Verilog, shutting down simulation.

Simulation statistics
=====================
Executed cycles:  238011
Wallclock time:   5.694 s
Simulation speed: 41800.3 cycles/s (41.8003 kHz)
Trace file size:  18099681 B

You can view the simulation traces by calling
$ gtkwave sim.fst

Performance Counters
====================
Cycles:                     238007
Instructions Retired:       121418
LSU Busy:                   12467
Fetch Wait:                 46178
Loads:                      7109
Stores:                     5358
Jumps:                      1931
Conditional Branches:       46647
Taken Conditional Branches: 46174
Compressed Instructions:    0
Multiply Wait:              838
