Program header number 0 in `/workspace/out/cache/c9b0f3371b061bfb84b7322f37fc126f539e9702b5838962738b446f8a101552/run/program.elf' is not of type PT_LOAD; ignoring.
Program header number 3 in `/workspace/out/cache/c9b0f3371b061bfb84b7322f37fc126f539e9702b5838962738b446f8a101552/run/program.elf' is not of type PT_LOAD; ignoring.
Simulation of Ibex
==================

Tracing can be toggled by sending SIGUSR1 to this process:
$ kill -USR1 16

Simulation running, end by pressing CTRL-c.
Tracing enabled.
Writing simulation traces to sim.fst
TOP.ibex_simple_system.u_top.u_ibex_tracer.unnamedblk2.unnamedblk3: Writing execution trace to trace_core_00000000.log
Terminating simulation by software request.
- src/lowrisc_ibex_sim_shared_0/rtl/sim/simulator_ctrl.sv:93: Verilog $finish
Received $finish() from Verilog, shutting down simulation.

Simulation statistics
=====================
Executed cycles:  238012
Wallclock time:   4.586 s
Simulation speed: 51899.7 cycles/s (51.8997 kHz)
Trace file size:  16468804 B

You can view the simulation traces by calling
$ gtkwave sim.fst

Performance Counters
====================
Cycles:                     238008
Instructions Retired:       109232
LSU Busy:                   11723
Fetch Wait:                 41454
Loads:                      6732
Stores:                     4991
Jumps:                      1592
Conditional Branches:       41592
Taken Conditional Branches: 41450
Compressed Instructions:    0
Multiply Wait:              0
