Program header number 0 in `/workspace/out/cache/b1c92452a3f882016c22e4bdf4e1373cb48ada1f8163c3666296c5c74aa8153f/run/program.elf' is not of type PT_LOAD; ignoring.
Program header number 3 in `/workspace/out/cache/b1c92452a3f882016c22e4bdf4e1373cb48ada1f8163c3666296c5c74aa8153f/run/program.elf' is not of type PT_LOAD; ignoring.
Simulation of Ibex
==================

Tracing can be toggled by sending SIGUSR1 to this process:
$ kill -USR1 17

Simulation running, end by pressing CTRL-c.
Tracing enabled.
Writing simulation traces to sim.fst
TOP.ibex_simple_system.u_top.u_ibex_tracer.unnamedblk2.unnamedblk3: Writing execution trace to trace_core_00000000.log
Terminating simulation by software request.
- src/lowrisc_ibex_sim_shared_0/rtl/sim/simulator_ctrl.sv:93: Verilog $finish
Received $finish() from Verilog, shutting down simulation.

Simulation statistics
=====================
Executed cycles:  238013
Wallclock time:   5.025 s
Simulation speed: 47365.8 cycles/s (47.3658 kHz)
Trace file size:  16759971 B

You can view the simulation traces by calling
$ gtkwave sim.fst

Performance Counters
====================
Cycles:                     238009
Instructions Retired:       111321
LSU Busy:                   11992
Fetch Wait:                 42271
Loads:                      6951
Stores:                     5041
Jumps:                      1911
Conditional Branches:       42976
Taken Conditional Branches: 42267
Compressed Instructions:    0
Multiply Wait:              342
