Program header number 0 in `/workspace/out/cache/771e9121f336c34cf2deb8243541f166e6961d1619113e7ced62afe57084ee15/run/program.elf' is not of type PT_LOAD; ignoring.
Program header number 3 in `/workspace/out/cache/771e9121f336c34cf2deb8243541f166e6961d1619113e7ced62afe57084ee15/run/program.elf' is not of type PT_LOAD; ignoring.
Simulation of Ibex
==================

Tracing can be toggled by sending SIGUSR1 to this process:
$ kill -USR1 17

Simulation running, end by pressing CTRL-c.
Tracing enabled.
Writing simulation traces to sim.fst
TOP.ibex_simple_system.u_top.u_ibex_tracer.unnamedblk2.unnamedblk3: Writing execution trace to trace_core_00000000.log
Terminating simulation by software request.
- src/lowrisc_ibex_sim_shared_0/rtl/sim/simulator_ctrl.sv:93: Verilog $finish
Received $finish() from Verilog, shutting down simulation.

Simulation statistics
=====================
Executed cycles:  238013
Wallclock time:   4.367 s
Simulation speed: 54502.6 cycles/s (54.5026 kHz)
Trace file size:  15788079 B

You can view the simulation traces by calling
$ gtkwave sim.fst

Performance Counters
====================
Cycles:                     238009
Instructions Retired:       96260
LSU Busy:                   12131
Fetch Wait:                 33906
Loads:                      6936
Stores:                     5195
Jumps:                      1905
Conditional Branches:       34347
Taken Conditional Branches: 33902
Compressed Instructions:    0
Multiply Wait:              0
