Program header number 0 in `/workspace/out/cache/e4dd19ca87f9a47e1c9890362f39feb85bb7a495935e769ababab1fd8f1361c9/run/program.elf' is not of type PT_LOAD; ignoring.
Program header number 3 in `/workspace/out/cache/e4dd19ca87f9a47e1c9890362f39feb85bb7a495935e769ababab1fd8f1361c9/run/program.elf' is not of type PT_LOAD; ignoring.
Simulation of Ibex
==================

Tracing can be toggled by sending SIGUSR1 to this process:
$ kill -USR1 17

Simulation running, end by pressing CTRL-c.
Tracing enabled.
Writing simulation traces to sim.fst
TOP.ibex_simple_system.u_top.u_ibex_tracer.unnamedblk2.unnamedblk3: Writing execution trace to trace_core_00000000.log
Terminating simulation by software request.
- src/lowrisc_ibex_sim_shared_0/rtl/sim/simulator_ctrl.sv:93: Verilog $finish
Received $finish() from Verilog, shutting down simulation.

Simulation statistics
=====================
Executed cycles:  238014
Wallclock time:   5.115 s
Simulation speed: 46532.6 cycles/s (46.5326 kHz)
Trace file size:  17372281 B

You can view the simulation traces by calling
$ gtkwave sim.fst

Performance Counters
====================
Cycles:                     238010
Instructions Retired:       115723
LSU Busy:                   12139
Fetch Wait:                 43979
Loads:                      7190
Stores:                     4949
Jumps:                      1917
Conditional Branches:       44684
Taken Conditional Branches: 43975
Compressed Instructions:    0
Multiply Wait:              0
