Program header number 0 in `/workspace/out/cache/1486b4b171e05ca1158af70a0191566ee81c10a1924ec1ef60248001ed2bc434/run/program.elf' is not of type PT_LOAD; ignoring.
Program header number 3 in `/workspace/out/cache/1486b4b171e05ca1158af70a0191566ee81c10a1924ec1ef60248001ed2bc434/run/program.elf' is not of type PT_LOAD; ignoring.
Simulation of Ibex
==================

Tracing can be toggled by sending SIGUSR1 to this process:
$ kill -USR1 18

Simulation running, end by pressing CTRL-c.
Tracing enabled.
Writing simulation traces to sim.fst
TOP.ibex_simple_system.u_top.u_ibex_tracer.unnamedblk2.unnamedblk3: Writing execution trace to trace_core_00000000.log
Terminating simulation by software request.
- src/lowrisc_ibex_sim_shared_0/rtl/sim/simulator_ctrl.sv:93: Verilog $finish
Received $finish() from Verilog, shutting down simulation.

Simulation statistics
=====================
Executed cycles:  238011
Wallclock time:   4.759 s
Simulation speed: 50012.8 cycles/s (50.0128 kHz)
Trace file size:  17158890 B

You can view the simulation traces by calling
$ gtkwave sim.fst

Performance Counters
====================
Cycles:                     238007
Instructions Retired:       113791
LSU Busy:                   12035
Fetch Wait:                 43883
Loads:                      6888
Stores:                     5147
Jumps:                      1918
Conditional Branches:       44345
Taken Conditional Branches: 43879
Compressed Instructions:    0
Multiply Wait:              300
