Program header number 0 in `/workspace/out/cache/05d687d4856a94dac89546f6820c9afd10930fde34858a7956a5a431bec13d1d/run/program.elf' is not of type PT_LOAD; ignoring.
Program header number 3 in `/workspace/out/cache/05d687d4856a94dac89546f6820c9afd10930fde34858a7956a5a431bec13d1d/run/program.elf' is not of type PT_LOAD; ignoring.
Simulation of Ibex
==================

Tracing can be toggled by sending SIGUSR1 to this process:
$ kill -USR1 17

Simulation running, end by pressing CTRL-c.
Tracing enabled.
Writing simulation traces to sim.fst
TOP.ibex_simple_system.u_top.u_ibex_tracer.unnamedblk2.unnamedblk3: Writing execution trace to trace_core_00000000.log
Terminating simulation by software request.
- src/lowrisc_ibex_sim_shared_0/rtl/sim/simulator_ctrl.sv:93: Verilog $finish
Received $finish() from Verilog, shutting down simulation.

Simulation statistics
=====================
Executed cycles:  238012
Wallclock time:   4.677 s
Simulation speed: 50889.9 cycles/s (50.8899 kHz)
Trace file size:  18371040 B

You can view the simulation traces by calling
$ gtkwave sim.fst

Performance Counters
====================
Cycles:                     238008
Instructions Retired:       124545
LSU Busy:                   11539
Fetch Wait:                 49487
Loads:                      6640
Stores:                     4899
Jumps:                      1921
Conditional Branches:       49947
Taken Conditional Branches: 49483
Compressed Instructions:    0
Multiply Wait:              1032
