Program header number 0 in `/workspace/out/cache/7bf7a735c9143df416ff0a1e2b70573f49af60ca92992cf0ce4f538079b34171/run/program.elf' is not of type PT_LOAD; ignoring.
Program header number 3 in `/workspace/out/cache/7bf7a735c9143df416ff0a1e2b70573f49af60ca92992cf0ce4f538079b34171/run/program.elf' is not of type PT_LOAD; ignoring.
Simulation of Ibex
==================

Tracing can be toggled by sending SIGUSR1 to this process:
$ kill -USR1 18

Simulation running, end by pressing CTRL-c.
Tracing enabled.
Writing simulation traces to sim.fst
TOP.ibex_simple_system.u_top.u_ibex_tracer.unnamedblk2.unnamedblk3: Writing execution trace to trace_core_00000000.log
Terminating simulation by software request.
- src/lowrisc_ibex_sim_shared_0/rtl/sim/simulator_ctrl.sv:93: Verilog $finish
Received $finish() from Verilog, shutting down simulation.

Simulation statistics
=====================
Executed cycles:  238017
Wallclock time:   4.652 s
Simulation speed: 51164.4 cycles/s (51.1644 kHz)
Trace file size:  17804730 B

You can view the simulation traces by calling
$ gtkwave sim.fst

Performance Counters
====================
Cycles:                     238013
Instructions Retired:       118942
LSU Busy:                   11905
Fetch Wait:                 46054
Loads:                      6840
Stores:                     5065
Jumps:                      1917
Conditional Branches:       46510
Taken Conditional Branches: 46050
Compressed Instructions:    0
Multiply Wait:              1120
