Program header number 0 in `/workspace/out/cache/c7d1911467b14e80defa073764534239e7ee2eab18ccd689f0ed9b596040d3c5/run/program.elf' is not of type PT_LOAD; ignoring.
Program header number 3 in `/workspace/out/cache/c7d1911467b14e80defa073764534239e7ee2eab18ccd689f0ed9b596040d3c5/run/program.elf' is not of type PT_LOAD; ignoring.
Simulation of Ibex
==================

Tracing can be toggled by sending SIGUSR1 to this process:
$ kill -USR1 17

Simulation running, end by pressing CTRL-c.
Tracing enabled.
Writing simulation traces to sim.fst
TOP.ibex_simple_system.u_top.u_ibex_tracer.unnamedblk2.unnamedblk3: Writing execution trace to trace_core_00000000.log
Terminating simulation by software request.
- src/lowrisc_ibex_sim_shared_0/rtl/sim/simulator_ctrl.sv:93: Verilog $finish
Received $finish() from Verilog, shutting down simulation.

Simulation statistics
=====================
Executed cycles:  238012
Wallclock time:   5.239 s
Simulation speed: 45430.8 cycles/s (45.4308 kHz)
Trace file size:  17544973 B

You can view the simulation traces by calling
$ gtkwave sim.fst

Performance Counters
====================
Cycles:                     238008
Instructions Retired:       122906
LSU Busy:                   11139
Fetch Wait:                 49239
Loads:                      6440
Stores:                     4699
Jumps:                      1904
Conditional Branches:       49675
Taken Conditional Branches: 49235
Compressed Instructions:    0
Multiply Wait:              2048
