Program header number 0 in `/workspace/out/cache/f3a3e7e3c2e9e5e6d140d11b737226c7cd9137d02b5f2a3d55fb468af2ec4b18/run/program.elf' is not of type PT_LOAD; ignoring.
Program header number 3 in `/workspace/out/cache/f3a3e7e3c2e9e5e6d140d11b737226c7cd9137d02b5f2a3d55fb468af2ec4b18/run/program.elf' is not of type PT_LOAD; ignoring.
Simulation of Ibex
==================

Tracing can be toggled by sending SIGUSR1 to this process:
$ kill -USR1 18

Simulation running, end by pressing CTRL-c.
Tracing enabled.
Writing simulation traces to sim.fst
TOP.ibex_simple_system.u_top.u_ibex_tracer.unnamedblk2.unnamedblk3: Writing execution trace to trace_core_00000000.log
Terminating simulation by software request.
- src/lowrisc_ibex_sim_shared_0/rtl/sim/simulator_ctrl.sv:93: Verilog $finish
Received $finish() from Verilog, shutting down simulation.

Simulation statistics
=====================
Executed cycles:  238011
Wallclock time:   4.842 s
Simulation speed: 49155.5 cycles/s (49.1555 kHz)
Trace file size:  18169582 B

You can view the simulation traces by calling
$ gtkwave sim.fst

Performance Counters
====================
Cycles:                     238007
Instructions Retired:       123716
LSU Busy:                   11839
Fetch Wait:                 48056
Loads:                      6790
Stores:                     5049
Jumps:                      1913
Conditional Branches:       48507
Taken Conditional Branches: 48052
Compressed Instructions:    0
Multiply Wait:              730
