Program header number 0 in `/workspace/out/cache/07db9d46e5123f093d2d3ff384178beb77fdfa11190c47ebad4305946391a19a/run/program.elf' is not of type PT_LOAD; ignoring.
Program header number 3 in `/workspace/out/cache/07db9d46e5123f093d2d3ff384178beb77fdfa11190c47ebad4305946391a19a/run/program.elf' is not of type PT_LOAD; ignoring.
Simulation of Ibex
==================

Tracing can be toggled by sending SIGUSR1 to this process:
$ kill -USR1 18

Simulation running, end by pressing CTRL-c.
Tracing enabled.
Writing simulation traces to sim.fst
TOP.ibex_simple_system.u_top.u_ibex_tracer.unnamedblk2.unnamedblk3: Writing execution trace to trace_core_00000000.log
Terminating simulation by software request.
- src/lowrisc_ibex_sim_shared_0/rtl/sim/simulator_ctrl.sv:93: Verilog $finish
Received $finish() from Verilog, shutting down simulation.

Simulation statistics
=====================
Executed cycles:  238015
Wallclock time:   4.634 s
Simulation speed: 51362.8 cycles/s (51.3628 kHz)
Trace file size:  16774527 B

You can view the simulation traces by calling
$ gtkwave sim.fst

Performance Counters
====================
Cycles:                     238011
Instructions Retired:       106352
LSU Busy:                   11572
Fetch Wait:                 40609
Loads:                      6831
Stores:                     4741
Jumps:                      1932
Conditional Branches:       41081
Taken Conditional Branches: 40605
Compressed Instructions:    0
Multiply Wait:              0
