	Command being timed: ".venv/bin/python -m agcws.pipeline run --directory out/phase-ga-robustness-v1 --execute"
	User time (seconds): 286.59
	System time (seconds): 163.86
	Percent of CPU this job got: 0%
	Elapsed (wall clock) time (h:mm:ss or m:ss): 17:22:02
	Average shared text size (kbytes): 0
	Average unshared data size (kbytes): 0
	Average stack size (kbytes): 0
	Average total size (kbytes): 0
	Maximum resident set size (kbytes): 40244
	Average resident set size (kbytes): 0
	Major (requiring I/O) page faults: 1370
	Minor (reclaiming a frame) page faults: 32448310
	Voluntary context switches: 6075834
	Involuntary context switches: 10501
	Swaps: 0
	File system inputs: 297614
	File system outputs: 187376
	Socket messages sent: 0
	Socket messages received: 0
	Signals delivered: 0
	Page size (bytes): 4096
	Exit status: 0
