Program header number 0 in `/workspace/out/cache/51078aa7c3689ff3261e505b526c73f17743656702839fe283967e0fa84baa00/run/program.elf' is not of type PT_LOAD; ignoring.
Program header number 3 in `/workspace/out/cache/51078aa7c3689ff3261e505b526c73f17743656702839fe283967e0fa84baa00/run/program.elf' is not of type PT_LOAD; ignoring.
Simulation of Ibex
==================

Tracing can be toggled by sending SIGUSR1 to this process:
$ kill -USR1 18

Simulation running, end by pressing CTRL-c.
Tracing enabled.
Writing simulation traces to sim.fst
TOP.ibex_simple_system.u_top.u_ibex_tracer.unnamedblk2.unnamedblk3: Writing execution trace to trace_core_00000000.log
Terminating simulation by software request.
- src/lowrisc_ibex_sim_shared_0/rtl/sim/simulator_ctrl.sv:93: Verilog $finish
Received $finish() from Verilog, shutting down simulation.

Simulation statistics
=====================
Executed cycles:  238012
Wallclock time:   5.037 s
Simulation speed: 47252.7 cycles/s (47.2527 kHz)
Trace file size:  17927900 B

You can view the simulation traces by calling
$ gtkwave sim.fst

Performance Counters
====================
Cycles:                     238008
Instructions Retired:       124080
LSU Busy:                   12489
Fetch Wait:                 47169
Loads:                      7340
Stores:                     5149
Jumps:                      1892
Conditional Branches:       47849
Taken Conditional Branches: 47165
Compressed Instructions:    0
Multiply Wait:              748
