Program header number 0 in `/workspace/out/cache/150cc917dc96ba3f6487861a650cf04a051fd3261b55f3959e8409095ed7f329/run/program.elf' is not of type PT_LOAD; ignoring.
Program header number 3 in `/workspace/out/cache/150cc917dc96ba3f6487861a650cf04a051fd3261b55f3959e8409095ed7f329/run/program.elf' is not of type PT_LOAD; ignoring.
Simulation of Ibex
==================

Tracing can be toggled by sending SIGUSR1 to this process:
$ kill -USR1 18

Simulation running, end by pressing CTRL-c.
Tracing enabled.
Writing simulation traces to sim.fst
TOP.ibex_simple_system.u_top.u_ibex_tracer.unnamedblk2.unnamedblk3: Writing execution trace to trace_core_00000000.log
Terminating simulation by software request.
- src/lowrisc_ibex_sim_shared_0/rtl/sim/simulator_ctrl.sv:93: Verilog $finish
Received $finish() from Verilog, shutting down simulation.

Simulation statistics
=====================
Executed cycles:  238012
Wallclock time:   5.271 s
Simulation speed: 45155 cycles/s (45.155 kHz)
Trace file size:  17965796 B

You can view the simulation traces by calling
$ gtkwave sim.fst

Performance Counters
====================
Cycles:                     238008
Instructions Retired:       122628
LSU Busy:                   11839
Fetch Wait:                 47842
Loads:                      6690
Stores:                     5149
Jumps:                      1891
Conditional Branches:       48273
Taken Conditional Branches: 47838
Compressed Instructions:    0
Multiply Wait:              400
