Program header number 0 in `/workspace/out/cache/b9a1845a7a91ce4bc973630d92b5d294295bd0bbf8e4f350856f848f1656aff0/run/program.elf' is not of type PT_LOAD; ignoring.
Program header number 3 in `/workspace/out/cache/b9a1845a7a91ce4bc973630d92b5d294295bd0bbf8e4f350856f848f1656aff0/run/program.elf' is not of type PT_LOAD; ignoring.
Simulation of Ibex
==================

Tracing can be toggled by sending SIGUSR1 to this process:
$ kill -USR1 17

Simulation running, end by pressing CTRL-c.
Tracing enabled.
Writing simulation traces to sim.fst
TOP.ibex_simple_system.u_top.u_ibex_tracer.unnamedblk2.unnamedblk3: Writing execution trace to trace_core_00000000.log
Terminating simulation by software request.
- src/lowrisc_ibex_sim_shared_0/rtl/sim/simulator_ctrl.sv:93: Verilog $finish
Received $finish() from Verilog, shutting down simulation.

Simulation statistics
=====================
Executed cycles:  238013
Wallclock time:   5.239 s
Simulation speed: 45431 cycles/s (45.431 kHz)
Trace file size:  17329045 B

You can view the simulation traces by calling
$ gtkwave sim.fst

Performance Counters
====================
Cycles:                     238009
Instructions Retired:       113735
LSU Busy:                   14415
Fetch Wait:                 39215
Loads:                      9716
Stores:                     4699
Jumps:                      1912
Conditional Branches:       39659
Taken Conditional Branches: 39211
Compressed Instructions:    0
Multiply Wait:              0
