Program header number 0 in `/workspace/out/cache/3632cf410a39e33bbdbc6e1930c1d28faae1b37fd3203b79b83e641e00044b88/run/program.elf' is not of type PT_LOAD; ignoring.
Program header number 3 in `/workspace/out/cache/3632cf410a39e33bbdbc6e1930c1d28faae1b37fd3203b79b83e641e00044b88/run/program.elf' is not of type PT_LOAD; ignoring.
Simulation of Ibex
==================

Tracing can be toggled by sending SIGUSR1 to this process:
$ kill -USR1 17

Simulation running, end by pressing CTRL-c.
Tracing enabled.
Writing simulation traces to sim.fst
TOP.ibex_simple_system.u_top.u_ibex_tracer.unnamedblk2.unnamedblk3: Writing execution trace to trace_core_00000000.log
Terminating simulation by software request.
- src/lowrisc_ibex_sim_shared_0/rtl/sim/simulator_ctrl.sv:93: Verilog $finish
Received $finish() from Verilog, shutting down simulation.

Simulation statistics
=====================
Executed cycles:  238014
Wallclock time:   4.802 s
Simulation speed: 49565.6 cycles/s (49.5656 kHz)
Trace file size:  17547859 B

You can view the simulation traces by calling
$ gtkwave sim.fst

Performance Counters
====================
Cycles:                     238010
Instructions Retired:       110105
LSU Busy:                   11459
Fetch Wait:                 41431
Loads:                      6600
Stores:                     4859
Jumps:                      1891
Conditional Branches:       42680
Taken Conditional Branches: 41427
Compressed Instructions:    0
Multiply Wait:              0
