Program header number 0 in `/workspace/out/cache/1e4f700b06f3aea214ebcf5cd15ca55b1ca178d8c7d806523220bfe141bf367c/run/program.elf' is not of type PT_LOAD; ignoring.
Program header number 3 in `/workspace/out/cache/1e4f700b06f3aea214ebcf5cd15ca55b1ca178d8c7d806523220bfe141bf367c/run/program.elf' is not of type PT_LOAD; ignoring.
Simulation of Ibex
==================

Tracing can be toggled by sending SIGUSR1 to this process:
$ kill -USR1 16

Simulation running, end by pressing CTRL-c.
Tracing enabled.
Writing simulation traces to sim.fst
TOP.ibex_simple_system.u_top.u_ibex_tracer.unnamedblk2.unnamedblk3: Writing execution trace to trace_core_00000000.log
Terminating simulation by software request.
- src/lowrisc_ibex_sim_shared_0/rtl/sim/simulator_ctrl.sv:93: Verilog $finish
Received $finish() from Verilog, shutting down simulation.

Simulation statistics
=====================
Executed cycles:  238012
Wallclock time:   4.994 s
Simulation speed: 47659.6 cycles/s (47.6596 kHz)
Trace file size:  17684512 B

You can view the simulation traces by calling
$ gtkwave sim.fst

Performance Counters
====================
Cycles:                     238008
Instructions Retired:       126787
LSU Busy:                   12163
Fetch Wait:                 48564
Loads:                      6952
Stores:                     5211
Jumps:                      1933
Conditional Branches:       50059
Taken Conditional Branches: 48560
Compressed Instructions:    0
Multiply Wait:              0
