Program header number 0 in `/workspace/out/cache/50ad5308d2c8aef5ef64a4aba828eacc3d51c7e34763476041eadf4bcc61732c/run/program.elf' is not of type PT_LOAD; ignoring.
Program header number 3 in `/workspace/out/cache/50ad5308d2c8aef5ef64a4aba828eacc3d51c7e34763476041eadf4bcc61732c/run/program.elf' is not of type PT_LOAD; ignoring.
Simulation of Ibex
==================

Tracing can be toggled by sending SIGUSR1 to this process:
$ kill -USR1 18

Simulation running, end by pressing CTRL-c.
Tracing enabled.
Writing simulation traces to sim.fst
TOP.ibex_simple_system.u_top.u_ibex_tracer.unnamedblk2.unnamedblk3: Writing execution trace to trace_core_00000000.log
Terminating simulation by software request.
- src/lowrisc_ibex_sim_shared_0/rtl/sim/simulator_ctrl.sv:93: Verilog $finish
Received $finish() from Verilog, shutting down simulation.

Simulation statistics
=====================
Executed cycles:  238013
Wallclock time:   5.13 s
Simulation speed: 46396.3 cycles/s (46.3963 kHz)
Trace file size:  18316961 B

You can view the simulation traces by calling
$ gtkwave sim.fst

Performance Counters
====================
Cycles:                     238009
Instructions Retired:       125693
LSU Busy:                   11588
Fetch Wait:                 49403
Loads:                      6665
Stores:                     4923
Jumps:                      1925
Conditional Branches:       49866
Taken Conditional Branches: 49399
Compressed Instructions:    0
Multiply Wait:              0
