Program header number 0 in `/workspace/out/cache/0c0a860ee789622b297c48470e53632d2d679ccce1d3cd4f44272da175dde736/run/program.elf' is not of type PT_LOAD; ignoring.
Program header number 3 in `/workspace/out/cache/0c0a860ee789622b297c48470e53632d2d679ccce1d3cd4f44272da175dde736/run/program.elf' is not of type PT_LOAD; ignoring.
Simulation of Ibex
==================

Tracing can be toggled by sending SIGUSR1 to this process:
$ kill -USR1 17

Simulation running, end by pressing CTRL-c.
Tracing enabled.
Writing simulation traces to sim.fst
TOP.ibex_simple_system.u_top.u_ibex_tracer.unnamedblk2.unnamedblk3: Writing execution trace to trace_core_00000000.log
Terminating simulation by software request.
- src/lowrisc_ibex_sim_shared_0/rtl/sim/simulator_ctrl.sv:93: Verilog $finish
Received $finish() from Verilog, shutting down simulation.

Simulation statistics
=====================
Executed cycles:  238013
Wallclock time:   4.5 s
Simulation speed: 52891.8 cycles/s (52.8918 kHz)
Trace file size:  14883553 B

You can view the simulation traces by calling
$ gtkwave sim.fst

Performance Counters
====================
Cycles:                     238009
Instructions Retired:       85699
LSU Busy:                   11139
Fetch Wait:                 30083
Loads:                      6440
Stores:                     4699
Jumps:                      1928
Conditional Branches:       30545
Taken Conditional Branches: 30079
Compressed Instructions:    0
Multiply Wait:              0
