Program header number 0 in `/workspace/out/cache/4dad4e1f7dfd1352fbfd2cdfdc409ae3fe048b696f97f683406555407b5ee396/run/program.elf' is not of type PT_LOAD; ignoring.
Program header number 3 in `/workspace/out/cache/4dad4e1f7dfd1352fbfd2cdfdc409ae3fe048b696f97f683406555407b5ee396/run/program.elf' is not of type PT_LOAD; ignoring.
Simulation of Ibex
==================

Tracing can be toggled by sending SIGUSR1 to this process:
$ kill -USR1 17

Simulation running, end by pressing CTRL-c.
Tracing enabled.
Writing simulation traces to sim.fst
TOP.ibex_simple_system.u_top.u_ibex_tracer.unnamedblk2.unnamedblk3: Writing execution trace to trace_core_00000000.log
Terminating simulation by software request.
- src/lowrisc_ibex_sim_shared_0/rtl/sim/simulator_ctrl.sv:93: Verilog $finish
Received $finish() from Verilog, shutting down simulation.

Simulation statistics
=====================
Executed cycles:  238015
Wallclock time:   5.269 s
Simulation speed: 45172.7 cycles/s (45.1727 kHz)
Trace file size:  17390256 B

You can view the simulation traces by calling
$ gtkwave sim.fst

Performance Counters
====================
Cycles:                     238011
Instructions Retired:       118121
LSU Busy:                   11779
Fetch Wait:                 46001
Loads:                      6824
Stores:                     4955
Jumps:                      1904
Conditional Branches:       46699
Taken Conditional Branches: 45997
Compressed Instructions:    0
Multiply Wait:              256
