Program header number 0 in `/workspace/out/cache/64b4a84dbd281c079eae89af8d91e87083f66d410163db8cce0b81cfa8347e96/run/program.elf' is not of type PT_LOAD; ignoring.
Program header number 3 in `/workspace/out/cache/64b4a84dbd281c079eae89af8d91e87083f66d410163db8cce0b81cfa8347e96/run/program.elf' is not of type PT_LOAD; ignoring.
Simulation of Ibex
==================

Tracing can be toggled by sending SIGUSR1 to this process:
$ kill -USR1 17

Simulation running, end by pressing CTRL-c.
Tracing enabled.
Writing simulation traces to sim.fst
TOP.ibex_simple_system.u_top.u_ibex_tracer.unnamedblk2.unnamedblk3: Writing execution trace to trace_core_00000000.log
Terminating simulation by software request.
- src/lowrisc_ibex_sim_shared_0/rtl/sim/simulator_ctrl.sv:93: Verilog $finish
Received $finish() from Verilog, shutting down simulation.

Simulation statistics
=====================
Executed cycles:  238012
Wallclock time:   5.017 s
Simulation speed: 47441.1 cycles/s (47.4411 kHz)
Trace file size:  18717019 B

You can view the simulation traces by calling
$ gtkwave sim.fst

Performance Counters
====================
Cycles:                     238008
Instructions Retired:       125918
LSU Busy:                   12499
Fetch Wait:                 48151
Loads:                      7120
Stores:                     5379
Jumps:                      1924
Conditional Branches:       48613
Taken Conditional Branches: 48147
Compressed Instructions:    0
Multiply Wait:              1368
