Program header number 0 in `/workspace/out/cache/1ce73536e86399d4a100de870e3c02bc1023b8a857922032cae21afc102b0284/run/program.elf' is not of type PT_LOAD; ignoring.
Program header number 3 in `/workspace/out/cache/1ce73536e86399d4a100de870e3c02bc1023b8a857922032cae21afc102b0284/run/program.elf' is not of type PT_LOAD; ignoring.
Simulation of Ibex
==================

Tracing can be toggled by sending SIGUSR1 to this process:
$ kill -USR1 18

Simulation running, end by pressing CTRL-c.
Tracing enabled.
Writing simulation traces to sim.fst
TOP.ibex_simple_system.u_top.u_ibex_tracer.unnamedblk2.unnamedblk3: Writing execution trace to trace_core_00000000.log
Terminating simulation by software request.
- src/lowrisc_ibex_sim_shared_0/rtl/sim/simulator_ctrl.sv:93: Verilog $finish
Received $finish() from Verilog, shutting down simulation.

Simulation statistics
=====================
Executed cycles:  238011
Wallclock time:   4.795 s
Simulation speed: 49637.3 cycles/s (49.6373 kHz)
Trace file size:  17434755 B

You can view the simulation traces by calling
$ gtkwave sim.fst

Performance Counters
====================
Cycles:                     238007
Instructions Retired:       114181
LSU Busy:                   12355
Fetch Wait:                 42535
Loads:                      6752
Stores:                     5603
Jumps:                      1894
Conditional Branches:       42971
Taken Conditional Branches: 42531
Compressed Instructions:    0
Multiply Wait:              3360
