Program header number 0 in `/workspace/out/cache/02cf514476c182b0d752b1d56cc1b398783a714d72b949d6cf1897cca25e8070/run/program.elf' is not of type PT_LOAD; ignoring.
Program header number 3 in `/workspace/out/cache/02cf514476c182b0d752b1d56cc1b398783a714d72b949d6cf1897cca25e8070/run/program.elf' is not of type PT_LOAD; ignoring.
Simulation of Ibex
==================

Tracing can be toggled by sending SIGUSR1 to this process:
$ kill -USR1 18

Simulation running, end by pressing CTRL-c.
Tracing enabled.
Writing simulation traces to sim.fst
TOP.ibex_simple_system.u_top.u_ibex_tracer.unnamedblk2.unnamedblk3: Writing execution trace to trace_core_00000000.log
Terminating simulation by software request.
- src/lowrisc_ibex_sim_shared_0/rtl/sim/simulator_ctrl.sv:93: Verilog $finish
Received $finish() from Verilog, shutting down simulation.

Simulation statistics
=====================
Executed cycles:  238013
Wallclock time:   4.684 s
Simulation speed: 50814 cycles/s (50.814 kHz)
Trace file size:  17581573 B

You can view the simulation traces by calling
$ gtkwave sim.fst

Performance Counters
====================
Cycles:                     238009
Instructions Retired:       113480
LSU Busy:                   12016
Fetch Wait:                 42641
Loads:                      6879
Stores:                     5137
Jumps:                      1934
Conditional Branches:       43113
Taken Conditional Branches: 42637
Compressed Instructions:    0
Multiply Wait:              1072
