Program header number 0 in `/workspace/out/cache/846a462734d35d3c0031d1d1a7514c077acb6be8b08659bb5c095a3e19148a37/run/program.elf' is not of type PT_LOAD; ignoring.
Program header number 3 in `/workspace/out/cache/846a462734d35d3c0031d1d1a7514c077acb6be8b08659bb5c095a3e19148a37/run/program.elf' is not of type PT_LOAD; ignoring.
Simulation of Ibex
==================

Tracing can be toggled by sending SIGUSR1 to this process:
$ kill -USR1 17

Simulation running, end by pressing CTRL-c.
Tracing enabled.
Writing simulation traces to sim.fst
TOP.ibex_simple_system.u_top.u_ibex_tracer.unnamedblk2.unnamedblk3: Writing execution trace to trace_core_00000000.log
Terminating simulation by software request.
- src/lowrisc_ibex_sim_shared_0/rtl/sim/simulator_ctrl.sv:93: Verilog $finish
Received $finish() from Verilog, shutting down simulation.

Simulation statistics
=====================
Executed cycles:  238012
Wallclock time:   5.457 s
Simulation speed: 43615.9 cycles/s (43.6159 kHz)
Trace file size:  17761217 B

You can view the simulation traces by calling
$ gtkwave sim.fst

Performance Counters
====================
Cycles:                     238008
Instructions Retired:       118942
LSU Busy:                   11920
Fetch Wait:                 47666
Loads:                      6709
Stores:                     5211
Jumps:                      1928
Conditional Branches:       48133
Taken Conditional Branches: 47662
Compressed Instructions:    0
Multiply Wait:              0
