Program header number 0 in `/workspace/out/cache/42cd0b96112a1b2f97f9788b64d69cd39594a1ca9a699904418bc0083f7f65eb/run/program.elf' is not of type PT_LOAD; ignoring.
Program header number 3 in `/workspace/out/cache/42cd0b96112a1b2f97f9788b64d69cd39594a1ca9a699904418bc0083f7f65eb/run/program.elf' is not of type PT_LOAD; ignoring.
Simulation of Ibex
==================

Tracing can be toggled by sending SIGUSR1 to this process:
$ kill -USR1 16

Simulation running, end by pressing CTRL-c.
Tracing enabled.
Writing simulation traces to sim.fst
TOP.ibex_simple_system.u_top.u_ibex_tracer.unnamedblk2.unnamedblk3: Writing execution trace to trace_core_00000000.log
Terminating simulation by software request.
- src/lowrisc_ibex_sim_shared_0/rtl/sim/simulator_ctrl.sv:93: Verilog $finish
Received $finish() from Verilog, shutting down simulation.

Simulation statistics
=====================
Executed cycles:  238012
Wallclock time:   4.727 s
Simulation speed: 50351.6 cycles/s (50.3516 kHz)
Trace file size:  18793014 B

You can view the simulation traces by calling
$ gtkwave sim.fst

Performance Counters
====================
Cycles:                     238008
Instructions Retired:       124721
LSU Busy:                   11139
Fetch Wait:                 49624
Loads:                      6440
Stores:                     4699
Jumps:                      1903
Conditional Branches:       50065
Taken Conditional Branches: 49620
Compressed Instructions:    0
Multiply Wait:              1000
