Program header number 0 in `/workspace/out/cache/0fda20e8da071e61016a0b099bc13bdfc0e274f655bebbb9b1d16d15420662eb/run/program.elf' is not of type PT_LOAD; ignoring.
Program header number 3 in `/workspace/out/cache/0fda20e8da071e61016a0b099bc13bdfc0e274f655bebbb9b1d16d15420662eb/run/program.elf' is not of type PT_LOAD; ignoring.
Simulation of Ibex
==================

Tracing can be toggled by sending SIGUSR1 to this process:
$ kill -USR1 16

Simulation running, end by pressing CTRL-c.
Tracing enabled.
Writing simulation traces to sim.fst
TOP.ibex_simple_system.u_top.u_ibex_tracer.unnamedblk2.unnamedblk3: Writing execution trace to trace_core_00000000.log
Terminating simulation by software request.
- src/lowrisc_ibex_sim_shared_0/rtl/sim/simulator_ctrl.sv:93: Verilog $finish
Received $finish() from Verilog, shutting down simulation.

Simulation statistics
=====================
Executed cycles:  238012
Wallclock time:   5.035 s
Simulation speed: 47271.5 cycles/s (47.2715 kHz)
Trace file size:  17694947 B

You can view the simulation traces by calling
$ gtkwave sim.fst

Performance Counters
====================
Cycles:                     238008
Instructions Retired:       123468
LSU Busy:                   12503
Fetch Wait:                 46782
Loads:                      7124
Stores:                     5379
Jumps:                      2016
Conditional Branches:       47336
Taken Conditional Branches: 46778
Compressed Instructions:    0
Multiply Wait:              340
