Program header number 0 in `/workspace/out/cache/76e62952b0f57750c2e9048ea10273f9c0368bb0a43dc662c98137aecd9a1c04/run/program.elf' is not of type PT_LOAD; ignoring.
Program header number 3 in `/workspace/out/cache/76e62952b0f57750c2e9048ea10273f9c0368bb0a43dc662c98137aecd9a1c04/run/program.elf' is not of type PT_LOAD; ignoring.
Simulation of Ibex
==================

Tracing can be toggled by sending SIGUSR1 to this process:
$ kill -USR1 17

Simulation running, end by pressing CTRL-c.
Tracing enabled.
Writing simulation traces to sim.fst
TOP.ibex_simple_system.u_top.u_ibex_tracer.unnamedblk2.unnamedblk3: Writing execution trace to trace_core_00000000.log
Terminating simulation by software request.
- src/lowrisc_ibex_sim_shared_0/rtl/sim/simulator_ctrl.sv:93: Verilog $finish
Received $finish() from Verilog, shutting down simulation.

Simulation statistics
=====================
Executed cycles:  238013
Wallclock time:   5.398 s
Simulation speed: 44092.8 cycles/s (44.0928 kHz)
Trace file size:  18435728 B

You can view the simulation traces by calling
$ gtkwave sim.fst

Performance Counters
====================
Cycles:                     238009
Instructions Retired:       124725
LSU Busy:                   11917
Fetch Wait:                 49532
Loads:                      6820
Stores:                     5097
Jumps:                      1918
Conditional Branches:       50513
Taken Conditional Branches: 49528
Compressed Instructions:    0
Multiply Wait:              388
