Program header number 0 in `/workspace/out/cache/151a898459647d46b34d82d1ea15e4440dc8c72b439bdd3eeab9b43fe13bf81d/run/program.elf' is not of type PT_LOAD; ignoring.
Program header number 3 in `/workspace/out/cache/151a898459647d46b34d82d1ea15e4440dc8c72b439bdd3eeab9b43fe13bf81d/run/program.elf' is not of type PT_LOAD; ignoring.
Simulation of Ibex
==================

Tracing can be toggled by sending SIGUSR1 to this process:
$ kill -USR1 17

Simulation running, end by pressing CTRL-c.
Tracing enabled.
Writing simulation traces to sim.fst
TOP.ibex_simple_system.u_top.u_ibex_tracer.unnamedblk2.unnamedblk3: Writing execution trace to trace_core_00000000.log
Terminating simulation by software request.
- src/lowrisc_ibex_sim_shared_0/rtl/sim/simulator_ctrl.sv:93: Verilog $finish
Received $finish() from Verilog, shutting down simulation.

Simulation statistics
=====================
Executed cycles:  238013
Wallclock time:   5.134 s
Simulation speed: 46360.1 cycles/s (46.3601 kHz)
Trace file size:  18887230 B

You can view the simulation traces by calling
$ gtkwave sim.fst

Performance Counters
====================
Cycles:                     238009
Instructions Retired:       125215
LSU Busy:                   11139
Fetch Wait:                 49877
Loads:                      6440
Stores:                     4699
Jumps:                      1904
Conditional Branches:       50315
Taken Conditional Branches: 49873
Compressed Instructions:    0
Multiply Wait:              0
