Program header number 0 in `/workspace/out/cache/ee497d89fdf5ab11fb74ffa45c2bee50a24bcb01002a12770336f60065760dfb/run/program.elf' is not of type PT_LOAD; ignoring.
Program header number 3 in `/workspace/out/cache/ee497d89fdf5ab11fb74ffa45c2bee50a24bcb01002a12770336f60065760dfb/run/program.elf' is not of type PT_LOAD; ignoring.
Simulation of Ibex
==================

Tracing can be toggled by sending SIGUSR1 to this process:
$ kill -USR1 17

Simulation running, end by pressing CTRL-c.
Tracing enabled.
Writing simulation traces to sim.fst
TOP.ibex_simple_system.u_top.u_ibex_tracer.unnamedblk2.unnamedblk3: Writing execution trace to trace_core_00000000.log
Terminating simulation by software request.
- src/lowrisc_ibex_sim_shared_0/rtl/sim/simulator_ctrl.sv:93: Verilog $finish
Received $finish() from Verilog, shutting down simulation.

Simulation statistics
=====================
Executed cycles:  238011
Wallclock time:   5.051 s
Simulation speed: 47121.6 cycles/s (47.1216 kHz)
Trace file size:  18046337 B

You can view the simulation traces by calling
$ gtkwave sim.fst

Performance Counters
====================
Cycles:                     238007
Instructions Retired:       119590
LSU Busy:                   12333
Fetch Wait:                 45587
Loads:                      7037
Stores:                     5296
Jumps:                      1917
Conditional Branches:       46042
Taken Conditional Branches: 45583
Compressed Instructions:    0
Multiply Wait:              684
