Program header number 0 in `/workspace/out/cache/bdd620c12363f63149d9dd1860c50a46ca83711b9e66ea80c6d1b217383fd181/run/program.elf' is not of type PT_LOAD; ignoring.
Program header number 3 in `/workspace/out/cache/bdd620c12363f63149d9dd1860c50a46ca83711b9e66ea80c6d1b217383fd181/run/program.elf' is not of type PT_LOAD; ignoring.
Simulation of Ibex
==================

Tracing can be toggled by sending SIGUSR1 to this process:
$ kill -USR1 18

Simulation running, end by pressing CTRL-c.
Tracing enabled.
Writing simulation traces to sim.fst
TOP.ibex_simple_system.u_top.u_ibex_tracer.unnamedblk2.unnamedblk3: Writing execution trace to trace_core_00000000.log
Terminating simulation by software request.
- src/lowrisc_ibex_sim_shared_0/rtl/sim/simulator_ctrl.sv:93: Verilog $finish
Received $finish() from Verilog, shutting down simulation.

Simulation statistics
=====================
Executed cycles:  238012
Wallclock time:   4.705 s
Simulation speed: 50587 cycles/s (50.587 kHz)
Trace file size:  17659992 B

You can view the simulation traces by calling
$ gtkwave sim.fst

Performance Counters
====================
Cycles:                     238008
Instructions Retired:       124867
LSU Busy:                   11588
Fetch Wait:                 48990
Loads:                      6889
Stores:                     4699
Jumps:                      1928
Conditional Branches:       49454
Taken Conditional Branches: 48986
Compressed Instructions:    0
Multiply Wait:              1648
