Program header number 0 in `/workspace/out/cache/5e9bcb481e9657353f4c14f5ff174b3f84ca9a91e20322eff2bc32b4ee135b55/run/program.elf' is not of type PT_LOAD; ignoring.
Program header number 3 in `/workspace/out/cache/5e9bcb481e9657353f4c14f5ff174b3f84ca9a91e20322eff2bc32b4ee135b55/run/program.elf' is not of type PT_LOAD; ignoring.
Simulation of Ibex
==================

Tracing can be toggled by sending SIGUSR1 to this process:
$ kill -USR1 19

Simulation running, end by pressing CTRL-c.
Tracing enabled.
Writing simulation traces to sim.fst
TOP.ibex_simple_system.u_top.u_ibex_tracer.unnamedblk2.unnamedblk3: Writing execution trace to trace_core_00000000.log
Terminating simulation by software request.
- src/lowrisc_ibex_sim_shared_0/rtl/sim/simulator_ctrl.sv:93: Verilog $finish
Received $finish() from Verilog, shutting down simulation.

Simulation statistics
=====================
Executed cycles:  238013
Wallclock time:   5.132 s
Simulation speed: 46378.2 cycles/s (46.3782 kHz)
Trace file size:  18049396 B

You can view the simulation traces by calling
$ gtkwave sim.fst

Performance Counters
====================
Cycles:                     238009
Instructions Retired:       125932
LSU Busy:                   12171
Fetch Wait:                 48426
Loads:                      6867
Stores:                     5304
Jumps:                      1931
Conditional Branches:       49321
Taken Conditional Branches: 48422
Compressed Instructions:    0
Multiply Wait:              1126
