Program header number 0 in `/workspace/out/cache/71c18fa732dfd764386ba32c460c07680404982b16190406d18689b8a420fe9d/run/program.elf' is not of type PT_LOAD; ignoring.
Program header number 3 in `/workspace/out/cache/71c18fa732dfd764386ba32c460c07680404982b16190406d18689b8a420fe9d/run/program.elf' is not of type PT_LOAD; ignoring.
Simulation of Ibex
==================

Tracing can be toggled by sending SIGUSR1 to this process:
$ kill -USR1 18

Simulation running, end by pressing CTRL-c.
Tracing enabled.
Writing simulation traces to sim.fst
TOP.ibex_simple_system.u_top.u_ibex_tracer.unnamedblk2.unnamedblk3: Writing execution trace to trace_core_00000000.log
Terminating simulation by software request.
- src/lowrisc_ibex_sim_shared_0/rtl/sim/simulator_ctrl.sv:93: Verilog $finish
Received $finish() from Verilog, shutting down simulation.

Simulation statistics
=====================
Executed cycles:  238015
Wallclock time:   3.771 s
Simulation speed: 63117.2 cycles/s (63.1172 kHz)
Trace file size:  14535304 B

You can view the simulation traces by calling
$ gtkwave sim.fst

Performance Counters
====================
Cycles:                     238011
Instructions Retired:       80421
LSU Busy:                   11139
Fetch Wait:                 28026
Loads:                      6440
Stores:                     4699
Jumps:                      1914
Conditional Branches:       28705
Taken Conditional Branches: 28022
Compressed Instructions:    0
Multiply Wait:              0
