Program header number 0 in `/workspace/out/cache/9f1b84ffb5378aac89aab840dd17d00bc2373c3dff00c257ef0f74d0fd0197ba/run/program.elf' is not of type PT_LOAD; ignoring.
Program header number 3 in `/workspace/out/cache/9f1b84ffb5378aac89aab840dd17d00bc2373c3dff00c257ef0f74d0fd0197ba/run/program.elf' is not of type PT_LOAD; ignoring.
Simulation of Ibex
==================

Tracing can be toggled by sending SIGUSR1 to this process:
$ kill -USR1 17

Simulation running, end by pressing CTRL-c.
Tracing enabled.
Writing simulation traces to sim.fst
TOP.ibex_simple_system.u_top.u_ibex_tracer.unnamedblk2.unnamedblk3: Writing execution trace to trace_core_00000000.log
Terminating simulation by software request.
- src/lowrisc_ibex_sim_shared_0/rtl/sim/simulator_ctrl.sv:93: Verilog $finish
Received $finish() from Verilog, shutting down simulation.

Simulation statistics
=====================
Executed cycles:  238015
Wallclock time:   5.187 s
Simulation speed: 45886.8 cycles/s (45.8868 kHz)
Trace file size:  17861746 B

You can view the simulation traces by calling
$ gtkwave sim.fst

Performance Counters
====================
Cycles:                     238011
Instructions Retired:       123221
LSU Busy:                   14283
Fetch Wait:                 44123
Loads:                      8405
Stores:                     5878
Jumps:                      1928
Conditional Branches:       44587
Taken Conditional Branches: 44119
Compressed Instructions:    0
Multiply Wait:              1408
