Program header number 0 in `/workspace/out/cache/08813b1cf26de2f055cf776dddfd22494a6c022c90f0ea9e9dd9205c35b0c548/run/program.elf' is not of type PT_LOAD; ignoring.
Program header number 3 in `/workspace/out/cache/08813b1cf26de2f055cf776dddfd22494a6c022c90f0ea9e9dd9205c35b0c548/run/program.elf' is not of type PT_LOAD; ignoring.
Simulation of Ibex
==================

Tracing can be toggled by sending SIGUSR1 to this process:
$ kill -USR1 18

Simulation running, end by pressing CTRL-c.
Tracing enabled.
Writing simulation traces to sim.fst
TOP.ibex_simple_system.u_top.u_ibex_tracer.unnamedblk2.unnamedblk3: Writing execution trace to trace_core_00000000.log
Terminating simulation by software request.
- src/lowrisc_ibex_sim_shared_0/rtl/sim/simulator_ctrl.sv:93: Verilog $finish
Received $finish() from Verilog, shutting down simulation.

Simulation statistics
=====================
Executed cycles:  238014
Wallclock time:   5.178 s
Simulation speed: 45966.4 cycles/s (45.9664 kHz)
Trace file size:  18046497 B

You can view the simulation traces by calling
$ gtkwave sim.fst

Performance Counters
====================
Cycles:                     238010
Instructions Retired:       125718
LSU Busy:                   11938
Fetch Wait:                 48892
Loads:                      6690
Stores:                     5248
Jumps:                      2073
Conditional Branches:       49504
Taken Conditional Branches: 48888
Compressed Instructions:    0
Multiply Wait:              500
