Program header number 0 in `/workspace/out/cache/e3c8542bd05a0ef6f61fa2c2ee42064ae6f6f41de5765ca925b6d6fa2a7bbe26/run/program.elf' is not of type PT_LOAD; ignoring.
Program header number 3 in `/workspace/out/cache/e3c8542bd05a0ef6f61fa2c2ee42064ae6f6f41de5765ca925b6d6fa2a7bbe26/run/program.elf' is not of type PT_LOAD; ignoring.
Simulation of Ibex
==================

Tracing can be toggled by sending SIGUSR1 to this process:
$ kill -USR1 17

Simulation running, end by pressing CTRL-c.
Tracing enabled.
Writing simulation traces to sim.fst
TOP.ibex_simple_system.u_top.u_ibex_tracer.unnamedblk2.unnamedblk3: Writing execution trace to trace_core_00000000.log
Terminating simulation by software request.
- src/lowrisc_ibex_sim_shared_0/rtl/sim/simulator_ctrl.sv:93: Verilog $finish
Received $finish() from Verilog, shutting down simulation.

Simulation statistics
=====================
Executed cycles:  245224
Wallclock time:   5.263 s
Simulation speed: 46594 cycles/s (46.594 kHz)
Trace file size:  17861284 B

You can view the simulation traces by calling
$ gtkwave sim.fst

Performance Counters
====================
Cycles:                     245220
Instructions Retired:       124729
LSU Busy:                   11139
Fetch Wait:                 53722
Loads:                      6440
Stores:                     4699
Jumps:                      1911
Conditional Branches:       54165
Taken Conditional Branches: 53718
Compressed Instructions:    0
Multiply Wait:              0
