Program header number 0 in `/workspace/out/cache/a5ad6ae2c70cab13214b8c1ffa9dd3858bd0e381041910da0c7d8ec3651a308e/run/program.elf' is not of type PT_LOAD; ignoring.
Program header number 3 in `/workspace/out/cache/a5ad6ae2c70cab13214b8c1ffa9dd3858bd0e381041910da0c7d8ec3651a308e/run/program.elf' is not of type PT_LOAD; ignoring.
Simulation of Ibex
==================

Tracing can be toggled by sending SIGUSR1 to this process:
$ kill -USR1 17

Simulation running, end by pressing CTRL-c.
Tracing enabled.
Writing simulation traces to sim.fst
TOP.ibex_simple_system.u_top.u_ibex_tracer.unnamedblk2.unnamedblk3: Writing execution trace to trace_core_00000000.log
Terminating simulation by software request.
- src/lowrisc_ibex_sim_shared_0/rtl/sim/simulator_ctrl.sv:93: Verilog $finish
Received $finish() from Verilog, shutting down simulation.

Simulation statistics
=====================
Executed cycles:  238012
Wallclock time:   5.205 s
Simulation speed: 45727.6 cycles/s (45.7276 kHz)
Trace file size:  18971456 B

You can view the simulation traces by calling
$ gtkwave sim.fst

Performance Counters
====================
Cycles:                     238008
Instructions Retired:       125728
LSU Busy:                   12163
Fetch Wait:                 48599
Loads:                      6952
Stores:                     5211
Jumps:                      1898
Conditional Branches:       49035
Taken Conditional Branches: 48595
Compressed Instructions:    0
Multiply Wait:              1024
