Program header number 0 in `/workspace/out/cache/4a50984f3d1e664474749c2f68beeb613b5aa3147ca2d6bedddd85ffa87be9d0/run/program.elf' is not of type PT_LOAD; ignoring.
Program header number 3 in `/workspace/out/cache/4a50984f3d1e664474749c2f68beeb613b5aa3147ca2d6bedddd85ffa87be9d0/run/program.elf' is not of type PT_LOAD; ignoring.
Simulation of Ibex
==================

Tracing can be toggled by sending SIGUSR1 to this process:
$ kill -USR1 18

Simulation running, end by pressing CTRL-c.
Tracing enabled.
Writing simulation traces to sim.fst
TOP.ibex_simple_system.u_top.u_ibex_tracer.unnamedblk2.unnamedblk3: Writing execution trace to trace_core_00000000.log
Terminating simulation by software request.
- src/lowrisc_ibex_sim_shared_0/rtl/sim/simulator_ctrl.sv:93: Verilog $finish
Received $finish() from Verilog, shutting down simulation.

Simulation statistics
=====================
Executed cycles:  238011
Wallclock time:   5.259 s
Simulation speed: 45257.8 cycles/s (45.2578 kHz)
Trace file size:  18075856 B

You can view the simulation traces by calling
$ gtkwave sim.fst

Performance Counters
====================
Cycles:                     238007
Instructions Retired:       118513
LSU Busy:                   12748
Fetch Wait:                 44318
Loads:                      8049
Stores:                     4699
Jumps:                      1919
Conditional Branches:       44779
Taken Conditional Branches: 44314
Compressed Instructions:    0
Multiply Wait:              390
