Program header number 0 in `/workspace/out/cache/c4f978fbf128188b415ddf6ea18ea12bb12b4db7da57271884a467827dc7b15a/run/program.elf' is not of type PT_LOAD; ignoring.
Program header number 3 in `/workspace/out/cache/c4f978fbf128188b415ddf6ea18ea12bb12b4db7da57271884a467827dc7b15a/run/program.elf' is not of type PT_LOAD; ignoring.
Simulation of Ibex
==================

Tracing can be toggled by sending SIGUSR1 to this process:
$ kill -USR1 17

Simulation running, end by pressing CTRL-c.
Tracing enabled.
Writing simulation traces to sim.fst
TOP.ibex_simple_system.u_top.u_ibex_tracer.unnamedblk2.unnamedblk3: Writing execution trace to trace_core_00000000.log
Terminating simulation by software request.
- src/lowrisc_ibex_sim_shared_0/rtl/sim/simulator_ctrl.sv:93: Verilog $finish
Received $finish() from Verilog, shutting down simulation.

Simulation statistics
=====================
Executed cycles:  238014
Wallclock time:   4.982 s
Simulation speed: 47774.8 cycles/s (47.7748 kHz)
Trace file size:  17636226 B

You can view the simulation traces by calling
$ gtkwave sim.fst

Performance Counters
====================
Cycles:                     238010
Instructions Retired:       118714
LSU Busy:                   12368
Fetch Wait:                 44931
Loads:                      7055
Stores:                     5313
Jumps:                      1937
Conditional Branches:       45406
Taken Conditional Branches: 44927
Compressed Instructions:    0
Multiply Wait:              408
