Program header number 0 in `/workspace/out/cache/34aa5a286c15440f6c61e8866873938b15d4fcb6702fba52f421627a84695c3f/run/program.elf' is not of type PT_LOAD; ignoring.
Program header number 3 in `/workspace/out/cache/34aa5a286c15440f6c61e8866873938b15d4fcb6702fba52f421627a84695c3f/run/program.elf' is not of type PT_LOAD; ignoring.
Simulation of Ibex
==================

Tracing can be toggled by sending SIGUSR1 to this process:
$ kill -USR1 17

Simulation running, end by pressing CTRL-c.
Tracing enabled.
Writing simulation traces to sim.fst
TOP.ibex_simple_system.u_top.u_ibex_tracer.unnamedblk2.unnamedblk3: Writing execution trace to trace_core_00000000.log
Terminating simulation by software request.
- src/lowrisc_ibex_sim_shared_0/rtl/sim/simulator_ctrl.sv:93: Verilog $finish
Received $finish() from Verilog, shutting down simulation.

Simulation statistics
=====================
Executed cycles:  238014
Wallclock time:   5.864 s
Simulation speed: 40589 cycles/s (40.589 kHz)
Trace file size:  18110006 B

You can view the simulation traces by calling
$ gtkwave sim.fst

Performance Counters
====================
Cycles:                     238010
Instructions Retired:       125700
LSU Busy:                   11948
Fetch Wait:                 48107
Loads:                      6440
Stores:                     5508
Jumps:                      1933
Conditional Branches:       50077
Taken Conditional Branches: 48103
Compressed Instructions:    0
Multiply Wait:              2218
