Program header number 0 in `/workspace/out/cache/b0d3b94c2d1b0e5110a0f61c5756f5e4167314466c4f652ba1392cfa1ef48daf/run/program.elf' is not of type PT_LOAD; ignoring.
Program header number 3 in `/workspace/out/cache/b0d3b94c2d1b0e5110a0f61c5756f5e4167314466c4f652ba1392cfa1ef48daf/run/program.elf' is not of type PT_LOAD; ignoring.
Simulation of Ibex
==================

Tracing can be toggled by sending SIGUSR1 to this process:
$ kill -USR1 19

Simulation running, end by pressing CTRL-c.
Tracing enabled.
Writing simulation traces to sim.fst
TOP.ibex_simple_system.u_top.u_ibex_tracer.unnamedblk2.unnamedblk3: Writing execution trace to trace_core_00000000.log
Terminating simulation by software request.
- src/lowrisc_ibex_sim_shared_0/rtl/sim/simulator_ctrl.sv:93: Verilog $finish
Received $finish() from Verilog, shutting down simulation.

Simulation statistics
=====================
Executed cycles:  238013
Wallclock time:   4.896 s
Simulation speed: 48613.8 cycles/s (48.6138 kHz)
Trace file size:  17511646 B

You can view the simulation traces by calling
$ gtkwave sim.fst

Performance Counters
====================
Cycles:                     238009
Instructions Retired:       113820
LSU Busy:                   11759
Fetch Wait:                 43525
Loads:                      7060
Stores:                     4699
Jumps:                      1928
Conditional Branches:       43991
Taken Conditional Branches: 43521
Compressed Instructions:    0
Multiply Wait:              800
