Program header number 0 in `/workspace/out/cache/8f58540688a88f277b893d71e736d089b1cdd8716c516071a6a5d7e1af1409b4/run/program.elf' is not of type PT_LOAD; ignoring.
Program header number 3 in `/workspace/out/cache/8f58540688a88f277b893d71e736d089b1cdd8716c516071a6a5d7e1af1409b4/run/program.elf' is not of type PT_LOAD; ignoring.
Simulation of Ibex
==================

Tracing can be toggled by sending SIGUSR1 to this process:
$ kill -USR1 17

Simulation running, end by pressing CTRL-c.
Tracing enabled.
Writing simulation traces to sim.fst
TOP.ibex_simple_system.u_top.u_ibex_tracer.unnamedblk2.unnamedblk3: Writing execution trace to trace_core_00000000.log
Terminating simulation by software request.
- src/lowrisc_ibex_sim_shared_0/rtl/sim/simulator_ctrl.sv:93: Verilog $finish
Received $finish() from Verilog, shutting down simulation.

Simulation statistics
=====================
Executed cycles:  238012
Wallclock time:   5.158 s
Simulation speed: 46144.2 cycles/s (46.1442 kHz)
Trace file size:  17974488 B

You can view the simulation traces by calling
$ gtkwave sim.fst

Performance Counters
====================
Cycles:                     238008
Instructions Retired:       126609
LSU Busy:                   13187
Fetch Wait:                 48141
Loads:                      7122
Stores:                     6065
Jumps:                      1933
Conditional Branches:       48608
Taken Conditional Branches: 48137
Compressed Instructions:    0
Multiply Wait:              0
