Program header number 0 in `/workspace/out/cache/d832ae6de2d36fee7cd7b831c5088066acb379abaa293d13bc39a3c87e54c69d/run/program.elf' is not of type PT_LOAD; ignoring.
Program header number 3 in `/workspace/out/cache/d832ae6de2d36fee7cd7b831c5088066acb379abaa293d13bc39a3c87e54c69d/run/program.elf' is not of type PT_LOAD; ignoring.
Simulation of Ibex
==================

Tracing can be toggled by sending SIGUSR1 to this process:
$ kill -USR1 18

Simulation running, end by pressing CTRL-c.
Tracing enabled.
Writing simulation traces to sim.fst
TOP.ibex_simple_system.u_top.u_ibex_tracer.unnamedblk2.unnamedblk3: Writing execution trace to trace_core_00000000.log
Terminating simulation by software request.
- src/lowrisc_ibex_sim_shared_0/rtl/sim/simulator_ctrl.sv:93: Verilog $finish
Received $finish() from Verilog, shutting down simulation.

Simulation statistics
=====================
Executed cycles:  238015
Wallclock time:   4.905 s
Simulation speed: 48525 cycles/s (48.525 kHz)
Trace file size:  17744356 B

You can view the simulation traces by calling
$ gtkwave sim.fst

Performance Counters
====================
Cycles:                     238011
Instructions Retired:       123457
LSU Busy:                   11139
Fetch Wait:                 50750
Loads:                      6440
Stores:                     4699
Jumps:                      1918
Conditional Branches:       52750
Taken Conditional Branches: 50746
Compressed Instructions:    0
Multiply Wait:              0
