Program header number 0 in `/workspace/out/cache/be09b8466ae04696fdac0b63f953e3bdaf0f49bb75820a53112befcea611ab6d/run/program.elf' is not of type PT_LOAD; ignoring.
Program header number 3 in `/workspace/out/cache/be09b8466ae04696fdac0b63f953e3bdaf0f49bb75820a53112befcea611ab6d/run/program.elf' is not of type PT_LOAD; ignoring.
Simulation of Ibex
==================

Tracing can be toggled by sending SIGUSR1 to this process:
$ kill -USR1 18

Simulation running, end by pressing CTRL-c.
Tracing enabled.
Writing simulation traces to sim.fst
TOP.ibex_simple_system.u_top.u_ibex_tracer.unnamedblk2.unnamedblk3: Writing execution trace to trace_core_00000000.log
Terminating simulation by software request.
- src/lowrisc_ibex_sim_shared_0/rtl/sim/simulator_ctrl.sv:93: Verilog $finish
Received $finish() from Verilog, shutting down simulation.

Simulation statistics
=====================
Executed cycles:  238012
Wallclock time:   5.238 s
Simulation speed: 45439.5 cycles/s (45.4395 kHz)
Trace file size:  17361678 B

You can view the simulation traces by calling
$ gtkwave sim.fst

Performance Counters
====================
Cycles:                     238008
Instructions Retired:       115602
LSU Busy:                   12844
Fetch Wait:                 42565
Loads:                      7464
Stores:                     5380
Jumps:                      1918
Conditional Branches:       43194
Taken Conditional Branches: 42561
Compressed Instructions:    0
Multiply Wait:              512
