Program header number 0 in `/workspace/out/cache/209347964f24e2c956da5d0a6cde4f933f20ece711b4ef052edd6b32e1e2e1e1/run/program.elf' is not of type PT_LOAD; ignoring.
Program header number 3 in `/workspace/out/cache/209347964f24e2c956da5d0a6cde4f933f20ece711b4ef052edd6b32e1e2e1e1/run/program.elf' is not of type PT_LOAD; ignoring.
Simulation of Ibex
==================

Tracing can be toggled by sending SIGUSR1 to this process:
$ kill -USR1 18

Simulation running, end by pressing CTRL-c.
Tracing enabled.
Writing simulation traces to sim.fst
TOP.ibex_simple_system.u_top.u_ibex_tracer.unnamedblk2.unnamedblk3: Writing execution trace to trace_core_00000000.log
Terminating simulation by software request.
- src/lowrisc_ibex_sim_shared_0/rtl/sim/simulator_ctrl.sv:93: Verilog $finish
Received $finish() from Verilog, shutting down simulation.

Simulation statistics
=====================
Executed cycles:  238013
Wallclock time:   5.269 s
Simulation speed: 45172.3 cycles/s (45.1723 kHz)
Trace file size:  17273510 B

You can view the simulation traces by calling
$ gtkwave sim.fst

Performance Counters
====================
Cycles:                     238009
Instructions Retired:       118903
LSU Busy:                   11650
Fetch Wait:                 45762
Loads:                      6951
Stores:                     4699
Jumps:                      1915
Conditional Branches:       46897
Taken Conditional Branches: 45758
Compressed Instructions:    0
Multiply Wait:              1366
