Program header number 0 in `/workspace/out/cache/8d0996a577d9cbeecf22ba1cfa131405babc1010a2f2a47d698589c2ecf6420e/run/program.elf' is not of type PT_LOAD; ignoring.
Program header number 3 in `/workspace/out/cache/8d0996a577d9cbeecf22ba1cfa131405babc1010a2f2a47d698589c2ecf6420e/run/program.elf' is not of type PT_LOAD; ignoring.
Simulation of Ibex
==================

Tracing can be toggled by sending SIGUSR1 to this process:
$ kill -USR1 16

Simulation running, end by pressing CTRL-c.
Tracing enabled.
Writing simulation traces to sim.fst
TOP.ibex_simple_system.u_top.u_ibex_tracer.unnamedblk2.unnamedblk3: Writing execution trace to trace_core_00000000.log
Terminating simulation by software request.
- src/lowrisc_ibex_sim_shared_0/rtl/sim/simulator_ctrl.sv:93: Verilog $finish
Received $finish() from Verilog, shutting down simulation.

Simulation statistics
=====================
Executed cycles:  238013
Wallclock time:   5.522 s
Simulation speed: 43102.7 cycles/s (43.1027 kHz)
Trace file size:  17767905 B

You can view the simulation traces by calling
$ gtkwave sim.fst

Performance Counters
====================
Cycles:                     238009
Instructions Retired:       125785
LSU Busy:                   13456
Fetch Wait:                 46643
Loads:                      7924
Stores:                     5532
Jumps:                      1927
Conditional Branches:       47108
Taken Conditional Branches: 46639
Compressed Instructions:    0
Multiply Wait:              3558
