Program header number 0 in `/workspace/out/cache/bf9760bf8fe0723e7065b2ddf5a8c6f88ae011313e6cf5c9e839cc486e53b96c/run/program.elf' is not of type PT_LOAD; ignoring.
Program header number 3 in `/workspace/out/cache/bf9760bf8fe0723e7065b2ddf5a8c6f88ae011313e6cf5c9e839cc486e53b96c/run/program.elf' is not of type PT_LOAD; ignoring.
Simulation of Ibex
==================

Tracing can be toggled by sending SIGUSR1 to this process:
$ kill -USR1 17

Simulation running, end by pressing CTRL-c.
Tracing enabled.
Writing simulation traces to sim.fst
TOP.ibex_simple_system.u_top.u_ibex_tracer.unnamedblk2.unnamedblk3: Writing execution trace to trace_core_00000000.log
Terminating simulation by software request.
- src/lowrisc_ibex_sim_shared_0/rtl/sim/simulator_ctrl.sv:93: Verilog $finish
Received $finish() from Verilog, shutting down simulation.

Simulation statistics
=====================
Executed cycles:  296371
Wallclock time:   4.717 s
Simulation speed: 62830.4 cycles/s (62.8304 kHz)
Trace file size:  18306993 B

You can view the simulation traces by calling
$ gtkwave sim.fst

Performance Counters
====================
Cycles:                     296367
Instructions Retired:       101171
LSU Busy:                   11139
Fetch Wait:                 37825
Loads:                      6440
Stores:                     4699
Jumps:                      1918
Conditional Branches:       38281
Taken Conditional Branches: 37821
Compressed Instructions:    0
Multiply Wait:              0
