Program header number 0 in `/workspace/out/cache/a818b2d70f53bc10aa00547182212144f23eafedea6dd6833f9488ddfb063705/run/program.elf' is not of type PT_LOAD; ignoring.
Program header number 3 in `/workspace/out/cache/a818b2d70f53bc10aa00547182212144f23eafedea6dd6833f9488ddfb063705/run/program.elf' is not of type PT_LOAD; ignoring.
Simulation of Ibex
==================

Tracing can be toggled by sending SIGUSR1 to this process:
$ kill -USR1 17

Simulation running, end by pressing CTRL-c.
Tracing enabled.
Writing simulation traces to sim.fst
TOP.ibex_simple_system.u_top.u_ibex_tracer.unnamedblk2.unnamedblk3: Writing execution trace to trace_core_00000000.log
Terminating simulation by software request.
- src/lowrisc_ibex_sim_shared_0/rtl/sim/simulator_ctrl.sv:93: Verilog $finish
Received $finish() from Verilog, shutting down simulation.

Simulation statistics
=====================
Executed cycles:  238014
Wallclock time:   4.503 s
Simulation speed: 52856.8 cycles/s (52.8568 kHz)
Trace file size:  17175894 B

You can view the simulation traces by calling
$ gtkwave sim.fst

Performance Counters
====================
Cycles:                     238010
Instructions Retired:       111157
LSU Busy:                   11189
Fetch Wait:                 42656
Loads:                      6465
Stores:                     4724
Jumps:                      1893
Conditional Branches:       43337
Taken Conditional Branches: 42652
Compressed Instructions:    0
Multiply Wait:              1498
