Program header number 0 in `/workspace/out/cache/d45720e61218714bb9a814334a8cdfec28740584213e80575f048117c5c20202/run/program.elf' is not of type PT_LOAD; ignoring.
Program header number 3 in `/workspace/out/cache/d45720e61218714bb9a814334a8cdfec28740584213e80575f048117c5c20202/run/program.elf' is not of type PT_LOAD; ignoring.
Simulation of Ibex
==================

Tracing can be toggled by sending SIGUSR1 to this process:
$ kill -USR1 16

Simulation running, end by pressing CTRL-c.
Tracing enabled.
Writing simulation traces to sim.fst
TOP.ibex_simple_system.u_top.u_ibex_tracer.unnamedblk2.unnamedblk3: Writing execution trace to trace_core_00000000.log
Terminating simulation by software request.
- src/lowrisc_ibex_sim_shared_0/rtl/sim/simulator_ctrl.sv:93: Verilog $finish
Received $finish() from Verilog, shutting down simulation.

Simulation statistics
=====================
Executed cycles:  238014
Wallclock time:   4.393 s
Simulation speed: 54180.3 cycles/s (54.1803 kHz)
Trace file size:  16716810 B

You can view the simulation traces by calling
$ gtkwave sim.fst

Performance Counters
====================
Cycles:                     238010
Instructions Retired:       112925
LSU Busy:                   12700
Fetch Wait:                 42260
Loads:                      6881
Stores:                     5819
Jumps:                      1912
Conditional Branches:       42710
Taken Conditional Branches: 42256
Compressed Instructions:    0
Multiply Wait:              0
