Program header number 0 in `/workspace/out/cache/68f9ec777f4e78ed4b640fd95038da5a18a54aa9ff7509d71e7d3b42eb29420d/run/program.elf' is not of type PT_LOAD; ignoring.
Program header number 3 in `/workspace/out/cache/68f9ec777f4e78ed4b640fd95038da5a18a54aa9ff7509d71e7d3b42eb29420d/run/program.elf' is not of type PT_LOAD; ignoring.
Simulation of Ibex
==================

Tracing can be toggled by sending SIGUSR1 to this process:
$ kill -USR1 18

Simulation running, end by pressing CTRL-c.
Tracing enabled.
Writing simulation traces to sim.fst
TOP.ibex_simple_system.u_top.u_ibex_tracer.unnamedblk2.unnamedblk3: Writing execution trace to trace_core_00000000.log
Terminating simulation by software request.
- src/lowrisc_ibex_sim_shared_0/rtl/sim/simulator_ctrl.sv:93: Verilog $finish
Received $finish() from Verilog, shutting down simulation.

Simulation statistics
=====================
Executed cycles:  238012
Wallclock time:   2.589 s
Simulation speed: 91932 cycles/s (91.932 kHz)
Trace file size:  12453992 B

You can view the simulation traces by calling
$ gtkwave sim.fst

Performance Counters
====================
Cycles:                     238008
Instructions Retired:       51501
LSU Busy:                   11139
Fetch Wait:                 12996
Loads:                      6440
Stores:                     4699
Jumps:                      1923
Conditional Branches:       13451
Taken Conditional Branches: 12992
Compressed Instructions:    0
Multiply Wait:              0
