Program header number 0 in `/workspace/out/cache/aa4a0d447b4510c2efd9d3a03e84e8d59fd17700185ce1d883e06005907110d8/run/program.elf' is not of type PT_LOAD; ignoring.
Program header number 3 in `/workspace/out/cache/aa4a0d447b4510c2efd9d3a03e84e8d59fd17700185ce1d883e06005907110d8/run/program.elf' is not of type PT_LOAD; ignoring.
Simulation of Ibex
==================

Tracing can be toggled by sending SIGUSR1 to this process:
$ kill -USR1 18

Simulation running, end by pressing CTRL-c.
Tracing enabled.
Writing simulation traces to sim.fst
TOP.ibex_simple_system.u_top.u_ibex_tracer.unnamedblk2.unnamedblk3: Writing execution trace to trace_core_00000000.log
Terminating simulation by software request.
- src/lowrisc_ibex_sim_shared_0/rtl/sim/simulator_ctrl.sv:93: Verilog $finish
Received $finish() from Verilog, shutting down simulation.

Simulation statistics
=====================
Executed cycles:  238013
Wallclock time:   5.327 s
Simulation speed: 44680.5 cycles/s (44.6805 kHz)
Trace file size:  17922896 B

You can view the simulation traces by calling
$ gtkwave sim.fst

Performance Counters
====================
Cycles:                     238009
Instructions Retired:       120146
LSU Busy:                   11539
Fetch Wait:                 47346
Loads:                      6640
Stores:                     4899
Jumps:                      1907
Conditional Branches:       47791
Taken Conditional Branches: 47342
Compressed Instructions:    0
Multiply Wait:              512
