Program header number 0 in `/workspace/out/cache/278ee38fb37415bfe1f64be033f8cbbe6c5c32fdf3689e9c3b30d74a5d7d77f6/run/program.elf' is not of type PT_LOAD; ignoring.
Program header number 3 in `/workspace/out/cache/278ee38fb37415bfe1f64be033f8cbbe6c5c32fdf3689e9c3b30d74a5d7d77f6/run/program.elf' is not of type PT_LOAD; ignoring.
Simulation of Ibex
==================

Tracing can be toggled by sending SIGUSR1 to this process:
$ kill -USR1 17

Simulation running, end by pressing CTRL-c.
Tracing enabled.
Writing simulation traces to sim.fst
TOP.ibex_simple_system.u_top.u_ibex_tracer.unnamedblk2.unnamedblk3: Writing execution trace to trace_core_00000000.log
Terminating simulation by software request.
- src/lowrisc_ibex_sim_shared_0/rtl/sim/simulator_ctrl.sv:93: Verilog $finish
Received $finish() from Verilog, shutting down simulation.

Simulation statistics
=====================
Executed cycles:  238014
Wallclock time:   5.834 s
Simulation speed: 40797.7 cycles/s (40.7977 kHz)
Trace file size:  17931788 B

You can view the simulation traces by calling
$ gtkwave sim.fst

Performance Counters
====================
Cycles:                     238010
Instructions Retired:       124471
LSU Busy:                   11139
Fetch Wait:                 49459
Loads:                      6440
Stores:                     4699
Jumps:                      1927
Conditional Branches:       49926
Taken Conditional Branches: 49455
Compressed Instructions:    0
Multiply Wait:              1558
