Program header number 0 in `/workspace/out/cache/c7500cfc5f0bf32b23edff9f647ffce5a43b61827305c81507144157269da21e/run/program.elf' is not of type PT_LOAD; ignoring.
Program header number 3 in `/workspace/out/cache/c7500cfc5f0bf32b23edff9f647ffce5a43b61827305c81507144157269da21e/run/program.elf' is not of type PT_LOAD; ignoring.
Simulation of Ibex
==================

Tracing can be toggled by sending SIGUSR1 to this process:
$ kill -USR1 18

Simulation running, end by pressing CTRL-c.
Tracing enabled.
Writing simulation traces to sim.fst
TOP.ibex_simple_system.u_top.u_ibex_tracer.unnamedblk2.unnamedblk3: Writing execution trace to trace_core_00000000.log
Terminating simulation by software request.
- src/lowrisc_ibex_sim_shared_0/rtl/sim/simulator_ctrl.sv:93: Verilog $finish
Received $finish() from Verilog, shutting down simulation.

Simulation statistics
=====================
Executed cycles:  238013
Wallclock time:   4.77 s
Simulation speed: 49897.9 cycles/s (49.8979 kHz)
Trace file size:  17607605 B

You can view the simulation traces by calling
$ gtkwave sim.fst

Performance Counters
====================
Cycles:                     238009
Instructions Retired:       113429
LSU Busy:                   11978
Fetch Wait:                 44482
Loads:                      6822
Stores:                     5156
Jumps:                      1897
Conditional Branches:       44925
Taken Conditional Branches: 44478
Compressed Instructions:    0
Multiply Wait:              144
