Program header number 0 in `/workspace/out/cache/e649b0aa2e1adafe00c9d49c695b1358fc47546ce0a268e95da1fd72d0180e3b/run/program.elf' is not of type PT_LOAD; ignoring.
Program header number 3 in `/workspace/out/cache/e649b0aa2e1adafe00c9d49c695b1358fc47546ce0a268e95da1fd72d0180e3b/run/program.elf' is not of type PT_LOAD; ignoring.
Simulation of Ibex
==================

Tracing can be toggled by sending SIGUSR1 to this process:
$ kill -USR1 17

Simulation running, end by pressing CTRL-c.
Tracing enabled.
Writing simulation traces to sim.fst
TOP.ibex_simple_system.u_top.u_ibex_tracer.unnamedblk2.unnamedblk3: Writing execution trace to trace_core_00000000.log
Terminating simulation by software request.
- src/lowrisc_ibex_sim_shared_0/rtl/sim/simulator_ctrl.sv:93: Verilog $finish
Received $finish() from Verilog, shutting down simulation.

Simulation statistics
=====================
Executed cycles:  238013
Wallclock time:   5.221 s
Simulation speed: 45587.6 cycles/s (45.5876 kHz)
Trace file size:  18067411 B

You can view the simulation traces by calling
$ gtkwave sim.fst

Performance Counters
====================
Cycles:                     238009
Instructions Retired:       126117
LSU Busy:                   12085
Fetch Wait:                 48959
Loads:                      7110
Stores:                     4975
Jumps:                      1892
Conditional Branches:       49395
Taken Conditional Branches: 48955
Compressed Instructions:    0
Multiply Wait:              0
