Program header number 0 in `/workspace/out/cache/f3ca2df828674676a0628125ee5ed2cef60be513383f6870498bc2350f5b3435/run/program.elf' is not of type PT_LOAD; ignoring.
Program header number 3 in `/workspace/out/cache/f3ca2df828674676a0628125ee5ed2cef60be513383f6870498bc2350f5b3435/run/program.elf' is not of type PT_LOAD; ignoring.
Simulation of Ibex
==================

Tracing can be toggled by sending SIGUSR1 to this process:
$ kill -USR1 17

Simulation running, end by pressing CTRL-c.
Tracing enabled.
Writing simulation traces to sim.fst
TOP.ibex_simple_system.u_top.u_ibex_tracer.unnamedblk2.unnamedblk3: Writing execution trace to trace_core_00000000.log
Terminating simulation by software request.
- src/lowrisc_ibex_sim_shared_0/rtl/sim/simulator_ctrl.sv:93: Verilog $finish
Received $finish() from Verilog, shutting down simulation.

Simulation statistics
=====================
Executed cycles:  238013
Wallclock time:   4.979 s
Simulation speed: 47803.4 cycles/s (47.8034 kHz)
Trace file size:  16443807 B

You can view the simulation traces by calling
$ gtkwave sim.fst

Performance Counters
====================
Cycles:                     238009
Instructions Retired:       99940
LSU Busy:                   11928
Fetch Wait:                 36105
Loads:                      6796
Stores:                     5132
Jumps:                      1908
Conditional Branches:       36557
Taken Conditional Branches: 36101
Compressed Instructions:    0
Multiply Wait:              0
