Program header number 0 in `/workspace/out/cache/a7198a39c65bf28b0a4256d11c28459859e8a7d01d122421b910cc5e1f5b2ced/run/program.elf' is not of type PT_LOAD; ignoring.
Program header number 3 in `/workspace/out/cache/a7198a39c65bf28b0a4256d11c28459859e8a7d01d122421b910cc5e1f5b2ced/run/program.elf' is not of type PT_LOAD; ignoring.
Simulation of Ibex
==================

Tracing can be toggled by sending SIGUSR1 to this process:
$ kill -USR1 18

Simulation running, end by pressing CTRL-c.
Tracing enabled.
Writing simulation traces to sim.fst
TOP.ibex_simple_system.u_top.u_ibex_tracer.unnamedblk2.unnamedblk3: Writing execution trace to trace_core_00000000.log
Terminating simulation by software request.
- src/lowrisc_ibex_sim_shared_0/rtl/sim/simulator_ctrl.sv:93: Verilog $finish
Received $finish() from Verilog, shutting down simulation.

Simulation statistics
=====================
Executed cycles:  238014
Wallclock time:   5.618 s
Simulation speed: 42366.3 cycles/s (42.3663 kHz)
Trace file size:  18202165 B

You can view the simulation traces by calling
$ gtkwave sim.fst

Performance Counters
====================
Cycles:                     238010
Instructions Retired:       125802
LSU Busy:                   11949
Fetch Wait:                 48807
Loads:                      7000
Stores:                     4949
Jumps:                      1928
Conditional Branches:       49475
Taken Conditional Branches: 48803
Compressed Instructions:    0
Multiply Wait:              720
