Program header number 0 in `/workspace/out/cache/acd8665155e4c118b0e22fa9d5dfcd182223654ac5b82dc3771e036fe02057c4/run/program.elf' is not of type PT_LOAD; ignoring.
Program header number 3 in `/workspace/out/cache/acd8665155e4c118b0e22fa9d5dfcd182223654ac5b82dc3771e036fe02057c4/run/program.elf' is not of type PT_LOAD; ignoring.
Simulation of Ibex
==================

Tracing can be toggled by sending SIGUSR1 to this process:
$ kill -USR1 18

Simulation running, end by pressing CTRL-c.
Tracing enabled.
Writing simulation traces to sim.fst
TOP.ibex_simple_system.u_top.u_ibex_tracer.unnamedblk2.unnamedblk3: Writing execution trace to trace_core_00000000.log
Terminating simulation by software request.
- src/lowrisc_ibex_sim_shared_0/rtl/sim/simulator_ctrl.sv:93: Verilog $finish
Received $finish() from Verilog, shutting down simulation.

Simulation statistics
=====================
Executed cycles:  238013
Wallclock time:   4.994 s
Simulation speed: 47659.8 cycles/s (47.6598 kHz)
Trace file size:  18478989 B

You can view the simulation traces by calling
$ gtkwave sim.fst

Performance Counters
====================
Cycles:                     238009
Instructions Retired:       125521
LSU Busy:                   11789
Fetch Wait:                 49398
Loads:                      6740
Stores:                     5049
Jumps:                      1906
Conditional Branches:       49840
Taken Conditional Branches: 49394
Compressed Instructions:    0
Multiply Wait:              0
