Program header number 0 in `/workspace/out/cache/9560797e957e30a727afe00242f6fb41cd0231d3cec28b5732f04a87d041baad/run/program.elf' is not of type PT_LOAD; ignoring.
Program header number 3 in `/workspace/out/cache/9560797e957e30a727afe00242f6fb41cd0231d3cec28b5732f04a87d041baad/run/program.elf' is not of type PT_LOAD; ignoring.
Simulation of Ibex
==================

Tracing can be toggled by sending SIGUSR1 to this process:
$ kill -USR1 18

Simulation running, end by pressing CTRL-c.
Tracing enabled.
Writing simulation traces to sim.fst
TOP.ibex_simple_system.u_top.u_ibex_tracer.unnamedblk2.unnamedblk3: Writing execution trace to trace_core_00000000.log
Terminating simulation by software request.
- src/lowrisc_ibex_sim_shared_0/rtl/sim/simulator_ctrl.sv:93: Verilog $finish
Received $finish() from Verilog, shutting down simulation.

Simulation statistics
=====================
Executed cycles:  238013
Wallclock time:   5.128 s
Simulation speed: 46414.4 cycles/s (46.4144 kHz)
Trace file size:  18007421 B

You can view the simulation traces by calling
$ gtkwave sim.fst

Performance Counters
====================
Cycles:                     238009
Instructions Retired:       120005
LSU Busy:                   11955
Fetch Wait:                 46240
Loads:                      6765
Stores:                     5190
Jumps:                      1904
Conditional Branches:       46682
Taken Conditional Branches: 46236
Compressed Instructions:    0
Multiply Wait:              982
