Program header number 0 in `/workspace/out/cache/82543082f2a0fec9493cdd98f7dd3efcff28a7305766d34d60ede5ae3f8f7f6e/run/program.elf' is not of type PT_LOAD; ignoring.
Program header number 3 in `/workspace/out/cache/82543082f2a0fec9493cdd98f7dd3efcff28a7305766d34d60ede5ae3f8f7f6e/run/program.elf' is not of type PT_LOAD; ignoring.
Simulation of Ibex
==================

Tracing can be toggled by sending SIGUSR1 to this process:
$ kill -USR1 18

Simulation running, end by pressing CTRL-c.
Tracing enabled.
Writing simulation traces to sim.fst
TOP.ibex_simple_system.u_top.u_ibex_tracer.unnamedblk2.unnamedblk3: Writing execution trace to trace_core_00000000.log
Terminating simulation by software request.
- src/lowrisc_ibex_sim_shared_0/rtl/sim/simulator_ctrl.sv:93: Verilog $finish
Received $finish() from Verilog, shutting down simulation.

Simulation statistics
=====================
Executed cycles:  238015
Wallclock time:   5.153 s
Simulation speed: 46189.6 cycles/s (46.1896 kHz)
Trace file size:  17734369 B

You can view the simulation traces by calling
$ gtkwave sim.fst

Performance Counters
====================
Cycles:                     238011
Instructions Retired:       123307
LSU Busy:                   11139
Fetch Wait:                 50825
Loads:                      6440
Stores:                     4699
Jumps:                      1918
Conditional Branches:       52725
Taken Conditional Branches: 50821
Compressed Instructions:    0
Multiply Wait:              0
