Program header number 0 in `/workspace/out/cache/2c047c47ef3986578c2621d99f7d774b598946ea507570c08d924330a524e8a0/run/program.elf' is not of type PT_LOAD; ignoring.
Program header number 3 in `/workspace/out/cache/2c047c47ef3986578c2621d99f7d774b598946ea507570c08d924330a524e8a0/run/program.elf' is not of type PT_LOAD; ignoring.
Simulation of Ibex
==================

Tracing can be toggled by sending SIGUSR1 to this process:
$ kill -USR1 17

Simulation running, end by pressing CTRL-c.
Tracing enabled.
Writing simulation traces to sim.fst
TOP.ibex_simple_system.u_top.u_ibex_tracer.unnamedblk2.unnamedblk3: Writing execution trace to trace_core_00000000.log
Terminating simulation by software request.
- src/lowrisc_ibex_sim_shared_0/rtl/sim/simulator_ctrl.sv:93: Verilog $finish
Received $finish() from Verilog, shutting down simulation.

Simulation statistics
=====================
Executed cycles:  238014
Wallclock time:   5.406 s
Simulation speed: 44027.7 cycles/s (44.0277 kHz)
Trace file size:  18256962 B

You can view the simulation traces by calling
$ gtkwave sim.fst

Performance Counters
====================
Cycles:                     238010
Instructions Retired:       123556
LSU Busy:                   11969
Fetch Wait:                 47840
Loads:                      7010
Stores:                     4959
Jumps:                      1912
Conditional Branches:       48296
Taken Conditional Branches: 47836
Compressed Instructions:    0
Multiply Wait:              0
