Program header number 0 in `/workspace/out/cache/f82229956bb4acea7a54dd22dce802c331ab13088749207487bd319732be1ade/run/program.elf' is not of type PT_LOAD; ignoring.
Program header number 3 in `/workspace/out/cache/f82229956bb4acea7a54dd22dce802c331ab13088749207487bd319732be1ade/run/program.elf' is not of type PT_LOAD; ignoring.
Simulation of Ibex
==================

Tracing can be toggled by sending SIGUSR1 to this process:
$ kill -USR1 16

Simulation running, end by pressing CTRL-c.
Tracing enabled.
Writing simulation traces to sim.fst
TOP.ibex_simple_system.u_top.u_ibex_tracer.unnamedblk2.unnamedblk3: Writing execution trace to trace_core_00000000.log
Terminating simulation by software request.
- src/lowrisc_ibex_sim_shared_0/rtl/sim/simulator_ctrl.sv:93: Verilog $finish
Received $finish() from Verilog, shutting down simulation.

Simulation statistics
=====================
Executed cycles:  238015
Wallclock time:   4.661 s
Simulation speed: 51065.2 cycles/s (51.0652 kHz)
Trace file size:  15990448 B

You can view the simulation traces by calling
$ gtkwave sim.fst

Performance Counters
====================
Cycles:                     238011
Instructions Retired:       98595
LSU Busy:                   12263
Fetch Wait:                 35193
Loads:                      7040
Stores:                     5223
Jumps:                      1906
Conditional Branches:       35637
Taken Conditional Branches: 35189
Compressed Instructions:    0
Multiply Wait:              0
