Program header number 0 in `/workspace/out/cache/27971db858199b960802ea9d1487faf9ad6c4453fe52f9511b379aac3d042999/run/program.elf' is not of type PT_LOAD; ignoring.
Program header number 3 in `/workspace/out/cache/27971db858199b960802ea9d1487faf9ad6c4453fe52f9511b379aac3d042999/run/program.elf' is not of type PT_LOAD; ignoring.
Simulation of Ibex
==================

Tracing can be toggled by sending SIGUSR1 to this process:
$ kill -USR1 18

Simulation running, end by pressing CTRL-c.
Tracing enabled.
Writing simulation traces to sim.fst
TOP.ibex_simple_system.u_top.u_ibex_tracer.unnamedblk2.unnamedblk3: Writing execution trace to trace_core_00000000.log
Terminating simulation by software request.
- src/lowrisc_ibex_sim_shared_0/rtl/sim/simulator_ctrl.sv:93: Verilog $finish
Received $finish() from Verilog, shutting down simulation.

Simulation statistics
=====================
Executed cycles:  261924
Wallclock time:   4.032 s
Simulation speed: 64961.3 cycles/s (64.9613 kHz)
Trace file size:  14285824 B

You can view the simulation traces by calling
$ gtkwave sim.fst

Performance Counters
====================
Cycles:                     261920
Instructions Retired:       63466
LSU Busy:                   11139
Fetch Wait:                 18971
Loads:                      6440
Stores:                     4699
Jumps:                      1920
Conditional Branches:       19429
Taken Conditional Branches: 18967
Compressed Instructions:    0
Multiply Wait:              0
