Program header number 0 in `/workspace/out/cache/433415a71e32f6152f85bc7bdb7938546200d27ad1b1ef3e81a68135c7a4896c/run/program.elf' is not of type PT_LOAD; ignoring.
Program header number 3 in `/workspace/out/cache/433415a71e32f6152f85bc7bdb7938546200d27ad1b1ef3e81a68135c7a4896c/run/program.elf' is not of type PT_LOAD; ignoring.
Simulation of Ibex
==================

Tracing can be toggled by sending SIGUSR1 to this process:
$ kill -USR1 18

Simulation running, end by pressing CTRL-c.
Tracing enabled.
Writing simulation traces to sim.fst
TOP.ibex_simple_system.u_top.u_ibex_tracer.unnamedblk2.unnamedblk3: Writing execution trace to trace_core_00000000.log
Terminating simulation by software request.
- src/lowrisc_ibex_sim_shared_0/rtl/sim/simulator_ctrl.sv:93: Verilog $finish
Received $finish() from Verilog, shutting down simulation.

Simulation statistics
=====================
Executed cycles:  238017
Wallclock time:   5.024 s
Simulation speed: 47376 cycles/s (47.376 kHz)
Trace file size:  18221267 B

You can view the simulation traces by calling
$ gtkwave sim.fst

Performance Counters
====================
Cycles:                     238013
Instructions Retired:       123269
LSU Busy:                   11491
Fetch Wait:                 48363
Loads:                      6792
Stores:                     4699
Jumps:                      1906
Conditional Branches:       48807
Taken Conditional Branches: 48359
Compressed Instructions:    0
Multiply Wait:              4048
