Program header number 0 in `/workspace/out/cache/d78d862405b620abd412818d72e44b421484a56565e2438705cbd6cda135cdbf/run/program.elf' is not of type PT_LOAD; ignoring.
Program header number 3 in `/workspace/out/cache/d78d862405b620abd412818d72e44b421484a56565e2438705cbd6cda135cdbf/run/program.elf' is not of type PT_LOAD; ignoring.
Simulation of Ibex
==================

Tracing can be toggled by sending SIGUSR1 to this process:
$ kill -USR1 17

Simulation running, end by pressing CTRL-c.
Tracing enabled.
Writing simulation traces to sim.fst
TOP.ibex_simple_system.u_top.u_ibex_tracer.unnamedblk2.unnamedblk3: Writing execution trace to trace_core_00000000.log
Terminating simulation by software request.
- src/lowrisc_ibex_sim_shared_0/rtl/sim/simulator_ctrl.sv:93: Verilog $finish
Received $finish() from Verilog, shutting down simulation.

Simulation statistics
=====================
Executed cycles:  238013
Wallclock time:   4.923 s
Simulation speed: 48347.1 cycles/s (48.3471 kHz)
Trace file size:  17798997 B

You can view the simulation traces by calling
$ gtkwave sim.fst

Performance Counters
====================
Cycles:                     238009
Instructions Retired:       126737
LSU Busy:                   12590
Fetch Wait:                 48359
Loads:                      6940
Stores:                     5650
Jumps:                      1967
Conditional Branches:       48864
Taken Conditional Branches: 48355
Compressed Instructions:    0
Multiply Wait:              0
