Program header number 0 in `/workspace/out/cache/67c7b250fc10a5fec50ffdd4fdc5741643c1465c32ea5cd159c51916189d127c/run/program.elf' is not of type PT_LOAD; ignoring.
Program header number 3 in `/workspace/out/cache/67c7b250fc10a5fec50ffdd4fdc5741643c1465c32ea5cd159c51916189d127c/run/program.elf' is not of type PT_LOAD; ignoring.
Simulation of Ibex
==================

Tracing can be toggled by sending SIGUSR1 to this process:
$ kill -USR1 18

Simulation running, end by pressing CTRL-c.
Tracing enabled.
Writing simulation traces to sim.fst
TOP.ibex_simple_system.u_top.u_ibex_tracer.unnamedblk2.unnamedblk3: Writing execution trace to trace_core_00000000.log
Terminating simulation by software request.
- src/lowrisc_ibex_sim_shared_0/rtl/sim/simulator_ctrl.sv:93: Verilog $finish
Received $finish() from Verilog, shutting down simulation.

Simulation statistics
=====================
Executed cycles:  238014
Wallclock time:   5.248 s
Simulation speed: 45353.3 cycles/s (45.3533 kHz)
Trace file size:  18300594 B

You can view the simulation traces by calling
$ gtkwave sim.fst

Performance Counters
====================
Cycles:                     238010
Instructions Retired:       124780
LSU Busy:                   11939
Fetch Wait:                 49069
Loads:                      6840
Stores:                     5099
Jumps:                      1908
Conditional Branches:       49515
Taken Conditional Branches: 49065
Compressed Instructions:    0
Multiply Wait:              1248
