Program header number 0 in `/workspace/out/cache/a787a47e9ddd426af2ac1908477b0f41df2ee55f117fb0c94f6a72d055034954/run/program.elf' is not of type PT_LOAD; ignoring.
Program header number 3 in `/workspace/out/cache/a787a47e9ddd426af2ac1908477b0f41df2ee55f117fb0c94f6a72d055034954/run/program.elf' is not of type PT_LOAD; ignoring.
Simulation of Ibex
==================

Tracing can be toggled by sending SIGUSR1 to this process:
$ kill -USR1 17

Simulation running, end by pressing CTRL-c.
Tracing enabled.
Writing simulation traces to sim.fst
TOP.ibex_simple_system.u_top.u_ibex_tracer.unnamedblk2.unnamedblk3: Writing execution trace to trace_core_00000000.log
Terminating simulation by software request.
- src/lowrisc_ibex_sim_shared_0/rtl/sim/simulator_ctrl.sv:93: Verilog $finish
Received $finish() from Verilog, shutting down simulation.

Simulation statistics
=====================
Executed cycles:  238013
Wallclock time:   4.872 s
Simulation speed: 48853.2 cycles/s (48.8532 kHz)
Trace file size:  16917281 B

You can view the simulation traces by calling
$ gtkwave sim.fst

Performance Counters
====================
Cycles:                     238009
Instructions Retired:       114940
LSU Busy:                   11685
Fetch Wait:                 43978
Loads:                      6986
Stores:                     4699
Jumps:                      1914
Conditional Branches:       45216
Taken Conditional Branches: 43974
Compressed Instructions:    0
Multiply Wait:              308
