Program header number 0 in `/workspace/out/cache/3eb61fdf6de0ecb551aec47ab5e3ab0e115fea78c2fe096c70919ac4167835fa/run/program.elf' is not of type PT_LOAD; ignoring.
Program header number 3 in `/workspace/out/cache/3eb61fdf6de0ecb551aec47ab5e3ab0e115fea78c2fe096c70919ac4167835fa/run/program.elf' is not of type PT_LOAD; ignoring.
Simulation of Ibex
==================

Tracing can be toggled by sending SIGUSR1 to this process:
$ kill -USR1 17

Simulation running, end by pressing CTRL-c.
Tracing enabled.
Writing simulation traces to sim.fst
TOP.ibex_simple_system.u_top.u_ibex_tracer.unnamedblk2.unnamedblk3: Writing execution trace to trace_core_00000000.log
Terminating simulation by software request.
- src/lowrisc_ibex_sim_shared_0/rtl/sim/simulator_ctrl.sv:93: Verilog $finish
Received $finish() from Verilog, shutting down simulation.

Simulation statistics
=====================
Executed cycles:  238012
Wallclock time:   4.161 s
Simulation speed: 57200.7 cycles/s (57.2007 kHz)
Trace file size:  15814341 B

You can view the simulation traces by calling
$ gtkwave sim.fst

Performance Counters
====================
Cycles:                     238008
Instructions Retired:       97082
LSU Busy:                   11139
Fetch Wait:                 35802
Loads:                      6440
Stores:                     4699
Jumps:                      1901
Conditional Branches:       36245
Taken Conditional Branches: 35798
Compressed Instructions:    0
Multiply Wait:              0
