Program header number 0 in `/workspace/out/cache/c50380537674b935c71fc5cbc91cbc662f230faa4e0da089eaec0fdd8bde0067/run/program.elf' is not of type PT_LOAD; ignoring.
Program header number 3 in `/workspace/out/cache/c50380537674b935c71fc5cbc91cbc662f230faa4e0da089eaec0fdd8bde0067/run/program.elf' is not of type PT_LOAD; ignoring.
Simulation of Ibex
==================

Tracing can be toggled by sending SIGUSR1 to this process:
$ kill -USR1 17

Simulation running, end by pressing CTRL-c.
Tracing enabled.
Writing simulation traces to sim.fst
TOP.ibex_simple_system.u_top.u_ibex_tracer.unnamedblk2.unnamedblk3: Writing execution trace to trace_core_00000000.log
Terminating simulation by software request.
- src/lowrisc_ibex_sim_shared_0/rtl/sim/simulator_ctrl.sv:93: Verilog $finish
Received $finish() from Verilog, shutting down simulation.

Simulation statistics
=====================
Executed cycles:  238012
Wallclock time:   4.707 s
Simulation speed: 50565.5 cycles/s (50.5655 kHz)
Trace file size:  16218883 B

You can view the simulation traces by calling
$ gtkwave sim.fst

Performance Counters
====================
Cycles:                     238008
Instructions Retired:       101106
LSU Busy:                   11139
Fetch Wait:                 37799
Loads:                      6440
Stores:                     4699
Jumps:                      1920
Conditional Branches:       38253
Taken Conditional Branches: 37795
Compressed Instructions:    0
Multiply Wait:              0
