Program header number 0 in `/workspace/out/cache/ae4d75afb5443856ab04de1fa2963d6c5f69da85c5c82aca33c9f849924e5474/run/program.elf' is not of type PT_LOAD; ignoring.
Program header number 3 in `/workspace/out/cache/ae4d75afb5443856ab04de1fa2963d6c5f69da85c5c82aca33c9f849924e5474/run/program.elf' is not of type PT_LOAD; ignoring.
Simulation of Ibex
==================

Tracing can be toggled by sending SIGUSR1 to this process:
$ kill -USR1 17

Simulation running, end by pressing CTRL-c.
Tracing enabled.
Writing simulation traces to sim.fst
TOP.ibex_simple_system.u_top.u_ibex_tracer.unnamedblk2.unnamedblk3: Writing execution trace to trace_core_00000000.log
Terminating simulation by software request.
- src/lowrisc_ibex_sim_shared_0/rtl/sim/simulator_ctrl.sv:93: Verilog $finish
Received $finish() from Verilog, shutting down simulation.

Simulation statistics
=====================
Executed cycles:  238014
Wallclock time:   4.381 s
Simulation speed: 54328.7 cycles/s (54.3287 kHz)
Trace file size:  16177881 B

You can view the simulation traces by calling
$ gtkwave sim.fst

Performance Counters
====================
Cycles:                     238010
Instructions Retired:       97903
LSU Busy:                   12081
Fetch Wait:                 34732
Loads:                      6866
Stores:                     5215
Jumps:                      1941
Conditional Branches:       35217
Taken Conditional Branches: 34728
Compressed Instructions:    0
Multiply Wait:              2192
