Program header number 0 in `/workspace/out/cache/513c4b9dc2b5aba18079d6bde89a56e0c57c7cc0ebe82a7341289e2f33e5b1ee/run/program.elf' is not of type PT_LOAD; ignoring.
Program header number 3 in `/workspace/out/cache/513c4b9dc2b5aba18079d6bde89a56e0c57c7cc0ebe82a7341289e2f33e5b1ee/run/program.elf' is not of type PT_LOAD; ignoring.
Simulation of Ibex
==================

Tracing can be toggled by sending SIGUSR1 to this process:
$ kill -USR1 17

Simulation running, end by pressing CTRL-c.
Tracing enabled.
Writing simulation traces to sim.fst
TOP.ibex_simple_system.u_top.u_ibex_tracer.unnamedblk2.unnamedblk3: Writing execution trace to trace_core_00000000.log
Terminating simulation by software request.
- src/lowrisc_ibex_sim_shared_0/rtl/sim/simulator_ctrl.sv:93: Verilog $finish
Received $finish() from Verilog, shutting down simulation.

Simulation statistics
=====================
Executed cycles:  238012
Wallclock time:   4.47 s
Simulation speed: 53246.5 cycles/s (53.2465 kHz)
Trace file size:  17597011 B

You can view the simulation traces by calling
$ gtkwave sim.fst

Performance Counters
====================
Cycles:                     238008
Instructions Retired:       107809
LSU Busy:                   12171
Fetch Wait:                 39592
Loads:                      6956
Stores:                     5215
Jumps:                      1911
Conditional Branches:       40049
Taken Conditional Branches: 39588
Compressed Instructions:    0
Multiply Wait:              0
