Program header number 0 in `/workspace/out/cache/4b1651be06a0ff0506e86f329a19666ebd4fe0221e585ace9eb928880163f418/run/program.elf' is not of type PT_LOAD; ignoring.
Program header number 3 in `/workspace/out/cache/4b1651be06a0ff0506e86f329a19666ebd4fe0221e585ace9eb928880163f418/run/program.elf' is not of type PT_LOAD; ignoring.
Simulation of Ibex
==================

Tracing can be toggled by sending SIGUSR1 to this process:
$ kill -USR1 18

Simulation running, end by pressing CTRL-c.
Tracing enabled.
Writing simulation traces to sim.fst
TOP.ibex_simple_system.u_top.u_ibex_tracer.unnamedblk2.unnamedblk3: Writing execution trace to trace_core_00000000.log
Terminating simulation by software request.
- src/lowrisc_ibex_sim_shared_0/rtl/sim/simulator_ctrl.sv:93: Verilog $finish
Received $finish() from Verilog, shutting down simulation.

Simulation statistics
=====================
Executed cycles:  238015
Wallclock time:   4.285 s
Simulation speed: 55546.1 cycles/s (55.5461 kHz)
Trace file size:  15459950 B

You can view the simulation traces by calling
$ gtkwave sim.fst

Performance Counters
====================
Cycles:                     238011
Instructions Retired:       92261
LSU Busy:                   11139
Fetch Wait:                 33946
Loads:                      6440
Stores:                     4699
Jumps:                      1922
Conditional Branches:       35550
Taken Conditional Branches: 33942
Compressed Instructions:    0
Multiply Wait:              0
