Program header number 0 in `/workspace/out/cache/d52a62d54d019aa04d4fa20182ffb77135e27f227e48d4254040b71edb34336d/run/program.elf' is not of type PT_LOAD; ignoring.
Program header number 3 in `/workspace/out/cache/d52a62d54d019aa04d4fa20182ffb77135e27f227e48d4254040b71edb34336d/run/program.elf' is not of type PT_LOAD; ignoring.
Simulation of Ibex
==================

Tracing can be toggled by sending SIGUSR1 to this process:
$ kill -USR1 17

Simulation running, end by pressing CTRL-c.
Tracing enabled.
Writing simulation traces to sim.fst
TOP.ibex_simple_system.u_top.u_ibex_tracer.unnamedblk2.unnamedblk3: Writing execution trace to trace_core_00000000.log
Terminating simulation by software request.
- src/lowrisc_ibex_sim_shared_0/rtl/sim/simulator_ctrl.sv:93: Verilog $finish
Received $finish() from Verilog, shutting down simulation.

Simulation statistics
=====================
Executed cycles:  238014
Wallclock time:   4.856 s
Simulation speed: 49014.4 cycles/s (49.0144 kHz)
Trace file size:  18027952 B

You can view the simulation traces by calling
$ gtkwave sim.fst

Performance Counters
====================
Cycles:                     238010
Instructions Retired:       122749
LSU Busy:                   12351
Fetch Wait:                 46892
Loads:                      7277
Stores:                     5074
Jumps:                      1899
Conditional Branches:       47534
Taken Conditional Branches: 46888
Compressed Instructions:    0
Multiply Wait:              408
