Program header number 0 in `/workspace/out/cache/7a78f1954f071c6442b1f8837bc49302d5ad0ad8693adaa47c98e37deb5ed0b9/run/program.elf' is not of type PT_LOAD; ignoring.
Program header number 3 in `/workspace/out/cache/7a78f1954f071c6442b1f8837bc49302d5ad0ad8693adaa47c98e37deb5ed0b9/run/program.elf' is not of type PT_LOAD; ignoring.
Simulation of Ibex
==================

Tracing can be toggled by sending SIGUSR1 to this process:
$ kill -USR1 17

Simulation running, end by pressing CTRL-c.
Tracing enabled.
Writing simulation traces to sim.fst
TOP.ibex_simple_system.u_top.u_ibex_tracer.unnamedblk2.unnamedblk3: Writing execution trace to trace_core_00000000.log
Terminating simulation by software request.
- src/lowrisc_ibex_sim_shared_0/rtl/sim/simulator_ctrl.sv:93: Verilog $finish
Received $finish() from Verilog, shutting down simulation.

Simulation statistics
=====================
Executed cycles:  238012
Wallclock time:   4.779 s
Simulation speed: 49803.7 cycles/s (49.8037 kHz)
Trace file size:  17458446 B

You can view the simulation traces by calling
$ gtkwave sim.fst

Performance Counters
====================
Cycles:                     238008
Instructions Retired:       113005
LSU Busy:                   11823
Fetch Wait:                 42710
Loads:                      7124
Stores:                     4699
Jumps:                      1923
Conditional Branches:       43171
Taken Conditional Branches: 42706
Compressed Instructions:    0
Multiply Wait:              1360
