Program header number 0 in `/workspace/out/cache/6ce8403456c5bb1902569fba6e657ac8c943d796a0e38d1f78ef9b1566fb19a8/run/program.elf' is not of type PT_LOAD; ignoring.
Program header number 3 in `/workspace/out/cache/6ce8403456c5bb1902569fba6e657ac8c943d796a0e38d1f78ef9b1566fb19a8/run/program.elf' is not of type PT_LOAD; ignoring.
Simulation of Ibex
==================

Tracing can be toggled by sending SIGUSR1 to this process:
$ kill -USR1 18

Simulation running, end by pressing CTRL-c.
Tracing enabled.
Writing simulation traces to sim.fst
TOP.ibex_simple_system.u_top.u_ibex_tracer.unnamedblk2.unnamedblk3: Writing execution trace to trace_core_00000000.log
Terminating simulation by software request.
- src/lowrisc_ibex_sim_shared_0/rtl/sim/simulator_ctrl.sv:93: Verilog $finish
Received $finish() from Verilog, shutting down simulation.

Simulation statistics
=====================
Executed cycles:  238013
Wallclock time:   5.3 s
Simulation speed: 44908.1 cycles/s (44.9081 kHz)
Trace file size:  17804035 B

You can view the simulation traces by calling
$ gtkwave sim.fst

Performance Counters
====================
Cycles:                     238009
Instructions Retired:       116289
LSU Busy:                   12163
Fetch Wait:                 44087
Loads:                      6952
Stores:                     5211
Jumps:                      1930
Conditional Branches:       44555
Taken Conditional Branches: 44083
Compressed Instructions:    0
Multiply Wait:              1024
