Program header number 0 in `/workspace/out/cache/8fd220aa2b81d8d78ff9c7f9545fa9d79ce00886459344707f38141bc198ebee/run/program.elf' is not of type PT_LOAD; ignoring.
Program header number 3 in `/workspace/out/cache/8fd220aa2b81d8d78ff9c7f9545fa9d79ce00886459344707f38141bc198ebee/run/program.elf' is not of type PT_LOAD; ignoring.
Simulation of Ibex
==================

Tracing can be toggled by sending SIGUSR1 to this process:
$ kill -USR1 17

Simulation running, end by pressing CTRL-c.
Tracing enabled.
Writing simulation traces to sim.fst
TOP.ibex_simple_system.u_top.u_ibex_tracer.unnamedblk2.unnamedblk3: Writing execution trace to trace_core_00000000.log
Terminating simulation by software request.
- src/lowrisc_ibex_sim_shared_0/rtl/sim/simulator_ctrl.sv:93: Verilog $finish
Received $finish() from Verilog, shutting down simulation.

Simulation statistics
=====================
Executed cycles:  238012
Wallclock time:   5.258 s
Simulation speed: 45266.6 cycles/s (45.2666 kHz)
Trace file size:  17736721 B

You can view the simulation traces by calling
$ gtkwave sim.fst

Performance Counters
====================
Cycles:                     238008
Instructions Retired:       125264
LSU Busy:                   12539
Fetch Wait:                 48253
Loads:                      7140
Stores:                     5399
Jumps:                      1902
Conditional Branches:       48877
Taken Conditional Branches: 48249
Compressed Instructions:    0
Multiply Wait:              1800
