Program header number 0 in `/workspace/out/cache/88ed1e8d31385f8f06262263b99623a084d78e425f23d5093a158b38dcc74b6b/run/program.elf' is not of type PT_LOAD; ignoring.
Program header number 3 in `/workspace/out/cache/88ed1e8d31385f8f06262263b99623a084d78e425f23d5093a158b38dcc74b6b/run/program.elf' is not of type PT_LOAD; ignoring.
Simulation of Ibex
==================

Tracing can be toggled by sending SIGUSR1 to this process:
$ kill -USR1 17

Simulation running, end by pressing CTRL-c.
Tracing enabled.
Writing simulation traces to sim.fst
TOP.ibex_simple_system.u_top.u_ibex_tracer.unnamedblk2.unnamedblk3: Writing execution trace to trace_core_00000000.log
Terminating simulation by software request.
- src/lowrisc_ibex_sim_shared_0/rtl/sim/simulator_ctrl.sv:93: Verilog $finish
Received $finish() from Verilog, shutting down simulation.

Simulation statistics
=====================
Executed cycles:  238014
Wallclock time:   5.105 s
Simulation speed: 46623.7 cycles/s (46.6237 kHz)
Trace file size:  17867766 B

You can view the simulation traces by calling
$ gtkwave sim.fst

Performance Counters
====================
Cycles:                     238010
Instructions Retired:       125457
LSU Busy:                   12020
Fetch Wait:                 48637
Loads:                      6773
Stores:                     5247
Jumps:                      1928
Conditional Branches:       49101
Taken Conditional Branches: 48633
Compressed Instructions:    0
Multiply Wait:              1334
