Program header number 0 in `/workspace/out/cache/41bf0021211871f882ae8ae2e667a695638e0a9a04d211a554e3634d6e66a51f/run/program.elf' is not of type PT_LOAD; ignoring.
Program header number 3 in `/workspace/out/cache/41bf0021211871f882ae8ae2e667a695638e0a9a04d211a554e3634d6e66a51f/run/program.elf' is not of type PT_LOAD; ignoring.
Simulation of Ibex
==================

Tracing can be toggled by sending SIGUSR1 to this process:
$ kill -USR1 18

Simulation running, end by pressing CTRL-c.
Tracing enabled.
Writing simulation traces to sim.fst
TOP.ibex_simple_system.u_top.u_ibex_tracer.unnamedblk2.unnamedblk3: Writing execution trace to trace_core_00000000.log
Terminating simulation by software request.
- src/lowrisc_ibex_sim_shared_0/rtl/sim/simulator_ctrl.sv:93: Verilog $finish
Received $finish() from Verilog, shutting down simulation.

Simulation statistics
=====================
Executed cycles:  238014
Wallclock time:   4.957 s
Simulation speed: 48015.7 cycles/s (48.0157 kHz)
Trace file size:  18283973 B

You can view the simulation traces by calling
$ gtkwave sim.fst

Performance Counters
====================
Cycles:                     238010
Instructions Retired:       124955
LSU Busy:                   11287
Fetch Wait:                 48703
Loads:                      6440
Stores:                     4847
Jumps:                      1933
Conditional Branches:       50719
Taken Conditional Branches: 48699
Compressed Instructions:    0
Multiply Wait:              2432
