Program header number 0 in `/workspace/out/cache/19219c87b4664124c0550287a0e1c81e233a03053dd7f2db215a8f95e9725add/run/program.elf' is not of type PT_LOAD; ignoring.
Program header number 3 in `/workspace/out/cache/19219c87b4664124c0550287a0e1c81e233a03053dd7f2db215a8f95e9725add/run/program.elf' is not of type PT_LOAD; ignoring.
Simulation of Ibex
==================

Tracing can be toggled by sending SIGUSR1 to this process:
$ kill -USR1 18

Simulation running, end by pressing CTRL-c.
Tracing enabled.
Writing simulation traces to sim.fst
TOP.ibex_simple_system.u_top.u_ibex_tracer.unnamedblk2.unnamedblk3: Writing execution trace to trace_core_00000000.log
Terminating simulation by software request.
- src/lowrisc_ibex_sim_shared_0/rtl/sim/simulator_ctrl.sv:93: Verilog $finish
Received $finish() from Verilog, shutting down simulation.

Simulation statistics
=====================
Executed cycles:  238013
Wallclock time:   4.854 s
Simulation speed: 49034.4 cycles/s (49.0344 kHz)
Trace file size:  17793938 B

You can view the simulation traces by calling
$ gtkwave sim.fst

Performance Counters
====================
Cycles:                     238009
Instructions Retired:       122883
LSU Busy:                   11139
Fetch Wait:                 51036
Loads:                      6440
Stores:                     4699
Jumps:                      1918
Conditional Branches:       52654
Taken Conditional Branches: 51032
Compressed Instructions:    0
Multiply Wait:              0
