Program header number 0 in `/workspace/out/cache/2855b9c3e1745fbe095ed21844cefab336dbf8fb628d921c4ccb2720a1cb40a7/run/program.elf' is not of type PT_LOAD; ignoring.
Program header number 3 in `/workspace/out/cache/2855b9c3e1745fbe095ed21844cefab336dbf8fb628d921c4ccb2720a1cb40a7/run/program.elf' is not of type PT_LOAD; ignoring.
Simulation of Ibex
==================

Tracing can be toggled by sending SIGUSR1 to this process:
$ kill -USR1 18

Simulation running, end by pressing CTRL-c.
Tracing enabled.
Writing simulation traces to sim.fst
TOP.ibex_simple_system.u_top.u_ibex_tracer.unnamedblk2.unnamedblk3: Writing execution trace to trace_core_00000000.log
Terminating simulation by software request.
- src/lowrisc_ibex_sim_shared_0/rtl/sim/simulator_ctrl.sv:93: Verilog $finish
Received $finish() from Verilog, shutting down simulation.

Simulation statistics
=====================
Executed cycles:  238013
Wallclock time:   4.952 s
Simulation speed: 48064 cycles/s (48.064 kHz)
Trace file size:  17850449 B

You can view the simulation traces by calling
$ gtkwave sim.fst

Performance Counters
====================
Cycles:                     238009
Instructions Retired:       123952
LSU Busy:                   11801
Fetch Wait:                 49889
Loads:                      6771
Stores:                     5030
Jumps:                      1921
Conditional Branches:       50640
Taken Conditional Branches: 49885
Compressed Instructions:    0
Multiply Wait:              560
