Program header number 0 in `/workspace/out/cache/ca548091bd75165f89c30c70d93ef6c4f51fb45e2ce5ab2cfd0efb730fbe0b73/run/program.elf' is not of type PT_LOAD; ignoring.
Program header number 3 in `/workspace/out/cache/ca548091bd75165f89c30c70d93ef6c4f51fb45e2ce5ab2cfd0efb730fbe0b73/run/program.elf' is not of type PT_LOAD; ignoring.
Simulation of Ibex
==================

Tracing can be toggled by sending SIGUSR1 to this process:
$ kill -USR1 17

Simulation running, end by pressing CTRL-c.
Tracing enabled.
Writing simulation traces to sim.fst
TOP.ibex_simple_system.u_top.u_ibex_tracer.unnamedblk2.unnamedblk3: Writing execution trace to trace_core_00000000.log
Terminating simulation by software request.
- src/lowrisc_ibex_sim_shared_0/rtl/sim/simulator_ctrl.sv:93: Verilog $finish
Received $finish() from Verilog, shutting down simulation.

Simulation statistics
=====================
Executed cycles:  238013
Wallclock time:   5.65 s
Simulation speed: 42126.2 cycles/s (42.1262 kHz)
Trace file size:  17633337 B

You can view the simulation traces by calling
$ gtkwave sim.fst

Performance Counters
====================
Cycles:                     238009
Instructions Retired:       126372
LSU Busy:                   11789
Fetch Wait:                 48959
Loads:                      6765
Stores:                     5024
Jumps:                      1933
Conditional Branches:       50377
Taken Conditional Branches: 48955
Compressed Instructions:    0
Multiply Wait:              0
