Program header number 0 in `/workspace/out/cache/1a26562dc2fadeaab965a6f125f5519d6523c8868484c89f8447d27fbc4a050f/run/program.elf' is not of type PT_LOAD; ignoring.
Program header number 3 in `/workspace/out/cache/1a26562dc2fadeaab965a6f125f5519d6523c8868484c89f8447d27fbc4a050f/run/program.elf' is not of type PT_LOAD; ignoring.
Simulation of Ibex
==================

Tracing can be toggled by sending SIGUSR1 to this process:
$ kill -USR1 17

Simulation running, end by pressing CTRL-c.
Tracing enabled.
Writing simulation traces to sim.fst
TOP.ibex_simple_system.u_top.u_ibex_tracer.unnamedblk2.unnamedblk3: Writing execution trace to trace_core_00000000.log
Terminating simulation by software request.
- src/lowrisc_ibex_sim_shared_0/rtl/sim/simulator_ctrl.sv:93: Verilog $finish
Received $finish() from Verilog, shutting down simulation.

Simulation statistics
=====================
Executed cycles:  238014
Wallclock time:   4.785 s
Simulation speed: 49741.7 cycles/s (49.7417 kHz)
Trace file size:  18306223 B

You can view the simulation traces by calling
$ gtkwave sim.fst

Performance Counters
====================
Cycles:                     238010
Instructions Retired:       125230
LSU Busy:                   11939
Fetch Wait:                 49070
Loads:                      6840
Stores:                     5099
Jumps:                      1904
Conditional Branches:       49516
Taken Conditional Branches: 49066
Compressed Instructions:    0
Multiply Wait:              800
