Program header number 0 in `/workspace/out/cache/4b33b325b032970900409039e6b06204fc0be87dcc3a8f36159dd5207feb8d75/run/program.elf' is not of type PT_LOAD; ignoring.
Program header number 3 in `/workspace/out/cache/4b33b325b032970900409039e6b06204fc0be87dcc3a8f36159dd5207feb8d75/run/program.elf' is not of type PT_LOAD; ignoring.
Simulation of Ibex
==================

Tracing can be toggled by sending SIGUSR1 to this process:
$ kill -USR1 17

Simulation running, end by pressing CTRL-c.
Tracing enabled.
Writing simulation traces to sim.fst
TOP.ibex_simple_system.u_top.u_ibex_tracer.unnamedblk2.unnamedblk3: Writing execution trace to trace_core_00000000.log
Terminating simulation by software request.
- src/lowrisc_ibex_sim_shared_0/rtl/sim/simulator_ctrl.sv:93: Verilog $finish
Received $finish() from Verilog, shutting down simulation.

Simulation statistics
=====================
Executed cycles:  238015
Wallclock time:   5.388 s
Simulation speed: 44175 cycles/s (44.175 kHz)
Trace file size:  18296357 B

You can view the simulation traces by calling
$ gtkwave sim.fst

Performance Counters
====================
Cycles:                     238011
Instructions Retired:       125520
LSU Busy:                   11762
Fetch Wait:                 49155
Loads:                      6851
Stores:                     4911
Jumps:                      1900
Conditional Branches:       49599
Taken Conditional Branches: 49151
Compressed Instructions:    0
Multiply Wait:              522
