Program header number 0 in `/workspace/out/cache/b2dd16c9f81a5b19634de9e6262ce69893d5f95f6bec92ef175c533da13f1489/run/program.elf' is not of type PT_LOAD; ignoring.
Program header number 3 in `/workspace/out/cache/b2dd16c9f81a5b19634de9e6262ce69893d5f95f6bec92ef175c533da13f1489/run/program.elf' is not of type PT_LOAD; ignoring.
Simulation of Ibex
==================

Tracing can be toggled by sending SIGUSR1 to this process:
$ kill -USR1 17

Simulation running, end by pressing CTRL-c.
Tracing enabled.
Writing simulation traces to sim.fst
TOP.ibex_simple_system.u_top.u_ibex_tracer.unnamedblk2.unnamedblk3: Writing execution trace to trace_core_00000000.log
Terminating simulation by software request.
- src/lowrisc_ibex_sim_shared_0/rtl/sim/simulator_ctrl.sv:93: Verilog $finish
Received $finish() from Verilog, shutting down simulation.

Simulation statistics
=====================
Executed cycles:  238012
Wallclock time:   4.243 s
Simulation speed: 56095.2 cycles/s (56.0952 kHz)
Trace file size:  17058772 B

You can view the simulation traces by calling
$ gtkwave sim.fst

Performance Counters
====================
Cycles:                     238008
Instructions Retired:       107707
LSU Busy:                   12039
Fetch Wait:                 39972
Loads:                      6890
Stores:                     5149
Jumps:                      1941
Conditional Branches:       40451
Taken Conditional Branches: 39968
Compressed Instructions:    0
Multiply Wait:              524
