Program header number 0 in `/workspace/out/cache/69cec4281b22190acc67055de5c4cb6d4b075d7d04a02ce8455eee5545cd2ba7/run/program.elf' is not of type PT_LOAD; ignoring.
Program header number 3 in `/workspace/out/cache/69cec4281b22190acc67055de5c4cb6d4b075d7d04a02ce8455eee5545cd2ba7/run/program.elf' is not of type PT_LOAD; ignoring.
Simulation of Ibex
==================

Tracing can be toggled by sending SIGUSR1 to this process:
$ kill -USR1 17

Simulation running, end by pressing CTRL-c.
Tracing enabled.
Writing simulation traces to sim.fst
TOP.ibex_simple_system.u_top.u_ibex_tracer.unnamedblk2.unnamedblk3: Writing execution trace to trace_core_00000000.log
Terminating simulation by software request.
- src/lowrisc_ibex_sim_shared_0/rtl/sim/simulator_ctrl.sv:93: Verilog $finish
Received $finish() from Verilog, shutting down simulation.

Simulation statistics
=====================
Executed cycles:  238012
Wallclock time:   5.018 s
Simulation speed: 47431.6 cycles/s (47.4316 kHz)
Trace file size:  17964264 B

You can view the simulation traces by calling
$ gtkwave sim.fst

Performance Counters
====================
Cycles:                     238008
Instructions Retired:       125553
LSU Busy:                   11685
Fetch Wait:                 49275
Loads:                      6986
Stores:                     4699
Jumps:                      1915
Conditional Branches:       49730
Taken Conditional Branches: 49271
Compressed Instructions:    0
Multiply Wait:              308
