Program header number 0 in `/workspace/out/cache/8242a8098ca431526d16ac478b339bfc44906a49619f8af728c1504bb8b65446/run/program.elf' is not of type PT_LOAD; ignoring.
Program header number 3 in `/workspace/out/cache/8242a8098ca431526d16ac478b339bfc44906a49619f8af728c1504bb8b65446/run/program.elf' is not of type PT_LOAD; ignoring.
Simulation of Ibex
==================

Tracing can be toggled by sending SIGUSR1 to this process:
$ kill -USR1 17

Simulation running, end by pressing CTRL-c.
Tracing enabled.
Writing simulation traces to sim.fst
TOP.ibex_simple_system.u_top.u_ibex_tracer.unnamedblk2.unnamedblk3: Writing execution trace to trace_core_00000000.log
Terminating simulation by software request.
- src/lowrisc_ibex_sim_shared_0/rtl/sim/simulator_ctrl.sv:93: Verilog $finish
Received $finish() from Verilog, shutting down simulation.

Simulation statistics
=====================
Executed cycles:  238014
Wallclock time:   5.007 s
Simulation speed: 47536.2 cycles/s (47.5362 kHz)
Trace file size:  17918438 B

You can view the simulation traces by calling
$ gtkwave sim.fst

Performance Counters
====================
Cycles:                     238010
Instructions Retired:       122331
LSU Busy:                   12139
Fetch Wait:                 47593
Loads:                      6940
Stores:                     5199
Jumps:                      1909
Conditional Branches:       48040
Taken Conditional Branches: 47589
Compressed Instructions:    0
Multiply Wait:              1048
