Program header number 0 in `/workspace/out/cache/e890e4dc91ce1b0baf232474159aa1a08fb50ed14a31e19e8d6f3e8c9e40c602/run/program.elf' is not of type PT_LOAD; ignoring.
Program header number 3 in `/workspace/out/cache/e890e4dc91ce1b0baf232474159aa1a08fb50ed14a31e19e8d6f3e8c9e40c602/run/program.elf' is not of type PT_LOAD; ignoring.
Simulation of Ibex
==================

Tracing can be toggled by sending SIGUSR1 to this process:
$ kill -USR1 17

Simulation running, end by pressing CTRL-c.
Tracing enabled.
Writing simulation traces to sim.fst
TOP.ibex_simple_system.u_top.u_ibex_tracer.unnamedblk2.unnamedblk3: Writing execution trace to trace_core_00000000.log
Terminating simulation by software request.
- src/lowrisc_ibex_sim_shared_0/rtl/sim/simulator_ctrl.sv:93: Verilog $finish
Received $finish() from Verilog, shutting down simulation.

Simulation statistics
=====================
Executed cycles:  238015
Wallclock time:   4.764 s
Simulation speed: 49961.2 cycles/s (49.9612 kHz)
Trace file size:  16530366 B

You can view the simulation traces by calling
$ gtkwave sim.fst

Performance Counters
====================
Cycles:                     238011
Instructions Retired:       107206
LSU Busy:                   12163
Fetch Wait:                 39926
Loads:                      7055
Stores:                     5108
Jumps:                      1929
Conditional Branches:       40651
Taken Conditional Branches: 39922
Compressed Instructions:    0
Multiply Wait:              0
