Program header number 0 in `/workspace/out/cache/037d7c1a0f9a1e4dbd0aa6e4f699a1c041dc09c6a02dfceb0171dcfaf8612b25/run/program.elf' is not of type PT_LOAD; ignoring.
Program header number 3 in `/workspace/out/cache/037d7c1a0f9a1e4dbd0aa6e4f699a1c041dc09c6a02dfceb0171dcfaf8612b25/run/program.elf' is not of type PT_LOAD; ignoring.
Simulation of Ibex
==================

Tracing can be toggled by sending SIGUSR1 to this process:
$ kill -USR1 18

Simulation running, end by pressing CTRL-c.
Tracing enabled.
Writing simulation traces to sim.fst
TOP.ibex_simple_system.u_top.u_ibex_tracer.unnamedblk2.unnamedblk3: Writing execution trace to trace_core_00000000.log
Terminating simulation by software request.
- src/lowrisc_ibex_sim_shared_0/rtl/sim/simulator_ctrl.sv:93: Verilog $finish
Received $finish() from Verilog, shutting down simulation.

Simulation statistics
=====================
Executed cycles:  238014
Wallclock time:   4.899 s
Simulation speed: 48584.2 cycles/s (48.5842 kHz)
Trace file size:  18238108 B

You can view the simulation traces by calling
$ gtkwave sim.fst

Performance Counters
====================
Cycles:                     238010
Instructions Retired:       120774
LSU Busy:                   11651
Fetch Wait:                 46715
Loads:                      6696
Stores:                     4955
Jumps:                      1918
Conditional Branches:       47435
Taken Conditional Branches: 46711
Compressed Instructions:    0
Multiply Wait:              1024
