Program header number 0 in `/workspace/out/cache/7e11b3020064c1a745461fc7b8f838f6b41b4960b7a6e15afca1f7fc6411d38a/run/program.elf' is not of type PT_LOAD; ignoring.
Program header number 3 in `/workspace/out/cache/7e11b3020064c1a745461fc7b8f838f6b41b4960b7a6e15afca1f7fc6411d38a/run/program.elf' is not of type PT_LOAD; ignoring.
Simulation of Ibex
==================

Tracing can be toggled by sending SIGUSR1 to this process:
$ kill -USR1 18

Simulation running, end by pressing CTRL-c.
Tracing enabled.
Writing simulation traces to sim.fst
TOP.ibex_simple_system.u_top.u_ibex_tracer.unnamedblk2.unnamedblk3: Writing execution trace to trace_core_00000000.log
Terminating simulation by software request.
- src/lowrisc_ibex_sim_shared_0/rtl/sim/simulator_ctrl.sv:93: Verilog $finish
Received $finish() from Verilog, shutting down simulation.

Simulation statistics
=====================
Executed cycles:  238016
Wallclock time:   5.145 s
Simulation speed: 46261.6 cycles/s (46.2616 kHz)
Trace file size:  18334220 B

You can view the simulation traces by calling
$ gtkwave sim.fst

Performance Counters
====================
Cycles:                     238012
Instructions Retired:       125323
LSU Busy:                   11724
Fetch Wait:                 48924
Loads:                      6733
Stores:                     4991
Jumps:                      1919
Conditional Branches:       49576
Taken Conditional Branches: 48920
Compressed Instructions:    0
Multiply Wait:              1006
