Program header number 0 in `/workspace/out/cache/a18539bbb836c0d042de88253fce92e23da4585d1cf7897f27f0ce0dcc2dd33c/run/program.elf' is not of type PT_LOAD; ignoring.
Program header number 3 in `/workspace/out/cache/a18539bbb836c0d042de88253fce92e23da4585d1cf7897f27f0ce0dcc2dd33c/run/program.elf' is not of type PT_LOAD; ignoring.
Simulation of Ibex
==================

Tracing can be toggled by sending SIGUSR1 to this process:
$ kill -USR1 17

Simulation running, end by pressing CTRL-c.
Tracing enabled.
Writing simulation traces to sim.fst
TOP.ibex_simple_system.u_top.u_ibex_tracer.unnamedblk2.unnamedblk3: Writing execution trace to trace_core_00000000.log
Terminating simulation by software request.
- src/lowrisc_ibex_sim_shared_0/rtl/sim/simulator_ctrl.sv:93: Verilog $finish
Received $finish() from Verilog, shutting down simulation.

Simulation statistics
=====================
Executed cycles:  238012
Wallclock time:   4.97 s
Simulation speed: 47889.7 cycles/s (47.8897 kHz)
Trace file size:  17894653 B

You can view the simulation traces by calling
$ gtkwave sim.fst

Performance Counters
====================
Cycles:                     238008
Instructions Retired:       124720
LSU Busy:                   11139
Fetch Wait:                 49607
Loads:                      6440
Stores:                     4699
Jumps:                      1914
Conditional Branches:       50059
Taken Conditional Branches: 49603
Compressed Instructions:    0
Multiply Wait:              0
