Program header number 0 in `/workspace/out/cache/24d437e41222d908ff3333e9ced364bab943a59c4097c6bea9f9748bc089a82f/run/program.elf' is not of type PT_LOAD; ignoring.
Program header number 3 in `/workspace/out/cache/24d437e41222d908ff3333e9ced364bab943a59c4097c6bea9f9748bc089a82f/run/program.elf' is not of type PT_LOAD; ignoring.
Simulation of Ibex
==================

Tracing can be toggled by sending SIGUSR1 to this process:
$ kill -USR1 17

Simulation running, end by pressing CTRL-c.
Tracing enabled.
Writing simulation traces to sim.fst
TOP.ibex_simple_system.u_top.u_ibex_tracer.unnamedblk2.unnamedblk3: Writing execution trace to trace_core_00000000.log
Terminating simulation by software request.
- src/lowrisc_ibex_sim_shared_0/rtl/sim/simulator_ctrl.sv:93: Verilog $finish
Received $finish() from Verilog, shutting down simulation.

Simulation statistics
=====================
Executed cycles:  238014
Wallclock time:   4.838 s
Simulation speed: 49196.8 cycles/s (49.1968 kHz)
Trace file size:  18411921 B

You can view the simulation traces by calling
$ gtkwave sim.fst

Performance Counters
====================
Cycles:                     238010
Instructions Retired:       125465
LSU Busy:                   11139
Fetch Wait:                 49745
Loads:                      6440
Stores:                     4699
Jumps:                      1919
Conditional Branches:       50652
Taken Conditional Branches: 49741
Compressed Instructions:    0
Multiply Wait:              0
