Program header number 0 in `/workspace/out/cache/fa3c50ea1d9a28ab8d9e4b6e3ac63a2cc202d6fb2f38ea619a67509ecfd1825d/run/program.elf' is not of type PT_LOAD; ignoring.
Program header number 3 in `/workspace/out/cache/fa3c50ea1d9a28ab8d9e4b6e3ac63a2cc202d6fb2f38ea619a67509ecfd1825d/run/program.elf' is not of type PT_LOAD; ignoring.
Simulation of Ibex
==================

Tracing can be toggled by sending SIGUSR1 to this process:
$ kill -USR1 17

Simulation running, end by pressing CTRL-c.
Tracing enabled.
Writing simulation traces to sim.fst
TOP.ibex_simple_system.u_top.u_ibex_tracer.unnamedblk2.unnamedblk3: Writing execution trace to trace_core_00000000.log
Terminating simulation by software request.
- src/lowrisc_ibex_sim_shared_0/rtl/sim/simulator_ctrl.sv:93: Verilog $finish
Received $finish() from Verilog, shutting down simulation.

Simulation statistics
=====================
Executed cycles:  238012
Wallclock time:   5.451 s
Simulation speed: 43663.9 cycles/s (43.6639 kHz)
Trace file size:  18534364 B

You can view the simulation traces by calling
$ gtkwave sim.fst

Performance Counters
====================
Cycles:                     238008
Instructions Retired:       125294
LSU Busy:                   12307
Fetch Wait:                 48663
Loads:                      7024
Stores:                     5283
Jumps:                      1908
Conditional Branches:       49157
Taken Conditional Branches: 48659
Compressed Instructions:    0
Multiply Wait:              1176
