Program header number 0 in `/workspace/out/cache/684220f1a985e1933b970c98edb3baf7797877c2ee564280eefc2a66a00dcf01/run/program.elf' is not of type PT_LOAD; ignoring.
Program header number 3 in `/workspace/out/cache/684220f1a985e1933b970c98edb3baf7797877c2ee564280eefc2a66a00dcf01/run/program.elf' is not of type PT_LOAD; ignoring.
Simulation of Ibex
==================

Tracing can be toggled by sending SIGUSR1 to this process:
$ kill -USR1 17

Simulation running, end by pressing CTRL-c.
Tracing enabled.
Writing simulation traces to sim.fst
TOP.ibex_simple_system.u_top.u_ibex_tracer.unnamedblk2.unnamedblk3: Writing execution trace to trace_core_00000000.log
Terminating simulation by software request.
- src/lowrisc_ibex_sim_shared_0/rtl/sim/simulator_ctrl.sv:93: Verilog $finish
Received $finish() from Verilog, shutting down simulation.

Simulation statistics
=====================
Executed cycles:  238015
Wallclock time:   4.563 s
Simulation speed: 52162 cycles/s (52.162 kHz)
Trace file size:  16965983 B

You can view the simulation traces by calling
$ gtkwave sim.fst

Performance Counters
====================
Cycles:                     238011
Instructions Retired:       113530
LSU Busy:                   12163
Fetch Wait:                 43490
Loads:                      7055
Stores:                     5108
Jumps:                      1917
Conditional Branches:       43947
Taken Conditional Branches: 43486
Compressed Instructions:    0
Multiply Wait:              0
