Program header number 0 in `/workspace/out/cache/6a31904e43ae4b23cb0d5199b7d64679975ad528d41551d7f1c9a7f5926a0a00/run/program.elf' is not of type PT_LOAD; ignoring.
Program header number 3 in `/workspace/out/cache/6a31904e43ae4b23cb0d5199b7d64679975ad528d41551d7f1c9a7f5926a0a00/run/program.elf' is not of type PT_LOAD; ignoring.
Simulation of Ibex
==================

Tracing can be toggled by sending SIGUSR1 to this process:
$ kill -USR1 17

Simulation running, end by pressing CTRL-c.
Tracing enabled.
Writing simulation traces to sim.fst
TOP.ibex_simple_system.u_top.u_ibex_tracer.unnamedblk2.unnamedblk3: Writing execution trace to trace_core_00000000.log
Terminating simulation by software request.
- src/lowrisc_ibex_sim_shared_0/rtl/sim/simulator_ctrl.sv:93: Verilog $finish
Received $finish() from Verilog, shutting down simulation.

Simulation statistics
=====================
Executed cycles:  238014
Wallclock time:   5.834 s
Simulation speed: 40797.7 cycles/s (40.7977 kHz)
Trace file size:  18231705 B

You can view the simulation traces by calling
$ gtkwave sim.fst

Performance Counters
====================
Cycles:                     238010
Instructions Retired:       124464
LSU Busy:                   11139
Fetch Wait:                 49454
Loads:                      6440
Stores:                     4699
Jumps:                      1928
Conditional Branches:       49922
Taken Conditional Branches: 49450
Compressed Instructions:    0
Multiply Wait:              1574
