Program header number 0 in `/workspace/out/cache/b71806b340986f450606d2b8b15e93ae87ad048d7bf2a771f2874e9de801ea45/run/program.elf' is not of type PT_LOAD; ignoring.
Program header number 3 in `/workspace/out/cache/b71806b340986f450606d2b8b15e93ae87ad048d7bf2a771f2874e9de801ea45/run/program.elf' is not of type PT_LOAD; ignoring.
Simulation of Ibex
==================

Tracing can be toggled by sending SIGUSR1 to this process:
$ kill -USR1 17

Simulation running, end by pressing CTRL-c.
Tracing enabled.
Writing simulation traces to sim.fst
TOP.ibex_simple_system.u_top.u_ibex_tracer.unnamedblk2.unnamedblk3: Writing execution trace to trace_core_00000000.log
Terminating simulation by software request.
- src/lowrisc_ibex_sim_shared_0/rtl/sim/simulator_ctrl.sv:93: Verilog $finish
Received $finish() from Verilog, shutting down simulation.

Simulation statistics
=====================
Executed cycles:  238012
Wallclock time:   5.287 s
Simulation speed: 45018.3 cycles/s (45.0183 kHz)
Trace file size:  17853132 B

You can view the simulation traces by calling
$ gtkwave sim.fst

Performance Counters
====================
Cycles:                     238008
Instructions Retired:       124291
LSU Busy:                   11685
Fetch Wait:                 49164
Loads:                      6986
Stores:                     4699
Jumps:                      1895
Conditional Branches:       49795
Taken Conditional Branches: 49160
Compressed Instructions:    0
Multiply Wait:              308
