Program header number 0 in `/workspace/out/cache/b68d6c0500ad2c07112464accd92ca45d9f8d236884ce46fbdd167369c566807/run/program.elf' is not of type PT_LOAD; ignoring.
Program header number 3 in `/workspace/out/cache/b68d6c0500ad2c07112464accd92ca45d9f8d236884ce46fbdd167369c566807/run/program.elf' is not of type PT_LOAD; ignoring.
Simulation of Ibex
==================

Tracing can be toggled by sending SIGUSR1 to this process:
$ kill -USR1 17

Simulation running, end by pressing CTRL-c.
Tracing enabled.
Writing simulation traces to sim.fst
TOP.ibex_simple_system.u_top.u_ibex_tracer.unnamedblk2.unnamedblk3: Writing execution trace to trace_core_00000000.log
Terminating simulation by software request.
- src/lowrisc_ibex_sim_shared_0/rtl/sim/simulator_ctrl.sv:93: Verilog $finish
Received $finish() from Verilog, shutting down simulation.

Simulation statistics
=====================
Executed cycles:  238013
Wallclock time:   5.13 s
Simulation speed: 46396.3 cycles/s (46.3963 kHz)
Trace file size:  18042526 B

You can view the simulation traces by calling
$ gtkwave sim.fst

Performance Counters
====================
Cycles:                     238009
Instructions Retired:       124176
LSU Busy:                   11489
Fetch Wait:                 49205
Loads:                      6790
Stores:                     4699
Jumps:                      1917
Conditional Branches:       49793
Taken Conditional Branches: 49201
Compressed Instructions:    0
Multiply Wait:              2020
