Program header number 0 in `/workspace/out/cache/8767b9d8b39da2c16124d602cbd08703545fe04220518d1ea4fb9090491c39b5/run/program.elf' is not of type PT_LOAD; ignoring.
Program header number 3 in `/workspace/out/cache/8767b9d8b39da2c16124d602cbd08703545fe04220518d1ea4fb9090491c39b5/run/program.elf' is not of type PT_LOAD; ignoring.
Simulation of Ibex
==================

Tracing can be toggled by sending SIGUSR1 to this process:
$ kill -USR1 17

Simulation running, end by pressing CTRL-c.
Tracing enabled.
Writing simulation traces to sim.fst
TOP.ibex_simple_system.u_top.u_ibex_tracer.unnamedblk2.unnamedblk3: Writing execution trace to trace_core_00000000.log
Terminating simulation by software request.
- src/lowrisc_ibex_sim_shared_0/rtl/sim/simulator_ctrl.sv:93: Verilog $finish
Received $finish() from Verilog, shutting down simulation.

Simulation statistics
=====================
Executed cycles:  238014
Wallclock time:   4.383 s
Simulation speed: 54303.9 cycles/s (54.3039 kHz)
Trace file size:  16640540 B

You can view the simulation traces by calling
$ gtkwave sim.fst

Performance Counters
====================
Cycles:                     238010
Instructions Retired:       105298
LSU Busy:                   11639
Fetch Wait:                 39794
Loads:                      6690
Stores:                     4949
Jumps:                      1924
Conditional Branches:       40380
Taken Conditional Branches: 39790
Compressed Instructions:    0
Multiply Wait:              0
