Program header number 0 in `/workspace/out/cache/60ea3b328bc34856a02846676f8b202930581164e2287b18890bf36117b13897/run/program.elf' is not of type PT_LOAD; ignoring.
Program header number 3 in `/workspace/out/cache/60ea3b328bc34856a02846676f8b202930581164e2287b18890bf36117b13897/run/program.elf' is not of type PT_LOAD; ignoring.
Simulation of Ibex
==================

Tracing can be toggled by sending SIGUSR1 to this process:
$ kill -USR1 18

Simulation running, end by pressing CTRL-c.
Tracing enabled.
Writing simulation traces to sim.fst
TOP.ibex_simple_system.u_top.u_ibex_tracer.unnamedblk2.unnamedblk3: Writing execution trace to trace_core_00000000.log
Terminating simulation by software request.
- src/lowrisc_ibex_sim_shared_0/rtl/sim/simulator_ctrl.sv:93: Verilog $finish
Received $finish() from Verilog, shutting down simulation.

Simulation statistics
=====================
Executed cycles:  238013
Wallclock time:   3.96 s
Simulation speed: 60104.3 cycles/s (60.1043 kHz)
Trace file size:  15941794 B

You can view the simulation traces by calling
$ gtkwave sim.fst

Performance Counters
====================
Cycles:                     238009
Instructions Retired:       97887
LSU Busy:                   11687
Fetch Wait:                 35986
Loads:                      6714
Stores:                     4973
Jumps:                      1918
Conditional Branches:       36692
Taken Conditional Branches: 35982
Compressed Instructions:    0
Multiply Wait:              548
