Program header number 0 in `/workspace/out/cache/ad6599d2cca9a7c9416a686c43b3a5b6c6b9e722fbeb38ca757797052e343d05/run/program.elf' is not of type PT_LOAD; ignoring.
Program header number 3 in `/workspace/out/cache/ad6599d2cca9a7c9416a686c43b3a5b6c6b9e722fbeb38ca757797052e343d05/run/program.elf' is not of type PT_LOAD; ignoring.
Simulation of Ibex
==================

Tracing can be toggled by sending SIGUSR1 to this process:
$ kill -USR1 18

Simulation running, end by pressing CTRL-c.
Tracing enabled.
Writing simulation traces to sim.fst
TOP.ibex_simple_system.u_top.u_ibex_tracer.unnamedblk2.unnamedblk3: Writing execution trace to trace_core_00000000.log
Terminating simulation by software request.
- src/lowrisc_ibex_sim_shared_0/rtl/sim/simulator_ctrl.sv:93: Verilog $finish
Received $finish() from Verilog, shutting down simulation.

Simulation statistics
=====================
Executed cycles:  238013
Wallclock time:   4.835 s
Simulation speed: 49227.1 cycles/s (49.2271 kHz)
Trace file size:  18439356 B

You can view the simulation traces by calling
$ gtkwave sim.fst

Performance Counters
====================
Cycles:                     238009
Instructions Retired:       126040
LSU Busy:                   11935
Fetch Wait:                 49056
Loads:                      6838
Stores:                     5097
Jumps:                      1925
Conditional Branches:       49519
Taken Conditional Branches: 49052
Compressed Instructions:    0
Multiply Wait:              0
