Program header number 0 in `/workspace/out/cache/a529e5cc6e30208aa0d9366d057182ee5459c27c530de6a38697a7d4c484d7c2/run/program.elf' is not of type PT_LOAD; ignoring.
Program header number 3 in `/workspace/out/cache/a529e5cc6e30208aa0d9366d057182ee5459c27c530de6a38697a7d4c484d7c2/run/program.elf' is not of type PT_LOAD; ignoring.
Simulation of Ibex
==================

Tracing can be toggled by sending SIGUSR1 to this process:
$ kill -USR1 18

Simulation running, end by pressing CTRL-c.
Tracing enabled.
Writing simulation traces to sim.fst
TOP.ibex_simple_system.u_top.u_ibex_tracer.unnamedblk2.unnamedblk3: Writing execution trace to trace_core_00000000.log
Terminating simulation by software request.
- src/lowrisc_ibex_sim_shared_0/rtl/sim/simulator_ctrl.sv:93: Verilog $finish
Received $finish() from Verilog, shutting down simulation.

Simulation statistics
=====================
Executed cycles:  238012
Wallclock time:   5.298 s
Simulation speed: 44924.9 cycles/s (44.9249 kHz)
Trace file size:  18272599 B

You can view the simulation traces by calling
$ gtkwave sim.fst

Performance Counters
====================
Cycles:                     238008
Instructions Retired:       123365
LSU Busy:                   11993
Fetch Wait:                 48246
Loads:                      6867
Stores:                     5126
Jumps:                      1905
Conditional Branches:       48690
Taken Conditional Branches: 48242
Compressed Instructions:    0
Multiply Wait:              704
