Program header number 0 in `/workspace/out/cache/2499ca8b478aaf14bc00ed05a16f2bb4059d10bcb93dbe79b67343daacdf370c/run/program.elf' is not of type PT_LOAD; ignoring.
Program header number 3 in `/workspace/out/cache/2499ca8b478aaf14bc00ed05a16f2bb4059d10bcb93dbe79b67343daacdf370c/run/program.elf' is not of type PT_LOAD; ignoring.
Simulation of Ibex
==================

Tracing can be toggled by sending SIGUSR1 to this process:
$ kill -USR1 18

Simulation running, end by pressing CTRL-c.
Tracing enabled.
Writing simulation traces to sim.fst
TOP.ibex_simple_system.u_top.u_ibex_tracer.unnamedblk2.unnamedblk3: Writing execution trace to trace_core_00000000.log
Terminating simulation by software request.
- src/lowrisc_ibex_sim_shared_0/rtl/sim/simulator_ctrl.sv:93: Verilog $finish
Received $finish() from Verilog, shutting down simulation.

Simulation statistics
=====================
Executed cycles:  238013
Wallclock time:   5.43 s
Simulation speed: 43833 cycles/s (43.833 kHz)
Trace file size:  18111019 B

You can view the simulation traces by calling
$ gtkwave sim.fst

Performance Counters
====================
Cycles:                     238009
Instructions Retired:       118267
LSU Busy:                   12601
Fetch Wait:                 44420
Loads:                      7902
Stores:                     4699
Jumps:                      1916
Conditional Branches:       44878
Taken Conditional Branches: 44416
Compressed Instructions:    0
Multiply Wait:              584
