Program header number 0 in `/workspace/out/cache/3525413cce824f62e8f22ab8fac255ec3821f7a6f4a13ee52bb6a920b92f0e35/run/program.elf' is not of type PT_LOAD; ignoring.
Program header number 3 in `/workspace/out/cache/3525413cce824f62e8f22ab8fac255ec3821f7a6f4a13ee52bb6a920b92f0e35/run/program.elf' is not of type PT_LOAD; ignoring.
Simulation of Ibex
==================

Tracing can be toggled by sending SIGUSR1 to this process:
$ kill -USR1 18

Simulation running, end by pressing CTRL-c.
Tracing enabled.
Writing simulation traces to sim.fst
TOP.ibex_simple_system.u_top.u_ibex_tracer.unnamedblk2.unnamedblk3: Writing execution trace to trace_core_00000000.log
Terminating simulation by software request.
- src/lowrisc_ibex_sim_shared_0/rtl/sim/simulator_ctrl.sv:93: Verilog $finish
Received $finish() from Verilog, shutting down simulation.

Simulation statistics
=====================
Executed cycles:  238011
Wallclock time:   4.404 s
Simulation speed: 54044.3 cycles/s (54.0443 kHz)
Trace file size:  16690363 B

You can view the simulation traces by calling
$ gtkwave sim.fst

Performance Counters
====================
Cycles:                     238007
Instructions Retired:       115971
LSU Busy:                   12787
Fetch Wait:                 42350
Loads:                      7214
Stores:                     5573
Jumps:                      2104
Conditional Branches:       43242
Taken Conditional Branches: 42346
Compressed Instructions:    0
Multiply Wait:              848
