Program header number 0 in `/workspace/out/cache/5f3be3e3a406dca872087be9db3c2ff2abd3434961ff505496afec0253ea55e7/run/program.elf' is not of type PT_LOAD; ignoring.
Program header number 3 in `/workspace/out/cache/5f3be3e3a406dca872087be9db3c2ff2abd3434961ff505496afec0253ea55e7/run/program.elf' is not of type PT_LOAD; ignoring.
Simulation of Ibex
==================

Tracing can be toggled by sending SIGUSR1 to this process:
$ kill -USR1 18

Simulation running, end by pressing CTRL-c.
Tracing enabled.
Writing simulation traces to sim.fst
TOP.ibex_simple_system.u_top.u_ibex_tracer.unnamedblk2.unnamedblk3: Writing execution trace to trace_core_00000000.log
Terminating simulation by software request.
- src/lowrisc_ibex_sim_shared_0/rtl/sim/simulator_ctrl.sv:93: Verilog $finish
Received $finish() from Verilog, shutting down simulation.

Simulation statistics
=====================
Executed cycles:  253079
Wallclock time:   4.358 s
Simulation speed: 58072.3 cycles/s (58.0723 kHz)
Trace file size:  17384801 B

You can view the simulation traces by calling
$ gtkwave sim.fst

Performance Counters
====================
Cycles:                     253075
Instructions Retired:       110388
LSU Busy:                   11969
Fetch Wait:                 41257
Loads:                      7010
Stores:                     4959
Jumps:                      1911
Conditional Branches:       41712
Taken Conditional Branches: 41253
Compressed Instructions:    0
Multiply Wait:              0
