Program header number 0 in `/workspace/out/cache/4678905824edd48d6fb063c84b0cc4a593bf465293897e0932f7dabfcbf3f344/run/program.elf' is not of type PT_LOAD; ignoring.
Program header number 3 in `/workspace/out/cache/4678905824edd48d6fb063c84b0cc4a593bf465293897e0932f7dabfcbf3f344/run/program.elf' is not of type PT_LOAD; ignoring.
Simulation of Ibex
==================

Tracing can be toggled by sending SIGUSR1 to this process:
$ kill -USR1 17

Simulation running, end by pressing CTRL-c.
Tracing enabled.
Writing simulation traces to sim.fst
TOP.ibex_simple_system.u_top.u_ibex_tracer.unnamedblk2.unnamedblk3: Writing execution trace to trace_core_00000000.log
Terminating simulation by software request.
- src/lowrisc_ibex_sim_shared_0/rtl/sim/simulator_ctrl.sv:93: Verilog $finish
Received $finish() from Verilog, shutting down simulation.

Simulation statistics
=====================
Executed cycles:  238016
Wallclock time:   5.006 s
Simulation speed: 47546.1 cycles/s (47.5461 kHz)
Trace file size:  17688520 B

You can view the simulation traces by calling
$ gtkwave sim.fst

Performance Counters
====================
Cycles:                     238012
Instructions Retired:       118682
LSU Busy:                   11871
Fetch Wait:                 46097
Loads:                      6878
Stores:                     4993
Jumps:                      1899
Conditional Branches:       46826
Taken Conditional Branches: 46093
Compressed Instructions:    0
Multiply Wait:              340
