Program header number 0 in `/workspace/out/cache/f12c313d3843d46e865bfa58ab4cbbbd0e84f54196eefb193ca710daa80188f8/run/program.elf' is not of type PT_LOAD; ignoring.
Program header number 3 in `/workspace/out/cache/f12c313d3843d46e865bfa58ab4cbbbd0e84f54196eefb193ca710daa80188f8/run/program.elf' is not of type PT_LOAD; ignoring.
Simulation of Ibex
==================

Tracing can be toggled by sending SIGUSR1 to this process:
$ kill -USR1 17

Simulation running, end by pressing CTRL-c.
Tracing enabled.
Writing simulation traces to sim.fst
TOP.ibex_simple_system.u_top.u_ibex_tracer.unnamedblk2.unnamedblk3: Writing execution trace to trace_core_00000000.log
Terminating simulation by software request.
- src/lowrisc_ibex_sim_shared_0/rtl/sim/simulator_ctrl.sv:93: Verilog $finish
Received $finish() from Verilog, shutting down simulation.

Simulation statistics
=====================
Executed cycles:  238014
Wallclock time:   5 s
Simulation speed: 47602.8 cycles/s (47.6028 kHz)
Trace file size:  18467299 B

You can view the simulation traces by calling
$ gtkwave sim.fst

Performance Counters
====================
Cycles:                     238010
Instructions Retired:       125319
LSU Busy:                   11701
Fetch Wait:                 49182
Loads:                      6806
Stores:                     4895
Jumps:                      1875
Conditional Branches:       49601
Taken Conditional Branches: 49178
Compressed Instructions:    0
Multiply Wait:              754
