Program header number 0 in `/workspace/out/cache/c0c027aabe1c26b10c5768e3c9bedd28386388e499b6d7b4d7cf412d310aa504/run/program.elf' is not of type PT_LOAD; ignoring.
Program header number 3 in `/workspace/out/cache/c0c027aabe1c26b10c5768e3c9bedd28386388e499b6d7b4d7cf412d310aa504/run/program.elf' is not of type PT_LOAD; ignoring.
Simulation of Ibex
==================

Tracing can be toggled by sending SIGUSR1 to this process:
$ kill -USR1 18

Simulation running, end by pressing CTRL-c.
Tracing enabled.
Writing simulation traces to sim.fst
TOP.ibex_simple_system.u_top.u_ibex_tracer.unnamedblk2.unnamedblk3: Writing execution trace to trace_core_00000000.log
Terminating simulation by software request.
- src/lowrisc_ibex_sim_shared_0/rtl/sim/simulator_ctrl.sv:93: Verilog $finish
Received $finish() from Verilog, shutting down simulation.

Simulation statistics
=====================
Executed cycles:  238013
Wallclock time:   5.087 s
Simulation speed: 46788.5 cycles/s (46.7885 kHz)
Trace file size:  17599406 B

You can view the simulation traces by calling
$ gtkwave sim.fst

Performance Counters
====================
Cycles:                     238009
Instructions Retired:       117658
LSU Busy:                   11822
Fetch Wait:                 45039
Loads:                      6782
Stores:                     5040
Jumps:                      1922
Conditional Branches:       45499
Taken Conditional Branches: 45035
Compressed Instructions:    0
Multiply Wait:              1196
