Program header number 0 in `/workspace/out/cache/7a17d5bd567d71c2a7a1e5c3e07e6e3958f1d0ba041760a13d1a2c5e50090f10/run/program.elf' is not of type PT_LOAD; ignoring.
Program header number 3 in `/workspace/out/cache/7a17d5bd567d71c2a7a1e5c3e07e6e3958f1d0ba041760a13d1a2c5e50090f10/run/program.elf' is not of type PT_LOAD; ignoring.
Simulation of Ibex
==================

Tracing can be toggled by sending SIGUSR1 to this process:
$ kill -USR1 17

Simulation running, end by pressing CTRL-c.
Tracing enabled.
Writing simulation traces to sim.fst
TOP.ibex_simple_system.u_top.u_ibex_tracer.unnamedblk2.unnamedblk3: Writing execution trace to trace_core_00000000.log
Terminating simulation by software request.
- src/lowrisc_ibex_sim_shared_0/rtl/sim/simulator_ctrl.sv:93: Verilog $finish
Received $finish() from Verilog, shutting down simulation.

Simulation statistics
=====================
Executed cycles:  238013
Wallclock time:   4.691 s
Simulation speed: 50738.2 cycles/s (50.7382 kHz)
Trace file size:  17139035 B

You can view the simulation traces by calling
$ gtkwave sim.fst

Performance Counters
====================
Cycles:                     238009
Instructions Retired:       114041
LSU Busy:                   11695
Fetch Wait:                 43630
Loads:                      6718
Stores:                     4977
Jumps:                      1918
Conditional Branches:       44221
Taken Conditional Branches: 43626
Compressed Instructions:    0
Multiply Wait:              1134
