Program header number 0 in `/workspace/out/cache/e88a9d8d9197dde1e8cd2b0452046157a6eb35ca7c6591c4fa01d6ec2730a1f2/run/program.elf' is not of type PT_LOAD; ignoring.
Program header number 3 in `/workspace/out/cache/e88a9d8d9197dde1e8cd2b0452046157a6eb35ca7c6591c4fa01d6ec2730a1f2/run/program.elf' is not of type PT_LOAD; ignoring.
Simulation of Ibex
==================

Tracing can be toggled by sending SIGUSR1 to this process:
$ kill -USR1 16

Simulation running, end by pressing CTRL-c.
Tracing enabled.
Writing simulation traces to sim.fst
TOP.ibex_simple_system.u_top.u_ibex_tracer.unnamedblk2.unnamedblk3: Writing execution trace to trace_core_00000000.log
Terminating simulation by software request.
- src/lowrisc_ibex_sim_shared_0/rtl/sim/simulator_ctrl.sv:93: Verilog $finish
Received $finish() from Verilog, shutting down simulation.

Simulation statistics
=====================
Executed cycles:  238014
Wallclock time:   5.246 s
Simulation speed: 45370.6 cycles/s (45.3706 kHz)
Trace file size:  17708587 B

You can view the simulation traces by calling
$ gtkwave sim.fst

Performance Counters
====================
Cycles:                     238010
Instructions Retired:       126577
LSU Busy:                   12073
Fetch Wait:                 48715
Loads:                      6907
Stores:                     5166
Jumps:                      1933
Conditional Branches:       49974
Taken Conditional Branches: 48711
Compressed Instructions:    0
Multiply Wait:              0
