Program header number 0 in `/workspace/out/cache/176fe70ffd109136a276e3d1211eb151058527d09ac430ff16196327d16d1b49/run/program.elf' is not of type PT_LOAD; ignoring.
Program header number 3 in `/workspace/out/cache/176fe70ffd109136a276e3d1211eb151058527d09ac430ff16196327d16d1b49/run/program.elf' is not of type PT_LOAD; ignoring.
Simulation of Ibex
==================

Tracing can be toggled by sending SIGUSR1 to this process:
$ kill -USR1 17

Simulation running, end by pressing CTRL-c.
Tracing enabled.
Writing simulation traces to sim.fst
TOP.ibex_simple_system.u_top.u_ibex_tracer.unnamedblk2.unnamedblk3: Writing execution trace to trace_core_00000000.log
Terminating simulation by software request.
- src/lowrisc_ibex_sim_shared_0/rtl/sim/simulator_ctrl.sv:93: Verilog $finish
Received $finish() from Verilog, shutting down simulation.

Simulation statistics
=====================
Executed cycles:  238012
Wallclock time:   5.186 s
Simulation speed: 45895.1 cycles/s (45.8951 kHz)
Trace file size:  17955367 B

You can view the simulation traces by calling
$ gtkwave sim.fst

Performance Counters
====================
Cycles:                     238008
Instructions Retired:       118585
LSU Busy:                   11969
Fetch Wait:                 45093
Loads:                      6856
Stores:                     5113
Jumps:                      1935
Conditional Branches:       45906
Taken Conditional Branches: 45089
Compressed Instructions:    0
Multiply Wait:              432
