Program header number 0 in `/workspace/out/cache/f3117a78de0e3cef81bae199aa3060a68ae07a9c09bc63a3c4de1292e1c2517e/run/program.elf' is not of type PT_LOAD; ignoring.
Program header number 3 in `/workspace/out/cache/f3117a78de0e3cef81bae199aa3060a68ae07a9c09bc63a3c4de1292e1c2517e/run/program.elf' is not of type PT_LOAD; ignoring.
Simulation of Ibex
==================

Tracing can be toggled by sending SIGUSR1 to this process:
$ kill -USR1 18

Simulation running, end by pressing CTRL-c.
Tracing enabled.
Writing simulation traces to sim.fst
TOP.ibex_simple_system.u_top.u_ibex_tracer.unnamedblk2.unnamedblk3: Writing execution trace to trace_core_00000000.log
Terminating simulation by software request.
- src/lowrisc_ibex_sim_shared_0/rtl/sim/simulator_ctrl.sv:93: Verilog $finish
Received $finish() from Verilog, shutting down simulation.

Simulation statistics
=====================
Executed cycles:  238015
Wallclock time:   5.087 s
Simulation speed: 46788.9 cycles/s (46.7889 kHz)
Trace file size:  18142286 B

You can view the simulation traces by calling
$ gtkwave sim.fst

Performance Counters
====================
Cycles:                     238011
Instructions Retired:       125237
LSU Busy:                   11139
Fetch Wait:                 49857
Loads:                      6440
Stores:                     4699
Jumps:                      1924
Conditional Branches:       50315
Taken Conditional Branches: 49853
Compressed Instructions:    0
Multiply Wait:              0
