Program header number 0 in `/workspace/out/cache/5c4fc687fb7cd86f33d7c91601804238a0bd8e1323ecc6c3ed1487186b909984/run/program.elf' is not of type PT_LOAD; ignoring.
Program header number 3 in `/workspace/out/cache/5c4fc687fb7cd86f33d7c91601804238a0bd8e1323ecc6c3ed1487186b909984/run/program.elf' is not of type PT_LOAD; ignoring.
Simulation of Ibex
==================

Tracing can be toggled by sending SIGUSR1 to this process:
$ kill -USR1 16

Simulation running, end by pressing CTRL-c.
Tracing enabled.
Writing simulation traces to sim.fst
TOP.ibex_simple_system.u_top.u_ibex_tracer.unnamedblk2.unnamedblk3: Writing execution trace to trace_core_00000000.log
Terminating simulation by software request.
- src/lowrisc_ibex_sim_shared_0/rtl/sim/simulator_ctrl.sv:93: Verilog $finish
Received $finish() from Verilog, shutting down simulation.

Simulation statistics
=====================
Executed cycles:  238013
Wallclock time:   4.441 s
Simulation speed: 53594.5 cycles/s (53.5945 kHz)
Trace file size:  17317232 B

You can view the simulation traces by calling
$ gtkwave sim.fst

Performance Counters
====================
Cycles:                     238009
Instructions Retired:       113357
LSU Busy:                   12179
Fetch Wait:                 42516
Loads:                      7003
Stores:                     5176
Jumps:                      1899
Conditional Branches:       43209
Taken Conditional Branches: 42512
Compressed Instructions:    0
Multiply Wait:              614
