Program header number 0 in `/workspace/out/cache/2ac845894ff2ae37f4684073b40acf12538ddf0eca772e44f54b28d7ac2450ae/run/program.elf' is not of type PT_LOAD; ignoring.
Program header number 3 in `/workspace/out/cache/2ac845894ff2ae37f4684073b40acf12538ddf0eca772e44f54b28d7ac2450ae/run/program.elf' is not of type PT_LOAD; ignoring.
Simulation of Ibex
==================

Tracing can be toggled by sending SIGUSR1 to this process:
$ kill -USR1 18

Simulation running, end by pressing CTRL-c.
Tracing enabled.
Writing simulation traces to sim.fst
TOP.ibex_simple_system.u_top.u_ibex_tracer.unnamedblk2.unnamedblk3: Writing execution trace to trace_core_00000000.log
Terminating simulation by software request.
- src/lowrisc_ibex_sim_shared_0/rtl/sim/simulator_ctrl.sv:93: Verilog $finish
Received $finish() from Verilog, shutting down simulation.

Simulation statistics
=====================
Executed cycles:  238013
Wallclock time:   4.872 s
Simulation speed: 48853.2 cycles/s (48.8532 kHz)
Trace file size:  18208895 B

You can view the simulation traces by calling
$ gtkwave sim.fst

Performance Counters
====================
Cycles:                     238009
Instructions Retired:       125786
LSU Busy:                   11991
Fetch Wait:                 48858
Loads:                      6866
Stores:                     5125
Jumps:                      1921
Conditional Branches:       49313
Taken Conditional Branches: 48854
Compressed Instructions:    0
Multiply Wait:              598
