Program header number 0 in `/workspace/out/cache/b85c109d116c9f10d1ae7f0d4fc4e378bc7e2f4f04ba509abc28c2abf8ee961e/run/program.elf' is not of type PT_LOAD; ignoring.
Program header number 3 in `/workspace/out/cache/b85c109d116c9f10d1ae7f0d4fc4e378bc7e2f4f04ba509abc28c2abf8ee961e/run/program.elf' is not of type PT_LOAD; ignoring.
Simulation of Ibex
==================

Tracing can be toggled by sending SIGUSR1 to this process:
$ kill -USR1 17

Simulation running, end by pressing CTRL-c.
Tracing enabled.
Writing simulation traces to sim.fst
TOP.ibex_simple_system.u_top.u_ibex_tracer.unnamedblk2.unnamedblk3: Writing execution trace to trace_core_00000000.log
Terminating simulation by software request.
- src/lowrisc_ibex_sim_shared_0/rtl/sim/simulator_ctrl.sv:93: Verilog $finish
Received $finish() from Verilog, shutting down simulation.

Simulation statistics
=====================
Executed cycles:  238016
Wallclock time:   5.365 s
Simulation speed: 44364.6 cycles/s (44.3646 kHz)
Trace file size:  18318224 B

You can view the simulation traces by calling
$ gtkwave sim.fst

Performance Counters
====================
Cycles:                     238012
Instructions Retired:       125233
LSU Busy:                   11139
Fetch Wait:                 49866
Loads:                      6440
Stores:                     4699
Jumps:                      1911
Conditional Branches:       50315
Taken Conditional Branches: 49862
Compressed Instructions:    0
Multiply Wait:              0
