Program header number 0 in `/workspace/out/cache/76e0c5fa83c0b5dee44dc2eb437e141939fb691863f361319ae8350895a9a7e6/run/program.elf' is not of type PT_LOAD; ignoring.
Program header number 3 in `/workspace/out/cache/76e0c5fa83c0b5dee44dc2eb437e141939fb691863f361319ae8350895a9a7e6/run/program.elf' is not of type PT_LOAD; ignoring.
Simulation of Ibex
==================

Tracing can be toggled by sending SIGUSR1 to this process:
$ kill -USR1 18

Simulation running, end by pressing CTRL-c.
Tracing enabled.
Writing simulation traces to sim.fst
TOP.ibex_simple_system.u_top.u_ibex_tracer.unnamedblk2.unnamedblk3: Writing execution trace to trace_core_00000000.log
Terminating simulation by software request.
- src/lowrisc_ibex_sim_shared_0/rtl/sim/simulator_ctrl.sv:93: Verilog $finish
Received $finish() from Verilog, shutting down simulation.

Simulation statistics
=====================
Executed cycles:  238012
Wallclock time:   5.121 s
Simulation speed: 46477.6 cycles/s (46.4776 kHz)
Trace file size:  18050735 B

You can view the simulation traces by calling
$ gtkwave sim.fst

Performance Counters
====================
Cycles:                     238008
Instructions Retired:       124223
LSU Busy:                   11395
Fetch Wait:                 49720
Loads:                      6568
Stores:                     4827
Jumps:                      1929
Conditional Branches:       50187
Taken Conditional Branches: 49716
Compressed Instructions:    0
Multiply Wait:              256
