Program header number 0 in `/workspace/out/cache/500273eabe8e24d942375453c330ff8465cf2869f8c38f4cb3b7e487c506bfc2/run/program.elf' is not of type PT_LOAD; ignoring.
Program header number 3 in `/workspace/out/cache/500273eabe8e24d942375453c330ff8465cf2869f8c38f4cb3b7e487c506bfc2/run/program.elf' is not of type PT_LOAD; ignoring.
Simulation of Ibex
==================

Tracing can be toggled by sending SIGUSR1 to this process:
$ kill -USR1 18

Simulation running, end by pressing CTRL-c.
Tracing enabled.
Writing simulation traces to sim.fst
TOP.ibex_simple_system.u_top.u_ibex_tracer.unnamedblk2.unnamedblk3: Writing execution trace to trace_core_00000000.log
Terminating simulation by software request.
- src/lowrisc_ibex_sim_shared_0/rtl/sim/simulator_ctrl.sv:93: Verilog $finish
Received $finish() from Verilog, shutting down simulation.

Simulation statistics
=====================
Executed cycles:  238014
Wallclock time:   4.832 s
Simulation speed: 49257.9 cycles/s (49.2579 kHz)
Trace file size:  17302180 B

You can view the simulation traces by calling
$ gtkwave sim.fst

Performance Counters
====================
Cycles:                     238010
Instructions Retired:       115324
LSU Busy:                   11864
Fetch Wait:                 44338
Loads:                      6940
Stores:                     4924
Jumps:                      1935
Conditional Branches:       44811
Taken Conditional Branches: 44334
Compressed Instructions:    0
Multiply Wait:              450
