Program header number 0 in `/workspace/out/cache/5334a160c67b8179a7a2fa611f219ed0c7cd4ffebb4b0dc4e3d27519a6acfe98/run/program.elf' is not of type PT_LOAD; ignoring.
Program header number 3 in `/workspace/out/cache/5334a160c67b8179a7a2fa611f219ed0c7cd4ffebb4b0dc4e3d27519a6acfe98/run/program.elf' is not of type PT_LOAD; ignoring.
Simulation of Ibex
==================

Tracing can be toggled by sending SIGUSR1 to this process:
$ kill -USR1 17

Simulation running, end by pressing CTRL-c.
Tracing enabled.
Writing simulation traces to sim.fst
TOP.ibex_simple_system.u_top.u_ibex_tracer.unnamedblk2.unnamedblk3: Writing execution trace to trace_core_00000000.log
Terminating simulation by software request.
- src/lowrisc_ibex_sim_shared_0/rtl/sim/simulator_ctrl.sv:93: Verilog $finish
Received $finish() from Verilog, shutting down simulation.

Simulation statistics
=====================
Executed cycles:  238014
Wallclock time:   5.463 s
Simulation speed: 43568.4 cycles/s (43.5684 kHz)
Trace file size:  17788885 B

You can view the simulation traces by calling
$ gtkwave sim.fst

Performance Counters
====================
Cycles:                     238010
Instructions Retired:       122931
LSU Busy:                   12139
Fetch Wait:                 47788
Loads:                      7440
Stores:                     4699
Jumps:                      1927
Conditional Branches:       48455
Taken Conditional Branches: 47784
Compressed Instructions:    0
Multiply Wait:              1296
