Program header number 0 in `/workspace/out/cache/a0cd5ae47424b8bd900aea3b4af73c75a698b3440ea5fe4e45775be9960fd2b1/run/program.elf' is not of type PT_LOAD; ignoring.
Program header number 3 in `/workspace/out/cache/a0cd5ae47424b8bd900aea3b4af73c75a698b3440ea5fe4e45775be9960fd2b1/run/program.elf' is not of type PT_LOAD; ignoring.
Simulation of Ibex
==================

Tracing can be toggled by sending SIGUSR1 to this process:
$ kill -USR1 18

Simulation running, end by pressing CTRL-c.
Tracing enabled.
Writing simulation traces to sim.fst
TOP.ibex_simple_system.u_top.u_ibex_tracer.unnamedblk2.unnamedblk3: Writing execution trace to trace_core_00000000.log
Terminating simulation by software request.
- src/lowrisc_ibex_sim_shared_0/rtl/sim/simulator_ctrl.sv:93: Verilog $finish
Received $finish() from Verilog, shutting down simulation.

Simulation statistics
=====================
Executed cycles:  238015
Wallclock time:   4.671 s
Simulation speed: 50955.9 cycles/s (50.9559 kHz)
Trace file size:  17202817 B

You can view the simulation traces by calling
$ gtkwave sim.fst

Performance Counters
====================
Cycles:                     238011
Instructions Retired:       114275
LSU Busy:                   11732
Fetch Wait:                 43885
Loads:                      7033
Stores:                     4699
Jumps:                      1925
Conditional Branches:       44349
Taken Conditional Branches: 43881
Compressed Instructions:    0
Multiply Wait:              1000
