Program header number 0 in `/workspace/out/cache/88da59a230ae46e7e8785eef9d182d84b35ba48e5e427de00d920e8c76239778/run/program.elf' is not of type PT_LOAD; ignoring.
Program header number 3 in `/workspace/out/cache/88da59a230ae46e7e8785eef9d182d84b35ba48e5e427de00d920e8c76239778/run/program.elf' is not of type PT_LOAD; ignoring.
Simulation of Ibex
==================

Tracing can be toggled by sending SIGUSR1 to this process:
$ kill -USR1 17

Simulation running, end by pressing CTRL-c.
Tracing enabled.
Writing simulation traces to sim.fst
TOP.ibex_simple_system.u_top.u_ibex_tracer.unnamedblk2.unnamedblk3: Writing execution trace to trace_core_00000000.log
Terminating simulation by software request.
- src/lowrisc_ibex_sim_shared_0/rtl/sim/simulator_ctrl.sv:93: Verilog $finish
Received $finish() from Verilog, shutting down simulation.

Simulation statistics
=====================
Executed cycles:  238013
Wallclock time:   5.354 s
Simulation speed: 44455.2 cycles/s (44.4552 kHz)
Trace file size:  17949499 B

You can view the simulation traces by calling
$ gtkwave sim.fst

Performance Counters
====================
Cycles:                     238009
Instructions Retired:       123083
LSU Busy:                   11300
Fetch Wait:                 49169
Loads:                      6601
Stores:                     4699
Jumps:                      1931
Conditional Branches:       49799
Taken Conditional Branches: 49165
Compressed Instructions:    0
Multiply Wait:              3360
