Program header number 0 in `/workspace/out/cache/84352605b2717370d6f645592f550d667f51afa298826bdf045e7acaaa82fa23/run/program.elf' is not of type PT_LOAD; ignoring.
Program header number 3 in `/workspace/out/cache/84352605b2717370d6f645592f550d667f51afa298826bdf045e7acaaa82fa23/run/program.elf' is not of type PT_LOAD; ignoring.
Simulation of Ibex
==================

Tracing can be toggled by sending SIGUSR1 to this process:
$ kill -USR1 17

Simulation running, end by pressing CTRL-c.
Tracing enabled.
Writing simulation traces to sim.fst
TOP.ibex_simple_system.u_top.u_ibex_tracer.unnamedblk2.unnamedblk3: Writing execution trace to trace_core_00000000.log
Terminating simulation by software request.
- src/lowrisc_ibex_sim_shared_0/rtl/sim/simulator_ctrl.sv:93: Verilog $finish
Received $finish() from Verilog, shutting down simulation.

Simulation statistics
=====================
Executed cycles:  238013
Wallclock time:   5.361 s
Simulation speed: 44397.1 cycles/s (44.3971 kHz)
Trace file size:  17138731 B

You can view the simulation traces by calling
$ gtkwave sim.fst

Performance Counters
====================
Cycles:                     238009
Instructions Retired:       113522
LSU Busy:                   11827
Fetch Wait:                 42945
Loads:                      6440
Stores:                     5387
Jumps:                      1932
Conditional Branches:       43417
Taken Conditional Branches: 42941
Compressed Instructions:    0
Multiply Wait:              0
