Program header number 0 in `/workspace/out/cache/5932f6e3d115219458ad0033f20d7dbc5d3ef68c9df3708d2499b196743f5979/run/program.elf' is not of type PT_LOAD; ignoring.
Program header number 3 in `/workspace/out/cache/5932f6e3d115219458ad0033f20d7dbc5d3ef68c9df3708d2499b196743f5979/run/program.elf' is not of type PT_LOAD; ignoring.
Simulation of Ibex
==================

Tracing can be toggled by sending SIGUSR1 to this process:
$ kill -USR1 17

Simulation running, end by pressing CTRL-c.
Tracing enabled.
Writing simulation traces to sim.fst
TOP.ibex_simple_system.u_top.u_ibex_tracer.unnamedblk2.unnamedblk3: Writing execution trace to trace_core_00000000.log
Terminating simulation by software request.
- src/lowrisc_ibex_sim_shared_0/rtl/sim/simulator_ctrl.sv:93: Verilog $finish
Received $finish() from Verilog, shutting down simulation.

Simulation statistics
=====================
Executed cycles:  238012
Wallclock time:   2.49 s
Simulation speed: 95587.1 cycles/s (95.5871 kHz)
Trace file size:  12319599 B

You can view the simulation traces by calling
$ gtkwave sim.fst

Performance Counters
====================
Cycles:                     238008
Instructions Retired:       51649
LSU Busy:                   11139
Fetch Wait:                 13058
Loads:                      6440
Stores:                     4699
Jumps:                      1931
Conditional Branches:       13521
Taken Conditional Branches: 13054
Compressed Instructions:    0
Multiply Wait:              0
