Program header number 0 in `/workspace/out/cache/a9a9124b3e51c659e62acb0c189a3220ec6d82d3b478b073da1688202ae1e7a5/run/program.elf' is not of type PT_LOAD; ignoring.
Program header number 3 in `/workspace/out/cache/a9a9124b3e51c659e62acb0c189a3220ec6d82d3b478b073da1688202ae1e7a5/run/program.elf' is not of type PT_LOAD; ignoring.
Simulation of Ibex
==================

Tracing can be toggled by sending SIGUSR1 to this process:
$ kill -USR1 17

Simulation running, end by pressing CTRL-c.
Tracing enabled.
Writing simulation traces to sim.fst
TOP.ibex_simple_system.u_top.u_ibex_tracer.unnamedblk2.unnamedblk3: Writing execution trace to trace_core_00000000.log
Terminating simulation by software request.
- src/lowrisc_ibex_sim_shared_0/rtl/sim/simulator_ctrl.sv:93: Verilog $finish
Received $finish() from Verilog, shutting down simulation.

Simulation statistics
=====================
Executed cycles:  238013
Wallclock time:   5.079 s
Simulation speed: 46862.2 cycles/s (46.8622 kHz)
Trace file size:  17898155 B

You can view the simulation traces by calling
$ gtkwave sim.fst

Performance Counters
====================
Cycles:                     238009
Instructions Retired:       124913
LSU Busy:                   12215
Fetch Wait:                 49300
Loads:                      6841
Stores:                     5374
Jumps:                      1932
Conditional Branches:       49771
Taken Conditional Branches: 49296
Compressed Instructions:    0
Multiply Wait:              352
