Program header number 0 in `/workspace/out/cache/3ca29c9d095778fb60a27b2dfb1a0868b07d4d361a1f992e3683879aedf33d5e/run/program.elf' is not of type PT_LOAD; ignoring.
Program header number 3 in `/workspace/out/cache/3ca29c9d095778fb60a27b2dfb1a0868b07d4d361a1f992e3683879aedf33d5e/run/program.elf' is not of type PT_LOAD; ignoring.
Simulation of Ibex
==================

Tracing can be toggled by sending SIGUSR1 to this process:
$ kill -USR1 17

Simulation running, end by pressing CTRL-c.
Tracing enabled.
Writing simulation traces to sim.fst
TOP.ibex_simple_system.u_top.u_ibex_tracer.unnamedblk2.unnamedblk3: Writing execution trace to trace_core_00000000.log
Terminating simulation by software request.
- src/lowrisc_ibex_sim_shared_0/rtl/sim/simulator_ctrl.sv:93: Verilog $finish
Received $finish() from Verilog, shutting down simulation.

Simulation statistics
=====================
Executed cycles:  238014
Wallclock time:   5.146 s
Simulation speed: 46252.2 cycles/s (46.2522 kHz)
Trace file size:  18118975 B

You can view the simulation traces by calling
$ gtkwave sim.fst

Performance Counters
====================
Cycles:                     238010
Instructions Retired:       125603
LSU Busy:                   11761
Fetch Wait:                 49188
Loads:                      7062
Stores:                     4699
Jumps:                      1921
Conditional Branches:       49649
Taken Conditional Branches: 49184
Compressed Instructions:    0
Multiply Wait:              352
