Program header number 0 in `/workspace/out/cache/2d8f0abdb66551f6d013ee1524ff15afa643a923537196699cf6e40196de5041/run/program.elf' is not of type PT_LOAD; ignoring.
Program header number 3 in `/workspace/out/cache/2d8f0abdb66551f6d013ee1524ff15afa643a923537196699cf6e40196de5041/run/program.elf' is not of type PT_LOAD; ignoring.
Simulation of Ibex
==================

Tracing can be toggled by sending SIGUSR1 to this process:
$ kill -USR1 18

Simulation running, end by pressing CTRL-c.
Tracing enabled.
Writing simulation traces to sim.fst
TOP.ibex_simple_system.u_top.u_ibex_tracer.unnamedblk2.unnamedblk3: Writing execution trace to trace_core_00000000.log
Terminating simulation by software request.
- src/lowrisc_ibex_sim_shared_0/rtl/sim/simulator_ctrl.sv:93: Verilog $finish
Received $finish() from Verilog, shutting down simulation.

Simulation statistics
=====================
Executed cycles:  238015
Wallclock time:   5.274 s
Simulation speed: 45129.9 cycles/s (45.1299 kHz)
Trace file size:  17898449 B

You can view the simulation traces by calling
$ gtkwave sim.fst

Performance Counters
====================
Cycles:                     238011
Instructions Retired:       125237
LSU Busy:                   11139
Fetch Wait:                 49857
Loads:                      6440
Stores:                     4699
Jumps:                      1924
Conditional Branches:       50315
Taken Conditional Branches: 49853
Compressed Instructions:    0
Multiply Wait:              0
