Program header number 0 in `/workspace/out/cache/f926a115f774048713cd0dac864dcfc63db679e965d2d9c82a443fd23ce3e305/run/program.elf' is not of type PT_LOAD; ignoring.
Program header number 3 in `/workspace/out/cache/f926a115f774048713cd0dac864dcfc63db679e965d2d9c82a443fd23ce3e305/run/program.elf' is not of type PT_LOAD; ignoring.
Simulation of Ibex
==================

Tracing can be toggled by sending SIGUSR1 to this process:
$ kill -USR1 17

Simulation running, end by pressing CTRL-c.
Tracing enabled.
Writing simulation traces to sim.fst
TOP.ibex_simple_system.u_top.u_ibex_tracer.unnamedblk2.unnamedblk3: Writing execution trace to trace_core_00000000.log
Terminating simulation by software request.
- src/lowrisc_ibex_sim_shared_0/rtl/sim/simulator_ctrl.sv:93: Verilog $finish
Received $finish() from Verilog, shutting down simulation.

Simulation statistics
=====================
Executed cycles:  238013
Wallclock time:   4.756 s
Simulation speed: 50044.8 cycles/s (50.0448 kHz)
Trace file size:  17518382 B

You can view the simulation traces by calling
$ gtkwave sim.fst

Performance Counters
====================
Cycles:                     238009
Instructions Retired:       120580
LSU Busy:                   12420
Fetch Wait:                 46512
Loads:                      6881
Stores:                     5539
Jumps:                      1908
Conditional Branches:       46959
Taken Conditional Branches: 46508
Compressed Instructions:    0
Multiply Wait:              0
