Program header number 0 in `/workspace/out/cache/6155ca01b51d13fbd17f0f520a107e2ac09772bd9da95e44dba1540f41f5d2c3/run/program.elf' is not of type PT_LOAD; ignoring.
Program header number 3 in `/workspace/out/cache/6155ca01b51d13fbd17f0f520a107e2ac09772bd9da95e44dba1540f41f5d2c3/run/program.elf' is not of type PT_LOAD; ignoring.
Simulation of Ibex
==================

Tracing can be toggled by sending SIGUSR1 to this process:
$ kill -USR1 17

Simulation running, end by pressing CTRL-c.
Tracing enabled.
Writing simulation traces to sim.fst
TOP.ibex_simple_system.u_top.u_ibex_tracer.unnamedblk2.unnamedblk3: Writing execution trace to trace_core_00000000.log
Terminating simulation by software request.
- src/lowrisc_ibex_sim_shared_0/rtl/sim/simulator_ctrl.sv:93: Verilog $finish
Received $finish() from Verilog, shutting down simulation.

Simulation statistics
=====================
Executed cycles:  238012
Wallclock time:   4.093 s
Simulation speed: 58151 cycles/s (58.151 kHz)
Trace file size:  16024442 B

You can view the simulation traces by calling
$ gtkwave sim.fst

Performance Counters
====================
Cycles:                     238008
Instructions Retired:       93088
LSU Busy:                   11651
Fetch Wait:                 33367
Loads:                      6696
Stores:                     4955
Jumps:                      2026
Conditional Branches:       33931
Taken Conditional Branches: 33363
Compressed Instructions:    0
Multiply Wait:              0
