Program header number 0 in `/workspace/out/cache/d9e13d1c944928965bd3f29eac521632ca47a7b6f53cb3480caf41b05f2f1c9b/run/program.elf' is not of type PT_LOAD; ignoring.
Program header number 3 in `/workspace/out/cache/d9e13d1c944928965bd3f29eac521632ca47a7b6f53cb3480caf41b05f2f1c9b/run/program.elf' is not of type PT_LOAD; ignoring.
Simulation of Ibex
==================

Tracing can be toggled by sending SIGUSR1 to this process:
$ kill -USR1 17

Simulation running, end by pressing CTRL-c.
Tracing enabled.
Writing simulation traces to sim.fst
TOP.ibex_simple_system.u_top.u_ibex_tracer.unnamedblk2.unnamedblk3: Writing execution trace to trace_core_00000000.log
Terminating simulation by software request.
- src/lowrisc_ibex_sim_shared_0/rtl/sim/simulator_ctrl.sv:93: Verilog $finish
Received $finish() from Verilog, shutting down simulation.

Simulation statistics
=====================
Executed cycles:  238015
Wallclock time:   5.447 s
Simulation speed: 43696.5 cycles/s (43.6965 kHz)
Trace file size:  18582995 B

You can view the simulation traces by calling
$ gtkwave sim.fst

Performance Counters
====================
Cycles:                     238011
Instructions Retired:       122639
LSU Busy:                   11315
Fetch Wait:                 48494
Loads:                      6440
Stores:                     4875
Jumps:                      1920
Conditional Branches:       49147
Taken Conditional Branches: 48490
Compressed Instructions:    0
Multiply Wait:              3456
