Program header number 0 in `/workspace/out/cache/2f913015eba1348f257aad40eab478f3270d3f838aed18b5fb7a17bdf0a47125/run/program.elf' is not of type PT_LOAD; ignoring.
Program header number 3 in `/workspace/out/cache/2f913015eba1348f257aad40eab478f3270d3f838aed18b5fb7a17bdf0a47125/run/program.elf' is not of type PT_LOAD; ignoring.
Simulation of Ibex
==================

Tracing can be toggled by sending SIGUSR1 to this process:
$ kill -USR1 18

Simulation running, end by pressing CTRL-c.
Tracing enabled.
Writing simulation traces to sim.fst
TOP.ibex_simple_system.u_top.u_ibex_tracer.unnamedblk2.unnamedblk3: Writing execution trace to trace_core_00000000.log
Terminating simulation by software request.
- src/lowrisc_ibex_sim_shared_0/rtl/sim/simulator_ctrl.sv:93: Verilog $finish
Received $finish() from Verilog, shutting down simulation.

Simulation statistics
=====================
Executed cycles:  238013
Wallclock time:   5.365 s
Simulation speed: 44364 cycles/s (44.364 kHz)
Trace file size:  17718121 B

You can view the simulation traces by calling
$ gtkwave sim.fst

Performance Counters
====================
Cycles:                     238009
Instructions Retired:       116789
LSU Busy:                   12675
Fetch Wait:                 43331
Loads:                      7208
Stores:                     5467
Jumps:                      1918
Conditional Branches:       43787
Taken Conditional Branches: 43327
Compressed Instructions:    0
Multiply Wait:              1024
