Program header number 0 in `/workspace/out/cache/b655cad6fc5dbda232d6edbc3adcc35e4483c34820f0f57ce7993e5bf94f9f71/run/program.elf' is not of type PT_LOAD; ignoring.
Program header number 3 in `/workspace/out/cache/b655cad6fc5dbda232d6edbc3adcc35e4483c34820f0f57ce7993e5bf94f9f71/run/program.elf' is not of type PT_LOAD; ignoring.
Simulation of Ibex
==================

Tracing can be toggled by sending SIGUSR1 to this process:
$ kill -USR1 17

Simulation running, end by pressing CTRL-c.
Tracing enabled.
Writing simulation traces to sim.fst
TOP.ibex_simple_system.u_top.u_ibex_tracer.unnamedblk2.unnamedblk3: Writing execution trace to trace_core_00000000.log
Terminating simulation by software request.
- src/lowrisc_ibex_sim_shared_0/rtl/sim/simulator_ctrl.sv:93: Verilog $finish
Received $finish() from Verilog, shutting down simulation.

Simulation statistics
=====================
Executed cycles:  238014
Wallclock time:   5.765 s
Simulation speed: 41286 cycles/s (41.286 kHz)
Trace file size:  17653740 B

You can view the simulation traces by calling
$ gtkwave sim.fst

Performance Counters
====================
Cycles:                     238010
Instructions Retired:       127146
LSU Busy:                   12639
Fetch Wait:                 48148
Loads:                      7190
Stores:                     5449
Jumps:                      1932
Conditional Branches:       49414
Taken Conditional Branches: 48144
Compressed Instructions:    0
Multiply Wait:              0
