Program header number 0 in `/workspace/out/cache/fb9109972353a8028bb78fdf77491558aba666818b4a8d42ad0251b15d60c9b6/run/program.elf' is not of type PT_LOAD; ignoring.
Program header number 3 in `/workspace/out/cache/fb9109972353a8028bb78fdf77491558aba666818b4a8d42ad0251b15d60c9b6/run/program.elf' is not of type PT_LOAD; ignoring.
Simulation of Ibex
==================

Tracing can be toggled by sending SIGUSR1 to this process:
$ kill -USR1 17

Simulation running, end by pressing CTRL-c.
Tracing enabled.
Writing simulation traces to sim.fst
TOP.ibex_simple_system.u_top.u_ibex_tracer.unnamedblk2.unnamedblk3: Writing execution trace to trace_core_00000000.log
Terminating simulation by software request.
- src/lowrisc_ibex_sim_shared_0/rtl/sim/simulator_ctrl.sv:93: Verilog $finish
Received $finish() from Verilog, shutting down simulation.

Simulation statistics
=====================
Executed cycles:  238012
Wallclock time:   5.168 s
Simulation speed: 46055 cycles/s (46.055 kHz)
Trace file size:  17551288 B

You can view the simulation traces by calling
$ gtkwave sim.fst

Performance Counters
====================
Cycles:                     238008
Instructions Retired:       117730
LSU Busy:                   12508
Fetch Wait:                 44822
Loads:                      6881
Stores:                     5627
Jumps:                      1938
Conditional Branches:       45299
Taken Conditional Branches: 44818
Compressed Instructions:    0
Multiply Wait:              0
