Program header number 0 in `/workspace/out/cache/c7712cc1da52a16933b0f6896d0be07a9adb49767526f05de3d76d9cbb42a85f/run/program.elf' is not of type PT_LOAD; ignoring.
Program header number 3 in `/workspace/out/cache/c7712cc1da52a16933b0f6896d0be07a9adb49767526f05de3d76d9cbb42a85f/run/program.elf' is not of type PT_LOAD; ignoring.
Simulation of Ibex
==================

Tracing can be toggled by sending SIGUSR1 to this process:
$ kill -USR1 18

Simulation running, end by pressing CTRL-c.
Tracing enabled.
Writing simulation traces to sim.fst
TOP.ibex_simple_system.u_top.u_ibex_tracer.unnamedblk2.unnamedblk3: Writing execution trace to trace_core_00000000.log
Terminating simulation by software request.
- src/lowrisc_ibex_sim_shared_0/rtl/sim/simulator_ctrl.sv:93: Verilog $finish
Received $finish() from Verilog, shutting down simulation.

Simulation statistics
=====================
Executed cycles:  238013
Wallclock time:   4.766 s
Simulation speed: 49939.8 cycles/s (49.9398 kHz)
Trace file size:  16465403 B

You can view the simulation traces by calling
$ gtkwave sim.fst

Performance Counters
====================
Cycles:                     238009
Instructions Retired:       102987
LSU Busy:                   11389
Fetch Wait:                 38392
Loads:                      6690
Stores:                     4699
Jumps:                      1896
Conditional Branches:       38826
Taken Conditional Branches: 38388
Compressed Instructions:    0
Multiply Wait:              0
