Program header number 0 in `/workspace/out/cache/b8e858d0fc3b8aecce467548b52045a994f0137d81d19f4b89d220a3a1bb4e5a/run/program.elf' is not of type PT_LOAD; ignoring.
Program header number 3 in `/workspace/out/cache/b8e858d0fc3b8aecce467548b52045a994f0137d81d19f4b89d220a3a1bb4e5a/run/program.elf' is not of type PT_LOAD; ignoring.
Simulation of Ibex
==================

Tracing can be toggled by sending SIGUSR1 to this process:
$ kill -USR1 17

Simulation running, end by pressing CTRL-c.
Tracing enabled.
Writing simulation traces to sim.fst
TOP.ibex_simple_system.u_top.u_ibex_tracer.unnamedblk2.unnamedblk3: Writing execution trace to trace_core_00000000.log
Terminating simulation by software request.
- src/lowrisc_ibex_sim_shared_0/rtl/sim/simulator_ctrl.sv:93: Verilog $finish
Received $finish() from Verilog, shutting down simulation.

Simulation statistics
=====================
Executed cycles:  238013
Wallclock time:   5.634 s
Simulation speed: 42245.8 cycles/s (42.2458 kHz)
Trace file size:  17866461 B

You can view the simulation traces by calling
$ gtkwave sim.fst

Performance Counters
====================
Cycles:                     238009
Instructions Retired:       125227
LSU Busy:                   11139
Fetch Wait:                 49863
Loads:                      6440
Stores:                     4699
Jumps:                      1920
Conditional Branches:       50315
Taken Conditional Branches: 49859
Compressed Instructions:    0
Multiply Wait:              0
