Program header number 0 in `/workspace/out/cache/2c44951669e4d610804b18b5de46f47bf151fb4ee596323bb61d5ba47eef1b7c/run/program.elf' is not of type PT_LOAD; ignoring.
Program header number 3 in `/workspace/out/cache/2c44951669e4d610804b18b5de46f47bf151fb4ee596323bb61d5ba47eef1b7c/run/program.elf' is not of type PT_LOAD; ignoring.
Simulation of Ibex
==================

Tracing can be toggled by sending SIGUSR1 to this process:
$ kill -USR1 17

Simulation running, end by pressing CTRL-c.
Tracing enabled.
Writing simulation traces to sim.fst
TOP.ibex_simple_system.u_top.u_ibex_tracer.unnamedblk2.unnamedblk3: Writing execution trace to trace_core_00000000.log
Terminating simulation by software request.
- src/lowrisc_ibex_sim_shared_0/rtl/sim/simulator_ctrl.sv:93: Verilog $finish
Received $finish() from Verilog, shutting down simulation.

Simulation statistics
=====================
Executed cycles:  238015
Wallclock time:   5.616 s
Simulation speed: 42381.6 cycles/s (42.3816 kHz)
Trace file size:  18352498 B

You can view the simulation traces by calling
$ gtkwave sim.fst

Performance Counters
====================
Cycles:                     238011
Instructions Retired:       124693
LSU Busy:                   11139
Fetch Wait:                 49724
Loads:                      6440
Stores:                     4699
Jumps:                      1916
Conditional Branches:       50179
Taken Conditional Branches: 49720
Compressed Instructions:    0
Multiply Wait:              818
