Program header number 0 in `/workspace/out/cache/a529270957e029e4aaff2fede447ac4e50c9f97382973e3f5569af7ff645ce17/run/program.elf' is not of type PT_LOAD; ignoring.
Program header number 3 in `/workspace/out/cache/a529270957e029e4aaff2fede447ac4e50c9f97382973e3f5569af7ff645ce17/run/program.elf' is not of type PT_LOAD; ignoring.
Simulation of Ibex
==================

Tracing can be toggled by sending SIGUSR1 to this process:
$ kill -USR1 17

Simulation running, end by pressing CTRL-c.
Tracing enabled.
Writing simulation traces to sim.fst
TOP.ibex_simple_system.u_top.u_ibex_tracer.unnamedblk2.unnamedblk3: Writing execution trace to trace_core_00000000.log
Terminating simulation by software request.
- src/lowrisc_ibex_sim_shared_0/rtl/sim/simulator_ctrl.sv:93: Verilog $finish
Received $finish() from Verilog, shutting down simulation.

Simulation statistics
=====================
Executed cycles:  238012
Wallclock time:   5.136 s
Simulation speed: 46341.9 cycles/s (46.3419 kHz)
Trace file size:  17143141 B

You can view the simulation traces by calling
$ gtkwave sim.fst

Performance Counters
====================
Cycles:                     238008
Instructions Retired:       106276
LSU Busy:                   11139
Fetch Wait:                 40399
Loads:                      6440
Stores:                     4699
Jumps:                      1910
Conditional Branches:       40843
Taken Conditional Branches: 40395
Compressed Instructions:    0
Multiply Wait:              0
