Program header number 0 in `/workspace/out/cache/a5de999be4880e4af04c4fa74883d53f89e2915cf53a5afaf8410de8308375cf/run/program.elf' is not of type PT_LOAD; ignoring.
Program header number 3 in `/workspace/out/cache/a5de999be4880e4af04c4fa74883d53f89e2915cf53a5afaf8410de8308375cf/run/program.elf' is not of type PT_LOAD; ignoring.
Simulation of Ibex
==================

Tracing can be toggled by sending SIGUSR1 to this process:
$ kill -USR1 18

Simulation running, end by pressing CTRL-c.
Tracing enabled.
Writing simulation traces to sim.fst
TOP.ibex_simple_system.u_top.u_ibex_tracer.unnamedblk2.unnamedblk3: Writing execution trace to trace_core_00000000.log
Terminating simulation by software request.
- src/lowrisc_ibex_sim_shared_0/rtl/sim/simulator_ctrl.sv:93: Verilog $finish
Received $finish() from Verilog, shutting down simulation.

Simulation statistics
=====================
Executed cycles:  238012
Wallclock time:   4.656 s
Simulation speed: 51119.4 cycles/s (51.1194 kHz)
Trace file size:  16739312 B

You can view the simulation traces by calling
$ gtkwave sim.fst

Performance Counters
====================
Cycles:                     238008
Instructions Retired:       109113
LSU Busy:                   11485
Fetch Wait:                 41827
Loads:                      6786
Stores:                     4699
Jumps:                      1927
Conditional Branches:       42490
Taken Conditional Branches: 41823
Compressed Instructions:    0
Multiply Wait:              308
