Program header number 0 in `/workspace/out/cache/8a23b39ba83b9f8f0cbe1f7618f10a3494d3b627b1e6aba0149b3a7002945582/run/program.elf' is not of type PT_LOAD; ignoring.
Program header number 3 in `/workspace/out/cache/8a23b39ba83b9f8f0cbe1f7618f10a3494d3b627b1e6aba0149b3a7002945582/run/program.elf' is not of type PT_LOAD; ignoring.
Simulation of Ibex
==================

Tracing can be toggled by sending SIGUSR1 to this process:
$ kill -USR1 18

Simulation running, end by pressing CTRL-c.
Tracing enabled.
Writing simulation traces to sim.fst
TOP.ibex_simple_system.u_top.u_ibex_tracer.unnamedblk2.unnamedblk3: Writing execution trace to trace_core_00000000.log
Terminating simulation by software request.
- src/lowrisc_ibex_sim_shared_0/rtl/sim/simulator_ctrl.sv:93: Verilog $finish
Received $finish() from Verilog, shutting down simulation.

Simulation statistics
=====================
Executed cycles:  238014
Wallclock time:   4.969 s
Simulation speed: 47899.8 cycles/s (47.8998 kHz)
Trace file size:  17781748 B

You can view the simulation traces by calling
$ gtkwave sim.fst

Performance Counters
====================
Cycles:                     238010
Instructions Retired:       128712
LSU Busy:                   14931
Fetch Wait:                 46229
Loads:                      8336
Stores:                     6595
Jumps:                      1912
Conditional Branches:       46675
Taken Conditional Branches: 46225
Compressed Instructions:    0
Multiply Wait:              0
