Program header number 0 in `/workspace/out/cache/2e06738b95822eaf499a3ac377d85ab4d0e90be92769ed0edbdce4a4e9e002a9/run/program.elf' is not of type PT_LOAD; ignoring.
Program header number 3 in `/workspace/out/cache/2e06738b95822eaf499a3ac377d85ab4d0e90be92769ed0edbdce4a4e9e002a9/run/program.elf' is not of type PT_LOAD; ignoring.
Simulation of Ibex
==================

Tracing can be toggled by sending SIGUSR1 to this process:
$ kill -USR1 17

Simulation running, end by pressing CTRL-c.
Tracing enabled.
Writing simulation traces to sim.fst
TOP.ibex_simple_system.u_top.u_ibex_tracer.unnamedblk2.unnamedblk3: Writing execution trace to trace_core_00000000.log
Terminating simulation by software request.
- src/lowrisc_ibex_sim_shared_0/rtl/sim/simulator_ctrl.sv:93: Verilog $finish
Received $finish() from Verilog, shutting down simulation.

Simulation statistics
=====================
Executed cycles:  238012
Wallclock time:   2.621 s
Simulation speed: 90809.6 cycles/s (90.8096 kHz)
Trace file size:  12438691 B

You can view the simulation traces by calling
$ gtkwave sim.fst

Performance Counters
====================
Cycles:                     238008
Instructions Retired:       51504
LSU Busy:                   11139
Fetch Wait:                 12993
Loads:                      6440
Stores:                     4699
Jumps:                      1926
Conditional Branches:       13451
Taken Conditional Branches: 12989
Compressed Instructions:    0
Multiply Wait:              0
