Program header number 0 in `/workspace/out/cache/0d4dbc6ca61c30527c060e348f410f08916b5b182e94dda87c100ff95be8bdfc/run/program.elf' is not of type PT_LOAD; ignoring.
Program header number 3 in `/workspace/out/cache/0d4dbc6ca61c30527c060e348f410f08916b5b182e94dda87c100ff95be8bdfc/run/program.elf' is not of type PT_LOAD; ignoring.
Simulation of Ibex
==================

Tracing can be toggled by sending SIGUSR1 to this process:
$ kill -USR1 17

Simulation running, end by pressing CTRL-c.
Tracing enabled.
Writing simulation traces to sim.fst
TOP.ibex_simple_system.u_top.u_ibex_tracer.unnamedblk2.unnamedblk3: Writing execution trace to trace_core_00000000.log
Terminating simulation by software request.
- src/lowrisc_ibex_sim_shared_0/rtl/sim/simulator_ctrl.sv:93: Verilog $finish
Received $finish() from Verilog, shutting down simulation.

Simulation statistics
=====================
Executed cycles:  238014
Wallclock time:   5.499 s
Simulation speed: 43283.1 cycles/s (43.2831 kHz)
Trace file size:  17805302 B

You can view the simulation traces by calling
$ gtkwave sim.fst

Performance Counters
====================
Cycles:                     238010
Instructions Retired:       119080
LSU Busy:                   11822
Fetch Wait:                 45758
Loads:                      6781
Stores:                     5041
Jumps:                      1917
Conditional Branches:       46213
Taken Conditional Branches: 45754
Compressed Instructions:    0
Multiply Wait:              1366
