Program header number 0 in `/workspace/out/cache/dccfa20a935d79836b67f092c17ef24756fea8950b3cbcd8888e60c39c1651fc/run/program.elf' is not of type PT_LOAD; ignoring.
Program header number 3 in `/workspace/out/cache/dccfa20a935d79836b67f092c17ef24756fea8950b3cbcd8888e60c39c1651fc/run/program.elf' is not of type PT_LOAD; ignoring.
Simulation of Ibex
==================

Tracing can be toggled by sending SIGUSR1 to this process:
$ kill -USR1 17

Simulation running, end by pressing CTRL-c.
Tracing enabled.
Writing simulation traces to sim.fst
TOP.ibex_simple_system.u_top.u_ibex_tracer.unnamedblk2.unnamedblk3: Writing execution trace to trace_core_00000000.log
Terminating simulation by software request.
- src/lowrisc_ibex_sim_shared_0/rtl/sim/simulator_ctrl.sv:93: Verilog $finish
Received $finish() from Verilog, shutting down simulation.

Simulation statistics
=====================
Executed cycles:  238015
Wallclock time:   5.155 s
Simulation speed: 46171.7 cycles/s (46.1717 kHz)
Trace file size:  18129245 B

You can view the simulation traces by calling
$ gtkwave sim.fst

Performance Counters
====================
Cycles:                     238011
Instructions Retired:       127904
LSU Busy:                   14179
Fetch Wait:                 46646
Loads:                      9480
Stores:                     4699
Jumps:                      1911
Conditional Branches:       47093
Taken Conditional Branches: 46642
Compressed Instructions:    0
Multiply Wait:              728
