Program header number 0 in `/workspace/out/cache/e0dbde77d0f208b56f125a1be78ba09e6958743515a0709d56c8c00bbc24cd2d/run/program.elf' is not of type PT_LOAD; ignoring.
Program header number 3 in `/workspace/out/cache/e0dbde77d0f208b56f125a1be78ba09e6958743515a0709d56c8c00bbc24cd2d/run/program.elf' is not of type PT_LOAD; ignoring.
Simulation of Ibex
==================

Tracing can be toggled by sending SIGUSR1 to this process:
$ kill -USR1 17

Simulation running, end by pressing CTRL-c.
Tracing enabled.
Writing simulation traces to sim.fst
TOP.ibex_simple_system.u_top.u_ibex_tracer.unnamedblk2.unnamedblk3: Writing execution trace to trace_core_00000000.log
Terminating simulation by software request.
- src/lowrisc_ibex_sim_shared_0/rtl/sim/simulator_ctrl.sv:93: Verilog $finish
Received $finish() from Verilog, shutting down simulation.

Simulation statistics
=====================
Executed cycles:  238012
Wallclock time:   5.013 s
Simulation speed: 47479 cycles/s (47.479 kHz)
Trace file size:  18162285 B

You can view the simulation traces by calling
$ gtkwave sim.fst

Performance Counters
====================
Cycles:                     238008
Instructions Retired:       121777
LSU Busy:                   11526
Fetch Wait:                 47322
Loads:                      6827
Stores:                     4699
Jumps:                      1914
Conditional Branches:       48246
Taken Conditional Branches: 47318
Compressed Instructions:    0
Multiply Wait:              750
