Program header number 0 in `/workspace/out/cache/7757b23cb4f853faf763b8c7318c1cfbbcfd4d03f6fc15bdc38999d9b3894ef6/run/program.elf' is not of type PT_LOAD; ignoring.
Program header number 3 in `/workspace/out/cache/7757b23cb4f853faf763b8c7318c1cfbbcfd4d03f6fc15bdc38999d9b3894ef6/run/program.elf' is not of type PT_LOAD; ignoring.
Simulation of Ibex
==================

Tracing can be toggled by sending SIGUSR1 to this process:
$ kill -USR1 18

Simulation running, end by pressing CTRL-c.
Tracing enabled.
Writing simulation traces to sim.fst
TOP.ibex_simple_system.u_top.u_ibex_tracer.unnamedblk2.unnamedblk3: Writing execution trace to trace_core_00000000.log
Terminating simulation by software request.
- src/lowrisc_ibex_sim_shared_0/rtl/sim/simulator_ctrl.sv:93: Verilog $finish
Received $finish() from Verilog, shutting down simulation.

Simulation statistics
=====================
Executed cycles:  238013
Wallclock time:   5.18 s
Simulation speed: 45948.5 cycles/s (45.9485 kHz)
Trace file size:  17384551 B

You can view the simulation traces by calling
$ gtkwave sim.fst

Performance Counters
====================
Cycles:                     238009
Instructions Retired:       116527
LSU Busy:                   12163
Fetch Wait:                 43971
Loads:                      6952
Stores:                     5211
Jumps:                      1924
Conditional Branches:       44427
Taken Conditional Branches: 43967
Compressed Instructions:    0
Multiply Wait:              1024
