Program header number 0 in `/workspace/out/cache/f95af1d73cdda77bc79ab1e751914f23feb3f193aacd573931056d679623c80c/run/program.elf' is not of type PT_LOAD; ignoring.
Program header number 3 in `/workspace/out/cache/f95af1d73cdda77bc79ab1e751914f23feb3f193aacd573931056d679623c80c/run/program.elf' is not of type PT_LOAD; ignoring.
Simulation of Ibex
==================

Tracing can be toggled by sending SIGUSR1 to this process:
$ kill -USR1 16

Simulation running, end by pressing CTRL-c.
Tracing enabled.
Writing simulation traces to sim.fst
TOP.ibex_simple_system.u_top.u_ibex_tracer.unnamedblk2.unnamedblk3: Writing execution trace to trace_core_00000000.log
Terminating simulation by software request.
- src/lowrisc_ibex_sim_shared_0/rtl/sim/simulator_ctrl.sv:93: Verilog $finish
Received $finish() from Verilog, shutting down simulation.

Simulation statistics
=====================
Executed cycles:  238013
Wallclock time:   4.814 s
Simulation speed: 49441.8 cycles/s (49.4418 kHz)
Trace file size:  16788701 B

You can view the simulation traces by calling
$ gtkwave sim.fst

Performance Counters
====================
Cycles:                     238009
Instructions Retired:       107530
LSU Busy:                   12680
Fetch Wait:                 39184
Loads:                      7483
Stores:                     5197
Jumps:                      1922
Conditional Branches:       39644
Taken Conditional Branches: 39180
Compressed Instructions:    0
Multiply Wait:              0
