Program header number 0 in `/workspace/out/cache/ada86198f57a9beea2751df0ba058430909eeaf6bd772de550eca30081cbbaf3/run/program.elf' is not of type PT_LOAD; ignoring.
Program header number 3 in `/workspace/out/cache/ada86198f57a9beea2751df0ba058430909eeaf6bd772de550eca30081cbbaf3/run/program.elf' is not of type PT_LOAD; ignoring.
Simulation of Ibex
==================

Tracing can be toggled by sending SIGUSR1 to this process:
$ kill -USR1 18

Simulation running, end by pressing CTRL-c.
Tracing enabled.
Writing simulation traces to sim.fst
TOP.ibex_simple_system.u_top.u_ibex_tracer.unnamedblk2.unnamedblk3: Writing execution trace to trace_core_00000000.log
Terminating simulation by software request.
- src/lowrisc_ibex_sim_shared_0/rtl/sim/simulator_ctrl.sv:93: Verilog $finish
Received $finish() from Verilog, shutting down simulation.

Simulation statistics
=====================
Executed cycles:  238014
Wallclock time:   5.04 s
Simulation speed: 47225 cycles/s (47.225 kHz)
Trace file size:  17468003 B

You can view the simulation traces by calling
$ gtkwave sim.fst

Performance Counters
====================
Cycles:                     238010
Instructions Retired:       117281
LSU Busy:                   11801
Fetch Wait:                 45883
Loads:                      6877
Stores:                     4924
Jumps:                      1936
Conditional Branches:       46358
Taken Conditional Branches: 45879
Compressed Instructions:    0
Multiply Wait:              0
