Program header number 0 in `/workspace/out/cache/d4f15f3401bbd1320f92b02bc5cd61056366b8902baf748c0c2fe4cdac2b54f4/run/program.elf' is not of type PT_LOAD; ignoring.
Program header number 3 in `/workspace/out/cache/d4f15f3401bbd1320f92b02bc5cd61056366b8902baf748c0c2fe4cdac2b54f4/run/program.elf' is not of type PT_LOAD; ignoring.
Simulation of Ibex
==================

Tracing can be toggled by sending SIGUSR1 to this process:
$ kill -USR1 18

Simulation running, end by pressing CTRL-c.
Tracing enabled.
Writing simulation traces to sim.fst
TOP.ibex_simple_system.u_top.u_ibex_tracer.unnamedblk2.unnamedblk3: Writing execution trace to trace_core_00000000.log
Terminating simulation by software request.
- src/lowrisc_ibex_sim_shared_0/rtl/sim/simulator_ctrl.sv:93: Verilog $finish
Received $finish() from Verilog, shutting down simulation.

Simulation statistics
=====================
Executed cycles:  238018
Wallclock time:   5.037 s
Simulation speed: 47253.9 cycles/s (47.2539 kHz)
Trace file size:  18839314 B

You can view the simulation traces by calling
$ gtkwave sim.fst

Performance Counters
====================
Cycles:                     238014
Instructions Retired:       125577
LSU Busy:                   12505
Fetch Wait:                 47988
Loads:                      7124
Stores:                     5381
Jumps:                      1911
Conditional Branches:       48437
Taken Conditional Branches: 47984
Compressed Instructions:    0
Multiply Wait:              2048
