Program header number 0 in `/workspace/out/cache/08b340a26fd6e10ee7531adf265a9db5c108980fbea4741099dced500b177bf7/run/program.elf' is not of type PT_LOAD; ignoring.
Program header number 3 in `/workspace/out/cache/08b340a26fd6e10ee7531adf265a9db5c108980fbea4741099dced500b177bf7/run/program.elf' is not of type PT_LOAD; ignoring.
Simulation of Ibex
==================

Tracing can be toggled by sending SIGUSR1 to this process:
$ kill -USR1 17

Simulation running, end by pressing CTRL-c.
Tracing enabled.
Writing simulation traces to sim.fst
TOP.ibex_simple_system.u_top.u_ibex_tracer.unnamedblk2.unnamedblk3: Writing execution trace to trace_core_00000000.log
Terminating simulation by software request.
- src/lowrisc_ibex_sim_shared_0/rtl/sim/simulator_ctrl.sv:93: Verilog $finish
Received $finish() from Verilog, shutting down simulation.

Simulation statistics
=====================
Executed cycles:  238013
Wallclock time:   4.749 s
Simulation speed: 50118.6 cycles/s (50.1186 kHz)
Trace file size:  16671712 B

You can view the simulation traces by calling
$ gtkwave sim.fst

Performance Counters
====================
Cycles:                     238009
Instructions Retired:       106053
LSU Busy:                   12787
Fetch Wait:                 38143
Loads:                      7608
Stores:                     5179
Jumps:                      1910
Conditional Branches:       38595
Taken Conditional Branches: 38139
Compressed Instructions:    0
Multiply Wait:              0
