Program header number 0 in `/workspace/out/cache/073a4448b3e9ec80a8bd7363789c3437a231fe72621a9924ec8be82d5f71238f/run/program.elf' is not of type PT_LOAD; ignoring.
Program header number 3 in `/workspace/out/cache/073a4448b3e9ec80a8bd7363789c3437a231fe72621a9924ec8be82d5f71238f/run/program.elf' is not of type PT_LOAD; ignoring.
Simulation of Ibex
==================

Tracing can be toggled by sending SIGUSR1 to this process:
$ kill -USR1 18

Simulation running, end by pressing CTRL-c.
Tracing enabled.
Writing simulation traces to sim.fst
TOP.ibex_simple_system.u_top.u_ibex_tracer.unnamedblk2.unnamedblk3: Writing execution trace to trace_core_00000000.log
Terminating simulation by software request.
- src/lowrisc_ibex_sim_shared_0/rtl/sim/simulator_ctrl.sv:93: Verilog $finish
Received $finish() from Verilog, shutting down simulation.

Simulation statistics
=====================
Executed cycles:  238013
Wallclock time:   4.259 s
Simulation speed: 55884.7 cycles/s (55.8847 kHz)
Trace file size:  16094381 B

You can view the simulation traces by calling
$ gtkwave sim.fst

Performance Counters
====================
Cycles:                     238009
Instructions Retired:       100472
LSU Busy:                   12235
Fetch Wait:                 37506
Loads:                      6988
Stores:                     5247
Jumps:                      1909
Conditional Branches:       37951
Taken Conditional Branches: 37502
Compressed Instructions:    0
Multiply Wait:              0
