Program header number 0 in `/workspace/out/cache/e6d1cd92934cd3bead14848621eab69828c4ea695bad5367165b2825250f227b/run/program.elf' is not of type PT_LOAD; ignoring.
Program header number 3 in `/workspace/out/cache/e6d1cd92934cd3bead14848621eab69828c4ea695bad5367165b2825250f227b/run/program.elf' is not of type PT_LOAD; ignoring.
Simulation of Ibex
==================

Tracing can be toggled by sending SIGUSR1 to this process:
$ kill -USR1 16

Simulation running, end by pressing CTRL-c.
Tracing enabled.
Writing simulation traces to sim.fst
TOP.ibex_simple_system.u_top.u_ibex_tracer.unnamedblk2.unnamedblk3: Writing execution trace to trace_core_00000000.log
Terminating simulation by software request.
- src/lowrisc_ibex_sim_shared_0/rtl/sim/simulator_ctrl.sv:93: Verilog $finish
Received $finish() from Verilog, shutting down simulation.

Simulation statistics
=====================
Executed cycles:  238014
Wallclock time:   5.253 s
Simulation speed: 45310.1 cycles/s (45.3101 kHz)
Trace file size:  18577077 B

You can view the simulation traces by calling
$ gtkwave sim.fst

Performance Counters
====================
Cycles:                     238010
Instructions Retired:       120820
LSU Busy:                   11959
Fetch Wait:                 46782
Loads:                      6850
Stores:                     5109
Jumps:                      1910
Conditional Branches:       47230
Taken Conditional Branches: 46778
Compressed Instructions:    0
Multiply Wait:              400
