Program header number 0 in `/workspace/out/cache/67d0ff93757b41e7e8958162c04178922a82c46baf79a6d775b22476d16b85d6/run/program.elf' is not of type PT_LOAD; ignoring.
Program header number 3 in `/workspace/out/cache/67d0ff93757b41e7e8958162c04178922a82c46baf79a6d775b22476d16b85d6/run/program.elf' is not of type PT_LOAD; ignoring.
Simulation of Ibex
==================

Tracing can be toggled by sending SIGUSR1 to this process:
$ kill -USR1 17

Simulation running, end by pressing CTRL-c.
Tracing enabled.
Writing simulation traces to sim.fst
TOP.ibex_simple_system.u_top.u_ibex_tracer.unnamedblk2.unnamedblk3: Writing execution trace to trace_core_00000000.log
Terminating simulation by software request.
- src/lowrisc_ibex_sim_shared_0/rtl/sim/simulator_ctrl.sv:93: Verilog $finish
Received $finish() from Verilog, shutting down simulation.

Simulation statistics
=====================
Executed cycles:  238013
Wallclock time:   5.526 s
Simulation speed: 43071.5 cycles/s (43.0715 kHz)
Trace file size:  17831740 B

You can view the simulation traces by calling
$ gtkwave sim.fst

Performance Counters
====================
Cycles:                     238009
Instructions Retired:       122211
LSU Busy:                   12347
Fetch Wait:                 47471
Loads:                      6879
Stores:                     5468
Jumps:                      1924
Conditional Branches:       47934
Taken Conditional Branches: 47467
Compressed Instructions:    0
Multiply Wait:              0
