Program header number 0 in `/workspace/out/cache/c30db0c9271e649e4f46e4a0a2b654dd43113a40b012d30098999f7b5edc1222/run/program.elf' is not of type PT_LOAD; ignoring.
Program header number 3 in `/workspace/out/cache/c30db0c9271e649e4f46e4a0a2b654dd43113a40b012d30098999f7b5edc1222/run/program.elf' is not of type PT_LOAD; ignoring.
Simulation of Ibex
==================

Tracing can be toggled by sending SIGUSR1 to this process:
$ kill -USR1 17

Simulation running, end by pressing CTRL-c.
Tracing enabled.
Writing simulation traces to sim.fst
TOP.ibex_simple_system.u_top.u_ibex_tracer.unnamedblk2.unnamedblk3: Writing execution trace to trace_core_00000000.log
Terminating simulation by software request.
- src/lowrisc_ibex_sim_shared_0/rtl/sim/simulator_ctrl.sv:93: Verilog $finish
Received $finish() from Verilog, shutting down simulation.

Simulation statistics
=====================
Executed cycles:  238014
Wallclock time:   4.87 s
Simulation speed: 48873.5 cycles/s (48.8735 kHz)
Trace file size:  18618286 B

You can view the simulation traces by calling
$ gtkwave sim.fst

Performance Counters
====================
Cycles:                     238010
Instructions Retired:       125233
LSU Busy:                   11958
Fetch Wait:                 48633
Loads:                      7259
Stores:                     4699
Jumps:                      1918
Conditional Branches:       49087
Taken Conditional Branches: 48629
Compressed Instructions:    0
Multiply Wait:              1638
