OpenSTA 3.1.0 a9a3f30ca9 Copyright (c) 2026, Parallax Software, Inc.
License GPLv3: GNU GPL version 3 <http://gnu.org/licenses/gpl.html>

This is free software, and you are free to change and redistribute it
under certain conditions; type `show_copying' for details. 
This program comes with ABSOLUTELY NO WARRANTY; for details type `show_warranty'.
Annotated 90247 pin activities.
Group                          Internal          Switching            Leakage              Total
                                  Power              Power              Power              Power (Watts)
------------------------------------------------------------------------------------------------
Sequential           2.932300791144e-03 2.387868007645e-04 8.672576434776e-09 3.171096323058e-03  71.1%
Combinational        5.989533383399e-04 6.873484235257e-04 4.163879907537e-08 1.286343438551e-03  28.9%
Clock                0.000000000000e+00 0.000000000000e+00 0.000000000000e+00 0.000000000000e+00   0.0%
Macro                0.000000000000e+00 0.000000000000e+00 0.000000000000e+00 0.000000000000e+00   0.0%
Pad                  0.000000000000e+00 0.000000000000e+00 0.000000000000e+00 0.000000000000e+00   0.0%
------------------------------------------------------------------------------------------------
Total                3.531258553267e-03 9.261358063668e-04 5.031115435372e-08 4.457444883883e-03 100.0%
                                  79.2%              20.8%               0.0%
vcd         90247
unannotated     0
Unannotated pins:
LEAF_SWITCHING_SUM 22901 0.00092615316961452976
