Program header number 0 in `/workspace/out/cache/68bd33fd9db63b98bff55f046c414d03f41171ed7c99fb074c3bcfff2f1199bb/run/program.elf' is not of type PT_LOAD; ignoring.
Program header number 3 in `/workspace/out/cache/68bd33fd9db63b98bff55f046c414d03f41171ed7c99fb074c3bcfff2f1199bb/run/program.elf' is not of type PT_LOAD; ignoring.
Simulation of Ibex
==================

Tracing can be toggled by sending SIGUSR1 to this process:
$ kill -USR1 17

Simulation running, end by pressing CTRL-c.
Tracing enabled.
Writing simulation traces to sim.fst
TOP.ibex_simple_system.u_top.u_ibex_tracer.unnamedblk2.unnamedblk3: Writing execution trace to trace_core_00000000.log
Terminating simulation by software request.
- src/lowrisc_ibex_sim_shared_0/rtl/sim/simulator_ctrl.sv:93: Verilog $finish
Received $finish() from Verilog, shutting down simulation.

Simulation statistics
=====================
Executed cycles:  238012
Wallclock time:   5.081 s
Simulation speed: 46843.5 cycles/s (46.8435 kHz)
Trace file size:  18003435 B

You can view the simulation traces by calling
$ gtkwave sim.fst

Performance Counters
====================
Cycles:                     238008
Instructions Retired:       123940
LSU Busy:                   11139
Fetch Wait:                 49235
Loads:                      6440
Stores:                     4699
Jumps:                      1902
Conditional Branches:       49675
Taken Conditional Branches: 49231
Compressed Instructions:    0
Multiply Wait:              1536
