Program header number 0 in `/workspace/out/cache/b6aad0e7ca6377951b567c7cc21d40213547556b435bccf564f2d319eb95f553/run/program.elf' is not of type PT_LOAD; ignoring.
Program header number 3 in `/workspace/out/cache/b6aad0e7ca6377951b567c7cc21d40213547556b435bccf564f2d319eb95f553/run/program.elf' is not of type PT_LOAD; ignoring.
Simulation of Ibex
==================

Tracing can be toggled by sending SIGUSR1 to this process:
$ kill -USR1 17

Simulation running, end by pressing CTRL-c.
Tracing enabled.
Writing simulation traces to sim.fst
TOP.ibex_simple_system.u_top.u_ibex_tracer.unnamedblk2.unnamedblk3: Writing execution trace to trace_core_00000000.log
Terminating simulation by software request.
- src/lowrisc_ibex_sim_shared_0/rtl/sim/simulator_ctrl.sv:93: Verilog $finish
Received $finish() from Verilog, shutting down simulation.

Simulation statistics
=====================
Executed cycles:  238016
Wallclock time:   5.02 s
Simulation speed: 47413.5 cycles/s (47.4135 kHz)
Trace file size:  18351608 B

You can view the simulation traces by calling
$ gtkwave sim.fst

Performance Counters
====================
Cycles:                     238012
Instructions Retired:       125239
LSU Busy:                   11139
Fetch Wait:                 49860
Loads:                      6440
Stores:                     4699
Jumps:                      1917
Conditional Branches:       50315
Taken Conditional Branches: 49856
Compressed Instructions:    0
Multiply Wait:              0
