Program header number 0 in `/workspace/out/cache/aaf674895f27072b5f9db5c4a57442a07eef4ea849c1b334b9585dfc380d8298/run/program.elf' is not of type PT_LOAD; ignoring.
Program header number 3 in `/workspace/out/cache/aaf674895f27072b5f9db5c4a57442a07eef4ea849c1b334b9585dfc380d8298/run/program.elf' is not of type PT_LOAD; ignoring.
Simulation of Ibex
==================

Tracing can be toggled by sending SIGUSR1 to this process:
$ kill -USR1 17

Simulation running, end by pressing CTRL-c.
Tracing enabled.
Writing simulation traces to sim.fst
TOP.ibex_simple_system.u_top.u_ibex_tracer.unnamedblk2.unnamedblk3: Writing execution trace to trace_core_00000000.log
Terminating simulation by software request.
- src/lowrisc_ibex_sim_shared_0/rtl/sim/simulator_ctrl.sv:93: Verilog $finish
Received $finish() from Verilog, shutting down simulation.

Simulation statistics
=====================
Executed cycles:  238012
Wallclock time:   5.067 s
Simulation speed: 46973 cycles/s (46.973 kHz)
Trace file size:  18800943 B

You can view the simulation traces by calling
$ gtkwave sim.fst

Performance Counters
====================
Cycles:                     238008
Instructions Retired:       124721
LSU Busy:                   11139
Fetch Wait:                 49624
Loads:                      6440
Stores:                     4699
Jumps:                      1903
Conditional Branches:       50065
Taken Conditional Branches: 49620
Compressed Instructions:    0
Multiply Wait:              1000
