Program header number 0 in `/workspace/out/cache/dc0be65ad096a87e55106a79801b4da9e36e839b3bb46be39b335ef837418383/run/program.elf' is not of type PT_LOAD; ignoring.
Program header number 3 in `/workspace/out/cache/dc0be65ad096a87e55106a79801b4da9e36e839b3bb46be39b335ef837418383/run/program.elf' is not of type PT_LOAD; ignoring.
Simulation of Ibex
==================

Tracing can be toggled by sending SIGUSR1 to this process:
$ kill -USR1 17

Simulation running, end by pressing CTRL-c.
Tracing enabled.
Writing simulation traces to sim.fst
TOP.ibex_simple_system.u_top.u_ibex_tracer.unnamedblk2.unnamedblk3: Writing execution trace to trace_core_00000000.log
Terminating simulation by software request.
- src/lowrisc_ibex_sim_shared_0/rtl/sim/simulator_ctrl.sv:93: Verilog $finish
Received $finish() from Verilog, shutting down simulation.

Simulation statistics
=====================
Executed cycles:  238013
Wallclock time:   4.485 s
Simulation speed: 53068.7 cycles/s (53.0687 kHz)
Trace file size:  17118160 B

You can view the simulation traces by calling
$ gtkwave sim.fst

Performance Counters
====================
Cycles:                     238009
Instructions Retired:       111558
LSU Busy:                   12163
Fetch Wait:                 41729
Loads:                      6940
Stores:                     5223
Jumps:                      1921
Conditional Branches:       42188
Taken Conditional Branches: 41725
Compressed Instructions:    0
Multiply Wait:              1048
