Program header number 0 in `/workspace/out/cache/d05195228adcf880e9d59e1d4ad49d55d5ca14fe1e48ab637afccfbe4c95e8da/run/program.elf' is not of type PT_LOAD; ignoring.
Program header number 3 in `/workspace/out/cache/d05195228adcf880e9d59e1d4ad49d55d5ca14fe1e48ab637afccfbe4c95e8da/run/program.elf' is not of type PT_LOAD; ignoring.
Simulation of Ibex
==================

Tracing can be toggled by sending SIGUSR1 to this process:
$ kill -USR1 18

Simulation running, end by pressing CTRL-c.
Tracing enabled.
Writing simulation traces to sim.fst
TOP.ibex_simple_system.u_top.u_ibex_tracer.unnamedblk2.unnamedblk3: Writing execution trace to trace_core_00000000.log
Terminating simulation by software request.
- src/lowrisc_ibex_sim_shared_0/rtl/sim/simulator_ctrl.sv:93: Verilog $finish
Received $finish() from Verilog, shutting down simulation.

Simulation statistics
=====================
Executed cycles:  238015
Wallclock time:   4.566 s
Simulation speed: 52127.7 cycles/s (52.1277 kHz)
Trace file size:  16943278 B

You can view the simulation traces by calling
$ gtkwave sim.fst

Performance Counters
====================
Cycles:                     238011
Instructions Retired:       108833
LSU Busy:                   11300
Fetch Wait:                 41389
Loads:                      6601
Stores:                     4699
Jumps:                      1930
Conditional Branches:       41861
Taken Conditional Branches: 41385
Compressed Instructions:    0
Multiply Wait:              1042
