Program header number 0 in `/workspace/out/cache/13482f45b5d430b00aa6f9027bbeaafc3d7e118017086c99fc028748cf478d12/run/program.elf' is not of type PT_LOAD; ignoring.
Program header number 3 in `/workspace/out/cache/13482f45b5d430b00aa6f9027bbeaafc3d7e118017086c99fc028748cf478d12/run/program.elf' is not of type PT_LOAD; ignoring.
Simulation of Ibex
==================

Tracing can be toggled by sending SIGUSR1 to this process:
$ kill -USR1 16

Simulation running, end by pressing CTRL-c.
Tracing enabled.
Writing simulation traces to sim.fst
TOP.ibex_simple_system.u_top.u_ibex_tracer.unnamedblk2.unnamedblk3: Writing execution trace to trace_core_00000000.log
Terminating simulation by software request.
- src/lowrisc_ibex_sim_shared_0/rtl/sim/simulator_ctrl.sv:93: Verilog $finish
Received $finish() from Verilog, shutting down simulation.

Simulation statistics
=====================
Executed cycles:  238014
Wallclock time:   4.883 s
Simulation speed: 48743.4 cycles/s (48.7434 kHz)
Trace file size:  17163716 B

You can view the simulation traces by calling
$ gtkwave sim.fst

Performance Counters
====================
Cycles:                     238010
Instructions Retired:       118183
LSU Busy:                   12010
Fetch Wait:                 45074
Loads:                      7311
Stores:                     4699
Jumps:                      1921
Conditional Branches:       45950
Taken Conditional Branches: 45070
Compressed Instructions:    0
Multiply Wait:              1060
