Program header number 0 in `/workspace/out/cache/30bede4e50b43c0ecb93ef14cb96674487260390513bcbd89c8ad0a9b93d777c/run/program.elf' is not of type PT_LOAD; ignoring.
Program header number 3 in `/workspace/out/cache/30bede4e50b43c0ecb93ef14cb96674487260390513bcbd89c8ad0a9b93d777c/run/program.elf' is not of type PT_LOAD; ignoring.
Simulation of Ibex
==================

Tracing can be toggled by sending SIGUSR1 to this process:
$ kill -USR1 18

Simulation running, end by pressing CTRL-c.
Tracing enabled.
Writing simulation traces to sim.fst
TOP.ibex_simple_system.u_top.u_ibex_tracer.unnamedblk2.unnamedblk3: Writing execution trace to trace_core_00000000.log
Terminating simulation by software request.
- src/lowrisc_ibex_sim_shared_0/rtl/sim/simulator_ctrl.sv:93: Verilog $finish
Received $finish() from Verilog, shutting down simulation.

Simulation statistics
=====================
Executed cycles:  238012
Wallclock time:   4.685 s
Simulation speed: 50803 cycles/s (50.803 kHz)
Trace file size:  17299832 B

You can view the simulation traces by calling
$ gtkwave sim.fst

Performance Counters
====================
Cycles:                     238008
Instructions Retired:       115761
LSU Busy:                   11651
Fetch Wait:                 44612
Loads:                      6696
Stores:                     4955
Jumps:                      1919
Conditional Branches:       45579
Taken Conditional Branches: 44608
Compressed Instructions:    0
Multiply Wait:              512
