Program header number 0 in `/workspace/out/cache/a52371cbedc104966b125f8fba209c9711129d6f1021f2e0ca5e4d29eea5d51b/run/program.elf' is not of type PT_LOAD; ignoring.
Program header number 3 in `/workspace/out/cache/a52371cbedc104966b125f8fba209c9711129d6f1021f2e0ca5e4d29eea5d51b/run/program.elf' is not of type PT_LOAD; ignoring.
Simulation of Ibex
==================

Tracing can be toggled by sending SIGUSR1 to this process:
$ kill -USR1 16

Simulation running, end by pressing CTRL-c.
Tracing enabled.
Writing simulation traces to sim.fst
TOP.ibex_simple_system.u_top.u_ibex_tracer.unnamedblk2.unnamedblk3: Writing execution trace to trace_core_00000000.log
Terminating simulation by software request.
- src/lowrisc_ibex_sim_shared_0/rtl/sim/simulator_ctrl.sv:93: Verilog $finish
Received $finish() from Verilog, shutting down simulation.

Simulation statistics
=====================
Executed cycles:  238013
Wallclock time:   4.565 s
Simulation speed: 52138.7 cycles/s (52.1387 kHz)
Trace file size:  15415963 B

You can view the simulation traces by calling
$ gtkwave sim.fst

Performance Counters
====================
Cycles:                     238009
Instructions Retired:       92514
LSU Busy:                   11139
Fetch Wait:                 33528
Loads:                      6440
Stores:                     4699
Jumps:                      1903
Conditional Branches:       33965
Taken Conditional Branches: 33524
Compressed Instructions:    0
Multiply Wait:              0
