Program header number 0 in `/workspace/out/cache/00121b9709dabdfe40a49f506c7b342633ea8a88edb4dc0c52b504e959e155f2/run/program.elf' is not of type PT_LOAD; ignoring.
Program header number 3 in `/workspace/out/cache/00121b9709dabdfe40a49f506c7b342633ea8a88edb4dc0c52b504e959e155f2/run/program.elf' is not of type PT_LOAD; ignoring.
Simulation of Ibex
==================

Tracing can be toggled by sending SIGUSR1 to this process:
$ kill -USR1 17

Simulation running, end by pressing CTRL-c.
Tracing enabled.
Writing simulation traces to sim.fst
TOP.ibex_simple_system.u_top.u_ibex_tracer.unnamedblk2.unnamedblk3: Writing execution trace to trace_core_00000000.log
Terminating simulation by software request.
- src/lowrisc_ibex_sim_shared_0/rtl/sim/simulator_ctrl.sv:93: Verilog $finish
Received $finish() from Verilog, shutting down simulation.

Simulation statistics
=====================
Executed cycles:  238013
Wallclock time:   2.588 s
Simulation speed: 91967.9 cycles/s (91.9679 kHz)
Trace file size:  12272573 B

You can view the simulation traces by calling
$ gtkwave sim.fst

Performance Counters
====================
Cycles:                     238009
Instructions Retired:       51537
LSU Busy:                   11139
Fetch Wait:                 12993
Loads:                      6440
Stores:                     4699
Jumps:                      1929
Conditional Branches:       13460
Taken Conditional Branches: 12989
Compressed Instructions:    0
Multiply Wait:              0
