Program header number 0 in `/workspace/out/cache/430a2475131aea97532224b664ebe06b34c24b87161e27ba2dcbfa29948ebf28/run/program.elf' is not of type PT_LOAD; ignoring.
Program header number 3 in `/workspace/out/cache/430a2475131aea97532224b664ebe06b34c24b87161e27ba2dcbfa29948ebf28/run/program.elf' is not of type PT_LOAD; ignoring.
Simulation of Ibex
==================

Tracing can be toggled by sending SIGUSR1 to this process:
$ kill -USR1 17

Simulation running, end by pressing CTRL-c.
Tracing enabled.
Writing simulation traces to sim.fst
TOP.ibex_simple_system.u_top.u_ibex_tracer.unnamedblk2.unnamedblk3: Writing execution trace to trace_core_00000000.log
Terminating simulation by software request.
- src/lowrisc_ibex_sim_shared_0/rtl/sim/simulator_ctrl.sv:93: Verilog $finish
Received $finish() from Verilog, shutting down simulation.

Simulation statistics
=====================
Executed cycles:  238011
Wallclock time:   5.278 s
Simulation speed: 45094.9 cycles/s (45.0949 kHz)
Trace file size:  17473235 B

You can view the simulation traces by calling
$ gtkwave sim.fst

Performance Counters
====================
Cycles:                     238007
Instructions Retired:       119006
LSU Busy:                   11953
Fetch Wait:                 45752
Loads:                      6848
Stores:                     5105
Jumps:                      1896
Conditional Branches:       46190
Taken Conditional Branches: 45748
Compressed Instructions:    0
Multiply Wait:              408
