Program header number 0 in `/workspace/out/cache/f2524dbb8da9169701a5e32a826def781748a0fee8125df08d8d8452a79e8387/run/program.elf' is not of type PT_LOAD; ignoring.
Program header number 3 in `/workspace/out/cache/f2524dbb8da9169701a5e32a826def781748a0fee8125df08d8d8452a79e8387/run/program.elf' is not of type PT_LOAD; ignoring.
Simulation of Ibex
==================

Tracing can be toggled by sending SIGUSR1 to this process:
$ kill -USR1 18

Simulation running, end by pressing CTRL-c.
Tracing enabled.
Writing simulation traces to sim.fst
TOP.ibex_simple_system.u_top.u_ibex_tracer.unnamedblk2.unnamedblk3: Writing execution trace to trace_core_00000000.log
Terminating simulation by software request.
- src/lowrisc_ibex_sim_shared_0/rtl/sim/simulator_ctrl.sv:93: Verilog $finish
Received $finish() from Verilog, shutting down simulation.

Simulation statistics
=====================
Executed cycles:  238013
Wallclock time:   4.905 s
Simulation speed: 48524.6 cycles/s (48.5246 kHz)
Trace file size:  17404184 B

You can view the simulation traces by calling
$ gtkwave sim.fst

Performance Counters
====================
Cycles:                     238009
Instructions Retired:       118398
LSU Busy:                   11664
Fetch Wait:                 45588
Loads:                      6615
Stores:                     5049
Jumps:                      1934
Conditional Branches:       46841
Taken Conditional Branches: 45584
Compressed Instructions:    0
Multiply Wait:              0
