Program header number 0 in `/workspace/out/cache/f329d4603bc8ed752043b92a437ecd4c6169268c00ef000bff2296f0cc2154f1/run/program.elf' is not of type PT_LOAD; ignoring.
Program header number 3 in `/workspace/out/cache/f329d4603bc8ed752043b92a437ecd4c6169268c00ef000bff2296f0cc2154f1/run/program.elf' is not of type PT_LOAD; ignoring.
Simulation of Ibex
==================

Tracing can be toggled by sending SIGUSR1 to this process:
$ kill -USR1 18

Simulation running, end by pressing CTRL-c.
Tracing enabled.
Writing simulation traces to sim.fst
TOP.ibex_simple_system.u_top.u_ibex_tracer.unnamedblk2.unnamedblk3: Writing execution trace to trace_core_00000000.log
Terminating simulation by software request.
- src/lowrisc_ibex_sim_shared_0/rtl/sim/simulator_ctrl.sv:93: Verilog $finish
Received $finish() from Verilog, shutting down simulation.

Simulation statistics
=====================
Executed cycles:  238013
Wallclock time:   4.893 s
Simulation speed: 48643.6 cycles/s (48.6436 kHz)
Trace file size:  17536428 B

You can view the simulation traces by calling
$ gtkwave sim.fst

Performance Counters
====================
Cycles:                     238009
Instructions Retired:       115926
LSU Busy:                   12139
Fetch Wait:                 44498
Loads:                      6940
Stores:                     5199
Jumps:                      1903
Conditional Branches:       44940
Taken Conditional Branches: 44494
Compressed Instructions:    0
Multiply Wait:              1048
