Program header number 0 in `/workspace/out/cache/5a105444785af322fb046da0ac401bb6eef9b84c43be125d24eebf5e09bbf060/run/program.elf' is not of type PT_LOAD; ignoring.
Program header number 3 in `/workspace/out/cache/5a105444785af322fb046da0ac401bb6eef9b84c43be125d24eebf5e09bbf060/run/program.elf' is not of type PT_LOAD; ignoring.
Simulation of Ibex
==================

Tracing can be toggled by sending SIGUSR1 to this process:
$ kill -USR1 17

Simulation running, end by pressing CTRL-c.
Tracing enabled.
Writing simulation traces to sim.fst
TOP.ibex_simple_system.u_top.u_ibex_tracer.unnamedblk2.unnamedblk3: Writing execution trace to trace_core_00000000.log
Terminating simulation by software request.
- src/lowrisc_ibex_sim_shared_0/rtl/sim/simulator_ctrl.sv:93: Verilog $finish
Received $finish() from Verilog, shutting down simulation.

Simulation statistics
=====================
Executed cycles:  238014
Wallclock time:   5.93 s
Simulation speed: 40137.3 cycles/s (40.1373 kHz)
Trace file size:  17924970 B

You can view the simulation traces by calling
$ gtkwave sim.fst

Performance Counters
====================
Cycles:                     238010
Instructions Retired:       120253
LSU Busy:                   12161
Fetch Wait:                 46306
Loads:                      6951
Stores:                     5210
Jumps:                      1902
Conditional Branches:       46749
Taken Conditional Branches: 46302
Compressed Instructions:    0
Multiply Wait:              850
