Program header number 0 in `/workspace/out/cache/d542bb6ea2293c5843d498130e86b71201718a39b9d874d2b1248f8b20451979/run/program.elf' is not of type PT_LOAD; ignoring.
Program header number 3 in `/workspace/out/cache/d542bb6ea2293c5843d498130e86b71201718a39b9d874d2b1248f8b20451979/run/program.elf' is not of type PT_LOAD; ignoring.
Simulation of Ibex
==================

Tracing can be toggled by sending SIGUSR1 to this process:
$ kill -USR1 17

Simulation running, end by pressing CTRL-c.
Tracing enabled.
Writing simulation traces to sim.fst
TOP.ibex_simple_system.u_top.u_ibex_tracer.unnamedblk2.unnamedblk3: Writing execution trace to trace_core_00000000.log
Terminating simulation by software request.
- src/lowrisc_ibex_sim_shared_0/rtl/sim/simulator_ctrl.sv:93: Verilog $finish
Received $finish() from Verilog, shutting down simulation.

Simulation statistics
=====================
Executed cycles:  243036
Wallclock time:   5.476 s
Simulation speed: 44382 cycles/s (44.382 kHz)
Trace file size:  17337313 B

You can view the simulation traces by calling
$ gtkwave sim.fst

Performance Counters
====================
Cycles:                     243032
Instructions Retired:       113675
LSU Busy:                   11685
Fetch Wait:                 43808
Loads:                      6986
Stores:                     4699
Jumps:                      1927
Conditional Branches:       44471
Taken Conditional Branches: 43804
Compressed Instructions:    0
Multiply Wait:              308
