Program header number 0 in `/workspace/out/cache/d268adc47ffb33d8e95def840917e0a0164c4da4a9775afe9cb5f9285495ee12/run/program.elf' is not of type PT_LOAD; ignoring.
Program header number 3 in `/workspace/out/cache/d268adc47ffb33d8e95def840917e0a0164c4da4a9775afe9cb5f9285495ee12/run/program.elf' is not of type PT_LOAD; ignoring.
Simulation of Ibex
==================

Tracing can be toggled by sending SIGUSR1 to this process:
$ kill -USR1 18

Simulation running, end by pressing CTRL-c.
Tracing enabled.
Writing simulation traces to sim.fst
TOP.ibex_simple_system.u_top.u_ibex_tracer.unnamedblk2.unnamedblk3: Writing execution trace to trace_core_00000000.log
Terminating simulation by software request.
- src/lowrisc_ibex_sim_shared_0/rtl/sim/simulator_ctrl.sv:93: Verilog $finish
Received $finish() from Verilog, shutting down simulation.

Simulation statistics
=====================
Executed cycles:  238014
Wallclock time:   4.767 s
Simulation speed: 49929.5 cycles/s (49.9295 kHz)
Trace file size:  17171399 B

You can view the simulation traces by calling
$ gtkwave sim.fst

Performance Counters
====================
Cycles:                     238010
Instructions Retired:       116017
LSU Busy:                   11821
Fetch Wait:                 44485
Loads:                      6781
Stores:                     5040
Jumps:                      1919
Conditional Branches:       45452
Taken Conditional Branches: 44481
Compressed Instructions:    0
Multiply Wait:              342
