Program header number 0 in `/workspace/out/cache/ff71c44e17bc2a48622e20821ef8bfeaa797c57b7c23a9b34c3874a5a09af3ad/run/program.elf' is not of type PT_LOAD; ignoring.
Program header number 3 in `/workspace/out/cache/ff71c44e17bc2a48622e20821ef8bfeaa797c57b7c23a9b34c3874a5a09af3ad/run/program.elf' is not of type PT_LOAD; ignoring.
Simulation of Ibex
==================

Tracing can be toggled by sending SIGUSR1 to this process:
$ kill -USR1 18

Simulation running, end by pressing CTRL-c.
Tracing enabled.
Writing simulation traces to sim.fst
TOP.ibex_simple_system.u_top.u_ibex_tracer.unnamedblk2.unnamedblk3: Writing execution trace to trace_core_00000000.log
Terminating simulation by software request.
- src/lowrisc_ibex_sim_shared_0/rtl/sim/simulator_ctrl.sv:93: Verilog $finish
Received $finish() from Verilog, shutting down simulation.

Simulation statistics
=====================
Executed cycles:  238012
Wallclock time:   5.402 s
Simulation speed: 44060 cycles/s (44.06 kHz)
Trace file size:  17757998 B

You can view the simulation traces by calling
$ gtkwave sim.fst

Performance Counters
====================
Cycles:                     238008
Instructions Retired:       121322
LSU Busy:                   11739
Fetch Wait:                 46827
Loads:                      6740
Stores:                     4999
Jumps:                      1884
Conditional Branches:       47699
Taken Conditional Branches: 46823
Compressed Instructions:    0
Multiply Wait:              1348
