Program header number 0 in `/workspace/out/cache/4ea22cea5b287619f81635f5f3f262a5d44fcac1d9acc896edc67b658c141ca9/run/program.elf' is not of type PT_LOAD; ignoring.
Program header number 3 in `/workspace/out/cache/4ea22cea5b287619f81635f5f3f262a5d44fcac1d9acc896edc67b658c141ca9/run/program.elf' is not of type PT_LOAD; ignoring.
Simulation of Ibex
==================

Tracing can be toggled by sending SIGUSR1 to this process:
$ kill -USR1 17

Simulation running, end by pressing CTRL-c.
Tracing enabled.
Writing simulation traces to sim.fst
TOP.ibex_simple_system.u_top.u_ibex_tracer.unnamedblk2.unnamedblk3: Writing execution trace to trace_core_00000000.log
Terminating simulation by software request.
- src/lowrisc_ibex_sim_shared_0/rtl/sim/simulator_ctrl.sv:93: Verilog $finish
Received $finish() from Verilog, shutting down simulation.

Simulation statistics
=====================
Executed cycles:  238013
Wallclock time:   4.328 s
Simulation speed: 54993.8 cycles/s (54.9938 kHz)
Trace file size:  15333260 B

You can view the simulation traces by calling
$ gtkwave sim.fst

Performance Counters
====================
Cycles:                     238009
Instructions Retired:       88375
LSU Busy:                   11139
Fetch Wait:                 31423
Loads:                      6440
Stores:                     4699
Jumps:                      1924
Conditional Branches:       31883
Taken Conditional Branches: 31419
Compressed Instructions:    0
Multiply Wait:              0
