Program header number 0 in `/workspace/out/cache/b5835ec9e76974adf8bbbbd43e57beba03d6f02b1f4f4c74fd6f10f39e714766/run/program.elf' is not of type PT_LOAD; ignoring.
Program header number 3 in `/workspace/out/cache/b5835ec9e76974adf8bbbbd43e57beba03d6f02b1f4f4c74fd6f10f39e714766/run/program.elf' is not of type PT_LOAD; ignoring.
Simulation of Ibex
==================

Tracing can be toggled by sending SIGUSR1 to this process:
$ kill -USR1 17

Simulation running, end by pressing CTRL-c.
Tracing enabled.
Writing simulation traces to sim.fst
TOP.ibex_simple_system.u_top.u_ibex_tracer.unnamedblk2.unnamedblk3: Writing execution trace to trace_core_00000000.log
Terminating simulation by software request.
- src/lowrisc_ibex_sim_shared_0/rtl/sim/simulator_ctrl.sv:93: Verilog $finish
Received $finish() from Verilog, shutting down simulation.

Simulation statistics
=====================
Executed cycles:  238013
Wallclock time:   5.032 s
Simulation speed: 47299.9 cycles/s (47.2999 kHz)
Trace file size:  18375807 B

You can view the simulation traces by calling
$ gtkwave sim.fst

Performance Counters
====================
Cycles:                     238009
Instructions Retired:       125622
LSU Busy:                   11905
Fetch Wait:                 48874
Loads:                      6640
Stores:                     5265
Jumps:                      1937
Conditional Branches:       49349
Taken Conditional Branches: 48870
Compressed Instructions:    0
Multiply Wait:              800
