Program header number 0 in `/workspace/out/cache/12faa7c60b1786c7dbb1a0bac56f5060c51f59969d7c131271362dea59362fa0/run/program.elf' is not of type PT_LOAD; ignoring.
Program header number 3 in `/workspace/out/cache/12faa7c60b1786c7dbb1a0bac56f5060c51f59969d7c131271362dea59362fa0/run/program.elf' is not of type PT_LOAD; ignoring.
Simulation of Ibex
==================

Tracing can be toggled by sending SIGUSR1 to this process:
$ kill -USR1 17

Simulation running, end by pressing CTRL-c.
Tracing enabled.
Writing simulation traces to sim.fst
TOP.ibex_simple_system.u_top.u_ibex_tracer.unnamedblk2.unnamedblk3: Writing execution trace to trace_core_00000000.log
Terminating simulation by software request.
- src/lowrisc_ibex_sim_shared_0/rtl/sim/simulator_ctrl.sv:93: Verilog $finish
Received $finish() from Verilog, shutting down simulation.

Simulation statistics
=====================
Executed cycles:  238014
Wallclock time:   4.932 s
Simulation speed: 48259.1 cycles/s (48.2591 kHz)
Trace file size:  17629990 B

You can view the simulation traces by calling
$ gtkwave sim.fst

Performance Counters
====================
Cycles:                     238010
Instructions Retired:       120086
LSU Busy:                   12161
Fetch Wait:                 46224
Loads:                      6951
Stores:                     5210
Jumps:                      1898
Conditional Branches:       46666
Taken Conditional Branches: 46220
Compressed Instructions:    0
Multiply Wait:              1150
