Program header number 0 in `/workspace/out/cache/b0dd429d212941974ec45478b76003d499423b3ba8e504fd483e12f55abe87cc/run/program.elf' is not of type PT_LOAD; ignoring.
Program header number 3 in `/workspace/out/cache/b0dd429d212941974ec45478b76003d499423b3ba8e504fd483e12f55abe87cc/run/program.elf' is not of type PT_LOAD; ignoring.
Simulation of Ibex
==================

Tracing can be toggled by sending SIGUSR1 to this process:
$ kill -USR1 17

Simulation running, end by pressing CTRL-c.
Tracing enabled.
Writing simulation traces to sim.fst
TOP.ibex_simple_system.u_top.u_ibex_tracer.unnamedblk2.unnamedblk3: Writing execution trace to trace_core_00000000.log
Terminating simulation by software request.
- src/lowrisc_ibex_sim_shared_0/rtl/sim/simulator_ctrl.sv:93: Verilog $finish
Received $finish() from Verilog, shutting down simulation.

Simulation statistics
=====================
Executed cycles:  238016
Wallclock time:   5.614 s
Simulation speed: 42396.9 cycles/s (42.3969 kHz)
Trace file size:  17922374 B

You can view the simulation traces by calling
$ gtkwave sim.fst

Performance Counters
====================
Cycles:                     238012
Instructions Retired:       123324
LSU Busy:                   11893
Fetch Wait:                 48160
Loads:                      6817
Stores:                     5076
Jumps:                      1912
Conditional Branches:       48608
Taken Conditional Branches: 48156
Compressed Instructions:    0
Multiply Wait:              2262
