Program header number 0 in `/workspace/out/cache/fe78233a5bff27809f7f79a0475fa3f61558a59086f5088c83c4c626aafe250b/run/program.elf' is not of type PT_LOAD; ignoring.
Program header number 3 in `/workspace/out/cache/fe78233a5bff27809f7f79a0475fa3f61558a59086f5088c83c4c626aafe250b/run/program.elf' is not of type PT_LOAD; ignoring.
Simulation of Ibex
==================

Tracing can be toggled by sending SIGUSR1 to this process:
$ kill -USR1 17

Simulation running, end by pressing CTRL-c.
Tracing enabled.
Writing simulation traces to sim.fst
TOP.ibex_simple_system.u_top.u_ibex_tracer.unnamedblk2.unnamedblk3: Writing execution trace to trace_core_00000000.log
Terminating simulation by software request.
- src/lowrisc_ibex_sim_shared_0/rtl/sim/simulator_ctrl.sv:93: Verilog $finish
Received $finish() from Verilog, shutting down simulation.

Simulation statistics
=====================
Executed cycles:  238012
Wallclock time:   5.337 s
Simulation speed: 44596.6 cycles/s (44.5966 kHz)
Trace file size:  18469062 B

You can view the simulation traces by calling
$ gtkwave sim.fst

Performance Counters
====================
Cycles:                     238008
Instructions Retired:       125584
LSU Busy:                   12164
Fetch Wait:                 48829
Loads:                      7124
Stores:                     5040
Jumps:                      1923
Conditional Branches:       49290
Taken Conditional Branches: 48825
Compressed Instructions:    0
Multiply Wait:              682
