Program header number 0 in `/workspace/out/cache/f622c15c862579717fdfbe9e72c3473d68fc611d9b45485299f1231be5939e49/run/program.elf' is not of type PT_LOAD; ignoring.
Program header number 3 in `/workspace/out/cache/f622c15c862579717fdfbe9e72c3473d68fc611d9b45485299f1231be5939e49/run/program.elf' is not of type PT_LOAD; ignoring.
Simulation of Ibex
==================

Tracing can be toggled by sending SIGUSR1 to this process:
$ kill -USR1 17

Simulation running, end by pressing CTRL-c.
Tracing enabled.
Writing simulation traces to sim.fst
TOP.ibex_simple_system.u_top.u_ibex_tracer.unnamedblk2.unnamedblk3: Writing execution trace to trace_core_00000000.log
Terminating simulation by software request.
- src/lowrisc_ibex_sim_shared_0/rtl/sim/simulator_ctrl.sv:93: Verilog $finish
Received $finish() from Verilog, shutting down simulation.

Simulation statistics
=====================
Executed cycles:  238014
Wallclock time:   5.341 s
Simulation speed: 44563.6 cycles/s (44.5636 kHz)
Trace file size:  17909549 B

You can view the simulation traces by calling
$ gtkwave sim.fst

Performance Counters
====================
Cycles:                     238010
Instructions Retired:       125457
LSU Busy:                   12159
Fetch Wait:                 48756
Loads:                      6950
Stores:                     5209
Jumps:                      1933
Conditional Branches:       49239
Taken Conditional Branches: 48752
Compressed Instructions:    0
Multiply Wait:              952
