Program header number 0 in `/workspace/out/cache/d7ccab28f5eed9f087b9b18c9781db45c7a7cb8b89e2a026e64948e81a51fe00/run/program.elf' is not of type PT_LOAD; ignoring.
Program header number 3 in `/workspace/out/cache/d7ccab28f5eed9f087b9b18c9781db45c7a7cb8b89e2a026e64948e81a51fe00/run/program.elf' is not of type PT_LOAD; ignoring.
Simulation of Ibex
==================

Tracing can be toggled by sending SIGUSR1 to this process:
$ kill -USR1 17

Simulation running, end by pressing CTRL-c.
Tracing enabled.
Writing simulation traces to sim.fst
TOP.ibex_simple_system.u_top.u_ibex_tracer.unnamedblk2.unnamedblk3: Writing execution trace to trace_core_00000000.log
Terminating simulation by software request.
- src/lowrisc_ibex_sim_shared_0/rtl/sim/simulator_ctrl.sv:93: Verilog $finish
Received $finish() from Verilog, shutting down simulation.

Simulation statistics
=====================
Executed cycles:  238015
Wallclock time:   5.018 s
Simulation speed: 47432.2 cycles/s (47.4322 kHz)
Trace file size:  18074911 B

You can view the simulation traces by calling
$ gtkwave sim.fst

Performance Counters
====================
Cycles:                     238011
Instructions Retired:       127502
LSU Busy:                   14119
Fetch Wait:                 46523
Loads:                      9420
Stores:                     4699
Jumps:                      1919
Conditional Branches:       46978
Taken Conditional Branches: 46519
Compressed Instructions:    0
Multiply Wait:              1428
