Program header number 0 in `/workspace/out/cache/44908d123c08aee2a2cf7ec0cf7395dcfba4c9b52e4ea3c3f724f8d0cc41cf0b/run/program.elf' is not of type PT_LOAD; ignoring.
Program header number 3 in `/workspace/out/cache/44908d123c08aee2a2cf7ec0cf7395dcfba4c9b52e4ea3c3f724f8d0cc41cf0b/run/program.elf' is not of type PT_LOAD; ignoring.
Simulation of Ibex
==================

Tracing can be toggled by sending SIGUSR1 to this process:
$ kill -USR1 17

Simulation running, end by pressing CTRL-c.
Tracing enabled.
Writing simulation traces to sim.fst
TOP.ibex_simple_system.u_top.u_ibex_tracer.unnamedblk2.unnamedblk3: Writing execution trace to trace_core_00000000.log
Terminating simulation by software request.
- src/lowrisc_ibex_sim_shared_0/rtl/sim/simulator_ctrl.sv:93: Verilog $finish
Received $finish() from Verilog, shutting down simulation.

Simulation statistics
=====================
Executed cycles:  238014
Wallclock time:   4.334 s
Simulation speed: 54917.9 cycles/s (54.9179 kHz)
Trace file size:  16655084 B

You can view the simulation traces by calling
$ gtkwave sim.fst

Performance Counters
====================
Cycles:                     238010
Instructions Retired:       109511
LSU Busy:                   12747
Fetch Wait:                 39576
Loads:                      7646
Stores:                     5101
Jumps:                      1926
Conditional Branches:       40038
Taken Conditional Branches: 39572
Compressed Instructions:    0
Multiply Wait:              0
