Program header number 0 in `/workspace/out/cache/77074ebf3d7adefcf65cbc81bce366970b5a66df108e5e1231282cb31e3727b1/run/program.elf' is not of type PT_LOAD; ignoring.
Program header number 3 in `/workspace/out/cache/77074ebf3d7adefcf65cbc81bce366970b5a66df108e5e1231282cb31e3727b1/run/program.elf' is not of type PT_LOAD; ignoring.
Simulation of Ibex
==================

Tracing can be toggled by sending SIGUSR1 to this process:
$ kill -USR1 17

Simulation running, end by pressing CTRL-c.
Tracing enabled.
Writing simulation traces to sim.fst
TOP.ibex_simple_system.u_top.u_ibex_tracer.unnamedblk2.unnamedblk3: Writing execution trace to trace_core_00000000.log
Terminating simulation by software request.
- src/lowrisc_ibex_sim_shared_0/rtl/sim/simulator_ctrl.sv:93: Verilog $finish
Received $finish() from Verilog, shutting down simulation.

Simulation statistics
=====================
Executed cycles:  238016
Wallclock time:   3.414 s
Simulation speed: 69717.6 cycles/s (69.7176 kHz)
Trace file size:  13761883 B

You can view the simulation traces by calling
$ gtkwave sim.fst

Performance Counters
====================
Cycles:                     238012
Instructions Retired:       68881
LSU Busy:                   11139
Fetch Wait:                 22311
Loads:                      6440
Stores:                     4699
Jumps:                      1917
Conditional Branches:       23014
Taken Conditional Branches: 22307
Compressed Instructions:    0
Multiply Wait:              0
