Program header number 0 in `/workspace/out/cache/088808abbc5aa0c4b9f1656053bc4fe01652367490e374e37631291519132309/run/program.elf' is not of type PT_LOAD; ignoring.
Program header number 3 in `/workspace/out/cache/088808abbc5aa0c4b9f1656053bc4fe01652367490e374e37631291519132309/run/program.elf' is not of type PT_LOAD; ignoring.
Simulation of Ibex
==================

Tracing can be toggled by sending SIGUSR1 to this process:
$ kill -USR1 18

Simulation running, end by pressing CTRL-c.
Tracing enabled.
Writing simulation traces to sim.fst
TOP.ibex_simple_system.u_top.u_ibex_tracer.unnamedblk2.unnamedblk3: Writing execution trace to trace_core_00000000.log
Terminating simulation by software request.
- src/lowrisc_ibex_sim_shared_0/rtl/sim/simulator_ctrl.sv:93: Verilog $finish
Received $finish() from Verilog, shutting down simulation.

Simulation statistics
=====================
Executed cycles:  238013
Wallclock time:   5.209 s
Simulation speed: 45692.6 cycles/s (45.6926 kHz)
Trace file size:  18215175 B

You can view the simulation traces by calling
$ gtkwave sim.fst

Performance Counters
====================
Cycles:                     238009
Instructions Retired:       120685
LSU Busy:                   11375
Fetch Wait:                 47187
Loads:                      6596
Stores:                     4779
Jumps:                      1923
Conditional Branches:       47932
Taken Conditional Branches: 47183
Compressed Instructions:    0
Multiply Wait:              3980
