Program header number 0 in `/workspace/out/cache/7d04fbbb442aaebba1ea03abb2e79ed5b2018237ed404d6647f18bf21d7d95db/run/program.elf' is not of type PT_LOAD; ignoring.
Program header number 3 in `/workspace/out/cache/7d04fbbb442aaebba1ea03abb2e79ed5b2018237ed404d6647f18bf21d7d95db/run/program.elf' is not of type PT_LOAD; ignoring.
Simulation of Ibex
==================

Tracing can be toggled by sending SIGUSR1 to this process:
$ kill -USR1 17

Simulation running, end by pressing CTRL-c.
Tracing enabled.
Writing simulation traces to sim.fst
TOP.ibex_simple_system.u_top.u_ibex_tracer.unnamedblk2.unnamedblk3: Writing execution trace to trace_core_00000000.log
Terminating simulation by software request.
- src/lowrisc_ibex_sim_shared_0/rtl/sim/simulator_ctrl.sv:93: Verilog $finish
Received $finish() from Verilog, shutting down simulation.

Simulation statistics
=====================
Executed cycles:  238012
Wallclock time:   4.852 s
Simulation speed: 49054.4 cycles/s (49.0544 kHz)
Trace file size:  17995392 B

You can view the simulation traces by calling
$ gtkwave sim.fst

Performance Counters
====================
Cycles:                     238008
Instructions Retired:       125470
LSU Busy:                   12277
Fetch Wait:                 48258
Loads:                      6895
Stores:                     5382
Jumps:                      1928
Conditional Branches:       48722
Taken Conditional Branches: 48254
Compressed Instructions:    0
Multiply Wait:              1820
