Program header number 0 in `/workspace/out/cache/9f956d18e1cc7582799f425ce021b1c8d0e4e225fccbe536117eafde48f050b8/run/program.elf' is not of type PT_LOAD; ignoring.
Program header number 3 in `/workspace/out/cache/9f956d18e1cc7582799f425ce021b1c8d0e4e225fccbe536117eafde48f050b8/run/program.elf' is not of type PT_LOAD; ignoring.
Simulation of Ibex
==================

Tracing can be toggled by sending SIGUSR1 to this process:
$ kill -USR1 17

Simulation running, end by pressing CTRL-c.
Tracing enabled.
Writing simulation traces to sim.fst
TOP.ibex_simple_system.u_top.u_ibex_tracer.unnamedblk2.unnamedblk3: Writing execution trace to trace_core_00000000.log
Terminating simulation by software request.
- src/lowrisc_ibex_sim_shared_0/rtl/sim/simulator_ctrl.sv:93: Verilog $finish
Received $finish() from Verilog, shutting down simulation.

Simulation statistics
=====================
Executed cycles:  238015
Wallclock time:   4.916 s
Simulation speed: 48416.4 cycles/s (48.4164 kHz)
Trace file size:  16686692 B

You can view the simulation traces by calling
$ gtkwave sim.fst

Performance Counters
====================
Cycles:                     238011
Instructions Retired:       102700
LSU Busy:                   11817
Fetch Wait:                 37647
Loads:                      6896
Stores:                     4921
Jumps:                      1907
Conditional Branches:       38098
Taken Conditional Branches: 37643
Compressed Instructions:    0
Multiply Wait:              0
