Program header number 0 in `/workspace/out/cache/019295af8ec45073f75e047ecff2f38d8ca20f82dc59818b1a15bd9f5024103e/run/program.elf' is not of type PT_LOAD; ignoring.
Program header number 3 in `/workspace/out/cache/019295af8ec45073f75e047ecff2f38d8ca20f82dc59818b1a15bd9f5024103e/run/program.elf' is not of type PT_LOAD; ignoring.
Simulation of Ibex
==================

Tracing can be toggled by sending SIGUSR1 to this process:
$ kill -USR1 17

Simulation running, end by pressing CTRL-c.
Tracing enabled.
Writing simulation traces to sim.fst
TOP.ibex_simple_system.u_top.u_ibex_tracer.unnamedblk2.unnamedblk3: Writing execution trace to trace_core_00000000.log
Terminating simulation by software request.
- src/lowrisc_ibex_sim_shared_0/rtl/sim/simulator_ctrl.sv:93: Verilog $finish
Received $finish() from Verilog, shutting down simulation.

Simulation statistics
=====================
Executed cycles:  238015
Wallclock time:   5.189 s
Simulation speed: 45869.1 cycles/s (45.8691 kHz)
Trace file size:  18233800 B

You can view the simulation traces by calling
$ gtkwave sim.fst

Performance Counters
====================
Cycles:                     238011
Instructions Retired:       126104
LSU Busy:                   12027
Fetch Wait:                 48979
Loads:                      6773
Stores:                     5254
Jumps:                      1925
Conditional Branches:       49502
Taken Conditional Branches: 48975
Compressed Instructions:    0
Multiply Wait:              0
