Program header number 0 in `/workspace/out/cache/67e22c8fe52c0ef42c64531d1c2398567be7bb360d96b6c514f49f1f2f01d884/run/program.elf' is not of type PT_LOAD; ignoring.
Program header number 3 in `/workspace/out/cache/67e22c8fe52c0ef42c64531d1c2398567be7bb360d96b6c514f49f1f2f01d884/run/program.elf' is not of type PT_LOAD; ignoring.
Simulation of Ibex
==================

Tracing can be toggled by sending SIGUSR1 to this process:
$ kill -USR1 18

Simulation running, end by pressing CTRL-c.
Tracing enabled.
Writing simulation traces to sim.fst
TOP.ibex_simple_system.u_top.u_ibex_tracer.unnamedblk2.unnamedblk3: Writing execution trace to trace_core_00000000.log
Terminating simulation by software request.
- src/lowrisc_ibex_sim_shared_0/rtl/sim/simulator_ctrl.sv:93: Verilog $finish
Received $finish() from Verilog, shutting down simulation.

Simulation statistics
=====================
Executed cycles:  238013
Wallclock time:   4.955 s
Simulation speed: 48034.9 cycles/s (48.0349 kHz)
Trace file size:  17909878 B

You can view the simulation traces by calling
$ gtkwave sim.fst

Performance Counters
====================
Cycles:                     238009
Instructions Retired:       126231
LSU Busy:                   12477
Fetch Wait:                 48240
Loads:                      7109
Stores:                     5368
Jumps:                      1924
Conditional Branches:       48902
Taken Conditional Branches: 48236
Compressed Instructions:    0
Multiply Wait:              900
