Program header number 0 in `/workspace/out/cache/e69a524474e54be10294a18eeeb832f57e5ad0f6ff6fa265591de76620756e26/run/program.elf' is not of type PT_LOAD; ignoring.
Program header number 3 in `/workspace/out/cache/e69a524474e54be10294a18eeeb832f57e5ad0f6ff6fa265591de76620756e26/run/program.elf' is not of type PT_LOAD; ignoring.
Simulation of Ibex
==================

Tracing can be toggled by sending SIGUSR1 to this process:
$ kill -USR1 18

Simulation running, end by pressing CTRL-c.
Tracing enabled.
Writing simulation traces to sim.fst
TOP.ibex_simple_system.u_top.u_ibex_tracer.unnamedblk2.unnamedblk3: Writing execution trace to trace_core_00000000.log
Terminating simulation by software request.
- src/lowrisc_ibex_sim_shared_0/rtl/sim/simulator_ctrl.sv:93: Verilog $finish
Received $finish() from Verilog, shutting down simulation.

Simulation statistics
=====================
Executed cycles:  238011
Wallclock time:   5.143 s
Simulation speed: 46278.6 cycles/s (46.2786 kHz)
Trace file size:  17866987 B

You can view the simulation traces by calling
$ gtkwave sim.fst

Performance Counters
====================
Cycles:                     238007
Instructions Retired:       125681
LSU Busy:                   12311
Fetch Wait:                 48819
Loads:                      6893
Stores:                     5418
Jumps:                      1914
Conditional Branches:       49269
Taken Conditional Branches: 48815
Compressed Instructions:    0
Multiply Wait:              466
