Program header number 0 in `/workspace/out/cache/c94d9556d0f761475e201edcc4e97606b9b0637d5009a65feeaa8a31afbf215c/run/program.elf' is not of type PT_LOAD; ignoring.
Program header number 3 in `/workspace/out/cache/c94d9556d0f761475e201edcc4e97606b9b0637d5009a65feeaa8a31afbf215c/run/program.elf' is not of type PT_LOAD; ignoring.
Simulation of Ibex
==================

Tracing can be toggled by sending SIGUSR1 to this process:
$ kill -USR1 16

Simulation running, end by pressing CTRL-c.
Tracing enabled.
Writing simulation traces to sim.fst
TOP.ibex_simple_system.u_top.u_ibex_tracer.unnamedblk2.unnamedblk3: Writing execution trace to trace_core_00000000.log
Terminating simulation by software request.
- src/lowrisc_ibex_sim_shared_0/rtl/sim/simulator_ctrl.sv:93: Verilog $finish
Received $finish() from Verilog, shutting down simulation.

Simulation statistics
=====================
Executed cycles:  248526
Wallclock time:   4.755 s
Simulation speed: 52266.2 cycles/s (52.2662 kHz)
Trace file size:  16970904 B

You can view the simulation traces by calling
$ gtkwave sim.fst

Performance Counters
====================
Cycles:                     248522
Instructions Retired:       106397
LSU Busy:                   11139
Fetch Wait:                 40433
Loads:                      6440
Stores:                     4699
Jumps:                      1921
Conditional Branches:       40892
Taken Conditional Branches: 40429
Compressed Instructions:    0
Multiply Wait:              0
