Program header number 0 in `/workspace/out/cache/d777e96b1a525a3f62c29e478822abffa5e1f5d9f4e18f298178ad6d6627d7e1/run/program.elf' is not of type PT_LOAD; ignoring.
Program header number 3 in `/workspace/out/cache/d777e96b1a525a3f62c29e478822abffa5e1f5d9f4e18f298178ad6d6627d7e1/run/program.elf' is not of type PT_LOAD; ignoring.
Simulation of Ibex
==================

Tracing can be toggled by sending SIGUSR1 to this process:
$ kill -USR1 18

Simulation running, end by pressing CTRL-c.
Tracing enabled.
Writing simulation traces to sim.fst
TOP.ibex_simple_system.u_top.u_ibex_tracer.unnamedblk2.unnamedblk3: Writing execution trace to trace_core_00000000.log
Terminating simulation by software request.
- src/lowrisc_ibex_sim_shared_0/rtl/sim/simulator_ctrl.sv:93: Verilog $finish
Received $finish() from Verilog, shutting down simulation.

Simulation statistics
=====================
Executed cycles:  238013
Wallclock time:   4.555 s
Simulation speed: 52253.1 cycles/s (52.2531 kHz)
Trace file size:  17323594 B

You can view the simulation traces by calling
$ gtkwave sim.fst

Performance Counters
====================
Cycles:                     238009
Instructions Retired:       111850
LSU Busy:                   11822
Fetch Wait:                 42126
Loads:                      6782
Stores:                     5040
Jumps:                      1928
Conditional Branches:       42592
Taken Conditional Branches: 42122
Compressed Instructions:    0
Multiply Wait:              512
