Program header number 0 in `/workspace/out/cache/e73e5046a38284a3cd555bf0f2799ef01feeccca98903c5e65ef9ee0597bbba5/run/program.elf' is not of type PT_LOAD; ignoring.
Program header number 3 in `/workspace/out/cache/e73e5046a38284a3cd555bf0f2799ef01feeccca98903c5e65ef9ee0597bbba5/run/program.elf' is not of type PT_LOAD; ignoring.
Simulation of Ibex
==================

Tracing can be toggled by sending SIGUSR1 to this process:
$ kill -USR1 17

Simulation running, end by pressing CTRL-c.
Tracing enabled.
Writing simulation traces to sim.fst
TOP.ibex_simple_system.u_top.u_ibex_tracer.unnamedblk2.unnamedblk3: Writing execution trace to trace_core_00000000.log
Terminating simulation by software request.
- src/lowrisc_ibex_sim_shared_0/rtl/sim/simulator_ctrl.sv:93: Verilog $finish
Received $finish() from Verilog, shutting down simulation.

Simulation statistics
=====================
Executed cycles:  238013
Wallclock time:   5.044 s
Simulation speed: 47187.4 cycles/s (47.1874 kHz)
Trace file size:  18479741 B

You can view the simulation traces by calling
$ gtkwave sim.fst

Performance Counters
====================
Cycles:                     238009
Instructions Retired:       122415
LSU Busy:                   13187
Fetch Wait:                 45385
Loads:                      7464
Stores:                     5723
Jumps:                      1912
Conditional Branches:       45835
Taken Conditional Branches: 45381
Compressed Instructions:    0
Multiply Wait:              512
