Program header number 0 in `/workspace/out/cache/fd104cfd1e77f0f20c110599212d2a32d60d21029e79924f8c59b6f79f8e469d/run/program.elf' is not of type PT_LOAD; ignoring.
Program header number 3 in `/workspace/out/cache/fd104cfd1e77f0f20c110599212d2a32d60d21029e79924f8c59b6f79f8e469d/run/program.elf' is not of type PT_LOAD; ignoring.
Simulation of Ibex
==================

Tracing can be toggled by sending SIGUSR1 to this process:
$ kill -USR1 17

Simulation running, end by pressing CTRL-c.
Tracing enabled.
Writing simulation traces to sim.fst
TOP.ibex_simple_system.u_top.u_ibex_tracer.unnamedblk2.unnamedblk3: Writing execution trace to trace_core_00000000.log
Terminating simulation by software request.
- src/lowrisc_ibex_sim_shared_0/rtl/sim/simulator_ctrl.sv:93: Verilog $finish
Received $finish() from Verilog, shutting down simulation.

Simulation statistics
=====================
Executed cycles:  238011
Wallclock time:   4.995 s
Simulation speed: 47649.8 cycles/s (47.6498 kHz)
Trace file size:  17850607 B

You can view the simulation traces by calling
$ gtkwave sim.fst

Performance Counters
====================
Cycles:                     238007
Instructions Retired:       124212
LSU Busy:                   11651
Fetch Wait:                 49603
Loads:                      6696
Stores:                     4955
Jumps:                      1917
Conditional Branches:       50059
Taken Conditional Branches: 49599
Compressed Instructions:    0
Multiply Wait:              1024
