Program header number 0 in `/workspace/out/cache/1dac98d778df6666ecab8f893739d1cc3f474d585fd432340334a0d5da36b591/run/program.elf' is not of type PT_LOAD; ignoring.
Program header number 3 in `/workspace/out/cache/1dac98d778df6666ecab8f893739d1cc3f474d585fd432340334a0d5da36b591/run/program.elf' is not of type PT_LOAD; ignoring.
Simulation of Ibex
==================

Tracing can be toggled by sending SIGUSR1 to this process:
$ kill -USR1 18

Simulation running, end by pressing CTRL-c.
Tracing enabled.
Writing simulation traces to sim.fst
TOP.ibex_simple_system.u_top.u_ibex_tracer.unnamedblk2.unnamedblk3: Writing execution trace to trace_core_00000000.log
Terminating simulation by software request.
- src/lowrisc_ibex_sim_shared_0/rtl/sim/simulator_ctrl.sv:93: Verilog $finish
Received $finish() from Verilog, shutting down simulation.

Simulation statistics
=====================
Executed cycles:  251925
Wallclock time:   4.146 s
Simulation speed: 60763.4 cycles/s (60.7634 kHz)
Trace file size:  13588874 B

You can view the simulation traces by calling
$ gtkwave sim.fst

Performance Counters
====================
Cycles:                     251921
Instructions Retired:       58467
LSU Busy:                   11139
Fetch Wait:                 16471
Loads:                      6440
Stores:                     4699
Jumps:                      1920
Conditional Branches:       16929
Taken Conditional Branches: 16467
Compressed Instructions:    0
Multiply Wait:              0
