Program header number 0 in `/workspace/out/cache/e8988ad61beb145f01d2fbea7b2a6340e3753adc0faf653868915b6eb0fe4c17/run/program.elf' is not of type PT_LOAD; ignoring.
Program header number 3 in `/workspace/out/cache/e8988ad61beb145f01d2fbea7b2a6340e3753adc0faf653868915b6eb0fe4c17/run/program.elf' is not of type PT_LOAD; ignoring.
Simulation of Ibex
==================

Tracing can be toggled by sending SIGUSR1 to this process:
$ kill -USR1 18

Simulation running, end by pressing CTRL-c.
Tracing enabled.
Writing simulation traces to sim.fst
TOP.ibex_simple_system.u_top.u_ibex_tracer.unnamedblk2.unnamedblk3: Writing execution trace to trace_core_00000000.log
Terminating simulation by software request.
- src/lowrisc_ibex_sim_shared_0/rtl/sim/simulator_ctrl.sv:93: Verilog $finish
Received $finish() from Verilog, shutting down simulation.

Simulation statistics
=====================
Executed cycles:  238015
Wallclock time:   4.539 s
Simulation speed: 52437.8 cycles/s (52.4378 kHz)
Trace file size:  17189463 B

You can view the simulation traces by calling
$ gtkwave sim.fst

Performance Counters
====================
Cycles:                     238011
Instructions Retired:       114357
LSU Busy:                   12687
Fetch Wait:                 42093
Loads:                      7214
Stores:                     5473
Jumps:                      1920
Conditional Branches:       42551
Taken Conditional Branches: 42089
Compressed Instructions:    0
Multiply Wait:              600
