Program header number 0 in `/workspace/out/cache/f0a0d093263917dbe4b92ea1dfcd9899e2fd0399b9eefc5e0a4f11b88cbf9df7/run/program.elf' is not of type PT_LOAD; ignoring.
Program header number 3 in `/workspace/out/cache/f0a0d093263917dbe4b92ea1dfcd9899e2fd0399b9eefc5e0a4f11b88cbf9df7/run/program.elf' is not of type PT_LOAD; ignoring.
Simulation of Ibex
==================

Tracing can be toggled by sending SIGUSR1 to this process:
$ kill -USR1 18

Simulation running, end by pressing CTRL-c.
Tracing enabled.
Writing simulation traces to sim.fst
TOP.ibex_simple_system.u_top.u_ibex_tracer.unnamedblk2.unnamedblk3: Writing execution trace to trace_core_00000000.log
Terminating simulation by software request.
- src/lowrisc_ibex_sim_shared_0/rtl/sim/simulator_ctrl.sv:93: Verilog $finish
Received $finish() from Verilog, shutting down simulation.

Simulation statistics
=====================
Executed cycles:  238013
Wallclock time:   4.823 s
Simulation speed: 49349.6 cycles/s (49.3496 kHz)
Trace file size:  18126336 B

You can view the simulation traces by calling
$ gtkwave sim.fst

Performance Counters
====================
Cycles:                     238009
Instructions Retired:       125692
LSU Busy:                   12098
Fetch Wait:                 48414
Loads:                      6781
Stores:                     5317
Jumps:                      2074
Conditional Branches:       49026
Taken Conditional Branches: 48410
Compressed Instructions:    0
Multiply Wait:              1320
