Program header number 0 in `/workspace/out/cache/a3e726f1fc4b86fc1380cc0e9a20304ea47b67fcb2a7d48f67567e0d86536846/run/program.elf' is not of type PT_LOAD; ignoring.
Program header number 3 in `/workspace/out/cache/a3e726f1fc4b86fc1380cc0e9a20304ea47b67fcb2a7d48f67567e0d86536846/run/program.elf' is not of type PT_LOAD; ignoring.
Simulation of Ibex
==================

Tracing can be toggled by sending SIGUSR1 to this process:
$ kill -USR1 18

Simulation running, end by pressing CTRL-c.
Tracing enabled.
Writing simulation traces to sim.fst
TOP.ibex_simple_system.u_top.u_ibex_tracer.unnamedblk2.unnamedblk3: Writing execution trace to trace_core_00000000.log
Terminating simulation by software request.
- src/lowrisc_ibex_sim_shared_0/rtl/sim/simulator_ctrl.sv:93: Verilog $finish
Received $finish() from Verilog, shutting down simulation.

Simulation statistics
=====================
Executed cycles:  238013
Wallclock time:   3.615 s
Simulation speed: 65840.4 cycles/s (65.8404 kHz)
Trace file size:  12492456 B

You can view the simulation traces by calling
$ gtkwave sim.fst

Performance Counters
====================
Cycles:                     238009
Instructions Retired:       51511
LSU Busy:                   11139
Fetch Wait:                 12993
Loads:                      6440
Stores:                     4699
Jumps:                      1920
Conditional Branches:       13451
Taken Conditional Branches: 12989
Compressed Instructions:    0
Multiply Wait:              0
