Program header number 0 in `/workspace/out/cache/b71f8b4dcdb282b165a70673b0322fb3f5abc52a400eee4f7f70be200a640243/run/program.elf' is not of type PT_LOAD; ignoring.
Program header number 3 in `/workspace/out/cache/b71f8b4dcdb282b165a70673b0322fb3f5abc52a400eee4f7f70be200a640243/run/program.elf' is not of type PT_LOAD; ignoring.
Simulation of Ibex
==================

Tracing can be toggled by sending SIGUSR1 to this process:
$ kill -USR1 17

Simulation running, end by pressing CTRL-c.
Tracing enabled.
Writing simulation traces to sim.fst
TOP.ibex_simple_system.u_top.u_ibex_tracer.unnamedblk2.unnamedblk3: Writing execution trace to trace_core_00000000.log
Terminating simulation by software request.
- src/lowrisc_ibex_sim_shared_0/rtl/sim/simulator_ctrl.sv:93: Verilog $finish
Received $finish() from Verilog, shutting down simulation.

Simulation statistics
=====================
Executed cycles:  238014
Wallclock time:   4.903 s
Simulation speed: 48544.6 cycles/s (48.5446 kHz)
Trace file size:  16119861 B

You can view the simulation traces by calling
$ gtkwave sim.fst

Performance Counters
====================
Cycles:                     238010
Instructions Retired:       106324
LSU Busy:                   11139
Fetch Wait:                 40409
Loads:                      6440
Stores:                     4699
Jumps:                      1914
Conditional Branches:       40861
Taken Conditional Branches: 40405
Compressed Instructions:    0
Multiply Wait:              0
