Program header number 0 in `/workspace/out/cache/7e9e0c9dcf6bbc670a201bb8da894ffbfbb9f5eadc509fabd6cd9de7b61c0a49/run/program.elf' is not of type PT_LOAD; ignoring.
Program header number 3 in `/workspace/out/cache/7e9e0c9dcf6bbc670a201bb8da894ffbfbb9f5eadc509fabd6cd9de7b61c0a49/run/program.elf' is not of type PT_LOAD; ignoring.
Simulation of Ibex
==================

Tracing can be toggled by sending SIGUSR1 to this process:
$ kill -USR1 17

Simulation running, end by pressing CTRL-c.
Tracing enabled.
Writing simulation traces to sim.fst
TOP.ibex_simple_system.u_top.u_ibex_tracer.unnamedblk2.unnamedblk3: Writing execution trace to trace_core_00000000.log
Terminating simulation by software request.
- src/lowrisc_ibex_sim_shared_0/rtl/sim/simulator_ctrl.sv:93: Verilog $finish
Received $finish() from Verilog, shutting down simulation.

Simulation statistics
=====================
Executed cycles:  238012
Wallclock time:   4.267 s
Simulation speed: 55779.7 cycles/s (55.7797 kHz)
Trace file size:  16888107 B

You can view the simulation traces by calling
$ gtkwave sim.fst

Performance Counters
====================
Cycles:                     238008
Instructions Retired:       88383
LSU Busy:                   11139
Fetch Wait:                 31416
Loads:                      6440
Stores:                     4699
Jumps:                      1929
Conditional Branches:       31883
Taken Conditional Branches: 31412
Compressed Instructions:    0
Multiply Wait:              0
