Program header number 0 in `/workspace/out/cache/451cf5ffe0ef00d57f27b1849213f017abd29af109789586cee5d4a2b639b06e/run/program.elf' is not of type PT_LOAD; ignoring.
Program header number 3 in `/workspace/out/cache/451cf5ffe0ef00d57f27b1849213f017abd29af109789586cee5d4a2b639b06e/run/program.elf' is not of type PT_LOAD; ignoring.
Simulation of Ibex
==================

Tracing can be toggled by sending SIGUSR1 to this process:
$ kill -USR1 17

Simulation running, end by pressing CTRL-c.
Tracing enabled.
Writing simulation traces to sim.fst
TOP.ibex_simple_system.u_top.u_ibex_tracer.unnamedblk2.unnamedblk3: Writing execution trace to trace_core_00000000.log
Terminating simulation by software request.
- src/lowrisc_ibex_sim_shared_0/rtl/sim/simulator_ctrl.sv:93: Verilog $finish
Received $finish() from Verilog, shutting down simulation.

Simulation statistics
=====================
Executed cycles:  238014
Wallclock time:   4.225 s
Simulation speed: 56334.7 cycles/s (56.3347 kHz)
Trace file size:  16350492 B

You can view the simulation traces by calling
$ gtkwave sim.fst

Performance Counters
====================
Cycles:                     238010
Instructions Retired:       90716
LSU Busy:                   11139
Fetch Wait:                 33547
Loads:                      6440
Stores:                     4699
Jumps:                      1888
Conditional Branches:       33977
Taken Conditional Branches: 33543
Compressed Instructions:    0
Multiply Wait:              0
