OpenSTA 3.1.0 a9a3f30ca9 Copyright (c) 2026, Parallax Software, Inc.
License GPLv3: GNU GPL version 3 <http://gnu.org/licenses/gpl.html>

This is free software, and you are free to change and redistribute it
under certain conditions; type `show_copying' for details. 
This program comes with ABSOLUTELY NO WARRANTY; for details type `show_warranty'.
Annotated 90247 pin activities.
Group                          Internal          Switching            Leakage              Total
                                  Power              Power              Power              Power (Watts)
------------------------------------------------------------------------------------------------
Sequential           2.956913085654e-03 3.705243289005e-04 8.669999829181e-09 3.327446058393e-03  62.5%
Combinational        9.281936800107e-04 1.064483541995e-03 4.170385636826e-08 1.992719015107e-03  37.5%
Clock                0.000000000000e+00 0.000000000000e+00 0.000000000000e+00 0.000000000000e+00   0.0%
Macro                0.000000000000e+00 0.000000000000e+00 0.000000000000e+00 0.000000000000e+00   0.0%
Pad                  0.000000000000e+00 0.000000000000e+00 0.000000000000e+00 0.000000000000e+00   0.0%
------------------------------------------------------------------------------------------------
Total                3.885107347742e-03 1.435009646229e-03 5.037366435090e-08 5.320167168975e-03 100.0%
                                  73.0%              27.0%               0.0%
vcd         90247
unannotated     0
Unannotated pins:
LEAF_SWITCHING_SUM 22901 0.001435017961220808
