Program header number 0 in `/workspace/out/cache/f71cfc31f0626e41366ad12c78391d003715ea9a7a15bc9f6e2d0dbc49072df2/run/program.elf' is not of type PT_LOAD; ignoring.
Program header number 3 in `/workspace/out/cache/f71cfc31f0626e41366ad12c78391d003715ea9a7a15bc9f6e2d0dbc49072df2/run/program.elf' is not of type PT_LOAD; ignoring.
Simulation of Ibex
==================

Tracing can be toggled by sending SIGUSR1 to this process:
$ kill -USR1 18

Simulation running, end by pressing CTRL-c.
Tracing enabled.
Writing simulation traces to sim.fst
TOP.ibex_simple_system.u_top.u_ibex_tracer.unnamedblk2.unnamedblk3: Writing execution trace to trace_core_00000000.log
Terminating simulation by software request.
- src/lowrisc_ibex_sim_shared_0/rtl/sim/simulator_ctrl.sv:93: Verilog $finish
Received $finish() from Verilog, shutting down simulation.

Simulation statistics
=====================
Executed cycles:  238016
Wallclock time:   5.081 s
Simulation speed: 46844.3 cycles/s (46.8443 kHz)
Trace file size:  18229739 B

You can view the simulation traces by calling
$ gtkwave sim.fst

Performance Counters
====================
Cycles:                     238012
Instructions Retired:       125784
LSU Busy:                   11688
Fetch Wait:                 49315
Loads:                      6715
Stores:                     4973
Jumps:                      1913
Conditional Branches:       49766
Taken Conditional Branches: 49311
Compressed Instructions:    0
Multiply Wait:              0
