Program header number 0 in `/workspace/out/cache/ce1c7452a5f9c527397c5f14950760b5b3bd654f6170e124c36fd4cec74a3848/run/program.elf' is not of type PT_LOAD; ignoring.
Program header number 3 in `/workspace/out/cache/ce1c7452a5f9c527397c5f14950760b5b3bd654f6170e124c36fd4cec74a3848/run/program.elf' is not of type PT_LOAD; ignoring.
Simulation of Ibex
==================

Tracing can be toggled by sending SIGUSR1 to this process:
$ kill -USR1 17

Simulation running, end by pressing CTRL-c.
Tracing enabled.
Writing simulation traces to sim.fst
TOP.ibex_simple_system.u_top.u_ibex_tracer.unnamedblk2.unnamedblk3: Writing execution trace to trace_core_00000000.log
Terminating simulation by software request.
- src/lowrisc_ibex_sim_shared_0/rtl/sim/simulator_ctrl.sv:93: Verilog $finish
Received $finish() from Verilog, shutting down simulation.

Simulation statistics
=====================
Executed cycles:  238012
Wallclock time:   2.743 s
Simulation speed: 86770.7 cycles/s (86.7707 kHz)
Trace file size:  12307194 B

You can view the simulation traces by calling
$ gtkwave sim.fst

Performance Counters
====================
Cycles:                     238008
Instructions Retired:       51524
LSU Busy:                   11139
Fetch Wait:                 12979
Loads:                      6440
Stores:                     4699
Jumps:                      1934
Conditional Branches:       13451
Taken Conditional Branches: 12975
Compressed Instructions:    0
Multiply Wait:              0
