Program header number 0 in `/workspace/out/cache/c3ff9e917aad643fd5c7c1860c90a1fb1087ca92b7f47f3a1f5f99b27200ec2e/run/program.elf' is not of type PT_LOAD; ignoring.
Program header number 3 in `/workspace/out/cache/c3ff9e917aad643fd5c7c1860c90a1fb1087ca92b7f47f3a1f5f99b27200ec2e/run/program.elf' is not of type PT_LOAD; ignoring.
Simulation of Ibex
==================

Tracing can be toggled by sending SIGUSR1 to this process:
$ kill -USR1 18

Simulation running, end by pressing CTRL-c.
Tracing enabled.
Writing simulation traces to sim.fst
TOP.ibex_simple_system.u_top.u_ibex_tracer.unnamedblk2.unnamedblk3: Writing execution trace to trace_core_00000000.log
Terminating simulation by software request.
- src/lowrisc_ibex_sim_shared_0/rtl/sim/simulator_ctrl.sv:93: Verilog $finish
Received $finish() from Verilog, shutting down simulation.

Simulation statistics
=====================
Executed cycles:  238012
Wallclock time:   4.926 s
Simulation speed: 48317.5 cycles/s (48.3175 kHz)
Trace file size:  17742407 B

You can view the simulation traces by calling
$ gtkwave sim.fst

Performance Counters
====================
Cycles:                     238008
Instructions Retired:       125244
LSU Busy:                   11139
Fetch Wait:                 49849
Loads:                      6440
Stores:                     4699
Jumps:                      1930
Conditional Branches:       50315
Taken Conditional Branches: 49845
Compressed Instructions:    0
Multiply Wait:              0
