Program header number 0 in `/workspace/out/cache/f3eec3f353ddc3a4170f24742c1864700aae9d9d6e268d4ad6cc0dce949789ee/run/program.elf' is not of type PT_LOAD; ignoring.
Program header number 3 in `/workspace/out/cache/f3eec3f353ddc3a4170f24742c1864700aae9d9d6e268d4ad6cc0dce949789ee/run/program.elf' is not of type PT_LOAD; ignoring.
Simulation of Ibex
==================

Tracing can be toggled by sending SIGUSR1 to this process:
$ kill -USR1 18

Simulation running, end by pressing CTRL-c.
Tracing enabled.
Writing simulation traces to sim.fst
TOP.ibex_simple_system.u_top.u_ibex_tracer.unnamedblk2.unnamedblk3: Writing execution trace to trace_core_00000000.log
Terminating simulation by software request.
- src/lowrisc_ibex_sim_shared_0/rtl/sim/simulator_ctrl.sv:93: Verilog $finish
Received $finish() from Verilog, shutting down simulation.

Simulation statistics
=====================
Executed cycles:  238011
Wallclock time:   4.508 s
Simulation speed: 52797.5 cycles/s (52.7975 kHz)
Trace file size:  17102882 B

You can view the simulation traces by calling
$ gtkwave sim.fst

Performance Counters
====================
Cycles:                     238007
Instructions Retired:       113785
LSU Busy:                   11275
Fetch Wait:                 45217
Loads:                      6576
Stores:                     4699
Jumps:                      1886
Conditional Branches:       45641
Taken Conditional Branches: 45213
Compressed Instructions:    0
Multiply Wait:              1520
