Program header number 0 in `/workspace/out/cache/7b63b4ca44021a3f6e157a298c3441edbc7732c07fbd2122b802d3d7d2307d58/run/program.elf' is not of type PT_LOAD; ignoring.
Program header number 3 in `/workspace/out/cache/7b63b4ca44021a3f6e157a298c3441edbc7732c07fbd2122b802d3d7d2307d58/run/program.elf' is not of type PT_LOAD; ignoring.
Simulation of Ibex
==================

Tracing can be toggled by sending SIGUSR1 to this process:
$ kill -USR1 17

Simulation running, end by pressing CTRL-c.
Tracing enabled.
Writing simulation traces to sim.fst
TOP.ibex_simple_system.u_top.u_ibex_tracer.unnamedblk2.unnamedblk3: Writing execution trace to trace_core_00000000.log
Terminating simulation by software request.
- src/lowrisc_ibex_sim_shared_0/rtl/sim/simulator_ctrl.sv:93: Verilog $finish
Received $finish() from Verilog, shutting down simulation.

Simulation statistics
=====================
Executed cycles:  238014
Wallclock time:   5.05 s
Simulation speed: 47131.5 cycles/s (47.1315 kHz)
Trace file size:  18420075 B

You can view the simulation traces by calling
$ gtkwave sim.fst

Performance Counters
====================
Cycles:                     238010
Instructions Retired:       124720
LSU Busy:                   11139
Fetch Wait:                 49610
Loads:                      6440
Stores:                     4699
Jumps:                      1912
Conditional Branches:       50060
Taken Conditional Branches: 49606
Compressed Instructions:    0
Multiply Wait:              1022
