Program header number 0 in `/workspace/out/cache/9831867bbe4a3db1cf492760b5bd21ee3cf2b8f71f3c803bf063738037072b9f/run/program.elf' is not of type PT_LOAD; ignoring.
Program header number 3 in `/workspace/out/cache/9831867bbe4a3db1cf492760b5bd21ee3cf2b8f71f3c803bf063738037072b9f/run/program.elf' is not of type PT_LOAD; ignoring.
Simulation of Ibex
==================

Tracing can be toggled by sending SIGUSR1 to this process:
$ kill -USR1 17

Simulation running, end by pressing CTRL-c.
Tracing enabled.
Writing simulation traces to sim.fst
TOP.ibex_simple_system.u_top.u_ibex_tracer.unnamedblk2.unnamedblk3: Writing execution trace to trace_core_00000000.log
Terminating simulation by software request.
- src/lowrisc_ibex_sim_shared_0/rtl/sim/simulator_ctrl.sv:93: Verilog $finish
Received $finish() from Verilog, shutting down simulation.

Simulation statistics
=====================
Executed cycles:  238012
Wallclock time:   5.304 s
Simulation speed: 44874.1 cycles/s (44.8741 kHz)
Trace file size:  18631693 B

You can view the simulation traces by calling
$ gtkwave sim.fst

Performance Counters
====================
Cycles:                     238008
Instructions Retired:       125248
LSU Busy:                   12163
Fetch Wait:                 48311
Loads:                      6952
Stores:                     5211
Jumps:                      1930
Conditional Branches:       48779
Taken Conditional Branches: 48307
Compressed Instructions:    0
Multiply Wait:              2048
