Program header number 0 in `/workspace/out/cache/c7aef62940461f093bb31abaead4f125d32f4c12707424a20b10908e8edab5d5/run/program.elf' is not of type PT_LOAD; ignoring.
Program header number 3 in `/workspace/out/cache/c7aef62940461f093bb31abaead4f125d32f4c12707424a20b10908e8edab5d5/run/program.elf' is not of type PT_LOAD; ignoring.
Simulation of Ibex
==================

Tracing can be toggled by sending SIGUSR1 to this process:
$ kill -USR1 17

Simulation running, end by pressing CTRL-c.
Tracing enabled.
Writing simulation traces to sim.fst
TOP.ibex_simple_system.u_top.u_ibex_tracer.unnamedblk2.unnamedblk3: Writing execution trace to trace_core_00000000.log
Terminating simulation by software request.
- src/lowrisc_ibex_sim_shared_0/rtl/sim/simulator_ctrl.sv:93: Verilog $finish
Received $finish() from Verilog, shutting down simulation.

Simulation statistics
=====================
Executed cycles:  238361
Wallclock time:   4.986 s
Simulation speed: 47806.1 cycles/s (47.8061 kHz)
Trace file size:  16574719 B

You can view the simulation traces by calling
$ gtkwave sim.fst

Performance Counters
====================
Cycles:                     238357
Instructions Retired:       105965
LSU Busy:                   11911
Fetch Wait:                 39132
Loads:                      6979
Stores:                     4932
Jumps:                      1900
Conditional Branches:       39576
Taken Conditional Branches: 39128
Compressed Instructions:    0
Multiply Wait:              0
