Program header number 0 in `/workspace/out/cache/9c1a35b173bf11cbe5a783e78d81b3202c81ba8d74544e7aeabd3b6408c73efb/run/program.elf' is not of type PT_LOAD; ignoring.
Program header number 3 in `/workspace/out/cache/9c1a35b173bf11cbe5a783e78d81b3202c81ba8d74544e7aeabd3b6408c73efb/run/program.elf' is not of type PT_LOAD; ignoring.
Simulation of Ibex
==================

Tracing can be toggled by sending SIGUSR1 to this process:
$ kill -USR1 17

Simulation running, end by pressing CTRL-c.
Tracing enabled.
Writing simulation traces to sim.fst
TOP.ibex_simple_system.u_top.u_ibex_tracer.unnamedblk2.unnamedblk3: Writing execution trace to trace_core_00000000.log
Terminating simulation by software request.
- src/lowrisc_ibex_sim_shared_0/rtl/sim/simulator_ctrl.sv:93: Verilog $finish
Received $finish() from Verilog, shutting down simulation.

Simulation statistics
=====================
Executed cycles:  238013
Wallclock time:   4.645 s
Simulation speed: 51240.7 cycles/s (51.2407 kHz)
Trace file size:  16304315 B

You can view the simulation traces by calling
$ gtkwave sim.fst

Performance Counters
====================
Cycles:                     238009
Instructions Retired:       105114
LSU Busy:                   12419
Fetch Wait:                 37918
Loads:                      7080
Stores:                     5339
Jumps:                      1891
Conditional Branches:       38347
Taken Conditional Branches: 37914
Compressed Instructions:    0
Multiply Wait:              256
