Program header number 0 in `/workspace/out/cache/b17c63afb3e2c68882375aba87406614a8f4ee8906ebfaa809a6709b25347e14/run/program.elf' is not of type PT_LOAD; ignoring.
Program header number 3 in `/workspace/out/cache/b17c63afb3e2c68882375aba87406614a8f4ee8906ebfaa809a6709b25347e14/run/program.elf' is not of type PT_LOAD; ignoring.
Simulation of Ibex
==================

Tracing can be toggled by sending SIGUSR1 to this process:
$ kill -USR1 17

Simulation running, end by pressing CTRL-c.
Tracing enabled.
Writing simulation traces to sim.fst
TOP.ibex_simple_system.u_top.u_ibex_tracer.unnamedblk2.unnamedblk3: Writing execution trace to trace_core_00000000.log
Terminating simulation by software request.
- src/lowrisc_ibex_sim_shared_0/rtl/sim/simulator_ctrl.sv:93: Verilog $finish
Received $finish() from Verilog, shutting down simulation.

Simulation statistics
=====================
Executed cycles:  238014
Wallclock time:   5.252 s
Simulation speed: 45318.7 cycles/s (45.3187 kHz)
Trace file size:  18109638 B

You can view the simulation traces by calling
$ gtkwave sim.fst

Performance Counters
====================
Cycles:                     238010
Instructions Retired:       125652
LSU Busy:                   12201
Fetch Wait:                 49116
Loads:                      6789
Stores:                     5412
Jumps:                      1928
Conditional Branches:       49582
Taken Conditional Branches: 49112
Compressed Instructions:    0
Multiply Wait:              0
