Program header number 0 in `/workspace/out/cache/f87067f6441433d3a1cef4429ebfd415ed0b1d2fe4ceb25273f0741f7d7fb884/run/program.elf' is not of type PT_LOAD; ignoring.
Program header number 3 in `/workspace/out/cache/f87067f6441433d3a1cef4429ebfd415ed0b1d2fe4ceb25273f0741f7d7fb884/run/program.elf' is not of type PT_LOAD; ignoring.
Simulation of Ibex
==================

Tracing can be toggled by sending SIGUSR1 to this process:
$ kill -USR1 17

Simulation running, end by pressing CTRL-c.
Tracing enabled.
Writing simulation traces to sim.fst
TOP.ibex_simple_system.u_top.u_ibex_tracer.unnamedblk2.unnamedblk3: Writing execution trace to trace_core_00000000.log
Terminating simulation by software request.
- src/lowrisc_ibex_sim_shared_0/rtl/sim/simulator_ctrl.sv:93: Verilog $finish
Received $finish() from Verilog, shutting down simulation.

Simulation statistics
=====================
Executed cycles:  238014
Wallclock time:   5.321 s
Simulation speed: 44731.1 cycles/s (44.7311 kHz)
Trace file size:  17818463 B

You can view the simulation traces by calling
$ gtkwave sim.fst

Performance Counters
====================
Cycles:                     238010
Instructions Retired:       116663
LSU Busy:                   12027
Fetch Wait:                 44236
Loads:                      7130
Stores:                     4897
Jumps:                      1915
Conditional Branches:       44693
Taken Conditional Branches: 44232
Compressed Instructions:    0
Multiply Wait:              2088
