Program header number 0 in `/workspace/out/cache/e9c135f283f9b0823f2ef3d524a33a9492396360d43e79a67663306fe579baf8/run/program.elf' is not of type PT_LOAD; ignoring.
Program header number 3 in `/workspace/out/cache/e9c135f283f9b0823f2ef3d524a33a9492396360d43e79a67663306fe579baf8/run/program.elf' is not of type PT_LOAD; ignoring.
Simulation of Ibex
==================

Tracing can be toggled by sending SIGUSR1 to this process:
$ kill -USR1 18

Simulation running, end by pressing CTRL-c.
Tracing enabled.
Writing simulation traces to sim.fst
TOP.ibex_simple_system.u_top.u_ibex_tracer.unnamedblk2.unnamedblk3: Writing execution trace to trace_core_00000000.log
Terminating simulation by software request.
- src/lowrisc_ibex_sim_shared_0/rtl/sim/simulator_ctrl.sv:93: Verilog $finish
Received $finish() from Verilog, shutting down simulation.

Simulation statistics
=====================
Executed cycles:  238014
Wallclock time:   3.152 s
Simulation speed: 75512.1 cycles/s (75.5121 kHz)
Trace file size:  12758457 B

You can view the simulation traces by calling
$ gtkwave sim.fst

Performance Counters
====================
Cycles:                     238010
Instructions Retired:       55004
LSU Busy:                   11139
Fetch Wait:                 14849
Loads:                      6440
Stores:                     4699
Jumps:                      1916
Conditional Branches:       15301
Taken Conditional Branches: 14845
Compressed Instructions:    0
Multiply Wait:              0
