Program header number 0 in `/workspace/out/cache/f20a10b3381aa388eaef1f6b49a380a1c920bef19bcc731238159c01d1529aef/run/program.elf' is not of type PT_LOAD; ignoring.
Program header number 3 in `/workspace/out/cache/f20a10b3381aa388eaef1f6b49a380a1c920bef19bcc731238159c01d1529aef/run/program.elf' is not of type PT_LOAD; ignoring.
Simulation of Ibex
==================

Tracing can be toggled by sending SIGUSR1 to this process:
$ kill -USR1 16

Simulation running, end by pressing CTRL-c.
Tracing enabled.
Writing simulation traces to sim.fst
TOP.ibex_simple_system.u_top.u_ibex_tracer.unnamedblk2.unnamedblk3: Writing execution trace to trace_core_00000000.log
Terminating simulation by software request.
- src/lowrisc_ibex_sim_shared_0/rtl/sim/simulator_ctrl.sv:93: Verilog $finish
Received $finish() from Verilog, shutting down simulation.

Simulation statistics
=====================
Executed cycles:  238014
Wallclock time:   5.696 s
Simulation speed: 41786.2 cycles/s (41.7862 kHz)
Trace file size:  18348452 B

You can view the simulation traces by calling
$ gtkwave sim.fst

Performance Counters
====================
Cycles:                     238010
Instructions Retired:       124727
LSU Busy:                   11139
Fetch Wait:                 49600
Loads:                      6440
Stores:                     4699
Jumps:                      1921
Conditional Branches:       50059
Taken Conditional Branches: 49596
Compressed Instructions:    0
Multiply Wait:              1026
