Program header number 0 in `/workspace/out/cache/43162e544780f40281071c20451f4f45601addf693c9c1e03d15e8da80e2c0b7/run/program.elf' is not of type PT_LOAD; ignoring.
Program header number 3 in `/workspace/out/cache/43162e544780f40281071c20451f4f45601addf693c9c1e03d15e8da80e2c0b7/run/program.elf' is not of type PT_LOAD; ignoring.
Simulation of Ibex
==================

Tracing can be toggled by sending SIGUSR1 to this process:
$ kill -USR1 17

Simulation running, end by pressing CTRL-c.
Tracing enabled.
Writing simulation traces to sim.fst
TOP.ibex_simple_system.u_top.u_ibex_tracer.unnamedblk2.unnamedblk3: Writing execution trace to trace_core_00000000.log
Terminating simulation by software request.
- src/lowrisc_ibex_sim_shared_0/rtl/sim/simulator_ctrl.sv:93: Verilog $finish
Received $finish() from Verilog, shutting down simulation.

Simulation statistics
=====================
Executed cycles:  238012
Wallclock time:   5.77 s
Simulation speed: 41249.9 cycles/s (41.2499 kHz)
Trace file size:  18138196 B

You can view the simulation traces by calling
$ gtkwave sim.fst

Performance Counters
====================
Cycles:                     238008
Instructions Retired:       123607
LSU Busy:                   11459
Fetch Wait:                 50190
Loads:                      6600
Stores:                     4859
Jumps:                      1925
Conditional Branches:       50654
Taken Conditional Branches: 50186
Compressed Instructions:    0
Multiply Wait:              640
