Program header number 0 in `/workspace/out/cache/dd917c2dd92f6107df30ad5ddf03c39854d5b4650386702581e7c03313dfe3d7/run/program.elf' is not of type PT_LOAD; ignoring.
Program header number 3 in `/workspace/out/cache/dd917c2dd92f6107df30ad5ddf03c39854d5b4650386702581e7c03313dfe3d7/run/program.elf' is not of type PT_LOAD; ignoring.
Simulation of Ibex
==================

Tracing can be toggled by sending SIGUSR1 to this process:
$ kill -USR1 16

Simulation running, end by pressing CTRL-c.
Tracing enabled.
Writing simulation traces to sim.fst
TOP.ibex_simple_system.u_top.u_ibex_tracer.unnamedblk2.unnamedblk3: Writing execution trace to trace_core_00000000.log
Terminating simulation by software request.
- src/lowrisc_ibex_sim_shared_0/rtl/sim/simulator_ctrl.sv:93: Verilog $finish
Received $finish() from Verilog, shutting down simulation.

Simulation statistics
=====================
Executed cycles:  238012
Wallclock time:   4.888 s
Simulation speed: 48693.1 cycles/s (48.6931 kHz)
Trace file size:  16929036 B

You can view the simulation traces by calling
$ gtkwave sim.fst

Performance Counters
====================
Cycles:                     238008
Instructions Retired:       115322
LSU Busy:                   11685
Fetch Wait:                 43769
Loads:                      6986
Stores:                     4699
Jumps:                      1914
Conditional Branches:       45007
Taken Conditional Branches: 43765
Compressed Instructions:    0
Multiply Wait:              308
