Program header number 0 in `/workspace/out/cache/65b6d8f07b6040ba8545e6b436b6028b4a02a200e9aec102788976253c2f6360/run/program.elf' is not of type PT_LOAD; ignoring.
Program header number 3 in `/workspace/out/cache/65b6d8f07b6040ba8545e6b436b6028b4a02a200e9aec102788976253c2f6360/run/program.elf' is not of type PT_LOAD; ignoring.
Simulation of Ibex
==================

Tracing can be toggled by sending SIGUSR1 to this process:
$ kill -USR1 17

Simulation running, end by pressing CTRL-c.
Tracing enabled.
Writing simulation traces to sim.fst
TOP.ibex_simple_system.u_top.u_ibex_tracer.unnamedblk2.unnamedblk3: Writing execution trace to trace_core_00000000.log
Terminating simulation by software request.
- src/lowrisc_ibex_sim_shared_0/rtl/sim/simulator_ctrl.sv:93: Verilog $finish
Received $finish() from Verilog, shutting down simulation.

Simulation statistics
=====================
Executed cycles:  238014
Wallclock time:   5.236 s
Simulation speed: 45457.2 cycles/s (45.4572 kHz)
Trace file size:  17933998 B

You can view the simulation traces by calling
$ gtkwave sim.fst

Performance Counters
====================
Cycles:                     238010
Instructions Retired:       119605
LSU Busy:                   12133
Fetch Wait:                 45387
Loads:                      6807
Stores:                     5326
Jumps:                      1941
Conditional Branches:       46128
Taken Conditional Branches: 45383
Compressed Instructions:    0
Multiply Wait:              384
