Program header number 0 in `/workspace/out/cache/aaaf0a7e55dadde4cc7b1c4992755ec7d51b75b87ac2a4e8bc4992012a87dec7/run/program.elf' is not of type PT_LOAD; ignoring.
Program header number 3 in `/workspace/out/cache/aaaf0a7e55dadde4cc7b1c4992755ec7d51b75b87ac2a4e8bc4992012a87dec7/run/program.elf' is not of type PT_LOAD; ignoring.
Simulation of Ibex
==================

Tracing can be toggled by sending SIGUSR1 to this process:
$ kill -USR1 16

Simulation running, end by pressing CTRL-c.
Tracing enabled.
Writing simulation traces to sim.fst
TOP.ibex_simple_system.u_top.u_ibex_tracer.unnamedblk2.unnamedblk3: Writing execution trace to trace_core_00000000.log
Terminating simulation by software request.
- src/lowrisc_ibex_sim_shared_0/rtl/sim/simulator_ctrl.sv:93: Verilog $finish
Received $finish() from Verilog, shutting down simulation.

Simulation statistics
=====================
Executed cycles:  238012
Wallclock time:   2.642 s
Simulation speed: 90087.8 cycles/s (90.0878 kHz)
Trace file size:  12305604 B

You can view the simulation traces by calling
$ gtkwave sim.fst

Performance Counters
====================
Cycles:                     238008
Instructions Retired:       51515
LSU Busy:                   11139
Fetch Wait:                 12988
Loads:                      6440
Stores:                     4699
Jumps:                      1925
Conditional Branches:       13451
Taken Conditional Branches: 12984
Compressed Instructions:    0
Multiply Wait:              0
