Program header number 0 in `/workspace/out/cache/e8d6c14fb5299607b23c56c56c84a96bd906ea1899c629b199e0d5a7ea63d3b4/run/program.elf' is not of type PT_LOAD; ignoring.
Program header number 3 in `/workspace/out/cache/e8d6c14fb5299607b23c56c56c84a96bd906ea1899c629b199e0d5a7ea63d3b4/run/program.elf' is not of type PT_LOAD; ignoring.
Simulation of Ibex
==================

Tracing can be toggled by sending SIGUSR1 to this process:
$ kill -USR1 17

Simulation running, end by pressing CTRL-c.
Tracing enabled.
Writing simulation traces to sim.fst
TOP.ibex_simple_system.u_top.u_ibex_tracer.unnamedblk2.unnamedblk3: Writing execution trace to trace_core_00000000.log
Terminating simulation by software request.
- src/lowrisc_ibex_sim_shared_0/rtl/sim/simulator_ctrl.sv:93: Verilog $finish
Received $finish() from Verilog, shutting down simulation.

Simulation statistics
=====================
Executed cycles:  238012
Wallclock time:   4.621 s
Simulation speed: 51506.6 cycles/s (51.5066 kHz)
Trace file size:  16739881 B

You can view the simulation traces by calling
$ gtkwave sim.fst

Performance Counters
====================
Cycles:                     238008
Instructions Retired:       105773
LSU Busy:                   12139
Fetch Wait:                 39357
Loads:                      7190
Stores:                     4949
Jumps:                      1929
Conditional Branches:       39826
Taken Conditional Branches: 39353
Compressed Instructions:    0
Multiply Wait:              0
