Program header number 0 in `/workspace/out/cache/cbbd735aa294515aa36737e8cc7a93da309096ca2541cb690d7cf0e13e8cd3a0/run/program.elf' is not of type PT_LOAD; ignoring.
Program header number 3 in `/workspace/out/cache/cbbd735aa294515aa36737e8cc7a93da309096ca2541cb690d7cf0e13e8cd3a0/run/program.elf' is not of type PT_LOAD; ignoring.
Simulation of Ibex
==================

Tracing can be toggled by sending SIGUSR1 to this process:
$ kill -USR1 17

Simulation running, end by pressing CTRL-c.
Tracing enabled.
Writing simulation traces to sim.fst
TOP.ibex_simple_system.u_top.u_ibex_tracer.unnamedblk2.unnamedblk3: Writing execution trace to trace_core_00000000.log
Terminating simulation by software request.
- src/lowrisc_ibex_sim_shared_0/rtl/sim/simulator_ctrl.sv:93: Verilog $finish
Received $finish() from Verilog, shutting down simulation.

Simulation statistics
=====================
Executed cycles:  238016
Wallclock time:   5.715 s
Simulation speed: 41647.6 cycles/s (41.6476 kHz)
Trace file size:  18036147 B

You can view the simulation traces by calling
$ gtkwave sim.fst

Performance Counters
====================
Cycles:                     238012
Instructions Retired:       126000
LSU Busy:                   12187
Fetch Wait:                 48930
Loads:                      7226
Stores:                     4961
Jumps:                      1911
Conditional Branches:       50821
Taken Conditional Branches: 48926
Compressed Instructions:    0
Multiply Wait:              0
