Program header number 0 in `/workspace/out/cache/c566339cd95dae441f2b14e6863560a66485c5f278de01069470c323c6a96a93/run/program.elf' is not of type PT_LOAD; ignoring.
Program header number 3 in `/workspace/out/cache/c566339cd95dae441f2b14e6863560a66485c5f278de01069470c323c6a96a93/run/program.elf' is not of type PT_LOAD; ignoring.
Simulation of Ibex
==================

Tracing can be toggled by sending SIGUSR1 to this process:
$ kill -USR1 17

Simulation running, end by pressing CTRL-c.
Tracing enabled.
Writing simulation traces to sim.fst
TOP.ibex_simple_system.u_top.u_ibex_tracer.unnamedblk2.unnamedblk3: Writing execution trace to trace_core_00000000.log
Terminating simulation by software request.
- src/lowrisc_ibex_sim_shared_0/rtl/sim/simulator_ctrl.sv:93: Verilog $finish
Received $finish() from Verilog, shutting down simulation.

Simulation statistics
=====================
Executed cycles:  238013
Wallclock time:   5.291 s
Simulation speed: 44984.5 cycles/s (44.9845 kHz)
Trace file size:  17962198 B

You can view the simulation traces by calling
$ gtkwave sim.fst

Performance Counters
====================
Cycles:                     238009
Instructions Retired:       117870
LSU Busy:                   11959
Fetch Wait:                 45365
Loads:                      6850
Stores:                     5109
Jumps:                      1911
Conditional Branches:       45814
Taken Conditional Branches: 45361
Compressed Instructions:    0
Multiply Wait:              818
