Program header number 0 in `/workspace/out/cache/0aa9325fabfd0c72496b46153a34700c0a170e026a8283ec1bb6dadcf627c934/run/program.elf' is not of type PT_LOAD; ignoring.
Program header number 3 in `/workspace/out/cache/0aa9325fabfd0c72496b46153a34700c0a170e026a8283ec1bb6dadcf627c934/run/program.elf' is not of type PT_LOAD; ignoring.
Simulation of Ibex
==================

Tracing can be toggled by sending SIGUSR1 to this process:
$ kill -USR1 17

Simulation running, end by pressing CTRL-c.
Tracing enabled.
Writing simulation traces to sim.fst
TOP.ibex_simple_system.u_top.u_ibex_tracer.unnamedblk2.unnamedblk3: Writing execution trace to trace_core_00000000.log
Terminating simulation by software request.
- src/lowrisc_ibex_sim_shared_0/rtl/sim/simulator_ctrl.sv:93: Verilog $finish
Received $finish() from Verilog, shutting down simulation.

Simulation statistics
=====================
Executed cycles:  238012
Wallclock time:   4.987 s
Simulation speed: 47726.5 cycles/s (47.7265 kHz)
Trace file size:  17395655 B

You can view the simulation traces by calling
$ gtkwave sim.fst

Performance Counters
====================
Cycles:                     238008
Instructions Retired:       114123
LSU Busy:                   11862
Fetch Wait:                 43794
Loads:                      6802
Stores:                     5060
Jumps:                      1927
Conditional Branches:       44265
Taken Conditional Branches: 43790
Compressed Instructions:    0
Multiply Wait:              562
