Program header number 0 in `/workspace/out/cache/51b1cb8471c831c8358de632a53a19f4ef885a8e268e4be6e8604000b38f466b/run/program.elf' is not of type PT_LOAD; ignoring.
Program header number 3 in `/workspace/out/cache/51b1cb8471c831c8358de632a53a19f4ef885a8e268e4be6e8604000b38f466b/run/program.elf' is not of type PT_LOAD; ignoring.
Simulation of Ibex
==================

Tracing can be toggled by sending SIGUSR1 to this process:
$ kill -USR1 18

Simulation running, end by pressing CTRL-c.
Tracing enabled.
Writing simulation traces to sim.fst
TOP.ibex_simple_system.u_top.u_ibex_tracer.unnamedblk2.unnamedblk3: Writing execution trace to trace_core_00000000.log
Terminating simulation by software request.
- src/lowrisc_ibex_sim_shared_0/rtl/sim/simulator_ctrl.sv:93: Verilog $finish
Received $finish() from Verilog, shutting down simulation.

Simulation statistics
=====================
Executed cycles:  238012
Wallclock time:   4.77 s
Simulation speed: 49897.7 cycles/s (49.8977 kHz)
Trace file size:  17235694 B

You can view the simulation traces by calling
$ gtkwave sim.fst

Performance Counters
====================
Cycles:                     238008
Instructions Retired:       116381
LSU Busy:                   11651
Fetch Wait:                 44489
Loads:                      6696
Stores:                     4955
Jumps:                      1920
Conditional Branches:       45289
Taken Conditional Branches: 44485
Compressed Instructions:    0
Multiply Wait:              684
