Program header number 0 in `/workspace/out/cache/d18e7b669d36bdc4fd2cce99cdf86dd6494223c066d9faa02ca4d7f775f7f70c/run/program.elf' is not of type PT_LOAD; ignoring.
Program header number 3 in `/workspace/out/cache/d18e7b669d36bdc4fd2cce99cdf86dd6494223c066d9faa02ca4d7f775f7f70c/run/program.elf' is not of type PT_LOAD; ignoring.
Simulation of Ibex
==================

Tracing can be toggled by sending SIGUSR1 to this process:
$ kill -USR1 17

Simulation running, end by pressing CTRL-c.
Tracing enabled.
Writing simulation traces to sim.fst
TOP.ibex_simple_system.u_top.u_ibex_tracer.unnamedblk2.unnamedblk3: Writing execution trace to trace_core_00000000.log
Terminating simulation by software request.
- src/lowrisc_ibex_sim_shared_0/rtl/sim/simulator_ctrl.sv:93: Verilog $finish
Received $finish() from Verilog, shutting down simulation.

Simulation statistics
=====================
Executed cycles:  238012
Wallclock time:   4.289 s
Simulation speed: 55493.6 cycles/s (55.4936 kHz)
Trace file size:  17080105 B

You can view the simulation traces by calling
$ gtkwave sim.fst

Performance Counters
====================
Cycles:                     238008
Instructions Retired:       111788
LSU Busy:                   12163
Fetch Wait:                 42123
Loads:                      6952
Stores:                     5211
Jumps:                      1910
Conditional Branches:       42572
Taken Conditional Branches: 42119
Compressed Instructions:    0
Multiply Wait:              0
