Program header number 0 in `/workspace/out/cache/52ade8a71d57ce6fe45a22ae503c765a3a5025791689aa042edd1a7030784eda/run/program.elf' is not of type PT_LOAD; ignoring.
Program header number 3 in `/workspace/out/cache/52ade8a71d57ce6fe45a22ae503c765a3a5025791689aa042edd1a7030784eda/run/program.elf' is not of type PT_LOAD; ignoring.
Simulation of Ibex
==================

Tracing can be toggled by sending SIGUSR1 to this process:
$ kill -USR1 18

Simulation running, end by pressing CTRL-c.
Tracing enabled.
Writing simulation traces to sim.fst
TOP.ibex_simple_system.u_top.u_ibex_tracer.unnamedblk2.unnamedblk3: Writing execution trace to trace_core_00000000.log
Terminating simulation by software request.
- src/lowrisc_ibex_sim_shared_0/rtl/sim/simulator_ctrl.sv:93: Verilog $finish
Received $finish() from Verilog, shutting down simulation.

Simulation statistics
=====================
Executed cycles:  238012
Wallclock time:   5.189 s
Simulation speed: 45868.6 cycles/s (45.8686 kHz)
Trace file size:  18067368 B

You can view the simulation traces by calling
$ gtkwave sim.fst

Performance Counters
====================
Cycles:                     238008
Instructions Retired:       118718
LSU Busy:                   11948
Fetch Wait:                 45233
Loads:                      6845
Stores:                     5103
Jumps:                      1935
Conditional Branches:       45962
Taken Conditional Branches: 45229
Compressed Instructions:    0
Multiply Wait:              400
