Program header number 0 in `/workspace/out/cache/f821bf0b6fcb0c012c7299e86551a706275302f785ed3d89c042bb8ef65b12f5/run/program.elf' is not of type PT_LOAD; ignoring.
Program header number 3 in `/workspace/out/cache/f821bf0b6fcb0c012c7299e86551a706275302f785ed3d89c042bb8ef65b12f5/run/program.elf' is not of type PT_LOAD; ignoring.
Simulation of Ibex
==================

Tracing can be toggled by sending SIGUSR1 to this process:
$ kill -USR1 17

Simulation running, end by pressing CTRL-c.
Tracing enabled.
Writing simulation traces to sim.fst
TOP.ibex_simple_system.u_top.u_ibex_tracer.unnamedblk2.unnamedblk3: Writing execution trace to trace_core_00000000.log
Terminating simulation by software request.
- src/lowrisc_ibex_sim_shared_0/rtl/sim/simulator_ctrl.sv:93: Verilog $finish
Received $finish() from Verilog, shutting down simulation.

Simulation statistics
=====================
Executed cycles:  238014
Wallclock time:   4.838 s
Simulation speed: 49196.8 cycles/s (49.1968 kHz)
Trace file size:  18004795 B

You can view the simulation traces by calling
$ gtkwave sim.fst

Performance Counters
====================
Cycles:                     238010
Instructions Retired:       125240
LSU Busy:                   11958
Fetch Wait:                 48626
Loads:                      6699
Stores:                     5259
Jumps:                      1925
Conditional Branches:       49087
Taken Conditional Branches: 48622
Compressed Instructions:    0
Multiply Wait:              1638
