Program header number 0 in `/workspace/out/cache/3002ef3edbe60f5108a3f4ef76d430a2c2dbf8c0f610de37593763df7332163c/run/program.elf' is not of type PT_LOAD; ignoring.
Program header number 3 in `/workspace/out/cache/3002ef3edbe60f5108a3f4ef76d430a2c2dbf8c0f610de37593763df7332163c/run/program.elf' is not of type PT_LOAD; ignoring.
Simulation of Ibex
==================

Tracing can be toggled by sending SIGUSR1 to this process:
$ kill -USR1 18

Simulation running, end by pressing CTRL-c.
Tracing enabled.
Writing simulation traces to sim.fst
TOP.ibex_simple_system.u_top.u_ibex_tracer.unnamedblk2.unnamedblk3: Writing execution trace to trace_core_00000000.log
Terminating simulation by software request.
- src/lowrisc_ibex_sim_shared_0/rtl/sim/simulator_ctrl.sv:93: Verilog $finish
Received $finish() from Verilog, shutting down simulation.

Simulation statistics
=====================
Executed cycles:  238013
Wallclock time:   4.528 s
Simulation speed: 52564.7 cycles/s (52.5647 kHz)
Trace file size:  16989581 B

You can view the simulation traces by calling
$ gtkwave sim.fst

Performance Counters
====================
Cycles:                     238009
Instructions Retired:       107402
LSU Busy:                   11806
Fetch Wait:                 39944
Loads:                      6774
Stores:                     5032
Jumps:                      1916
Conditional Branches:       40398
Taken Conditional Branches: 39940
Compressed Instructions:    0
Multiply Wait:              1000
