Program header number 0 in `/workspace/out/cache/d21767a4317a59f54791b50432902b000e7f53e840ce9c3cacde5fe283decb4d/run/program.elf' is not of type PT_LOAD; ignoring.
Program header number 3 in `/workspace/out/cache/d21767a4317a59f54791b50432902b000e7f53e840ce9c3cacde5fe283decb4d/run/program.elf' is not of type PT_LOAD; ignoring.
Simulation of Ibex
==================

Tracing can be toggled by sending SIGUSR1 to this process:
$ kill -USR1 18

Simulation running, end by pressing CTRL-c.
Tracing enabled.
Writing simulation traces to sim.fst
TOP.ibex_simple_system.u_top.u_ibex_tracer.unnamedblk2.unnamedblk3: Writing execution trace to trace_core_00000000.log
Terminating simulation by software request.
- src/lowrisc_ibex_sim_shared_0/rtl/sim/simulator_ctrl.sv:93: Verilog $finish
Received $finish() from Verilog, shutting down simulation.

Simulation statistics
=====================
Executed cycles:  238013
Wallclock time:   5.164 s
Simulation speed: 46090.8 cycles/s (46.0908 kHz)
Trace file size:  18459999 B

You can view the simulation traces by calling
$ gtkwave sim.fst

Performance Counters
====================
Cycles:                     238009
Instructions Retired:       125794
LSU Busy:                   11689
Fetch Wait:                 49302
Loads:                      6715
Stores:                     4974
Jumps:                      1925
Conditional Branches:       49765
Taken Conditional Branches: 49298
Compressed Instructions:    0
Multiply Wait:              0
