Program header number 0 in `/workspace/out/cache/947ae094c018541ab5ff62ac4e15a50c3905173f9205687b08e92064c90c8119/run/program.elf' is not of type PT_LOAD; ignoring.
Program header number 3 in `/workspace/out/cache/947ae094c018541ab5ff62ac4e15a50c3905173f9205687b08e92064c90c8119/run/program.elf' is not of type PT_LOAD; ignoring.
Simulation of Ibex
==================

Tracing can be toggled by sending SIGUSR1 to this process:
$ kill -USR1 18

Simulation running, end by pressing CTRL-c.
Tracing enabled.
Writing simulation traces to sim.fst
TOP.ibex_simple_system.u_top.u_ibex_tracer.unnamedblk2.unnamedblk3: Writing execution trace to trace_core_00000000.log
Terminating simulation by software request.
- src/lowrisc_ibex_sim_shared_0/rtl/sim/simulator_ctrl.sv:93: Verilog $finish
Received $finish() from Verilog, shutting down simulation.

Simulation statistics
=====================
Executed cycles:  238013
Wallclock time:   5.044 s
Simulation speed: 47187.4 cycles/s (47.1874 kHz)
Trace file size:  17357837 B

You can view the simulation traces by calling
$ gtkwave sim.fst

Performance Counters
====================
Cycles:                     238009
Instructions Retired:       119841
LSU Busy:                   11651
Fetch Wait:                 46675
Loads:                      6952
Stores:                     4699
Jumps:                      1906
Conditional Branches:       47115
Taken Conditional Branches: 46671
Compressed Instructions:    0
Multiply Wait:              1024
