Program header number 0 in `/workspace/out/cache/17e5d8838bf771824d934d4eed57f3aee1c14978c565661033c84c33ba16f407/run/program.elf' is not of type PT_LOAD; ignoring.
Program header number 3 in `/workspace/out/cache/17e5d8838bf771824d934d4eed57f3aee1c14978c565661033c84c33ba16f407/run/program.elf' is not of type PT_LOAD; ignoring.
Simulation of Ibex
==================

Tracing can be toggled by sending SIGUSR1 to this process:
$ kill -USR1 18

Simulation running, end by pressing CTRL-c.
Tracing enabled.
Writing simulation traces to sim.fst
TOP.ibex_simple_system.u_top.u_ibex_tracer.unnamedblk2.unnamedblk3: Writing execution trace to trace_core_00000000.log
Terminating simulation by software request.
- src/lowrisc_ibex_sim_shared_0/rtl/sim/simulator_ctrl.sv:93: Verilog $finish
Received $finish() from Verilog, shutting down simulation.

Simulation statistics
=====================
Executed cycles:  238012
Wallclock time:   5.031 s
Simulation speed: 47309.1 cycles/s (47.3091 kHz)
Trace file size:  17489394 B

You can view the simulation traces by calling
$ gtkwave sim.fst

Performance Counters
====================
Cycles:                     238008
Instructions Retired:       116512
LSU Busy:                   12070
Fetch Wait:                 45003
Loads:                      6921
Stores:                     5149
Jumps:                      1922
Conditional Branches:       45464
Taken Conditional Branches: 44999
Compressed Instructions:    0
Multiply Wait:              0
