Program header number 0 in `/workspace/out/cache/22d41d1ee20fb2bab9b5ffef1129099e3e13eec324f5b6b57b3ac1349e622f5a/run/program.elf' is not of type PT_LOAD; ignoring.
Program header number 3 in `/workspace/out/cache/22d41d1ee20fb2bab9b5ffef1129099e3e13eec324f5b6b57b3ac1349e622f5a/run/program.elf' is not of type PT_LOAD; ignoring.
Simulation of Ibex
==================

Tracing can be toggled by sending SIGUSR1 to this process:
$ kill -USR1 17

Simulation running, end by pressing CTRL-c.
Tracing enabled.
Writing simulation traces to sim.fst
TOP.ibex_simple_system.u_top.u_ibex_tracer.unnamedblk2.unnamedblk3: Writing execution trace to trace_core_00000000.log
Terminating simulation by software request.
- src/lowrisc_ibex_sim_shared_0/rtl/sim/simulator_ctrl.sv:93: Verilog $finish
Received $finish() from Verilog, shutting down simulation.

Simulation statistics
=====================
Executed cycles:  238012
Wallclock time:   5.56 s
Simulation speed: 42807.9 cycles/s (42.8079 kHz)
Trace file size:  18888565 B

You can view the simulation traces by calling
$ gtkwave sim.fst

Performance Counters
====================
Cycles:                     238008
Instructions Retired:       125220
LSU Busy:                   11139
Fetch Wait:                 49871
Loads:                      6440
Stores:                     4699
Jumps:                      1910
Conditional Branches:       50315
Taken Conditional Branches: 49867
Compressed Instructions:    0
Multiply Wait:              0
