Program header number 0 in `/workspace/out/cache/9ddc9e3bc12b9a3d8ffa3c4ac76349dee4c460e405b718b35fb9320ad0798609/run/program.elf' is not of type PT_LOAD; ignoring.
Program header number 3 in `/workspace/out/cache/9ddc9e3bc12b9a3d8ffa3c4ac76349dee4c460e405b718b35fb9320ad0798609/run/program.elf' is not of type PT_LOAD; ignoring.
Simulation of Ibex
==================

Tracing can be toggled by sending SIGUSR1 to this process:
$ kill -USR1 17

Simulation running, end by pressing CTRL-c.
Tracing enabled.
Writing simulation traces to sim.fst
TOP.ibex_simple_system.u_top.u_ibex_tracer.unnamedblk2.unnamedblk3: Writing execution trace to trace_core_00000000.log
Terminating simulation by software request.
- src/lowrisc_ibex_sim_shared_0/rtl/sim/simulator_ctrl.sv:93: Verilog $finish
Received $finish() from Verilog, shutting down simulation.

Simulation statistics
=====================
Executed cycles:  238011
Wallclock time:   5.3 s
Simulation speed: 44907.7 cycles/s (44.9077 kHz)
Trace file size:  17724589 B

You can view the simulation traces by calling
$ gtkwave sim.fst

Performance Counters
====================
Cycles:                     238007
Instructions Retired:       118749
LSU Busy:                   12163
Fetch Wait:                 46088
Loads:                      7123
Stores:                     5040
Jumps:                      1928
Conditional Branches:       46554
Taken Conditional Branches: 46084
Compressed Instructions:    0
Multiply Wait:              682
