Program header number 0 in `/workspace/out/cache/28bf5ba0b70869273cb5c5b3e7c425998ebb9fd36df9f7094c97cd83d76eaa2f/run/program.elf' is not of type PT_LOAD; ignoring.
Program header number 3 in `/workspace/out/cache/28bf5ba0b70869273cb5c5b3e7c425998ebb9fd36df9f7094c97cd83d76eaa2f/run/program.elf' is not of type PT_LOAD; ignoring.
Simulation of Ibex
==================

Tracing can be toggled by sending SIGUSR1 to this process:
$ kill -USR1 18

Simulation running, end by pressing CTRL-c.
Tracing enabled.
Writing simulation traces to sim.fst
TOP.ibex_simple_system.u_top.u_ibex_tracer.unnamedblk2.unnamedblk3: Writing execution trace to trace_core_00000000.log
Terminating simulation by software request.
- src/lowrisc_ibex_sim_shared_0/rtl/sim/simulator_ctrl.sv:93: Verilog $finish
Received $finish() from Verilog, shutting down simulation.

Simulation statistics
=====================
Executed cycles:  238011
Wallclock time:   4.531 s
Simulation speed: 52529.5 cycles/s (52.5295 kHz)
Trace file size:  17414460 B

You can view the simulation traces by calling
$ gtkwave sim.fst

Performance Counters
====================
Cycles:                     238007
Instructions Retired:       113063
LSU Busy:                   12096
Fetch Wait:                 42550
Loads:                      6919
Stores:                     5177
Jumps:                      1917
Conditional Branches:       43005
Taken Conditional Branches: 42546
Compressed Instructions:    0
Multiply Wait:              958
