Program header number 0 in `/workspace/out/cache/a2bbd29f3574d0e6ae957b2e579ebc929b0236d48e2adef777d7c6019838fbf7/run/program.elf' is not of type PT_LOAD; ignoring.
Program header number 3 in `/workspace/out/cache/a2bbd29f3574d0e6ae957b2e579ebc929b0236d48e2adef777d7c6019838fbf7/run/program.elf' is not of type PT_LOAD; ignoring.
Simulation of Ibex
==================

Tracing can be toggled by sending SIGUSR1 to this process:
$ kill -USR1 17

Simulation running, end by pressing CTRL-c.
Tracing enabled.
Writing simulation traces to sim.fst
TOP.ibex_simple_system.u_top.u_ibex_tracer.unnamedblk2.unnamedblk3: Writing execution trace to trace_core_00000000.log
Terminating simulation by software request.
- src/lowrisc_ibex_sim_shared_0/rtl/sim/simulator_ctrl.sv:93: Verilog $finish
Received $finish() from Verilog, shutting down simulation.

Simulation statistics
=====================
Executed cycles:  238015
Wallclock time:   4.595 s
Simulation speed: 51798.7 cycles/s (51.7987 kHz)
Trace file size:  16692296 B

You can view the simulation traces by calling
$ gtkwave sim.fst

Performance Counters
====================
Cycles:                     238011
Instructions Retired:       106000
LSU Busy:                   12771
Fetch Wait:                 38284
Loads:                      7572
Stores:                     5199
Jumps:                      1923
Conditional Branches:       38745
Taken Conditional Branches: 38280
Compressed Instructions:    0
Multiply Wait:              0
