Program header number 0 in `/workspace/out/cache/4a046ea7168fd73eef7c2392f46c80042255fc73e9513f1ba7682c6a851d2955/run/program.elf' is not of type PT_LOAD; ignoring.
Program header number 3 in `/workspace/out/cache/4a046ea7168fd73eef7c2392f46c80042255fc73e9513f1ba7682c6a851d2955/run/program.elf' is not of type PT_LOAD; ignoring.
Simulation of Ibex
==================

Tracing can be toggled by sending SIGUSR1 to this process:
$ kill -USR1 17

Simulation running, end by pressing CTRL-c.
Tracing enabled.
Writing simulation traces to sim.fst
TOP.ibex_simple_system.u_top.u_ibex_tracer.unnamedblk2.unnamedblk3: Writing execution trace to trace_core_00000000.log
Terminating simulation by software request.
- src/lowrisc_ibex_sim_shared_0/rtl/sim/simulator_ctrl.sv:93: Verilog $finish
Received $finish() from Verilog, shutting down simulation.

Simulation statistics
=====================
Executed cycles:  238014
Wallclock time:   4.468 s
Simulation speed: 53270.8 cycles/s (53.2708 kHz)
Trace file size:  17134545 B

You can view the simulation traces by calling
$ gtkwave sim.fst

Performance Counters
====================
Cycles:                     238010
Instructions Retired:       115880
LSU Busy:                   12039
Fetch Wait:                 43573
Loads:                      6931
Stores:                     5108
Jumps:                      1926
Conditional Branches:       44528
Taken Conditional Branches: 43569
Compressed Instructions:    0
Multiply Wait:              1092
