Program header number 0 in `/workspace/out/cache/b9c8d1ea367777707ea32f0e303bfcbee7e0878b59456f67a89d3380024126c4/run/program.elf' is not of type PT_LOAD; ignoring.
Program header number 3 in `/workspace/out/cache/b9c8d1ea367777707ea32f0e303bfcbee7e0878b59456f67a89d3380024126c4/run/program.elf' is not of type PT_LOAD; ignoring.
Simulation of Ibex
==================

Tracing can be toggled by sending SIGUSR1 to this process:
$ kill -USR1 16

Simulation running, end by pressing CTRL-c.
Tracing enabled.
Writing simulation traces to sim.fst
TOP.ibex_simple_system.u_top.u_ibex_tracer.unnamedblk2.unnamedblk3: Writing execution trace to trace_core_00000000.log
Terminating simulation by software request.
- src/lowrisc_ibex_sim_shared_0/rtl/sim/simulator_ctrl.sv:93: Verilog $finish
Received $finish() from Verilog, shutting down simulation.

Simulation statistics
=====================
Executed cycles:  238016
Wallclock time:   5.335 s
Simulation speed: 44614.1 cycles/s (44.6141 kHz)
Trace file size:  17590606 B

You can view the simulation traces by calling
$ gtkwave sim.fst

Performance Counters
====================
Cycles:                     238012
Instructions Retired:       125227
LSU Busy:                   13160
Fetch Wait:                 46939
Loads:                      7745
Stores:                     5415
Jumps:                      1958
Conditional Branches:       47436
Taken Conditional Branches: 46935
Compressed Instructions:    0
Multiply Wait:              3792
