Program header number 0 in `/workspace/out/cache/e6a5401fb231eab0c3cf015266770d93c0b83000b60748a22a414e5b1966ecec/run/program.elf' is not of type PT_LOAD; ignoring.
Program header number 3 in `/workspace/out/cache/e6a5401fb231eab0c3cf015266770d93c0b83000b60748a22a414e5b1966ecec/run/program.elf' is not of type PT_LOAD; ignoring.
Simulation of Ibex
==================

Tracing can be toggled by sending SIGUSR1 to this process:
$ kill -USR1 16

Simulation running, end by pressing CTRL-c.
Tracing enabled.
Writing simulation traces to sim.fst
TOP.ibex_simple_system.u_top.u_ibex_tracer.unnamedblk2.unnamedblk3: Writing execution trace to trace_core_00000000.log
Terminating simulation by software request.
- src/lowrisc_ibex_sim_shared_0/rtl/sim/simulator_ctrl.sv:93: Verilog $finish
Received $finish() from Verilog, shutting down simulation.

Simulation statistics
=====================
Executed cycles:  238011
Wallclock time:   5.877 s
Simulation speed: 40498.7 cycles/s (40.4987 kHz)
Trace file size:  17538138 B

You can view the simulation traces by calling
$ gtkwave sim.fst

Performance Counters
====================
Cycles:                     238007
Instructions Retired:       119295
LSU Busy:                   11739
Fetch Wait:                 46477
Loads:                      6740
Stores:                     4999
Jumps:                      1893
Conditional Branches:       46914
Taken Conditional Branches: 46473
Compressed Instructions:    0
Multiply Wait:              924
