Program header number 0 in `/workspace/out/cache/f355c85f0fff4aeb59663d1eef1753017c46c30aa054dba21c25daeb016b188c/run/program.elf' is not of type PT_LOAD; ignoring.
Program header number 3 in `/workspace/out/cache/f355c85f0fff4aeb59663d1eef1753017c46c30aa054dba21c25daeb016b188c/run/program.elf' is not of type PT_LOAD; ignoring.
Simulation of Ibex
==================

Tracing can be toggled by sending SIGUSR1 to this process:
$ kill -USR1 18

Simulation running, end by pressing CTRL-c.
Tracing enabled.
Writing simulation traces to sim.fst
TOP.ibex_simple_system.u_top.u_ibex_tracer.unnamedblk2.unnamedblk3: Writing execution trace to trace_core_00000000.log
Terminating simulation by software request.
- src/lowrisc_ibex_sim_shared_0/rtl/sim/simulator_ctrl.sv:93: Verilog $finish
Received $finish() from Verilog, shutting down simulation.

Simulation statistics
=====================
Executed cycles:  238011
Wallclock time:   4.729 s
Simulation speed: 50330.1 cycles/s (50.3301 kHz)
Trace file size:  18259416 B

You can view the simulation traces by calling
$ gtkwave sim.fst

Performance Counters
====================
Cycles:                     238007
Instructions Retired:       125459
LSU Busy:                   12204
Fetch Wait:                 48655
Loads:                      7239
Stores:                     4965
Jumps:                      1905
Conditional Branches:       49100
Taken Conditional Branches: 48651
Compressed Instructions:    0
Multiply Wait:              1132
