Program header number 0 in `/workspace/out/cache/3aaca6b8bb3e1e081259a8b4b64bddca5086d6bc3a28501e3c02c2ed4115a3bb/run/program.elf' is not of type PT_LOAD; ignoring.
Program header number 3 in `/workspace/out/cache/3aaca6b8bb3e1e081259a8b4b64bddca5086d6bc3a28501e3c02c2ed4115a3bb/run/program.elf' is not of type PT_LOAD; ignoring.
Simulation of Ibex
==================

Tracing can be toggled by sending SIGUSR1 to this process:
$ kill -USR1 18

Simulation running, end by pressing CTRL-c.
Tracing enabled.
Writing simulation traces to sim.fst
TOP.ibex_simple_system.u_top.u_ibex_tracer.unnamedblk2.unnamedblk3: Writing execution trace to trace_core_00000000.log
Terminating simulation by software request.
- src/lowrisc_ibex_sim_shared_0/rtl/sim/simulator_ctrl.sv:93: Verilog $finish
Received $finish() from Verilog, shutting down simulation.

Simulation statistics
=====================
Executed cycles:  238013
Wallclock time:   5.001 s
Simulation speed: 47593.1 cycles/s (47.5931 kHz)
Trace file size:  18204351 B

You can view the simulation traces by calling
$ gtkwave sim.fst

Performance Counters
====================
Cycles:                     238009
Instructions Retired:       125659
LSU Busy:                   12162
Fetch Wait:                 48755
Loads:                      6781
Stores:                     5381
Jumps:                      1999
Conditional Branches:       49292
Taken Conditional Branches: 48751
Compressed Instructions:    0
Multiply Wait:              682
