Program header number 0 in `/workspace/out/cache/ea12e5775994408650d0057c14c23dc72b2f9ec8eb03b11b883e71551045bfb6/run/program.elf' is not of type PT_LOAD; ignoring.
Program header number 3 in `/workspace/out/cache/ea12e5775994408650d0057c14c23dc72b2f9ec8eb03b11b883e71551045bfb6/run/program.elf' is not of type PT_LOAD; ignoring.
Simulation of Ibex
==================

Tracing can be toggled by sending SIGUSR1 to this process:
$ kill -USR1 17

Simulation running, end by pressing CTRL-c.
Tracing enabled.
Writing simulation traces to sim.fst
TOP.ibex_simple_system.u_top.u_ibex_tracer.unnamedblk2.unnamedblk3: Writing execution trace to trace_core_00000000.log
Terminating simulation by software request.
- src/lowrisc_ibex_sim_shared_0/rtl/sim/simulator_ctrl.sv:93: Verilog $finish
Received $finish() from Verilog, shutting down simulation.

Simulation statistics
=====================
Executed cycles:  238013
Wallclock time:   5.224 s
Simulation speed: 45561.4 cycles/s (45.5614 kHz)
Trace file size:  17602235 B

You can view the simulation traces by calling
$ gtkwave sim.fst

Performance Counters
====================
Cycles:                     238009
Instructions Retired:       115851
LSU Busy:                   11481
Fetch Wait:                 44653
Loads:                      6611
Stores:                     4870
Jumps:                      1918
Conditional Branches:       45109
Taken Conditional Branches: 44649
Compressed Instructions:    0
Multiply Wait:              1024
