Program header number 0 in `/workspace/out/cache/781d6243494a5ada7912188ca235a5db5602b8e3fae315495fe317046b670295/run/program.elf' is not of type PT_LOAD; ignoring.
Program header number 3 in `/workspace/out/cache/781d6243494a5ada7912188ca235a5db5602b8e3fae315495fe317046b670295/run/program.elf' is not of type PT_LOAD; ignoring.
Simulation of Ibex
==================

Tracing can be toggled by sending SIGUSR1 to this process:
$ kill -USR1 17

Simulation running, end by pressing CTRL-c.
Tracing enabled.
Writing simulation traces to sim.fst
TOP.ibex_simple_system.u_top.u_ibex_tracer.unnamedblk2.unnamedblk3: Writing execution trace to trace_core_00000000.log
Terminating simulation by software request.
- src/lowrisc_ibex_sim_shared_0/rtl/sim/simulator_ctrl.sv:93: Verilog $finish
Received $finish() from Verilog, shutting down simulation.

Simulation statistics
=====================
Executed cycles:  238011
Wallclock time:   4.339 s
Simulation speed: 54853.9 cycles/s (54.8539 kHz)
Trace file size:  16755522 B

You can view the simulation traces by calling
$ gtkwave sim.fst

Performance Counters
====================
Cycles:                     238007
Instructions Retired:       113631
LSU Busy:                   12333
Fetch Wait:                 42368
Loads:                      7122
Stores:                     5211
Jumps:                      1960
Conditional Branches:       42868
Taken Conditional Branches: 42364
Compressed Instructions:    0
Multiply Wait:              798
