Program header number 0 in `/workspace/out/cache/2ca25015ffd0b3f77ce7cb93f726beeb012f3f153bce8479635e3e90acbd0e1c/run/program.elf' is not of type PT_LOAD; ignoring.
Program header number 3 in `/workspace/out/cache/2ca25015ffd0b3f77ce7cb93f726beeb012f3f153bce8479635e3e90acbd0e1c/run/program.elf' is not of type PT_LOAD; ignoring.
Simulation of Ibex
==================

Tracing can be toggled by sending SIGUSR1 to this process:
$ kill -USR1 18

Simulation running, end by pressing CTRL-c.
Tracing enabled.
Writing simulation traces to sim.fst
TOP.ibex_simple_system.u_top.u_ibex_tracer.unnamedblk2.unnamedblk3: Writing execution trace to trace_core_00000000.log
Terminating simulation by software request.
- src/lowrisc_ibex_sim_shared_0/rtl/sim/simulator_ctrl.sv:93: Verilog $finish
Received $finish() from Verilog, shutting down simulation.

Simulation statistics
=====================
Executed cycles:  238015
Wallclock time:   4.511 s
Simulation speed: 52763.2 cycles/s (52.7632 kHz)
Trace file size:  16810205 B

You can view the simulation traces by calling
$ gtkwave sim.fst

Performance Counters
====================
Cycles:                     238011
Instructions Retired:       107404
LSU Busy:                   12530
Fetch Wait:                 38916
Loads:                      7439
Stores:                     5091
Jumps:                      1908
Conditional Branches:       39368
Taken Conditional Branches: 38912
Compressed Instructions:    0
Multiply Wait:              0
