Program header number 0 in `/workspace/out/cache/80ce1fa9060735b5ffcd9b0a72a7543dae858b8e435b2dbf8940e96be581d8ce/run/program.elf' is not of type PT_LOAD; ignoring.
Program header number 3 in `/workspace/out/cache/80ce1fa9060735b5ffcd9b0a72a7543dae858b8e435b2dbf8940e96be581d8ce/run/program.elf' is not of type PT_LOAD; ignoring.
Simulation of Ibex
==================

Tracing can be toggled by sending SIGUSR1 to this process:
$ kill -USR1 18

Simulation running, end by pressing CTRL-c.
Tracing enabled.
Writing simulation traces to sim.fst
TOP.ibex_simple_system.u_top.u_ibex_tracer.unnamedblk2.unnamedblk3: Writing execution trace to trace_core_00000000.log
Terminating simulation by software request.
- src/lowrisc_ibex_sim_shared_0/rtl/sim/simulator_ctrl.sv:93: Verilog $finish
Received $finish() from Verilog, shutting down simulation.

Simulation statistics
=====================
Executed cycles:  238015
Wallclock time:   5.036 s
Simulation speed: 47262.7 cycles/s (47.2627 kHz)
Trace file size:  17247365 B

You can view the simulation traces by calling
$ gtkwave sim.fst

Performance Counters
====================
Cycles:                     238011
Instructions Retired:       115718
LSU Busy:                   11980
Fetch Wait:                 44864
Loads:                      6948
Stores:                     5032
Jumps:                      1932
Conditional Branches:       45335
Taken Conditional Branches: 44860
Compressed Instructions:    0
Multiply Wait:              0
