Program header number 0 in `/workspace/out/cache/43b9f567fcb399a3e407b1bf21925bb6c19fb9c75c0f1a25b32a61870f08569c/run/program.elf' is not of type PT_LOAD; ignoring.
Program header number 3 in `/workspace/out/cache/43b9f567fcb399a3e407b1bf21925bb6c19fb9c75c0f1a25b32a61870f08569c/run/program.elf' is not of type PT_LOAD; ignoring.
Simulation of Ibex
==================

Tracing can be toggled by sending SIGUSR1 to this process:
$ kill -USR1 18

Simulation running, end by pressing CTRL-c.
Tracing enabled.
Writing simulation traces to sim.fst
TOP.ibex_simple_system.u_top.u_ibex_tracer.unnamedblk2.unnamedblk3: Writing execution trace to trace_core_00000000.log
Terminating simulation by software request.
- src/lowrisc_ibex_sim_shared_0/rtl/sim/simulator_ctrl.sv:93: Verilog $finish
Received $finish() from Verilog, shutting down simulation.

Simulation statistics
=====================
Executed cycles:  238013
Wallclock time:   4.537 s
Simulation speed: 52460.4 cycles/s (52.4604 kHz)
Trace file size:  17054408 B

You can view the simulation traces by calling
$ gtkwave sim.fst

Performance Counters
====================
Cycles:                     238009
Instructions Retired:       111932
LSU Busy:                   12066
Fetch Wait:                 41973
Loads:                      6904
Stores:                     5162
Jumps:                      1924
Conditional Branches:       42437
Taken Conditional Branches: 41969
Compressed Instructions:    0
Multiply Wait:              928
