Program header number 0 in `/workspace/out/cache/c400d51df544419ba0e75109e99b033893a0eb53c9849f690ecb6a31eff83bc5/run/program.elf' is not of type PT_LOAD; ignoring.
Program header number 3 in `/workspace/out/cache/c400d51df544419ba0e75109e99b033893a0eb53c9849f690ecb6a31eff83bc5/run/program.elf' is not of type PT_LOAD; ignoring.
Simulation of Ibex
==================

Tracing can be toggled by sending SIGUSR1 to this process:
$ kill -USR1 17

Simulation running, end by pressing CTRL-c.
Tracing enabled.
Writing simulation traces to sim.fst
TOP.ibex_simple_system.u_top.u_ibex_tracer.unnamedblk2.unnamedblk3: Writing execution trace to trace_core_00000000.log
Terminating simulation by software request.
- src/lowrisc_ibex_sim_shared_0/rtl/sim/simulator_ctrl.sv:93: Verilog $finish
Received $finish() from Verilog, shutting down simulation.

Simulation statistics
=====================
Executed cycles:  238014
Wallclock time:   5.524 s
Simulation speed: 43087.3 cycles/s (43.0873 kHz)
Trace file size:  17859049 B

You can view the simulation traces by calling
$ gtkwave sim.fst

Performance Counters
====================
Cycles:                     238010
Instructions Retired:       120197
LSU Busy:                   12979
Fetch Wait:                 45204
Loads:                      8076
Stores:                     4903
Jumps:                      1923
Conditional Branches:       45899
Taken Conditional Branches: 45200
Compressed Instructions:    0
Multiply Wait:              576
