Program header number 0 in `/workspace/out/cache/b11c769924bc8bc1e7e8841811e65570540163cef34711a3f46f04b489dd6c5e/run/program.elf' is not of type PT_LOAD; ignoring.
Program header number 3 in `/workspace/out/cache/b11c769924bc8bc1e7e8841811e65570540163cef34711a3f46f04b489dd6c5e/run/program.elf' is not of type PT_LOAD; ignoring.
Simulation of Ibex
==================

Tracing can be toggled by sending SIGUSR1 to this process:
$ kill -USR1 18

Simulation running, end by pressing CTRL-c.
Tracing enabled.
Writing simulation traces to sim.fst
TOP.ibex_simple_system.u_top.u_ibex_tracer.unnamedblk2.unnamedblk3: Writing execution trace to trace_core_00000000.log
Terminating simulation by software request.
- src/lowrisc_ibex_sim_shared_0/rtl/sim/simulator_ctrl.sv:93: Verilog $finish
Received $finish() from Verilog, shutting down simulation.

Simulation statistics
=====================
Executed cycles:  238011
Wallclock time:   5.145 s
Simulation speed: 46260.6 cycles/s (46.2606 kHz)
Trace file size:  17953694 B

You can view the simulation traces by calling
$ gtkwave sim.fst

Performance Counters
====================
Cycles:                     238007
Instructions Retired:       125749
LSU Busy:                   12162
Fetch Wait:                 48662
Loads:                      6781
Stores:                     5381
Jumps:                      2091
Conditional Branches:       49291
Taken Conditional Branches: 48658
Compressed Instructions:    0
Multiply Wait:              684
