Program header number 0 in `/workspace/out/cache/687d7e5e5594e31484df17496b42c4be86e02195e5260fca8988e5a20c83f3c2/run/program.elf' is not of type PT_LOAD; ignoring.
Program header number 3 in `/workspace/out/cache/687d7e5e5594e31484df17496b42c4be86e02195e5260fca8988e5a20c83f3c2/run/program.elf' is not of type PT_LOAD; ignoring.
Simulation of Ibex
==================

Tracing can be toggled by sending SIGUSR1 to this process:
$ kill -USR1 18

Simulation running, end by pressing CTRL-c.
Tracing enabled.
Writing simulation traces to sim.fst
TOP.ibex_simple_system.u_top.u_ibex_tracer.unnamedblk2.unnamedblk3: Writing execution trace to trace_core_00000000.log
Terminating simulation by software request.
- src/lowrisc_ibex_sim_shared_0/rtl/sim/simulator_ctrl.sv:93: Verilog $finish
Received $finish() from Verilog, shutting down simulation.

Simulation statistics
=====================
Executed cycles:  248024
Wallclock time:   4.802 s
Simulation speed: 51650.1 cycles/s (51.6501 kHz)
Trace file size:  16816919 B

You can view the simulation traces by calling
$ gtkwave sim.fst

Performance Counters
====================
Cycles:                     248020
Instructions Retired:       107535
LSU Busy:                   11139
Fetch Wait:                 42187
Loads:                      6440
Stores:                     4699
Jumps:                      1919
Conditional Branches:       43791
Taken Conditional Branches: 42183
Compressed Instructions:    0
Multiply Wait:              0
