Program header number 0 in `/workspace/out/cache/267e5febeba0a337bab612b8b3ed5bb2b1a989d1abb6ccb1ec5977dc565324ef/run/program.elf' is not of type PT_LOAD; ignoring.
Program header number 3 in `/workspace/out/cache/267e5febeba0a337bab612b8b3ed5bb2b1a989d1abb6ccb1ec5977dc565324ef/run/program.elf' is not of type PT_LOAD; ignoring.
Simulation of Ibex
==================

Tracing can be toggled by sending SIGUSR1 to this process:
$ kill -USR1 18

Simulation running, end by pressing CTRL-c.
Tracing enabled.
Writing simulation traces to sim.fst
TOP.ibex_simple_system.u_top.u_ibex_tracer.unnamedblk2.unnamedblk3: Writing execution trace to trace_core_00000000.log
Terminating simulation by software request.
- src/lowrisc_ibex_sim_shared_0/rtl/sim/simulator_ctrl.sv:93: Verilog $finish
Received $finish() from Verilog, shutting down simulation.

Simulation statistics
=====================
Executed cycles:  238012
Wallclock time:   5.059 s
Simulation speed: 47047.2 cycles/s (47.0472 kHz)
Trace file size:  17891660 B

You can view the simulation traces by calling
$ gtkwave sim.fst

Performance Counters
====================
Cycles:                     238008
Instructions Retired:       125261
LSU Busy:                   12139
Fetch Wait:                 48771
Loads:                      7065
Stores:                     5074
Jumps:                      1920
Conditional Branches:       49227
Taken Conditional Branches: 48767
Compressed Instructions:    0
Multiply Wait:              750
