Program header number 0 in `/workspace/out/cache/52dc23529b62a3d59e6f9efe27bd408081ea0aec6be553022449e7cc8ddfbef3/run/program.elf' is not of type PT_LOAD; ignoring.
Program header number 3 in `/workspace/out/cache/52dc23529b62a3d59e6f9efe27bd408081ea0aec6be553022449e7cc8ddfbef3/run/program.elf' is not of type PT_LOAD; ignoring.
Simulation of Ibex
==================

Tracing can be toggled by sending SIGUSR1 to this process:
$ kill -USR1 16

Simulation running, end by pressing CTRL-c.
Tracing enabled.
Writing simulation traces to sim.fst
TOP.ibex_simple_system.u_top.u_ibex_tracer.unnamedblk2.unnamedblk3: Writing execution trace to trace_core_00000000.log
Terminating simulation by software request.
- src/lowrisc_ibex_sim_shared_0/rtl/sim/simulator_ctrl.sv:93: Verilog $finish
Received $finish() from Verilog, shutting down simulation.

Simulation statistics
=====================
Executed cycles:  238012
Wallclock time:   4.765 s
Simulation speed: 49950.1 cycles/s (49.9501 kHz)
Trace file size:  18696784 B

You can view the simulation traces by calling
$ gtkwave sim.fst

Performance Counters
====================
Cycles:                     238008
Instructions Retired:       125919
LSU Busy:                   12499
Fetch Wait:                 48150
Loads:                      7120
Stores:                     5379
Jumps:                      1925
Conditional Branches:       48613
Taken Conditional Branches: 48146
Compressed Instructions:    0
Multiply Wait:              1368
