Program header number 0 in `/workspace/out/cache/901ee7edd57351361f4bc2fad74fd0b13f813ee8a367e8ec05d27a500bff029b/run/program.elf' is not of type PT_LOAD; ignoring.
Program header number 3 in `/workspace/out/cache/901ee7edd57351361f4bc2fad74fd0b13f813ee8a367e8ec05d27a500bff029b/run/program.elf' is not of type PT_LOAD; ignoring.
Simulation of Ibex
==================

Tracing can be toggled by sending SIGUSR1 to this process:
$ kill -USR1 17

Simulation running, end by pressing CTRL-c.
Tracing enabled.
Writing simulation traces to sim.fst
TOP.ibex_simple_system.u_top.u_ibex_tracer.unnamedblk2.unnamedblk3: Writing execution trace to trace_core_00000000.log
Terminating simulation by software request.
- src/lowrisc_ibex_sim_shared_0/rtl/sim/simulator_ctrl.sv:93: Verilog $finish
Received $finish() from Verilog, shutting down simulation.

Simulation statistics
=====================
Executed cycles:  238014
Wallclock time:   5.211 s
Simulation speed: 45675.3 cycles/s (45.6753 kHz)
Trace file size:  17817092 B

You can view the simulation traces by calling
$ gtkwave sim.fst

Performance Counters
====================
Cycles:                     238010
Instructions Retired:       124915
LSU Busy:                   11139
Fetch Wait:                 49340
Loads:                      6440
Stores:                     4699
Jumps:                      1920
Conditional Branches:       50485
Taken Conditional Branches: 49336
Compressed Instructions:    0
Multiply Wait:              1358
