Program header number 0 in `/workspace/out/cache/7aa8864c234e85e283b11d75e3bb918b5ff41883608dbe5af3ee53dff7ac3c42/run/program.elf' is not of type PT_LOAD; ignoring.
Program header number 3 in `/workspace/out/cache/7aa8864c234e85e283b11d75e3bb918b5ff41883608dbe5af3ee53dff7ac3c42/run/program.elf' is not of type PT_LOAD; ignoring.
Simulation of Ibex
==================

Tracing can be toggled by sending SIGUSR1 to this process:
$ kill -USR1 18

Simulation running, end by pressing CTRL-c.
Tracing enabled.
Writing simulation traces to sim.fst
TOP.ibex_simple_system.u_top.u_ibex_tracer.unnamedblk2.unnamedblk3: Writing execution trace to trace_core_00000000.log
Terminating simulation by software request.
- src/lowrisc_ibex_sim_shared_0/rtl/sim/simulator_ctrl.sv:93: Verilog $finish
Received $finish() from Verilog, shutting down simulation.

Simulation statistics
=====================
Executed cycles:  238014
Wallclock time:   5.098 s
Simulation speed: 46687.7 cycles/s (46.6877 kHz)
Trace file size:  18176474 B

You can view the simulation traces by calling
$ gtkwave sim.fst

Performance Counters
====================
Cycles:                     238010
Instructions Retired:       124953
LSU Busy:                   11287
Fetch Wait:                 48705
Loads:                      6440
Stores:                     4847
Jumps:                      1931
Conditional Branches:       50719
Taken Conditional Branches: 48701
Compressed Instructions:    0
Multiply Wait:              2432
