Program header number 0 in `/workspace/out/cache/4cfabe6240c5c2140a5597636b4bf3212978cc6802d7f17a4cb0857946bffe4e/run/program.elf' is not of type PT_LOAD; ignoring.
Program header number 3 in `/workspace/out/cache/4cfabe6240c5c2140a5597636b4bf3212978cc6802d7f17a4cb0857946bffe4e/run/program.elf' is not of type PT_LOAD; ignoring.
Simulation of Ibex
==================

Tracing can be toggled by sending SIGUSR1 to this process:
$ kill -USR1 18

Simulation running, end by pressing CTRL-c.
Tracing enabled.
Writing simulation traces to sim.fst
TOP.ibex_simple_system.u_top.u_ibex_tracer.unnamedblk2.unnamedblk3: Writing execution trace to trace_core_00000000.log
Terminating simulation by software request.
- src/lowrisc_ibex_sim_shared_0/rtl/sim/simulator_ctrl.sv:93: Verilog $finish
Received $finish() from Verilog, shutting down simulation.

Simulation statistics
=====================
Executed cycles:  238013
Wallclock time:   5.163 s
Simulation speed: 46099.7 cycles/s (46.0997 kHz)
Trace file size:  18191161 B

You can view the simulation traces by calling
$ gtkwave sim.fst

Performance Counters
====================
Cycles:                     238009
Instructions Retired:       124028
LSU Busy:                   12419
Fetch Wait:                 47196
Loads:                      7208
Stores:                     5211
Jumps:                      1925
Conditional Branches:       47915
Taken Conditional Branches: 47192
Compressed Instructions:    0
Multiply Wait:              512
