Program header number 0 in `/workspace/out/cache/418a8983dbd907f1a20c14d826a10209db581eca9a016985f25d1014618faefd/run/program.elf' is not of type PT_LOAD; ignoring.
Program header number 3 in `/workspace/out/cache/418a8983dbd907f1a20c14d826a10209db581eca9a016985f25d1014618faefd/run/program.elf' is not of type PT_LOAD; ignoring.
Simulation of Ibex
==================

Tracing can be toggled by sending SIGUSR1 to this process:
$ kill -USR1 16

Simulation running, end by pressing CTRL-c.
Tracing enabled.
Writing simulation traces to sim.fst
TOP.ibex_simple_system.u_top.u_ibex_tracer.unnamedblk2.unnamedblk3: Writing execution trace to trace_core_00000000.log
Terminating simulation by software request.
- src/lowrisc_ibex_sim_shared_0/rtl/sim/simulator_ctrl.sv:93: Verilog $finish
Received $finish() from Verilog, shutting down simulation.

Simulation statistics
=====================
Executed cycles:  238014
Wallclock time:   5.112 s
Simulation speed: 46559.9 cycles/s (46.5599 kHz)
Trace file size:  17621824 B

You can view the simulation traces by calling
$ gtkwave sim.fst

Performance Counters
====================
Cycles:                     238010
Instructions Retired:       123456
LSU Busy:                   11139
Fetch Wait:                 50750
Loads:                      6440
Stores:                     4699
Jumps:                      1918
Conditional Branches:       52750
Taken Conditional Branches: 50746
Compressed Instructions:    0
Multiply Wait:              0
