Program header number 0 in `/workspace/out/cache/f5f3dad3cc831867f5166da6a2cc26d869ee85a563c7040e79ef2d69955ab8da/run/program.elf' is not of type PT_LOAD; ignoring.
Program header number 3 in `/workspace/out/cache/f5f3dad3cc831867f5166da6a2cc26d869ee85a563c7040e79ef2d69955ab8da/run/program.elf' is not of type PT_LOAD; ignoring.
Simulation of Ibex
==================

Tracing can be toggled by sending SIGUSR1 to this process:
$ kill -USR1 18

Simulation running, end by pressing CTRL-c.
Tracing enabled.
Writing simulation traces to sim.fst
TOP.ibex_simple_system.u_top.u_ibex_tracer.unnamedblk2.unnamedblk3: Writing execution trace to trace_core_00000000.log
Terminating simulation by software request.
- src/lowrisc_ibex_sim_shared_0/rtl/sim/simulator_ctrl.sv:93: Verilog $finish
Received $finish() from Verilog, shutting down simulation.

Simulation statistics
=====================
Executed cycles:  238013
Wallclock time:   4.684 s
Simulation speed: 50814 cycles/s (50.814 kHz)
Trace file size:  17952271 B

You can view the simulation traces by calling
$ gtkwave sim.fst

Performance Counters
====================
Cycles:                     238009
Instructions Retired:       120816
LSU Busy:                   11187
Fetch Wait:                 48552
Loads:                      6464
Stores:                     4723
Jumps:                      1889
Conditional Branches:       48985
Taken Conditional Branches: 48548
Compressed Instructions:    0
Multiply Wait:              1256
