Program header number 0 in `/workspace/out/cache/e950036c42b4dd19a645c9428349b8693c7bd8a93c211cf6de75d4dbb00f29cc/run/program.elf' is not of type PT_LOAD; ignoring.
Program header number 3 in `/workspace/out/cache/e950036c42b4dd19a645c9428349b8693c7bd8a93c211cf6de75d4dbb00f29cc/run/program.elf' is not of type PT_LOAD; ignoring.
Simulation of Ibex
==================

Tracing can be toggled by sending SIGUSR1 to this process:
$ kill -USR1 17

Simulation running, end by pressing CTRL-c.
Tracing enabled.
Writing simulation traces to sim.fst
TOP.ibex_simple_system.u_top.u_ibex_tracer.unnamedblk2.unnamedblk3: Writing execution trace to trace_core_00000000.log
Terminating simulation by software request.
- src/lowrisc_ibex_sim_shared_0/rtl/sim/simulator_ctrl.sv:93: Verilog $finish
Received $finish() from Verilog, shutting down simulation.

Simulation statistics
=====================
Executed cycles:  238014
Wallclock time:   4.929 s
Simulation speed: 48288.5 cycles/s (48.2885 kHz)
Trace file size:  17888878 B

You can view the simulation traces by calling
$ gtkwave sim.fst

Performance Counters
====================
Cycles:                     238010
Instructions Retired:       125385
LSU Busy:                   11739
Fetch Wait:                 48815
Loads:                      6740
Stores:                     4999
Jumps:                      1935
Conditional Branches:       49656
Taken Conditional Branches: 48811
Compressed Instructions:    0
Multiply Wait:              724
