Program header number 0 in `/workspace/out/cache/71707b45b83e9208d7813a6ee1faa08d910ffcd5f47fc03a05f3caab70665760/run/program.elf' is not of type PT_LOAD; ignoring.
Program header number 3 in `/workspace/out/cache/71707b45b83e9208d7813a6ee1faa08d910ffcd5f47fc03a05f3caab70665760/run/program.elf' is not of type PT_LOAD; ignoring.
Simulation of Ibex
==================

Tracing can be toggled by sending SIGUSR1 to this process:
$ kill -USR1 17

Simulation running, end by pressing CTRL-c.
Tracing enabled.
Writing simulation traces to sim.fst
TOP.ibex_simple_system.u_top.u_ibex_tracer.unnamedblk2.unnamedblk3: Writing execution trace to trace_core_00000000.log
Terminating simulation by software request.
- src/lowrisc_ibex_sim_shared_0/rtl/sim/simulator_ctrl.sv:93: Verilog $finish
Received $finish() from Verilog, shutting down simulation.

Simulation statistics
=====================
Executed cycles:  238011
Wallclock time:   4.907 s
Simulation speed: 48504.4 cycles/s (48.5044 kHz)
Trace file size:  17907365 B

You can view the simulation traces by calling
$ gtkwave sim.fst

Performance Counters
====================
Cycles:                     238007
Instructions Retired:       125745
LSU Busy:                   12504
Fetch Wait:                 48411
Loads:                      7464
Stores:                     5040
Jumps:                      1914
Conditional Branches:       48864
Taken Conditional Branches: 48407
Compressed Instructions:    0
Multiply Wait:              684
