OpenSTA 3.1.0 a9a3f30ca9 Copyright (c) 2026, Parallax Software, Inc.
License GPLv3: GNU GPL version 3 <http://gnu.org/licenses/gpl.html>

This is free software, and you are free to change and redistribute it
under certain conditions; type `show_copying' for details. 
This program comes with ABSOLUTELY NO WARRANTY; for details type `show_warranty'.
Annotated 36292 pin activities.
Group                          Internal          Switching            Leakage              Total
                                  Power              Power              Power              Power (Watts)
------------------------------------------------------------------------------------------------
Sequential           2.015521191061e-02 0.000000000000e+00 4.401419317901e-08 2.015525661409e-02 100.0%
Combinational        0.000000000000e+00 0.000000000000e+00 1.162083762551e-08 1.162083762551e-08   0.0%
Clock                0.000000000000e+00 0.000000000000e+00 0.000000000000e+00 0.000000000000e+00   0.0%
Macro                0.000000000000e+00 0.000000000000e+00 0.000000000000e+00 0.000000000000e+00   0.0%
Pad                  0.000000000000e+00 0.000000000000e+00 0.000000000000e+00 0.000000000000e+00   0.0%
------------------------------------------------------------------------------------------------
Total                2.015521191061e-02 0.000000000000e+00 5.563562410771e-08 2.015526778996e-02 100.0%
                                 100.0%               0.0%               0.0%
vcd         36292
unannotated     4
Unannotated pins:
 m_axis_read_data_tuser[0]
 m_axis_write_desc_status_user[0]
 s_axis_read_desc_user[0]
 s_axis_write_data_tuser[0]
LEAF_SWITCHING_SUM 8477 0
