Program header number 0 in `/workspace/out/cache/b16b3109f8bbaad48c065da3de7cf8a3baf30b54881b1c8e90a289a23d1b5d5b/run/program.elf' is not of type PT_LOAD; ignoring.
Program header number 3 in `/workspace/out/cache/b16b3109f8bbaad48c065da3de7cf8a3baf30b54881b1c8e90a289a23d1b5d5b/run/program.elf' is not of type PT_LOAD; ignoring.
Simulation of Ibex
==================

Tracing can be toggled by sending SIGUSR1 to this process:
$ kill -USR1 17

Simulation running, end by pressing CTRL-c.
Tracing enabled.
Writing simulation traces to sim.fst
TOP.ibex_simple_system.u_top.u_ibex_tracer.unnamedblk2.unnamedblk3: Writing execution trace to trace_core_00000000.log
Terminating simulation by software request.
- src/lowrisc_ibex_sim_shared_0/rtl/sim/simulator_ctrl.sv:93: Verilog $finish
Received $finish() from Verilog, shutting down simulation.

Simulation statistics
=====================
Executed cycles:  238014
Wallclock time:   5.246 s
Simulation speed: 45370.6 cycles/s (45.3706 kHz)
Trace file size:  17709115 B

You can view the simulation traces by calling
$ gtkwave sim.fst

Performance Counters
====================
Cycles:                     238010
Instructions Retired:       118877
LSU Busy:                   11139
Fetch Wait:                 46875
Loads:                      6440
Stores:                     4699
Jumps:                      1895
Conditional Branches:       47376
Taken Conditional Branches: 46871
Compressed Instructions:    0
Multiply Wait:              4288
