Program header number 0 in `/workspace/out/cache/950c58746e4f7a418a354542bcf4d36b9d9cc4033e53c1c28628a930bed3acfb/run/program.elf' is not of type PT_LOAD; ignoring.
Program header number 3 in `/workspace/out/cache/950c58746e4f7a418a354542bcf4d36b9d9cc4033e53c1c28628a930bed3acfb/run/program.elf' is not of type PT_LOAD; ignoring.
Simulation of Ibex
==================

Tracing can be toggled by sending SIGUSR1 to this process:
$ kill -USR1 17

Simulation running, end by pressing CTRL-c.
Tracing enabled.
Writing simulation traces to sim.fst
TOP.ibex_simple_system.u_top.u_ibex_tracer.unnamedblk2.unnamedblk3: Writing execution trace to trace_core_00000000.log
Terminating simulation by software request.
- src/lowrisc_ibex_sim_shared_0/rtl/sim/simulator_ctrl.sv:93: Verilog $finish
Received $finish() from Verilog, shutting down simulation.

Simulation statistics
=====================
Executed cycles:  244173
Wallclock time:   4.522 s
Simulation speed: 53996.7 cycles/s (53.9967 kHz)
Trace file size:  15918318 B

You can view the simulation traces by calling
$ gtkwave sim.fst

Performance Counters
====================
Cycles:                     244169
Instructions Retired:       91412
LSU Busy:                   11786
Fetch Wait:                 32054
Loads:                      6867
Stores:                     4919
Jumps:                      1908
Conditional Branches:       32506
Taken Conditional Branches: 32050
Compressed Instructions:    0
Multiply Wait:              0
