Program header number 0 in `/workspace/out/cache/ed6b31cfc938fb39b88f3485b61bba52ea6049b1251902991c7170e2f4b7beff/run/program.elf' is not of type PT_LOAD; ignoring.
Program header number 3 in `/workspace/out/cache/ed6b31cfc938fb39b88f3485b61bba52ea6049b1251902991c7170e2f4b7beff/run/program.elf' is not of type PT_LOAD; ignoring.
Simulation of Ibex
==================

Tracing can be toggled by sending SIGUSR1 to this process:
$ kill -USR1 17

Simulation running, end by pressing CTRL-c.
Tracing enabled.
Writing simulation traces to sim.fst
TOP.ibex_simple_system.u_top.u_ibex_tracer.unnamedblk2.unnamedblk3: Writing execution trace to trace_core_00000000.log
Terminating simulation by software request.
- src/lowrisc_ibex_sim_shared_0/rtl/sim/simulator_ctrl.sv:93: Verilog $finish
Received $finish() from Verilog, shutting down simulation.

Simulation statistics
=====================
Executed cycles:  238013
Wallclock time:   4.838 s
Simulation speed: 49196.6 cycles/s (49.1966 kHz)
Trace file size:  17304625 B

You can view the simulation traces by calling
$ gtkwave sim.fst

Performance Counters
====================
Cycles:                     238009
Instructions Retired:       110517
LSU Busy:                   11739
Fetch Wait:                 42203
Loads:                      6840
Stores:                     4899
Jumps:                      1910
Conditional Branches:       42655
Taken Conditional Branches: 42199
Compressed Instructions:    0
Multiply Wait:              466
