Program header number 0 in `/workspace/out/cache/71f38d3cfefbd7cd0bfaa745b3ec017d8d22efe1863f51c95afd04025b302959/run/program.elf' is not of type PT_LOAD; ignoring.
Program header number 3 in `/workspace/out/cache/71f38d3cfefbd7cd0bfaa745b3ec017d8d22efe1863f51c95afd04025b302959/run/program.elf' is not of type PT_LOAD; ignoring.
Simulation of Ibex
==================

Tracing can be toggled by sending SIGUSR1 to this process:
$ kill -USR1 17

Simulation running, end by pressing CTRL-c.
Tracing enabled.
Writing simulation traces to sim.fst
TOP.ibex_simple_system.u_top.u_ibex_tracer.unnamedblk2.unnamedblk3: Writing execution trace to trace_core_00000000.log
Terminating simulation by software request.
- src/lowrisc_ibex_sim_shared_0/rtl/sim/simulator_ctrl.sv:93: Verilog $finish
Received $finish() from Verilog, shutting down simulation.

Simulation statistics
=====================
Executed cycles:  238013
Wallclock time:   4.891 s
Simulation speed: 48663.5 cycles/s (48.6635 kHz)
Trace file size:  17795262 B

You can view the simulation traces by calling
$ gtkwave sim.fst

Performance Counters
====================
Cycles:                     238009
Instructions Retired:       123309
LSU Busy:                   11139
Fetch Wait:                 50823
Loads:                      6440
Stores:                     4699
Jumps:                      1918
Conditional Branches:       52725
Taken Conditional Branches: 50819
Compressed Instructions:    0
Multiply Wait:              0
