Program header number 0 in `/workspace/out/cache/45a601f90426218c93d0b85b5968591b13cc361dfc3068cef7ce3034facaa9c6/run/program.elf' is not of type PT_LOAD; ignoring.
Program header number 3 in `/workspace/out/cache/45a601f90426218c93d0b85b5968591b13cc361dfc3068cef7ce3034facaa9c6/run/program.elf' is not of type PT_LOAD; ignoring.
Simulation of Ibex
==================

Tracing can be toggled by sending SIGUSR1 to this process:
$ kill -USR1 18

Simulation running, end by pressing CTRL-c.
Tracing enabled.
Writing simulation traces to sim.fst
TOP.ibex_simple_system.u_top.u_ibex_tracer.unnamedblk2.unnamedblk3: Writing execution trace to trace_core_00000000.log
Terminating simulation by software request.
- src/lowrisc_ibex_sim_shared_0/rtl/sim/simulator_ctrl.sv:93: Verilog $finish
Received $finish() from Verilog, shutting down simulation.

Simulation statistics
=====================
Executed cycles:  238014
Wallclock time:   4.982 s
Simulation speed: 47774.8 cycles/s (47.7748 kHz)
Trace file size:  17501115 B

You can view the simulation traces by calling
$ gtkwave sim.fst

Performance Counters
====================
Cycles:                     238010
Instructions Retired:       119906
LSU Busy:                   11820
Fetch Wait:                 45798
Loads:                      6949
Stores:                     4871
Jumps:                      1920
Conditional Branches:       46992
Taken Conditional Branches: 45794
Compressed Instructions:    0
Multiply Wait:              458
