Program header number 0 in `/workspace/out/cache/c684fe36fc3c9427a2a1f5b69c0ad7dccbfe21c2defea0a2ba34b32e3aa5cbbf/run/program.elf' is not of type PT_LOAD; ignoring.
Program header number 3 in `/workspace/out/cache/c684fe36fc3c9427a2a1f5b69c0ad7dccbfe21c2defea0a2ba34b32e3aa5cbbf/run/program.elf' is not of type PT_LOAD; ignoring.
Simulation of Ibex
==================

Tracing can be toggled by sending SIGUSR1 to this process:
$ kill -USR1 16

Simulation running, end by pressing CTRL-c.
Tracing enabled.
Writing simulation traces to sim.fst
TOP.ibex_simple_system.u_top.u_ibex_tracer.unnamedblk2.unnamedblk3: Writing execution trace to trace_core_00000000.log
Terminating simulation by software request.
- src/lowrisc_ibex_sim_shared_0/rtl/sim/simulator_ctrl.sv:93: Verilog $finish
Received $finish() from Verilog, shutting down simulation.

Simulation statistics
=====================
Executed cycles:  238012
Wallclock time:   5.307 s
Simulation speed: 44848.7 cycles/s (44.8487 kHz)
Trace file size:  18277451 B

You can view the simulation traces by calling
$ gtkwave sim.fst

Performance Counters
====================
Cycles:                     238008
Instructions Retired:       125494
LSU Busy:                   12163
Fetch Wait:                 48705
Loads:                      6952
Stores:                     5211
Jumps:                      1920
Conditional Branches:       49163
Taken Conditional Branches: 48701
Compressed Instructions:    0
Multiply Wait:              1024
