Program header number 0 in `/workspace/out/cache/5ef3325aa2f0627b6e7b6042b89f34d972807d829ae30b46e73e0b7d5df2efd0/run/program.elf' is not of type PT_LOAD; ignoring.
Program header number 3 in `/workspace/out/cache/5ef3325aa2f0627b6e7b6042b89f34d972807d829ae30b46e73e0b7d5df2efd0/run/program.elf' is not of type PT_LOAD; ignoring.
Simulation of Ibex
==================

Tracing can be toggled by sending SIGUSR1 to this process:
$ kill -USR1 18

Simulation running, end by pressing CTRL-c.
Tracing enabled.
Writing simulation traces to sim.fst
TOP.ibex_simple_system.u_top.u_ibex_tracer.unnamedblk2.unnamedblk3: Writing execution trace to trace_core_00000000.log
Terminating simulation by software request.
- src/lowrisc_ibex_sim_shared_0/rtl/sim/simulator_ctrl.sv:93: Verilog $finish
Received $finish() from Verilog, shutting down simulation.

Simulation statistics
=====================
Executed cycles:  238011
Wallclock time:   4.677 s
Simulation speed: 50889.7 cycles/s (50.8897 kHz)
Trace file size:  17702903 B

You can view the simulation traces by calling
$ gtkwave sim.fst

Performance Counters
====================
Cycles:                     238007
Instructions Retired:       120754
LSU Busy:                   12008
Fetch Wait:                 46535
Loads:                      7059
Stores:                     4949
Jumps:                      1940
Conditional Branches:       47011
Taken Conditional Branches: 46531
Compressed Instructions:    0
Multiply Wait:              1238
