Program header number 0 in `/workspace/out/cache/97a60b1a198aecb0e7cbeeb57ef33a390496633d5da153a4dd1594e299e151ce/run/program.elf' is not of type PT_LOAD; ignoring.
Program header number 3 in `/workspace/out/cache/97a60b1a198aecb0e7cbeeb57ef33a390496633d5da153a4dd1594e299e151ce/run/program.elf' is not of type PT_LOAD; ignoring.
Simulation of Ibex
==================

Tracing can be toggled by sending SIGUSR1 to this process:
$ kill -USR1 17

Simulation running, end by pressing CTRL-c.
Tracing enabled.
Writing simulation traces to sim.fst
TOP.ibex_simple_system.u_top.u_ibex_tracer.unnamedblk2.unnamedblk3: Writing execution trace to trace_core_00000000.log
Terminating simulation by software request.
- src/lowrisc_ibex_sim_shared_0/rtl/sim/simulator_ctrl.sv:93: Verilog $finish
Received $finish() from Verilog, shutting down simulation.

Simulation statistics
=====================
Executed cycles:  238014
Wallclock time:   4.842 s
Simulation speed: 49156.1 cycles/s (49.1561 kHz)
Trace file size:  18365097 B

You can view the simulation traces by calling
$ gtkwave sim.fst

Performance Counters
====================
Cycles:                     238010
Instructions Retired:       126331
LSU Busy:                   12503
Fetch Wait:                 48383
Loads:                      7124
Stores:                     5379
Jumps:                      1903
Conditional Branches:       48824
Taken Conditional Branches: 48379
Compressed Instructions:    0
Multiply Wait:              340
