Program header number 0 in `/workspace/out/cache/a7f166bdb96c3b59a17a3ed600331f611d1292f723a602a71233f6e5e7ef2ded/run/program.elf' is not of type PT_LOAD; ignoring.
Program header number 3 in `/workspace/out/cache/a7f166bdb96c3b59a17a3ed600331f611d1292f723a602a71233f6e5e7ef2ded/run/program.elf' is not of type PT_LOAD; ignoring.
Simulation of Ibex
==================

Tracing can be toggled by sending SIGUSR1 to this process:
$ kill -USR1 18

Simulation running, end by pressing CTRL-c.
Tracing enabled.
Writing simulation traces to sim.fst
TOP.ibex_simple_system.u_top.u_ibex_tracer.unnamedblk2.unnamedblk3: Writing execution trace to trace_core_00000000.log
Terminating simulation by software request.
- src/lowrisc_ibex_sim_shared_0/rtl/sim/simulator_ctrl.sv:93: Verilog $finish
Received $finish() from Verilog, shutting down simulation.

Simulation statistics
=====================
Executed cycles:  238014
Wallclock time:   4.478 s
Simulation speed: 53151.9 cycles/s (53.1519 kHz)
Trace file size:  16277800 B

You can view the simulation traces by calling
$ gtkwave sim.fst

Performance Counters
====================
Cycles:                     238010
Instructions Retired:       101532
LSU Busy:                   11889
Fetch Wait:                 36889
Loads:                      6940
Stores:                     4949
Jumps:                      1913
Conditional Branches:       37340
Taken Conditional Branches: 36885
Compressed Instructions:    0
Multiply Wait:              500
