Program header number 0 in `/workspace/out/cache/3fc78424bd77a0ded643f97c6c4510b353804edf0998cd33c00ac59170377a4d/run/program.elf' is not of type PT_LOAD; ignoring.
Program header number 3 in `/workspace/out/cache/3fc78424bd77a0ded643f97c6c4510b353804edf0998cd33c00ac59170377a4d/run/program.elf' is not of type PT_LOAD; ignoring.
Simulation of Ibex
==================

Tracing can be toggled by sending SIGUSR1 to this process:
$ kill -USR1 17

Simulation running, end by pressing CTRL-c.
Tracing enabled.
Writing simulation traces to sim.fst
TOP.ibex_simple_system.u_top.u_ibex_tracer.unnamedblk2.unnamedblk3: Writing execution trace to trace_core_00000000.log
Terminating simulation by software request.
- src/lowrisc_ibex_sim_shared_0/rtl/sim/simulator_ctrl.sv:93: Verilog $finish
Received $finish() from Verilog, shutting down simulation.

Simulation statistics
=====================
Executed cycles:  238011
Wallclock time:   4.317 s
Simulation speed: 55133.4 cycles/s (55.1334 kHz)
Trace file size:  14880562 B

You can view the simulation traces by calling
$ gtkwave sim.fst

Performance Counters
====================
Cycles:                     238007
Instructions Retired:       90426
LSU Busy:                   13187
Fetch Wait:                 29368
Loads:                      7464
Stores:                     5723
Jumps:                      1933
Conditional Branches:       29835
Taken Conditional Branches: 29364
Compressed Instructions:    0
Multiply Wait:              0
