Program header number 0 in `/workspace/out/cache/f9d2aa4b501d176541865a78c344046fba0e979968e1a8c8bfa6ab7b9def49d9/run/program.elf' is not of type PT_LOAD; ignoring.
Program header number 3 in `/workspace/out/cache/f9d2aa4b501d176541865a78c344046fba0e979968e1a8c8bfa6ab7b9def49d9/run/program.elf' is not of type PT_LOAD; ignoring.
Simulation of Ibex
==================

Tracing can be toggled by sending SIGUSR1 to this process:
$ kill -USR1 17

Simulation running, end by pressing CTRL-c.
Tracing enabled.
Writing simulation traces to sim.fst
TOP.ibex_simple_system.u_top.u_ibex_tracer.unnamedblk2.unnamedblk3: Writing execution trace to trace_core_00000000.log
Terminating simulation by software request.
- src/lowrisc_ibex_sim_shared_0/rtl/sim/simulator_ctrl.sv:93: Verilog $finish
Received $finish() from Verilog, shutting down simulation.

Simulation statistics
=====================
Executed cycles:  238015
Wallclock time:   5.611 s
Simulation speed: 42419.4 cycles/s (42.4194 kHz)
Trace file size:  18524058 B

You can view the simulation traces by calling
$ gtkwave sim.fst

Performance Counters
====================
Cycles:                     238011
Instructions Retired:       121416
LSU Busy:                   12317
Fetch Wait:                 46421
Loads:                      7130
Stores:                     5187
Jumps:                      1919
Conditional Branches:       46882
Taken Conditional Branches: 46417
Compressed Instructions:    0
Multiply Wait:              880
