Program header number 0 in `/workspace/out/cache/79dc14779553b3db54f5970e667c236411bb71d346ac7d136ed3e8908cf79a8d/run/program.elf' is not of type PT_LOAD; ignoring.
Program header number 3 in `/workspace/out/cache/79dc14779553b3db54f5970e667c236411bb71d346ac7d136ed3e8908cf79a8d/run/program.elf' is not of type PT_LOAD; ignoring.
Simulation of Ibex
==================

Tracing can be toggled by sending SIGUSR1 to this process:
$ kill -USR1 18

Simulation running, end by pressing CTRL-c.
Tracing enabled.
Writing simulation traces to sim.fst
TOP.ibex_simple_system.u_top.u_ibex_tracer.unnamedblk2.unnamedblk3: Writing execution trace to trace_core_00000000.log
Terminating simulation by software request.
- src/lowrisc_ibex_sim_shared_0/rtl/sim/simulator_ctrl.sv:93: Verilog $finish
Received $finish() from Verilog, shutting down simulation.

Simulation statistics
=====================
Executed cycles:  238013
Wallclock time:   4.544 s
Simulation speed: 52379.6 cycles/s (52.3796 kHz)
Trace file size:  17331790 B

You can view the simulation traces by calling
$ gtkwave sim.fst

Performance Counters
====================
Cycles:                     238009
Instructions Retired:       116652
LSU Busy:                   11806
Fetch Wait:                 44319
Loads:                      6774
Stores:                     5032
Jumps:                      1916
Conditional Branches:       45273
Taken Conditional Branches: 44315
Compressed Instructions:    0
Multiply Wait:              1000
