Program header number 0 in `/workspace/out/cache/a8b084b21bfa09330b17f156c378b2f5e43000c5fd29258ac36ef1d3ac13c54f/run/program.elf' is not of type PT_LOAD; ignoring.
Program header number 3 in `/workspace/out/cache/a8b084b21bfa09330b17f156c378b2f5e43000c5fd29258ac36ef1d3ac13c54f/run/program.elf' is not of type PT_LOAD; ignoring.
Simulation of Ibex
==================

Tracing can be toggled by sending SIGUSR1 to this process:
$ kill -USR1 18

Simulation running, end by pressing CTRL-c.
Tracing enabled.
Writing simulation traces to sim.fst
TOP.ibex_simple_system.u_top.u_ibex_tracer.unnamedblk2.unnamedblk3: Writing execution trace to trace_core_00000000.log
Terminating simulation by software request.
- src/lowrisc_ibex_sim_shared_0/rtl/sim/simulator_ctrl.sv:93: Verilog $finish
Received $finish() from Verilog, shutting down simulation.

Simulation statistics
=====================
Executed cycles:  238015
Wallclock time:   5.48 s
Simulation speed: 43433.4 cycles/s (43.4334 kHz)
Trace file size:  17683201 B

You can view the simulation traces by calling
$ gtkwave sim.fst

Performance Counters
====================
Cycles:                     238011
Instructions Retired:       123527
LSU Busy:                   11139
Fetch Wait:                 50716
Loads:                      6440
Stores:                     4699
Jumps:                      1916
Conditional Branches:       52190
Taken Conditional Branches: 50712
Compressed Instructions:    0
Multiply Wait:              0
