OpenSTA 3.1.0 a9a3f30ca9 Copyright (c) 2026, Parallax Software, Inc.
License GPLv3: GNU GPL version 3 <http://gnu.org/licenses/gpl.html>

This is free software, and you are free to change and redistribute it
under certain conditions; type `show_copying' for details. 
This program comes with ABSOLUTELY NO WARRANTY; for details type `show_warranty'.
Annotated 36292 pin activities.
Group                          Internal          Switching            Leakage              Total
                                  Power              Power              Power              Power (Watts)
------------------------------------------------------------------------------------------------
Sequential           2.042218297720e-02 3.087459190283e-04 4.422397026360e-08 2.073097415268e-02  95.4%
Combinational        7.688431651331e-04 2.270243858220e-04 1.202876642736e-08 9.958795271814e-04   4.6%
Clock                0.000000000000e+00 0.000000000000e+00 0.000000000000e+00 0.000000000000e+00   0.0%
Macro                0.000000000000e+00 0.000000000000e+00 0.000000000000e+00 0.000000000000e+00   0.0%
Pad                  0.000000000000e+00 0.000000000000e+00 0.000000000000e+00 0.000000000000e+00   0.0%
------------------------------------------------------------------------------------------------
Total                2.119109593332e-02 5.357534973882e-04 5.625286902955e-08 2.172690443695e-02 100.0%
                                  97.5%               2.5%               0.0%
vcd         36292
unannotated     4
Unannotated pins:
 m_axis_read_data_tuser[0]
 m_axis_write_desc_status_user[0]
 s_axis_read_desc_user[0]
 s_axis_write_data_tuser[0]
LEAF_SWITCHING_SUM 8477 0.00053576515916661793
