Program header number 0 in `/workspace/out/cache/e20ad637b12ed578d93141b3e0b9885f2a97fd1edc72387d358f9de5cea59a16/run/program.elf' is not of type PT_LOAD; ignoring.
Program header number 3 in `/workspace/out/cache/e20ad637b12ed578d93141b3e0b9885f2a97fd1edc72387d358f9de5cea59a16/run/program.elf' is not of type PT_LOAD; ignoring.
Simulation of Ibex
==================

Tracing can be toggled by sending SIGUSR1 to this process:
$ kill -USR1 17

Simulation running, end by pressing CTRL-c.
Tracing enabled.
Writing simulation traces to sim.fst
TOP.ibex_simple_system.u_top.u_ibex_tracer.unnamedblk2.unnamedblk3: Writing execution trace to trace_core_00000000.log
Terminating simulation by software request.
- src/lowrisc_ibex_sim_shared_0/rtl/sim/simulator_ctrl.sv:93: Verilog $finish
Received $finish() from Verilog, shutting down simulation.

Simulation statistics
=====================
Executed cycles:  238013
Wallclock time:   5.747 s
Simulation speed: 41415.2 cycles/s (41.4152 kHz)
Trace file size:  17177220 B

You can view the simulation traces by calling
$ gtkwave sim.fst

Performance Counters
====================
Cycles:                     238009
Instructions Retired:       115819
LSU Busy:                   11969
Fetch Wait:                 44505
Loads:                      6928
Stores:                     5041
Jumps:                      1908
Conditional Branches:       45243
Taken Conditional Branches: 44501
Compressed Instructions:    0
Multiply Wait:              292
