Program header number 0 in `/workspace/out/cache/4cec39ccde6eda9aa14ced8f00b22f931c45ea3280a92e9fd8930b133b5caa9a/run/program.elf' is not of type PT_LOAD; ignoring.
Program header number 3 in `/workspace/out/cache/4cec39ccde6eda9aa14ced8f00b22f931c45ea3280a92e9fd8930b133b5caa9a/run/program.elf' is not of type PT_LOAD; ignoring.
Simulation of Ibex
==================

Tracing can be toggled by sending SIGUSR1 to this process:
$ kill -USR1 17

Simulation running, end by pressing CTRL-c.
Tracing enabled.
Writing simulation traces to sim.fst
TOP.ibex_simple_system.u_top.u_ibex_tracer.unnamedblk2.unnamedblk3: Writing execution trace to trace_core_00000000.log
Terminating simulation by software request.
- src/lowrisc_ibex_sim_shared_0/rtl/sim/simulator_ctrl.sv:93: Verilog $finish
Received $finish() from Verilog, shutting down simulation.

Simulation statistics
=====================
Executed cycles:  238012
Wallclock time:   4.833 s
Simulation speed: 49247.3 cycles/s (49.2473 kHz)
Trace file size:  18478620 B

You can view the simulation traces by calling
$ gtkwave sim.fst

Performance Counters
====================
Cycles:                     238008
Instructions Retired:       119846
LSU Busy:                   12002
Fetch Wait:                 46006
Loads:                      6871
Stores:                     5131
Jumps:                      1931
Conditional Branches:       46571
Taken Conditional Branches: 46002
Compressed Instructions:    0
Multiply Wait:              1312
