Program header number 0 in `/workspace/out/cache/4b939a0250c5e67bd25cd725b013ab4f8075266334f965f56e7a023346c2e5b5/run/program.elf' is not of type PT_LOAD; ignoring.
Program header number 3 in `/workspace/out/cache/4b939a0250c5e67bd25cd725b013ab4f8075266334f965f56e7a023346c2e5b5/run/program.elf' is not of type PT_LOAD; ignoring.
Simulation of Ibex
==================

Tracing can be toggled by sending SIGUSR1 to this process:
$ kill -USR1 17

Simulation running, end by pressing CTRL-c.
Tracing enabled.
Writing simulation traces to sim.fst
TOP.ibex_simple_system.u_top.u_ibex_tracer.unnamedblk2.unnamedblk3: Writing execution trace to trace_core_00000000.log
Terminating simulation by software request.
- src/lowrisc_ibex_sim_shared_0/rtl/sim/simulator_ctrl.sv:93: Verilog $finish
Received $finish() from Verilog, shutting down simulation.

Simulation statistics
=====================
Executed cycles:  238013
Wallclock time:   4.776 s
Simulation speed: 49835.2 cycles/s (49.8352 kHz)
Trace file size:  18282709 B

You can view the simulation traces by calling
$ gtkwave sim.fst

Performance Counters
====================
Cycles:                     238009
Instructions Retired:       124999
LSU Busy:                   11651
Fetch Wait:                 49201
Loads:                      6696
Stores:                     4955
Jumps:                      1936
Conditional Branches:       49675
Taken Conditional Branches: 49197
Compressed Instructions:    0
Multiply Wait:              1024
