Program header number 0 in `/workspace/out/cache/358ab4a09d1376f7131aa021b52b2369216b1460a57f45792d3fbdd436d15f19/run/program.elf' is not of type PT_LOAD; ignoring.
Program header number 3 in `/workspace/out/cache/358ab4a09d1376f7131aa021b52b2369216b1460a57f45792d3fbdd436d15f19/run/program.elf' is not of type PT_LOAD; ignoring.
Simulation of Ibex
==================

Tracing can be toggled by sending SIGUSR1 to this process:
$ kill -USR1 16

Simulation running, end by pressing CTRL-c.
Tracing enabled.
Writing simulation traces to sim.fst
TOP.ibex_simple_system.u_top.u_ibex_tracer.unnamedblk2.unnamedblk3: Writing execution trace to trace_core_00000000.log
Terminating simulation by software request.
- src/lowrisc_ibex_sim_shared_0/rtl/sim/simulator_ctrl.sv:93: Verilog $finish
Received $finish() from Verilog, shutting down simulation.

Simulation statistics
=====================
Executed cycles:  238013
Wallclock time:   4.678 s
Simulation speed: 50879.2 cycles/s (50.8792 kHz)
Trace file size:  14857728 B

You can view the simulation traces by calling
$ gtkwave sim.fst

Performance Counters
====================
Cycles:                     238009
Instructions Retired:       97525
LSU Busy:                   11651
Fetch Wait:                 35458
Loads:                      6440
Stores:                     5211
Jumps:                      2112
Conditional Branches:       36108
Taken Conditional Branches: 35454
Compressed Instructions:    0
Multiply Wait:              0
