Program header number 0 in `/workspace/out/cache/3b7bfac4959e85d43b8de860c4baf0253f0ac82b8f6382dc8c9c13917eb1713b/run/program.elf' is not of type PT_LOAD; ignoring.
Program header number 3 in `/workspace/out/cache/3b7bfac4959e85d43b8de860c4baf0253f0ac82b8f6382dc8c9c13917eb1713b/run/program.elf' is not of type PT_LOAD; ignoring.
Simulation of Ibex
==================

Tracing can be toggled by sending SIGUSR1 to this process:
$ kill -USR1 18

Simulation running, end by pressing CTRL-c.
Tracing enabled.
Writing simulation traces to sim.fst
TOP.ibex_simple_system.u_top.u_ibex_tracer.unnamedblk2.unnamedblk3: Writing execution trace to trace_core_00000000.log
Terminating simulation by software request.
- src/lowrisc_ibex_sim_shared_0/rtl/sim/simulator_ctrl.sv:93: Verilog $finish
Received $finish() from Verilog, shutting down simulation.

Simulation statistics
=====================
Executed cycles:  238013
Wallclock time:   5.972 s
Simulation speed: 39854.8 cycles/s (39.8548 kHz)
Trace file size:  17842626 B

You can view the simulation traces by calling
$ gtkwave sim.fst

Performance Counters
====================
Cycles:                     238009
Instructions Retired:       125992
LSU Busy:                   12531
Fetch Wait:                 48791
Loads:                      7484
Stores:                     5047
Jumps:                      1907
Conditional Branches:       50478
Taken Conditional Branches: 48787
Compressed Instructions:    0
Multiply Wait:              0
