Program header number 0 in `/workspace/out/cache/440ef08daef84766a007ed4dc1eba0bc712084a948e0426a98a57628b5d21ac0/run/program.elf' is not of type PT_LOAD; ignoring.
Program header number 3 in `/workspace/out/cache/440ef08daef84766a007ed4dc1eba0bc712084a948e0426a98a57628b5d21ac0/run/program.elf' is not of type PT_LOAD; ignoring.
Simulation of Ibex
==================

Tracing can be toggled by sending SIGUSR1 to this process:
$ kill -USR1 17

Simulation running, end by pressing CTRL-c.
Tracing enabled.
Writing simulation traces to sim.fst
TOP.ibex_simple_system.u_top.u_ibex_tracer.unnamedblk2.unnamedblk3: Writing execution trace to trace_core_00000000.log
Terminating simulation by software request.
- src/lowrisc_ibex_sim_shared_0/rtl/sim/simulator_ctrl.sv:93: Verilog $finish
Received $finish() from Verilog, shutting down simulation.

Simulation statistics
=====================
Executed cycles:  238013
Wallclock time:   5.333 s
Simulation speed: 44630.2 cycles/s (44.6302 kHz)
Trace file size:  18080287 B

You can view the simulation traces by calling
$ gtkwave sim.fst

Performance Counters
====================
Cycles:                     238009
Instructions Retired:       126352
LSU Busy:                   12738
Fetch Wait:                 48503
Loads:                      7556
Stores:                     5182
Jumps:                      1916
Conditional Branches:       48957
Taken Conditional Branches: 48499
Compressed Instructions:    0
Multiply Wait:              0
