Program header number 0 in `/workspace/out/cache/b84fa842cdd82cfecb29843b6c672af41a347224d672a42f68c02c11477a967b/run/program.elf' is not of type PT_LOAD; ignoring.
Program header number 3 in `/workspace/out/cache/b84fa842cdd82cfecb29843b6c672af41a347224d672a42f68c02c11477a967b/run/program.elf' is not of type PT_LOAD; ignoring.
Simulation of Ibex
==================

Tracing can be toggled by sending SIGUSR1 to this process:
$ kill -USR1 17

Simulation running, end by pressing CTRL-c.
Tracing enabled.
Writing simulation traces to sim.fst
TOP.ibex_simple_system.u_top.u_ibex_tracer.unnamedblk2.unnamedblk3: Writing execution trace to trace_core_00000000.log
Terminating simulation by software request.
- src/lowrisc_ibex_sim_shared_0/rtl/sim/simulator_ctrl.sv:93: Verilog $finish
Received $finish() from Verilog, shutting down simulation.

Simulation statistics
=====================
Executed cycles:  238013
Wallclock time:   5.187 s
Simulation speed: 45886.4 cycles/s (45.8864 kHz)
Trace file size:  18100299 B

You can view the simulation traces by calling
$ gtkwave sim.fst

Performance Counters
====================
Cycles:                     238009
Instructions Retired:       125920
LSU Busy:                   11900
Fetch Wait:                 49150
Loads:                      6962
Stores:                     4938
Jumps:                      1892
Conditional Branches:       49586
Taken Conditional Branches: 49146
Compressed Instructions:    0
Multiply Wait:              0
