Program header number 0 in `/workspace/out/cache/0f72adca60d03a6c168db01b148963c1fa3f80612070ea3f1467976a71f4549a/run/program.elf' is not of type PT_LOAD; ignoring.
Program header number 3 in `/workspace/out/cache/0f72adca60d03a6c168db01b148963c1fa3f80612070ea3f1467976a71f4549a/run/program.elf' is not of type PT_LOAD; ignoring.
Simulation of Ibex
==================

Tracing can be toggled by sending SIGUSR1 to this process:
$ kill -USR1 18

Simulation running, end by pressing CTRL-c.
Tracing enabled.
Writing simulation traces to sim.fst
TOP.ibex_simple_system.u_top.u_ibex_tracer.unnamedblk2.unnamedblk3: Writing execution trace to trace_core_00000000.log
Terminating simulation by software request.
- src/lowrisc_ibex_sim_shared_0/rtl/sim/simulator_ctrl.sv:93: Verilog $finish
Received $finish() from Verilog, shutting down simulation.

Simulation statistics
=====================
Executed cycles:  238014
Wallclock time:   4.975 s
Simulation speed: 47842 cycles/s (47.842 kHz)
Trace file size:  17768954 B

You can view the simulation traces by calling
$ gtkwave sim.fst

Performance Counters
====================
Cycles:                     238010
Instructions Retired:       123284
LSU Busy:                   11139
Fetch Wait:                 50836
Loads:                      6440
Stores:                     4699
Jumps:                      1918
Conditional Branches:       52721
Taken Conditional Branches: 50832
Compressed Instructions:    0
Multiply Wait:              0
