Program header number 0 in `/workspace/out/cache/71c37bc9a929e2ab6210363cae5ab309b33bfcde1763295b302b74efb7b33d26/run/program.elf' is not of type PT_LOAD; ignoring.
Program header number 3 in `/workspace/out/cache/71c37bc9a929e2ab6210363cae5ab309b33bfcde1763295b302b74efb7b33d26/run/program.elf' is not of type PT_LOAD; ignoring.
Simulation of Ibex
==================

Tracing can be toggled by sending SIGUSR1 to this process:
$ kill -USR1 18

Simulation running, end by pressing CTRL-c.
Tracing enabled.
Writing simulation traces to sim.fst
TOP.ibex_simple_system.u_top.u_ibex_tracer.unnamedblk2.unnamedblk3: Writing execution trace to trace_core_00000000.log
Terminating simulation by software request.
- src/lowrisc_ibex_sim_shared_0/rtl/sim/simulator_ctrl.sv:93: Verilog $finish
Received $finish() from Verilog, shutting down simulation.

Simulation statistics
=====================
Executed cycles:  238011
Wallclock time:   5.096 s
Simulation speed: 46705.5 cycles/s (46.7055 kHz)
Trace file size:  18046959 B

You can view the simulation traces by calling
$ gtkwave sim.fst

Performance Counters
====================
Cycles:                     238007
Instructions Retired:       125747
LSU Busy:                   12120
Fetch Wait:                 48413
Loads:                      6860
Stores:                     5260
Jumps:                      1931
Conditional Branches:       49302
Taken Conditional Branches: 48409
Compressed Instructions:    0
Multiply Wait:              1386
