Program header number 0 in `/workspace/out/cache/e1763210d47e0506ea5171e65b7ae6a41b404a39140f861fdfcf41306c9473d0/run/program.elf' is not of type PT_LOAD; ignoring.
Program header number 3 in `/workspace/out/cache/e1763210d47e0506ea5171e65b7ae6a41b404a39140f861fdfcf41306c9473d0/run/program.elf' is not of type PT_LOAD; ignoring.
Simulation of Ibex
==================

Tracing can be toggled by sending SIGUSR1 to this process:
$ kill -USR1 16

Simulation running, end by pressing CTRL-c.
Tracing enabled.
Writing simulation traces to sim.fst
TOP.ibex_simple_system.u_top.u_ibex_tracer.unnamedblk2.unnamedblk3: Writing execution trace to trace_core_00000000.log
Terminating simulation by software request.
- src/lowrisc_ibex_sim_shared_0/rtl/sim/simulator_ctrl.sv:93: Verilog $finish
Received $finish() from Verilog, shutting down simulation.

Simulation statistics
=====================
Executed cycles:  238015
Wallclock time:   4.881 s
Simulation speed: 48763.6 cycles/s (48.7636 kHz)
Trace file size:  17259747 B

You can view the simulation traces by calling
$ gtkwave sim.fst

Performance Counters
====================
Cycles:                     238011
Instructions Retired:       116961
LSU Busy:                   12184
Fetch Wait:                 45029
Loads:                      6903
Stores:                     5281
Jumps:                      1914
Conditional Branches:       45481
Taken Conditional Branches: 45025
Compressed Instructions:    0
Multiply Wait:              0
