OpenSTA 3.1.0 a9a3f30ca9 Copyright (c) 2026, Parallax Software, Inc.
License GPLv3: GNU GPL version 3 <http://gnu.org/licenses/gpl.html>

This is free software, and you are free to change and redistribute it
under certain conditions; type `show_copying' for details. 
This program comes with ABSOLUTELY NO WARRANTY; for details type `show_warranty'.
Annotated 90247 pin activities.
Group                          Internal          Switching            Leakage              Total
                                  Power              Power              Power              Power (Watts)
------------------------------------------------------------------------------------------------
Sequential           2.886859932914e-03 0.000000000000e+00 8.672610185556e-09 2.886868547648e-03 100.0%
Combinational        0.000000000000e+00 0.000000000000e+00 4.152535026947e-08 4.152535026947e-08   0.0%
Clock                0.000000000000e+00 0.000000000000e+00 0.000000000000e+00 0.000000000000e+00   0.0%
Macro                0.000000000000e+00 0.000000000000e+00 0.000000000000e+00 0.000000000000e+00   0.0%
Pad                  0.000000000000e+00 0.000000000000e+00 0.000000000000e+00 0.000000000000e+00   0.0%
------------------------------------------------------------------------------------------------
Total                2.886859932914e-03 0.000000000000e+00 5.019754922841e-08 2.886910224333e-03 100.0%
                                 100.0%               0.0%               0.0%
vcd         90247
unannotated     0
Unannotated pins:
LEAF_SWITCHING_SUM 22901 0
