Program header number 0 in `/workspace/out/cache/20ad0a6aefce38c380e047e00d4b48afd44cb638d685c384b96be5e41d37974e/run/program.elf' is not of type PT_LOAD; ignoring.
Program header number 3 in `/workspace/out/cache/20ad0a6aefce38c380e047e00d4b48afd44cb638d685c384b96be5e41d37974e/run/program.elf' is not of type PT_LOAD; ignoring.
Simulation of Ibex
==================

Tracing can be toggled by sending SIGUSR1 to this process:
$ kill -USR1 17

Simulation running, end by pressing CTRL-c.
Tracing enabled.
Writing simulation traces to sim.fst
TOP.ibex_simple_system.u_top.u_ibex_tracer.unnamedblk2.unnamedblk3: Writing execution trace to trace_core_00000000.log
Terminating simulation by software request.
- src/lowrisc_ibex_sim_shared_0/rtl/sim/simulator_ctrl.sv:93: Verilog $finish
Received $finish() from Verilog, shutting down simulation.

Simulation statistics
=====================
Executed cycles:  238015
Wallclock time:   4.513 s
Simulation speed: 52739.9 cycles/s (52.7399 kHz)
Trace file size:  16652908 B

You can view the simulation traces by calling
$ gtkwave sim.fst

Performance Counters
====================
Cycles:                     238011
Instructions Retired:       109123
LSU Busy:                   11891
Fetch Wait:                 41199
Loads:                      7192
Stores:                     4699
Jumps:                      1920
Conditional Branches:       41844
Taken Conditional Branches: 41195
Compressed Instructions:    0
Multiply Wait:              290
