Program header number 0 in `/workspace/out/cache/5a62433a4912a9ec23d8ebf0457bdb0a4332eb5f118c5ec1bfddeb48c93df354/run/program.elf' is not of type PT_LOAD; ignoring.
Program header number 3 in `/workspace/out/cache/5a62433a4912a9ec23d8ebf0457bdb0a4332eb5f118c5ec1bfddeb48c93df354/run/program.elf' is not of type PT_LOAD; ignoring.
Simulation of Ibex
==================

Tracing can be toggled by sending SIGUSR1 to this process:
$ kill -USR1 17

Simulation running, end by pressing CTRL-c.
Tracing enabled.
Writing simulation traces to sim.fst
TOP.ibex_simple_system.u_top.u_ibex_tracer.unnamedblk2.unnamedblk3: Writing execution trace to trace_core_00000000.log
Terminating simulation by software request.
- src/lowrisc_ibex_sim_shared_0/rtl/sim/simulator_ctrl.sv:93: Verilog $finish
Received $finish() from Verilog, shutting down simulation.

Simulation statistics
=====================
Executed cycles:  238013
Wallclock time:   5.312 s
Simulation speed: 44806.7 cycles/s (44.8067 kHz)
Trace file size:  17725629 B

You can view the simulation traces by calling
$ gtkwave sim.fst

Performance Counters
====================
Cycles:                     238009
Instructions Retired:       125609
LSU Busy:                   12376
Fetch Wait:                 49051
Loads:                      6889
Stores:                     5487
Jumps:                      1925
Conditional Branches:       49515
Taken Conditional Branches: 49047
Compressed Instructions:    0
Multiply Wait:              0
