Program header number 0 in `/workspace/out/cache/7ac266fa5e49f881487e53d44667f5671e50e2e088ed19f660b94a8bb3a7c818/run/program.elf' is not of type PT_LOAD; ignoring.
Program header number 3 in `/workspace/out/cache/7ac266fa5e49f881487e53d44667f5671e50e2e088ed19f660b94a8bb3a7c818/run/program.elf' is not of type PT_LOAD; ignoring.
Simulation of Ibex
==================

Tracing can be toggled by sending SIGUSR1 to this process:
$ kill -USR1 17

Simulation running, end by pressing CTRL-c.
Tracing enabled.
Writing simulation traces to sim.fst
TOP.ibex_simple_system.u_top.u_ibex_tracer.unnamedblk2.unnamedblk3: Writing execution trace to trace_core_00000000.log
Terminating simulation by software request.
- src/lowrisc_ibex_sim_shared_0/rtl/sim/simulator_ctrl.sv:93: Verilog $finish
Received $finish() from Verilog, shutting down simulation.

Simulation statistics
=====================
Executed cycles:  238013
Wallclock time:   4.575 s
Simulation speed: 52024.7 cycles/s (52.0247 kHz)
Trace file size:  17463072 B

You can view the simulation traces by calling
$ gtkwave sim.fst

Performance Counters
====================
Cycles:                     238009
Instructions Retired:       110657
LSU Busy:                   11139
Fetch Wait:                 43080
Loads:                      6440
Stores:                     4699
Jumps:                      1927
Conditional Branches:       43545
Taken Conditional Branches: 43076
Compressed Instructions:    0
Multiply Wait:              1000
