Program header number 0 in `/workspace/out/cache/cf3cad1ea71a20a60ae54c5f405bebc585185f5640b113b17902534d3cde7b94/run/program.elf' is not of type PT_LOAD; ignoring.
Program header number 3 in `/workspace/out/cache/cf3cad1ea71a20a60ae54c5f405bebc585185f5640b113b17902534d3cde7b94/run/program.elf' is not of type PT_LOAD; ignoring.
Simulation of Ibex
==================

Tracing can be toggled by sending SIGUSR1 to this process:
$ kill -USR1 17

Simulation running, end by pressing CTRL-c.
Tracing enabled.
Writing simulation traces to sim.fst
TOP.ibex_simple_system.u_top.u_ibex_tracer.unnamedblk2.unnamedblk3: Writing execution trace to trace_core_00000000.log
Terminating simulation by software request.
- src/lowrisc_ibex_sim_shared_0/rtl/sim/simulator_ctrl.sv:93: Verilog $finish
Received $finish() from Verilog, shutting down simulation.

Simulation statistics
=====================
Executed cycles:  238013
Wallclock time:   4.89 s
Simulation speed: 48673.4 cycles/s (48.6734 kHz)
Trace file size:  17169408 B

You can view the simulation traces by calling
$ gtkwave sim.fst

Performance Counters
====================
Cycles:                     238009
Instructions Retired:       105960
LSU Busy:                   11187
Fetch Wait:                 41260
Loads:                      6464
Stores:                     4723
Jumps:                      1945
Conditional Branches:       41751
Taken Conditional Branches: 41256
Compressed Instructions:    0
Multiply Wait:              2992
