Program header number 0 in `/workspace/out/cache/afb2916056cc8bf31ac7d8e63f3cb21533017923dbac1064feefc2417b01caeb/run/program.elf' is not of type PT_LOAD; ignoring.
Program header number 3 in `/workspace/out/cache/afb2916056cc8bf31ac7d8e63f3cb21533017923dbac1064feefc2417b01caeb/run/program.elf' is not of type PT_LOAD; ignoring.
Simulation of Ibex
==================

Tracing can be toggled by sending SIGUSR1 to this process:
$ kill -USR1 17

Simulation running, end by pressing CTRL-c.
Tracing enabled.
Writing simulation traces to sim.fst
TOP.ibex_simple_system.u_top.u_ibex_tracer.unnamedblk2.unnamedblk3: Writing execution trace to trace_core_00000000.log
Terminating simulation by software request.
- src/lowrisc_ibex_sim_shared_0/rtl/sim/simulator_ctrl.sv:93: Verilog $finish
Received $finish() from Verilog, shutting down simulation.

Simulation statistics
=====================
Executed cycles:  238012
Wallclock time:   4.822 s
Simulation speed: 49359.6 cycles/s (49.3596 kHz)
Trace file size:  18112231 B

You can view the simulation traces by calling
$ gtkwave sim.fst

Performance Counters
====================
Cycles:                     238008
Instructions Retired:       124604
LSU Busy:                   11753
Fetch Wait:                 48570
Loads:                      6747
Stores:                     5006
Jumps:                      1918
Conditional Branches:       49129
Taken Conditional Branches: 48566
Compressed Instructions:    0
Multiply Wait:              2596
