Program header number 0 in `/workspace/out/cache/67dbcc1d38edd73b3c62fba37ba61e0cb36020bf9dde83366cd2e5e3c5026918/run/program.elf' is not of type PT_LOAD; ignoring.
Program header number 3 in `/workspace/out/cache/67dbcc1d38edd73b3c62fba37ba61e0cb36020bf9dde83366cd2e5e3c5026918/run/program.elf' is not of type PT_LOAD; ignoring.
Simulation of Ibex
==================

Tracing can be toggled by sending SIGUSR1 to this process:
$ kill -USR1 17

Simulation running, end by pressing CTRL-c.
Tracing enabled.
Writing simulation traces to sim.fst
TOP.ibex_simple_system.u_top.u_ibex_tracer.unnamedblk2.unnamedblk3: Writing execution trace to trace_core_00000000.log
Terminating simulation by software request.
- src/lowrisc_ibex_sim_shared_0/rtl/sim/simulator_ctrl.sv:93: Verilog $finish
Received $finish() from Verilog, shutting down simulation.

Simulation statistics
=====================
Executed cycles:  238012
Wallclock time:   4.575 s
Simulation speed: 52024.5 cycles/s (52.0245 kHz)
Trace file size:  17275603 B

You can view the simulation traces by calling
$ gtkwave sim.fst

Performance Counters
====================
Cycles:                     238008
Instructions Retired:       114750
LSU Busy:                   11139
Fetch Wait:                 44601
Loads:                      6440
Stores:                     4699
Jumps:                      1928
Conditional Branches:       45067
Taken Conditional Branches: 44597
Compressed Instructions:    0
Multiply Wait:              2048
