Program header number 0 in `/workspace/out/cache/bc22abe568f12c78ba32378c1938337f939d90240c96ff0398fe9a3759b69ed2/run/program.elf' is not of type PT_LOAD; ignoring.
Program header number 3 in `/workspace/out/cache/bc22abe568f12c78ba32378c1938337f939d90240c96ff0398fe9a3759b69ed2/run/program.elf' is not of type PT_LOAD; ignoring.
Simulation of Ibex
==================

Tracing can be toggled by sending SIGUSR1 to this process:
$ kill -USR1 17

Simulation running, end by pressing CTRL-c.
Tracing enabled.
Writing simulation traces to sim.fst
TOP.ibex_simple_system.u_top.u_ibex_tracer.unnamedblk2.unnamedblk3: Writing execution trace to trace_core_00000000.log
Terminating simulation by software request.
- src/lowrisc_ibex_sim_shared_0/rtl/sim/simulator_ctrl.sv:93: Verilog $finish
Received $finish() from Verilog, shutting down simulation.

Simulation statistics
=====================
Executed cycles:  238014
Wallclock time:   5.567 s
Simulation speed: 42754.4 cycles/s (42.7544 kHz)
Trace file size:  17584522 B

You can view the simulation traces by calling
$ gtkwave sim.fst

Performance Counters
====================
Cycles:                     238010
Instructions Retired:       116545
LSU Busy:                   12163
Fetch Wait:                 44205
Loads:                      6915
Stores:                     5248
Jumps:                      1933
Conditional Branches:       44676
Taken Conditional Branches: 44201
Compressed Instructions:    0
Multiply Wait:              998
