Program header number 0 in `/workspace/out/cache/852e3a4ba679a2572ea710a58118b6cba11764fa76e3f5b03e3a5eb3039f55be/run/program.elf' is not of type PT_LOAD; ignoring.
Program header number 3 in `/workspace/out/cache/852e3a4ba679a2572ea710a58118b6cba11764fa76e3f5b03e3a5eb3039f55be/run/program.elf' is not of type PT_LOAD; ignoring.
Simulation of Ibex
==================

Tracing can be toggled by sending SIGUSR1 to this process:
$ kill -USR1 17

Simulation running, end by pressing CTRL-c.
Tracing enabled.
Writing simulation traces to sim.fst
TOP.ibex_simple_system.u_top.u_ibex_tracer.unnamedblk2.unnamedblk3: Writing execution trace to trace_core_00000000.log
Terminating simulation by software request.
- src/lowrisc_ibex_sim_shared_0/rtl/sim/simulator_ctrl.sv:93: Verilog $finish
Received $finish() from Verilog, shutting down simulation.

Simulation statistics
=====================
Executed cycles:  238013
Wallclock time:   2.52 s
Simulation speed: 94449.6 cycles/s (94.4496 kHz)
Trace file size:  12188775 B

You can view the simulation traces by calling
$ gtkwave sim.fst

Performance Counters
====================
Cycles:                     238009
Instructions Retired:       51529
LSU Busy:                   11139
Fetch Wait:                 12997
Loads:                      6440
Stores:                     4699
Jumps:                      1929
Conditional Branches:       13460
Taken Conditional Branches: 12993
Compressed Instructions:    0
Multiply Wait:              0
