Program header number 0 in `/workspace/out/cache/248117ebd157eea64d947f2fcbf677744d6b43a35a1b4a022c76c2a056171aca/run/program.elf' is not of type PT_LOAD; ignoring.
Program header number 3 in `/workspace/out/cache/248117ebd157eea64d947f2fcbf677744d6b43a35a1b4a022c76c2a056171aca/run/program.elf' is not of type PT_LOAD; ignoring.
Simulation of Ibex
==================

Tracing can be toggled by sending SIGUSR1 to this process:
$ kill -USR1 17

Simulation running, end by pressing CTRL-c.
Tracing enabled.
Writing simulation traces to sim.fst
TOP.ibex_simple_system.u_top.u_ibex_tracer.unnamedblk2.unnamedblk3: Writing execution trace to trace_core_00000000.log
Terminating simulation by software request.
- src/lowrisc_ibex_sim_shared_0/rtl/sim/simulator_ctrl.sv:93: Verilog $finish
Received $finish() from Verilog, shutting down simulation.

Simulation statistics
=====================
Executed cycles:  238014
Wallclock time:   4.491 s
Simulation speed: 52998 cycles/s (52.998 kHz)
Trace file size:  15211515 B

You can view the simulation traces by calling
$ gtkwave sim.fst

Performance Counters
====================
Cycles:                     238010
Instructions Retired:       88358
LSU Busy:                   11139
Fetch Wait:                 31437
Loads:                      6440
Stores:                     4699
Jumps:                      1914
Conditional Branches:       31883
Taken Conditional Branches: 31433
Compressed Instructions:    0
Multiply Wait:              0
