Program header number 0 in `/workspace/out/cache/6ab2c65a22ce6ff12a9a1b9f271396a6ef3b7a0b14766e23652f7c75bbce03d6/run/program.elf' is not of type PT_LOAD; ignoring.
Program header number 3 in `/workspace/out/cache/6ab2c65a22ce6ff12a9a1b9f271396a6ef3b7a0b14766e23652f7c75bbce03d6/run/program.elf' is not of type PT_LOAD; ignoring.
Simulation of Ibex
==================

Tracing can be toggled by sending SIGUSR1 to this process:
$ kill -USR1 17

Simulation running, end by pressing CTRL-c.
Tracing enabled.
Writing simulation traces to sim.fst
TOP.ibex_simple_system.u_top.u_ibex_tracer.unnamedblk2.unnamedblk3: Writing execution trace to trace_core_00000000.log
Terminating simulation by software request.
- src/lowrisc_ibex_sim_shared_0/rtl/sim/simulator_ctrl.sv:93: Verilog $finish
Received $finish() from Verilog, shutting down simulation.

Simulation statistics
=====================
Executed cycles:  238013
Wallclock time:   4.547 s
Simulation speed: 52345.1 cycles/s (52.3451 kHz)
Trace file size:  17063784 B

You can view the simulation traces by calling
$ gtkwave sim.fst

Performance Counters
====================
Cycles:                     238009
Instructions Retired:       114656
LSU Busy:                   11739
Fetch Wait:                 43574
Loads:                      6740
Stores:                     4999
Jumps:                      1920
Conditional Branches:       44215
Taken Conditional Branches: 43570
Compressed Instructions:    0
Multiply Wait:              684
