Program header number 0 in `/workspace/out/cache/7324e30f40c28b6bddf5cbc8045953a70c0dcd9a733564aa6a533bd4df284f8a/run/program.elf' is not of type PT_LOAD; ignoring.
Program header number 3 in `/workspace/out/cache/7324e30f40c28b6bddf5cbc8045953a70c0dcd9a733564aa6a533bd4df284f8a/run/program.elf' is not of type PT_LOAD; ignoring.
Simulation of Ibex
==================

Tracing can be toggled by sending SIGUSR1 to this process:
$ kill -USR1 17

Simulation running, end by pressing CTRL-c.
Tracing enabled.
Writing simulation traces to sim.fst
TOP.ibex_simple_system.u_top.u_ibex_tracer.unnamedblk2.unnamedblk3: Writing execution trace to trace_core_00000000.log
Terminating simulation by software request.
- src/lowrisc_ibex_sim_shared_0/rtl/sim/simulator_ctrl.sv:93: Verilog $finish
Received $finish() from Verilog, shutting down simulation.

Simulation statistics
=====================
Executed cycles:  238013
Wallclock time:   4.907 s
Simulation speed: 48504.8 cycles/s (48.5048 kHz)
Trace file size:  17483807 B

You can view the simulation traces by calling
$ gtkwave sim.fst

Performance Counters
====================
Cycles:                     238009
Instructions Retired:       115563
LSU Busy:                   11770
Fetch Wait:                 44576
Loads:                      6756
Stores:                     5014
Jumps:                      1927
Conditional Branches:       45047
Taken Conditional Branches: 44572
Compressed Instructions:    0
Multiply Wait:              490
