Program header number 0 in `/workspace/out/cache/083543a525039584f244bc1fcd585750e71cc973b8e9ad090891eb14e68de968/run/program.elf' is not of type PT_LOAD; ignoring.
Program header number 3 in `/workspace/out/cache/083543a525039584f244bc1fcd585750e71cc973b8e9ad090891eb14e68de968/run/program.elf' is not of type PT_LOAD; ignoring.
Simulation of Ibex
==================

Tracing can be toggled by sending SIGUSR1 to this process:
$ kill -USR1 18

Simulation running, end by pressing CTRL-c.
Tracing enabled.
Writing simulation traces to sim.fst
TOP.ibex_simple_system.u_top.u_ibex_tracer.unnamedblk2.unnamedblk3: Writing execution trace to trace_core_00000000.log
Terminating simulation by software request.
- src/lowrisc_ibex_sim_shared_0/rtl/sim/simulator_ctrl.sv:93: Verilog $finish
Received $finish() from Verilog, shutting down simulation.

Simulation statistics
=====================
Executed cycles:  238013
Wallclock time:   4.937 s
Simulation speed: 48210 cycles/s (48.21 kHz)
Trace file size:  17704317 B

You can view the simulation traces by calling
$ gtkwave sim.fst

Performance Counters
====================
Cycles:                     238009
Instructions Retired:       118667
LSU Busy:                   11806
Fetch Wait:                 45575
Loads:                      6774
Stores:                     5032
Jumps:                      1917
Conditional Branches:       46030
Taken Conditional Branches: 45571
Compressed Instructions:    0
Multiply Wait:              1332
