Program header number 0 in `/workspace/out/cache/4f6ac6ca114f04b266db936b217d9fb5451dc8588aed0205b1510c6fffc50c76/run/program.elf' is not of type PT_LOAD; ignoring.
Program header number 3 in `/workspace/out/cache/4f6ac6ca114f04b266db936b217d9fb5451dc8588aed0205b1510c6fffc50c76/run/program.elf' is not of type PT_LOAD; ignoring.
Simulation of Ibex
==================

Tracing can be toggled by sending SIGUSR1 to this process:
$ kill -USR1 17

Simulation running, end by pressing CTRL-c.
Tracing enabled.
Writing simulation traces to sim.fst
TOP.ibex_simple_system.u_top.u_ibex_tracer.unnamedblk2.unnamedblk3: Writing execution trace to trace_core_00000000.log
Terminating simulation by software request.
- src/lowrisc_ibex_sim_shared_0/rtl/sim/simulator_ctrl.sv:93: Verilog $finish
Received $finish() from Verilog, shutting down simulation.

Simulation statistics
=====================
Executed cycles:  238012
Wallclock time:   4.559 s
Simulation speed: 52207.1 cycles/s (52.2071 kHz)
Trace file size:  17485582 B

You can view the simulation traces by calling
$ gtkwave sim.fst

Performance Counters
====================
Cycles:                     238008
Instructions Retired:       113709
LSU Busy:                   12642
Fetch Wait:                 41995
Loads:                      7192
Stores:                     5450
Jumps:                      1926
Conditional Branches:       42461
Taken Conditional Branches: 41991
Compressed Instructions:    0
Multiply Wait:              1156
