Program header number 0 in `/workspace/out/cache/70bf298366e9f417b6b4b929af4da51bdfa4ba92096fec2eb1649538dd0a4050/run/program.elf' is not of type PT_LOAD; ignoring.
Program header number 3 in `/workspace/out/cache/70bf298366e9f417b6b4b929af4da51bdfa4ba92096fec2eb1649538dd0a4050/run/program.elf' is not of type PT_LOAD; ignoring.
Simulation of Ibex
==================

Tracing can be toggled by sending SIGUSR1 to this process:
$ kill -USR1 16

Simulation running, end by pressing CTRL-c.
Tracing enabled.
Writing simulation traces to sim.fst
TOP.ibex_simple_system.u_top.u_ibex_tracer.unnamedblk2.unnamedblk3: Writing execution trace to trace_core_00000000.log
Terminating simulation by software request.
- src/lowrisc_ibex_sim_shared_0/rtl/sim/simulator_ctrl.sv:93: Verilog $finish
Received $finish() from Verilog, shutting down simulation.

Simulation statistics
=====================
Executed cycles:  238013
Wallclock time:   4.883 s
Simulation speed: 48743.2 cycles/s (48.7432 kHz)
Trace file size:  17345993 B

You can view the simulation traces by calling
$ gtkwave sim.fst

Performance Counters
====================
Cycles:                     238009
Instructions Retired:       115520
LSU Busy:                   11639
Fetch Wait:                 44363
Loads:                      6690
Stores:                     4949
Jumps:                      1910
Conditional Branches:       45011
Taken Conditional Branches: 44359
Compressed Instructions:    0
Multiply Wait:              466
