Program header number 0 in `/workspace/out/cache/2770fd8a379db05e0ff36f71afa31693d81b0194dd816a18d9236541e8330d7a/run/program.elf' is not of type PT_LOAD; ignoring.
Program header number 3 in `/workspace/out/cache/2770fd8a379db05e0ff36f71afa31693d81b0194dd816a18d9236541e8330d7a/run/program.elf' is not of type PT_LOAD; ignoring.
Simulation of Ibex
==================

Tracing can be toggled by sending SIGUSR1 to this process:
$ kill -USR1 17

Simulation running, end by pressing CTRL-c.
Tracing enabled.
Writing simulation traces to sim.fst
TOP.ibex_simple_system.u_top.u_ibex_tracer.unnamedblk2.unnamedblk3: Writing execution trace to trace_core_00000000.log
Terminating simulation by software request.
- src/lowrisc_ibex_sim_shared_0/rtl/sim/simulator_ctrl.sv:93: Verilog $finish
Received $finish() from Verilog, shutting down simulation.

Simulation statistics
=====================
Executed cycles:  238015
Wallclock time:   4.484 s
Simulation speed: 53081 cycles/s (53.081 kHz)
Trace file size:  17083574 B

You can view the simulation traces by calling
$ gtkwave sim.fst

Performance Counters
====================
Cycles:                     238011
Instructions Retired:       114604
LSU Busy:                   12503
Fetch Wait:                 43176
Loads:                      7225
Stores:                     5278
Jumps:                      1891
Conditional Branches:       43861
Taken Conditional Branches: 43172
Compressed Instructions:    0
Multiply Wait:              0
