Program header number 0 in `/workspace/out/cache/d55dd25f1b51335b19eb714241088342df33dd2b234d00d39a3313a77bfef9a6/run/program.elf' is not of type PT_LOAD; ignoring.
Program header number 3 in `/workspace/out/cache/d55dd25f1b51335b19eb714241088342df33dd2b234d00d39a3313a77bfef9a6/run/program.elf' is not of type PT_LOAD; ignoring.
Simulation of Ibex
==================

Tracing can be toggled by sending SIGUSR1 to this process:
$ kill -USR1 17

Simulation running, end by pressing CTRL-c.
Tracing enabled.
Writing simulation traces to sim.fst
TOP.ibex_simple_system.u_top.u_ibex_tracer.unnamedblk2.unnamedblk3: Writing execution trace to trace_core_00000000.log
Terminating simulation by software request.
- src/lowrisc_ibex_sim_shared_0/rtl/sim/simulator_ctrl.sv:93: Verilog $finish
Received $finish() from Verilog, shutting down simulation.

Simulation statistics
=====================
Executed cycles:  238013
Wallclock time:   4.492 s
Simulation speed: 52986 cycles/s (52.986 kHz)
Trace file size:  16474023 B

You can view the simulation traces by calling
$ gtkwave sim.fst

Performance Counters
====================
Cycles:                     238009
Instructions Retired:       106389
LSU Busy:                   12058
Fetch Wait:                 39260
Loads:                      6993
Stores:                     5065
Jumps:                      1914
Conditional Branches:       39714
Taken Conditional Branches: 39256
Compressed Instructions:    0
Multiply Wait:              1066
