Program header number 0 in `/workspace/out/cache/b0ef7d11f4485de66b3ded2fec95fb4310b7bc15e0e794f6d612c70838b51459/run/program.elf' is not of type PT_LOAD; ignoring.
Program header number 3 in `/workspace/out/cache/b0ef7d11f4485de66b3ded2fec95fb4310b7bc15e0e794f6d612c70838b51459/run/program.elf' is not of type PT_LOAD; ignoring.
Simulation of Ibex
==================

Tracing can be toggled by sending SIGUSR1 to this process:
$ kill -USR1 17

Simulation running, end by pressing CTRL-c.
Tracing enabled.
Writing simulation traces to sim.fst
TOP.ibex_simple_system.u_top.u_ibex_tracer.unnamedblk2.unnamedblk3: Writing execution trace to trace_core_00000000.log
Terminating simulation by software request.
- src/lowrisc_ibex_sim_shared_0/rtl/sim/simulator_ctrl.sv:93: Verilog $finish
Received $finish() from Verilog, shutting down simulation.

Simulation statistics
=====================
Executed cycles:  238011
Wallclock time:   4.448 s
Simulation speed: 53509.7 cycles/s (53.5097 kHz)
Trace file size:  16308232 B

You can view the simulation traces by calling
$ gtkwave sim.fst

Performance Counters
====================
Cycles:                     238007
Instructions Retired:       102328
LSU Busy:                   11922
Fetch Wait:                 37227
Loads:                      6832
Stores:                     5090
Jumps:                      1920
Conditional Branches:       37685
Taken Conditional Branches: 37223
Compressed Instructions:    0
Multiply Wait:              286
