Program header number 0 in `/workspace/out/cache/63ec53d43f94f81ed6a99e0878278c39fc41ac41ad49222fca3a51de2ec966c8/run/program.elf' is not of type PT_LOAD; ignoring.
Program header number 3 in `/workspace/out/cache/63ec53d43f94f81ed6a99e0878278c39fc41ac41ad49222fca3a51de2ec966c8/run/program.elf' is not of type PT_LOAD; ignoring.
Simulation of Ibex
==================

Tracing can be toggled by sending SIGUSR1 to this process:
$ kill -USR1 18

Simulation running, end by pressing CTRL-c.
Tracing enabled.
Writing simulation traces to sim.fst
TOP.ibex_simple_system.u_top.u_ibex_tracer.unnamedblk2.unnamedblk3: Writing execution trace to trace_core_00000000.log
Terminating simulation by software request.
- src/lowrisc_ibex_sim_shared_0/rtl/sim/simulator_ctrl.sv:93: Verilog $finish
Received $finish() from Verilog, shutting down simulation.

Simulation statistics
=====================
Executed cycles:  238014
Wallclock time:   4.346 s
Simulation speed: 54766.2 cycles/s (54.7662 kHz)
Trace file size:  17070538 B

You can view the simulation traces by calling
$ gtkwave sim.fst

Performance Counters
====================
Cycles:                     238010
Instructions Retired:       109651
LSU Busy:                   11331
Fetch Wait:                 41786
Loads:                      6632
Stores:                     4699
Jumps:                      1907
Conditional Branches:       42235
Taken Conditional Branches: 41782
Compressed Instructions:    0
Multiply Wait:              160
