Program header number 0 in `/workspace/out/cache/6f065a05943c9f8510e7cb2f54f4fdc3a7287507af5653086bb59bcb43f77d57/run/program.elf' is not of type PT_LOAD; ignoring.
Program header number 3 in `/workspace/out/cache/6f065a05943c9f8510e7cb2f54f4fdc3a7287507af5653086bb59bcb43f77d57/run/program.elf' is not of type PT_LOAD; ignoring.
Simulation of Ibex
==================

Tracing can be toggled by sending SIGUSR1 to this process:
$ kill -USR1 17

Simulation running, end by pressing CTRL-c.
Tracing enabled.
Writing simulation traces to sim.fst
TOP.ibex_simple_system.u_top.u_ibex_tracer.unnamedblk2.unnamedblk3: Writing execution trace to trace_core_00000000.log
Terminating simulation by software request.
- src/lowrisc_ibex_sim_shared_0/rtl/sim/simulator_ctrl.sv:93: Verilog $finish
Received $finish() from Verilog, shutting down simulation.

Simulation statistics
=====================
Executed cycles:  238014
Wallclock time:   4.898 s
Simulation speed: 48594.1 cycles/s (48.5941 kHz)
Trace file size:  17934368 B

You can view the simulation traces by calling
$ gtkwave sim.fst

Performance Counters
====================
Cycles:                     238010
Instructions Retired:       120600
LSU Busy:                   12110
Fetch Wait:                 47512
Loads:                      6853
Stores:                     5257
Jumps:                      1922
Conditional Branches:       47973
Taken Conditional Branches: 47508
Compressed Instructions:    0
Multiply Wait:              0
