Program header number 0 in `/workspace/out/cache/f1185fc167e49307a98a8986958641ec0dc9db1da9a59afec3562218c6e2eff7/run/program.elf' is not of type PT_LOAD; ignoring.
Program header number 3 in `/workspace/out/cache/f1185fc167e49307a98a8986958641ec0dc9db1da9a59afec3562218c6e2eff7/run/program.elf' is not of type PT_LOAD; ignoring.
Simulation of Ibex
==================

Tracing can be toggled by sending SIGUSR1 to this process:
$ kill -USR1 18

Simulation running, end by pressing CTRL-c.
Tracing enabled.
Writing simulation traces to sim.fst
TOP.ibex_simple_system.u_top.u_ibex_tracer.unnamedblk2.unnamedblk3: Writing execution trace to trace_core_00000000.log
Terminating simulation by software request.
- src/lowrisc_ibex_sim_shared_0/rtl/sim/simulator_ctrl.sv:93: Verilog $finish
Received $finish() from Verilog, shutting down simulation.

Simulation statistics
=====================
Executed cycles:  238015
Wallclock time:   4.008 s
Simulation speed: 59385 cycles/s (59.385 kHz)
Trace file size:  15427229 B

You can view the simulation traces by calling
$ gtkwave sim.fst

Performance Counters
====================
Cycles:                     238011
Instructions Retired:       92822
LSU Busy:                   12963
Fetch Wait:                 30928
Loads:                      6668
Stores:                     6295
Jumps:                      1909
Conditional Branches:       31375
Taken Conditional Branches: 30924
Compressed Instructions:    0
Multiply Wait:              784
