Program header number 0 in `/workspace/out/cache/3f04a03421834620116d7f3891d8af5bb94ef74380ddb0d39f384101f4548d38/run/program.elf' is not of type PT_LOAD; ignoring.
Program header number 3 in `/workspace/out/cache/3f04a03421834620116d7f3891d8af5bb94ef74380ddb0d39f384101f4548d38/run/program.elf' is not of type PT_LOAD; ignoring.
Simulation of Ibex
==================

Tracing can be toggled by sending SIGUSR1 to this process:
$ kill -USR1 16

Simulation running, end by pressing CTRL-c.
Tracing enabled.
Writing simulation traces to sim.fst
TOP.ibex_simple_system.u_top.u_ibex_tracer.unnamedblk2.unnamedblk3: Writing execution trace to trace_core_00000000.log
Terminating simulation by software request.
- src/lowrisc_ibex_sim_shared_0/rtl/sim/simulator_ctrl.sv:93: Verilog $finish
Received $finish() from Verilog, shutting down simulation.

Simulation statistics
=====================
Executed cycles:  238015
Wallclock time:   5.308 s
Simulation speed: 44840.8 cycles/s (44.8408 kHz)
Trace file size:  17835777 B

You can view the simulation traces by calling
$ gtkwave sim.fst

Performance Counters
====================
Cycles:                     238011
Instructions Retired:       123330
LSU Busy:                   11713
Fetch Wait:                 48551
Loads:                      7014
Stores:                     4699
Jumps:                      1927
Conditional Branches:       49193
Taken Conditional Branches: 48547
Compressed Instructions:    0
Multiply Wait:              3942
