Program header number 0 in `/workspace/out/cache/56505a5e3ad615d840383d649e62c61fa3fbe46bec4beb13c6420d176c261948/run/program.elf' is not of type PT_LOAD; ignoring.
Program header number 3 in `/workspace/out/cache/56505a5e3ad615d840383d649e62c61fa3fbe46bec4beb13c6420d176c261948/run/program.elf' is not of type PT_LOAD; ignoring.
Simulation of Ibex
==================

Tracing can be toggled by sending SIGUSR1 to this process:
$ kill -USR1 17

Simulation running, end by pressing CTRL-c.
Tracing enabled.
Writing simulation traces to sim.fst
TOP.ibex_simple_system.u_top.u_ibex_tracer.unnamedblk2.unnamedblk3: Writing execution trace to trace_core_00000000.log
Terminating simulation by software request.
- src/lowrisc_ibex_sim_shared_0/rtl/sim/simulator_ctrl.sv:93: Verilog $finish
Received $finish() from Verilog, shutting down simulation.

Simulation statistics
=====================
Executed cycles:  238013
Wallclock time:   4.152 s
Simulation speed: 57324.9 cycles/s (57.3249 kHz)
Trace file size:  16113954 B

You can view the simulation traces by calling
$ gtkwave sim.fst

Performance Counters
====================
Cycles:                     238009
Instructions Retired:       94342
LSU Busy:                   11139
Fetch Wait:                 34409
Loads:                      6440
Stores:                     4699
Jumps:                      1920
Conditional Branches:       34867
Taken Conditional Branches: 34405
Compressed Instructions:    0
Multiply Wait:              0
