Program header number 0 in `/workspace/out/cache/5e79761f12a8cf05899c5fc76f9f04854ab0f9ee20d9dec09adc3ad6f51d2506/run/program.elf' is not of type PT_LOAD; ignoring.
Program header number 3 in `/workspace/out/cache/5e79761f12a8cf05899c5fc76f9f04854ab0f9ee20d9dec09adc3ad6f51d2506/run/program.elf' is not of type PT_LOAD; ignoring.
Simulation of Ibex
==================

Tracing can be toggled by sending SIGUSR1 to this process:
$ kill -USR1 18

Simulation running, end by pressing CTRL-c.
Tracing enabled.
Writing simulation traces to sim.fst
TOP.ibex_simple_system.u_top.u_ibex_tracer.unnamedblk2.unnamedblk3: Writing execution trace to trace_core_00000000.log
Terminating simulation by software request.
- src/lowrisc_ibex_sim_shared_0/rtl/sim/simulator_ctrl.sv:93: Verilog $finish
Received $finish() from Verilog, shutting down simulation.

Simulation statistics
=====================
Executed cycles:  238013
Wallclock time:   5.3 s
Simulation speed: 44908.1 cycles/s (44.9081 kHz)
Trace file size:  17868594 B

You can view the simulation traces by calling
$ gtkwave sim.fst

Performance Counters
====================
Cycles:                     238009
Instructions Retired:       126265
LSU Busy:                   11139
Fetch Wait:                 49343
Loads:                      6440
Stores:                     4699
Jumps:                      1922
Conditional Branches:       51851
Taken Conditional Branches: 49339
Compressed Instructions:    0
Multiply Wait:              0
