Program header number 0 in `/workspace/out/cache/31ed4030ff8e31b7785f48f74333a893f266140579197f45c113d47b4a5222a7/run/program.elf' is not of type PT_LOAD; ignoring.
Program header number 3 in `/workspace/out/cache/31ed4030ff8e31b7785f48f74333a893f266140579197f45c113d47b4a5222a7/run/program.elf' is not of type PT_LOAD; ignoring.
Simulation of Ibex
==================

Tracing can be toggled by sending SIGUSR1 to this process:
$ kill -USR1 17

Simulation running, end by pressing CTRL-c.
Tracing enabled.
Writing simulation traces to sim.fst
TOP.ibex_simple_system.u_top.u_ibex_tracer.unnamedblk2.unnamedblk3: Writing execution trace to trace_core_00000000.log
Terminating simulation by software request.
- src/lowrisc_ibex_sim_shared_0/rtl/sim/simulator_ctrl.sv:93: Verilog $finish
Received $finish() from Verilog, shutting down simulation.

Simulation statistics
=====================
Executed cycles:  238012
Wallclock time:   5.368 s
Simulation speed: 44339 cycles/s (44.339 kHz)
Trace file size:  17770256 B

You can view the simulation traces by calling
$ gtkwave sim.fst

Performance Counters
====================
Cycles:                     238008
Instructions Retired:       118739
LSU Busy:                   11822
Fetch Wait:                 45927
Loads:                      6781
Stores:                     5041
Jumps:                      1918
Conditional Branches:       46383
Taken Conditional Branches: 45923
Compressed Instructions:    0
Multiply Wait:              1366
