Program header number 0 in `/workspace/out/cache/85cb3f2a28137e09c586b6958fcee98e4153e8d205e2e1a793da12c6351f34de/run/program.elf' is not of type PT_LOAD; ignoring.
Program header number 3 in `/workspace/out/cache/85cb3f2a28137e09c586b6958fcee98e4153e8d205e2e1a793da12c6351f34de/run/program.elf' is not of type PT_LOAD; ignoring.
Simulation of Ibex
==================

Tracing can be toggled by sending SIGUSR1 to this process:
$ kill -USR1 17

Simulation running, end by pressing CTRL-c.
Tracing enabled.
Writing simulation traces to sim.fst
TOP.ibex_simple_system.u_top.u_ibex_tracer.unnamedblk2.unnamedblk3: Writing execution trace to trace_core_00000000.log
Terminating simulation by software request.
- src/lowrisc_ibex_sim_shared_0/rtl/sim/simulator_ctrl.sv:93: Verilog $finish
Received $finish() from Verilog, shutting down simulation.

Simulation statistics
=====================
Executed cycles:  238012
Wallclock time:   5.193 s
Simulation speed: 45833.2 cycles/s (45.8332 kHz)
Trace file size:  18045222 B

You can view the simulation traces by calling
$ gtkwave sim.fst

Performance Counters
====================
Cycles:                     238008
Instructions Retired:       120632
LSU Busy:                   11939
Fetch Wait:                 46783
Loads:                      7240
Stores:                     4699
Jumps:                      1898
Conditional Branches:       47221
Taken Conditional Branches: 46779
Compressed Instructions:    0
Multiply Wait:              800
