Program header number 0 in `/workspace/out/cache/76df49e787716d25eb749d27942fca4679ce70cf5dd5c00aa7b62f543faff132/run/program.elf' is not of type PT_LOAD; ignoring.
Program header number 3 in `/workspace/out/cache/76df49e787716d25eb749d27942fca4679ce70cf5dd5c00aa7b62f543faff132/run/program.elf' is not of type PT_LOAD; ignoring.
Simulation of Ibex
==================

Tracing can be toggled by sending SIGUSR1 to this process:
$ kill -USR1 18

Simulation running, end by pressing CTRL-c.
Tracing enabled.
Writing simulation traces to sim.fst
TOP.ibex_simple_system.u_top.u_ibex_tracer.unnamedblk2.unnamedblk3: Writing execution trace to trace_core_00000000.log
Terminating simulation by software request.
- src/lowrisc_ibex_sim_shared_0/rtl/sim/simulator_ctrl.sv:93: Verilog $finish
Received $finish() from Verilog, shutting down simulation.

Simulation statistics
=====================
Executed cycles:  238013
Wallclock time:   4.722 s
Simulation speed: 50405.1 cycles/s (50.4051 kHz)
Trace file size:  18099967 B

You can view the simulation traces by calling
$ gtkwave sim.fst

Performance Counters
====================
Cycles:                     238009
Instructions Retired:       125925
LSU Busy:                   11822
Fetch Wait:                 49169
Loads:                      6782
Stores:                     5040
Jumps:                      1927
Conditional Branches:       49632
Taken Conditional Branches: 49165
Compressed Instructions:    0
Multiply Wait:              0
