Program header number 0 in `/workspace/out/cache/1bc87e36114bc4cedb145cb30a59db4ab5a36c1cdf7a160045d4cdf180a7c088/run/program.elf' is not of type PT_LOAD; ignoring.
Program header number 3 in `/workspace/out/cache/1bc87e36114bc4cedb145cb30a59db4ab5a36c1cdf7a160045d4cdf180a7c088/run/program.elf' is not of type PT_LOAD; ignoring.
Simulation of Ibex
==================

Tracing can be toggled by sending SIGUSR1 to this process:
$ kill -USR1 17

Simulation running, end by pressing CTRL-c.
Tracing enabled.
Writing simulation traces to sim.fst
TOP.ibex_simple_system.u_top.u_ibex_tracer.unnamedblk2.unnamedblk3: Writing execution trace to trace_core_00000000.log
Terminating simulation by software request.
- src/lowrisc_ibex_sim_shared_0/rtl/sim/simulator_ctrl.sv:93: Verilog $finish
Received $finish() from Verilog, shutting down simulation.

Simulation statistics
=====================
Executed cycles:  238012
Wallclock time:   4.409 s
Simulation speed: 53983.2 cycles/s (53.9832 kHz)
Trace file size:  17416980 B

You can view the simulation traces by calling
$ gtkwave sim.fst

Performance Counters
====================
Cycles:                     238008
Instructions Retired:       115321
LSU Busy:                   12307
Fetch Wait:                 43130
Loads:                      7024
Stores:                     5283
Jumps:                      1931
Conditional Branches:       43599
Taken Conditional Branches: 43126
Compressed Instructions:    0
Multiply Wait:              1168
