Program header number 0 in `/workspace/out/cache/d01d926237dc3fe6c46a7dbece7786b872deb2c696fa6564ae9265827832f41d/run/program.elf' is not of type PT_LOAD; ignoring.
Program header number 3 in `/workspace/out/cache/d01d926237dc3fe6c46a7dbece7786b872deb2c696fa6564ae9265827832f41d/run/program.elf' is not of type PT_LOAD; ignoring.
Simulation of Ibex
==================

Tracing can be toggled by sending SIGUSR1 to this process:
$ kill -USR1 17

Simulation running, end by pressing CTRL-c.
Tracing enabled.
Writing simulation traces to sim.fst
TOP.ibex_simple_system.u_top.u_ibex_tracer.unnamedblk2.unnamedblk3: Writing execution trace to trace_core_00000000.log
Terminating simulation by software request.
- src/lowrisc_ibex_sim_shared_0/rtl/sim/simulator_ctrl.sv:93: Verilog $finish
Received $finish() from Verilog, shutting down simulation.

Simulation statistics
=====================
Executed cycles:  238012
Wallclock time:   5.015 s
Simulation speed: 47460 cycles/s (47.46 kHz)
Trace file size:  18553546 B

You can view the simulation traces by calling
$ gtkwave sim.fst

Performance Counters
====================
Cycles:                     238008
Instructions Retired:       125922
LSU Busy:                   12205
Fetch Wait:                 48597
Loads:                      6824
Stores:                     5381
Jumps:                      1922
Conditional Branches:       49057
Taken Conditional Branches: 48593
Compressed Instructions:    0
Multiply Wait:              768
