Program header number 0 in `/workspace/out/cache/f91e41d95ef727680a7a73f144bce7220f895a362accb415d396bf262ee61209/run/program.elf' is not of type PT_LOAD; ignoring.
Program header number 3 in `/workspace/out/cache/f91e41d95ef727680a7a73f144bce7220f895a362accb415d396bf262ee61209/run/program.elf' is not of type PT_LOAD; ignoring.
Simulation of Ibex
==================

Tracing can be toggled by sending SIGUSR1 to this process:
$ kill -USR1 18

Simulation running, end by pressing CTRL-c.
Tracing enabled.
Writing simulation traces to sim.fst
TOP.ibex_simple_system.u_top.u_ibex_tracer.unnamedblk2.unnamedblk3: Writing execution trace to trace_core_00000000.log
Terminating simulation by software request.
- src/lowrisc_ibex_sim_shared_0/rtl/sim/simulator_ctrl.sv:93: Verilog $finish
Received $finish() from Verilog, shutting down simulation.

Simulation statistics
=====================
Executed cycles:  238012
Wallclock time:   4.745 s
Simulation speed: 50160.6 cycles/s (50.1606 kHz)
Trace file size:  18185722 B

You can view the simulation traces by calling
$ gtkwave sim.fst

Performance Counters
====================
Cycles:                     238008
Instructions Retired:       121000
LSU Busy:                   12187
Fetch Wait:                 46435
Loads:                      7214
Stores:                     4973
Jumps:                      1906
Conditional Branches:       46880
Taken Conditional Branches: 46431
Compressed Instructions:    0
Multiply Wait:              1048
