Program header number 0 in `/workspace/out/cache/d852a9f30e138aa9c6e224eb5f7e2653f2b1b5641a64f67744edf9aff6138dcf/run/program.elf' is not of type PT_LOAD; ignoring.
Program header number 3 in `/workspace/out/cache/d852a9f30e138aa9c6e224eb5f7e2653f2b1b5641a64f67744edf9aff6138dcf/run/program.elf' is not of type PT_LOAD; ignoring.
Simulation of Ibex
==================

Tracing can be toggled by sending SIGUSR1 to this process:
$ kill -USR1 18

Simulation running, end by pressing CTRL-c.
Tracing enabled.
Writing simulation traces to sim.fst
TOP.ibex_simple_system.u_top.u_ibex_tracer.unnamedblk2.unnamedblk3: Writing execution trace to trace_core_00000000.log
Terminating simulation by software request.
- src/lowrisc_ibex_sim_shared_0/rtl/sim/simulator_ctrl.sv:93: Verilog $finish
Received $finish() from Verilog, shutting down simulation.

Simulation statistics
=====================
Executed cycles:  246919
Wallclock time:   3.584 s
Simulation speed: 68894.8 cycles/s (68.8948 kHz)
Trace file size:  14678921 B

You can view the simulation traces by calling
$ gtkwave sim.fst

Performance Counters
====================
Cycles:                     246915
Instructions Retired:       76254
LSU Busy:                   11139
Fetch Wait:                 25386
Loads:                      6440
Stores:                     4699
Jumps:                      1897
Conditional Branches:       25827
Taken Conditional Branches: 25382
Compressed Instructions:    0
Multiply Wait:              0
