Program header number 0 in `/workspace/out/cache/b690482905c539b46abd6a9040a40a90b000050cacfb02d3de437caada0a7484/run/program.elf' is not of type PT_LOAD; ignoring.
Program header number 3 in `/workspace/out/cache/b690482905c539b46abd6a9040a40a90b000050cacfb02d3de437caada0a7484/run/program.elf' is not of type PT_LOAD; ignoring.
Simulation of Ibex
==================

Tracing can be toggled by sending SIGUSR1 to this process:
$ kill -USR1 18

Simulation running, end by pressing CTRL-c.
Tracing enabled.
Writing simulation traces to sim.fst
TOP.ibex_simple_system.u_top.u_ibex_tracer.unnamedblk2.unnamedblk3: Writing execution trace to trace_core_00000000.log
Terminating simulation by software request.
- src/lowrisc_ibex_sim_shared_0/rtl/sim/simulator_ctrl.sv:93: Verilog $finish
Received $finish() from Verilog, shutting down simulation.

Simulation statistics
=====================
Executed cycles:  238013
Wallclock time:   4.721 s
Simulation speed: 50415.8 cycles/s (50.4158 kHz)
Trace file size:  16076816 B

You can view the simulation traces by calling
$ gtkwave sim.fst

Performance Counters
====================
Cycles:                     238009
Instructions Retired:       100476
LSU Busy:                   12235
Fetch Wait:                 37502
Loads:                      6988
Stores:                     5247
Jumps:                      1913
Conditional Branches:       37951
Taken Conditional Branches: 37498
Compressed Instructions:    0
Multiply Wait:              0
