Program header number 0 in `/workspace/out/cache/46825bdc6d09ec76bd9ac0817fd8ca6f868f32c72f41bdf34309393fd10ca8cb/run/program.elf' is not of type PT_LOAD; ignoring.
Program header number 3 in `/workspace/out/cache/46825bdc6d09ec76bd9ac0817fd8ca6f868f32c72f41bdf34309393fd10ca8cb/run/program.elf' is not of type PT_LOAD; ignoring.
Simulation of Ibex
==================

Tracing can be toggled by sending SIGUSR1 to this process:
$ kill -USR1 17

Simulation running, end by pressing CTRL-c.
Tracing enabled.
Writing simulation traces to sim.fst
TOP.ibex_simple_system.u_top.u_ibex_tracer.unnamedblk2.unnamedblk3: Writing execution trace to trace_core_00000000.log
Terminating simulation by software request.
- src/lowrisc_ibex_sim_shared_0/rtl/sim/simulator_ctrl.sv:93: Verilog $finish
Received $finish() from Verilog, shutting down simulation.

Simulation statistics
=====================
Executed cycles:  238012
Wallclock time:   5.361 s
Simulation speed: 44396.9 cycles/s (44.3969 kHz)
Trace file size:  18092403 B

You can view the simulation traces by calling
$ gtkwave sim.fst

Performance Counters
====================
Cycles:                     238008
Instructions Retired:       118782
LSU Busy:                   11940
Fetch Wait:                 45283
Loads:                      6841
Stores:                     5099
Jumps:                      1931
Conditional Branches:       46008
Taken Conditional Branches: 45279
Compressed Instructions:    0
Multiply Wait:              392
