Program header number 0 in `/workspace/out/cache/89d60bfc778e366fa76c55ce83e6d0e256b4722a450d4b6fb388137f14325ffb/run/program.elf' is not of type PT_LOAD; ignoring.
Program header number 3 in `/workspace/out/cache/89d60bfc778e366fa76c55ce83e6d0e256b4722a450d4b6fb388137f14325ffb/run/program.elf' is not of type PT_LOAD; ignoring.
Simulation of Ibex
==================

Tracing can be toggled by sending SIGUSR1 to this process:
$ kill -USR1 18

Simulation running, end by pressing CTRL-c.
Tracing enabled.
Writing simulation traces to sim.fst
TOP.ibex_simple_system.u_top.u_ibex_tracer.unnamedblk2.unnamedblk3: Writing execution trace to trace_core_00000000.log
Terminating simulation by software request.
- src/lowrisc_ibex_sim_shared_0/rtl/sim/simulator_ctrl.sv:93: Verilog $finish
Received $finish() from Verilog, shutting down simulation.

Simulation statistics
=====================
Executed cycles:  238013
Wallclock time:   5.328 s
Simulation speed: 44672.1 cycles/s (44.6721 kHz)
Trace file size:  18589975 B

You can view the simulation traces by calling
$ gtkwave sim.fst

Performance Counters
====================
Cycles:                     238009
Instructions Retired:       121629
LSU Busy:                   11139
Fetch Wait:                 48067
Loads:                      6440
Stores:                     4699
Jumps:                      1910
Conditional Branches:       48515
Taken Conditional Branches: 48063
Compressed Instructions:    0
Multiply Wait:              7200
