Program header number 0 in `/workspace/out/cache/fdc32b903c34de0f18d667eeaf351ef07d44bbad2b15fcdc8333470134b6dc3f/run/program.elf' is not of type PT_LOAD; ignoring.
Program header number 3 in `/workspace/out/cache/fdc32b903c34de0f18d667eeaf351ef07d44bbad2b15fcdc8333470134b6dc3f/run/program.elf' is not of type PT_LOAD; ignoring.
Simulation of Ibex
==================

Tracing can be toggled by sending SIGUSR1 to this process:
$ kill -USR1 17

Simulation running, end by pressing CTRL-c.
Tracing enabled.
Writing simulation traces to sim.fst
TOP.ibex_simple_system.u_top.u_ibex_tracer.unnamedblk2.unnamedblk3: Writing execution trace to trace_core_00000000.log
Terminating simulation by software request.
- src/lowrisc_ibex_sim_shared_0/rtl/sim/simulator_ctrl.sv:93: Verilog $finish
Received $finish() from Verilog, shutting down simulation.

Simulation statistics
=====================
Executed cycles:  238014
Wallclock time:   4.83 s
Simulation speed: 49278.3 cycles/s (49.2783 kHz)
Trace file size:  17749601 B

You can view the simulation traces by calling
$ gtkwave sim.fst

Performance Counters
====================
Cycles:                     238010
Instructions Retired:       109892
LSU Busy:                   11139
Fetch Wait:                 42165
Loads:                      6440
Stores:                     4699
Jumps:                      1922
Conditional Branches:       42633
Taken Conditional Branches: 42161
Compressed Instructions:    0
Multiply Wait:              0
