Program header number 0 in `/workspace/out/cache/d6f26f6d24828e859b524c9a69763d549019a934bb3fa062faa3370dfbbce67a/run/program.elf' is not of type PT_LOAD; ignoring.
Program header number 3 in `/workspace/out/cache/d6f26f6d24828e859b524c9a69763d549019a934bb3fa062faa3370dfbbce67a/run/program.elf' is not of type PT_LOAD; ignoring.
Simulation of Ibex
==================

Tracing can be toggled by sending SIGUSR1 to this process:
$ kill -USR1 18

Simulation running, end by pressing CTRL-c.
Tracing enabled.
Writing simulation traces to sim.fst
TOP.ibex_simple_system.u_top.u_ibex_tracer.unnamedblk2.unnamedblk3: Writing execution trace to trace_core_00000000.log
Terminating simulation by software request.
- src/lowrisc_ibex_sim_shared_0/rtl/sim/simulator_ctrl.sv:93: Verilog $finish
Received $finish() from Verilog, shutting down simulation.

Simulation statistics
=====================
Executed cycles:  253578
Wallclock time:   4.519 s
Simulation speed: 56113.7 cycles/s (56.1137 kHz)
Trace file size:  15458952 B

You can view the simulation traces by calling
$ gtkwave sim.fst

Performance Counters
====================
Cycles:                     253574
Instructions Retired:       86353
LSU Busy:                   11139
Fetch Wait:                 30787
Loads:                      6440
Stores:                     4699
Jumps:                      1919
Conditional Branches:       32013
Taken Conditional Branches: 30783
Compressed Instructions:    0
Multiply Wait:              0
