Program header number 0 in `/workspace/out/cache/d14ee4517c913453a996514d48b5cabe3e8846f8c725ad7ede1dbc4e2b05a833/run/program.elf' is not of type PT_LOAD; ignoring.
Program header number 3 in `/workspace/out/cache/d14ee4517c913453a996514d48b5cabe3e8846f8c725ad7ede1dbc4e2b05a833/run/program.elf' is not of type PT_LOAD; ignoring.
Simulation of Ibex
==================

Tracing can be toggled by sending SIGUSR1 to this process:
$ kill -USR1 17

Simulation running, end by pressing CTRL-c.
Tracing enabled.
Writing simulation traces to sim.fst
TOP.ibex_simple_system.u_top.u_ibex_tracer.unnamedblk2.unnamedblk3: Writing execution trace to trace_core_00000000.log
Terminating simulation by software request.
- src/lowrisc_ibex_sim_shared_0/rtl/sim/simulator_ctrl.sv:93: Verilog $finish
Received $finish() from Verilog, shutting down simulation.

Simulation statistics
=====================
Executed cycles:  238014
Wallclock time:   4.95 s
Simulation speed: 48083.6 cycles/s (48.0836 kHz)
Trace file size:  17392004 B

You can view the simulation traces by calling
$ gtkwave sim.fst

Performance Counters
====================
Cycles:                     238010
Instructions Retired:       116746
LSU Busy:                   12163
Fetch Wait:                 44090
Loads:                      6952
Stores:                     5211
Jumps:                      1910
Conditional Branches:       44538
Taken Conditional Branches: 44086
Compressed Instructions:    0
Multiply Wait:              0
