Program header number 0 in `/workspace/out/cache/0318fa56ac7126797e7a9d050e1a3ef1c49e53e3820afe2dd6687ff084d4bccf/run/program.elf' is not of type PT_LOAD; ignoring.
Program header number 3 in `/workspace/out/cache/0318fa56ac7126797e7a9d050e1a3ef1c49e53e3820afe2dd6687ff084d4bccf/run/program.elf' is not of type PT_LOAD; ignoring.
Simulation of Ibex
==================

Tracing can be toggled by sending SIGUSR1 to this process:
$ kill -USR1 17

Simulation running, end by pressing CTRL-c.
Tracing enabled.
Writing simulation traces to sim.fst
TOP.ibex_simple_system.u_top.u_ibex_tracer.unnamedblk2.unnamedblk3: Writing execution trace to trace_core_00000000.log
Terminating simulation by software request.
- src/lowrisc_ibex_sim_shared_0/rtl/sim/simulator_ctrl.sv:93: Verilog $finish
Received $finish() from Verilog, shutting down simulation.

Simulation statistics
=====================
Executed cycles:  238015
Wallclock time:   5.16 s
Simulation speed: 46126.9 cycles/s (46.1269 kHz)
Trace file size:  16436754 B

You can view the simulation traces by calling
$ gtkwave sim.fst

Performance Counters
====================
Cycles:                     238011
Instructions Retired:       103471
LSU Busy:                   11779
Fetch Wait:                 39693
Loads:                      6824
Stores:                     4955
Jumps:                      1906
Conditional Branches:       40139
Taken Conditional Branches: 39689
Compressed Instructions:    0
Multiply Wait:              0
