Program header number 0 in `/workspace/out/cache/1e50ccc03e747d7e963d08e85681214871468011902de77652c90fd247723d44/run/program.elf' is not of type PT_LOAD; ignoring.
Program header number 3 in `/workspace/out/cache/1e50ccc03e747d7e963d08e85681214871468011902de77652c90fd247723d44/run/program.elf' is not of type PT_LOAD; ignoring.
Simulation of Ibex
==================

Tracing can be toggled by sending SIGUSR1 to this process:
$ kill -USR1 17

Simulation running, end by pressing CTRL-c.
Tracing enabled.
Writing simulation traces to sim.fst
TOP.ibex_simple_system.u_top.u_ibex_tracer.unnamedblk2.unnamedblk3: Writing execution trace to trace_core_00000000.log
Terminating simulation by software request.
- src/lowrisc_ibex_sim_shared_0/rtl/sim/simulator_ctrl.sv:93: Verilog $finish
Received $finish() from Verilog, shutting down simulation.

Simulation statistics
=====================
Executed cycles:  238012
Wallclock time:   4.617 s
Simulation speed: 51551.2 cycles/s (51.5512 kHz)
Trace file size:  16413817 B

You can view the simulation traces by calling
$ gtkwave sim.fst

Performance Counters
====================
Cycles:                     238008
Instructions Retired:       107101
LSU Busy:                   11783
Fetch Wait:                 40300
Loads:                      6762
Stores:                     5021
Jumps:                      1591
Conditional Branches:       40437
Taken Conditional Branches: 40296
Compressed Instructions:    0
Multiply Wait:              0
