Program header number 0 in `/workspace/out/cache/14b9c92299f3dc7b737224e903cb2984c077b9575a175dd889a994b6909a1b94/run/program.elf' is not of type PT_LOAD; ignoring.
Program header number 3 in `/workspace/out/cache/14b9c92299f3dc7b737224e903cb2984c077b9575a175dd889a994b6909a1b94/run/program.elf' is not of type PT_LOAD; ignoring.
Simulation of Ibex
==================

Tracing can be toggled by sending SIGUSR1 to this process:
$ kill -USR1 16

Simulation running, end by pressing CTRL-c.
Tracing enabled.
Writing simulation traces to sim.fst
TOP.ibex_simple_system.u_top.u_ibex_tracer.unnamedblk2.unnamedblk3: Writing execution trace to trace_core_00000000.log
Terminating simulation by software request.
- src/lowrisc_ibex_sim_shared_0/rtl/sim/simulator_ctrl.sv:93: Verilog $finish
Received $finish() from Verilog, shutting down simulation.

Simulation statistics
=====================
Executed cycles:  238013
Wallclock time:   4.618 s
Simulation speed: 51540.3 cycles/s (51.5403 kHz)
Trace file size:  16819942 B

You can view the simulation traces by calling
$ gtkwave sim.fst

Performance Counters
====================
Cycles:                     238009
Instructions Retired:       113052
LSU Busy:                   11891
Fetch Wait:                 42356
Loads:                      7192
Stores:                     4699
Jumps:                      1905
Conditional Branches:       43539
Taken Conditional Branches: 42352
Compressed Instructions:    0
Multiply Wait:              290
