Program header number 0 in `/workspace/out/cache/bf0472d8d98622953ca8f4fcd81e48cd874f7b3a15336a3081d044cc288810e3/run/program.elf' is not of type PT_LOAD; ignoring.
Program header number 3 in `/workspace/out/cache/bf0472d8d98622953ca8f4fcd81e48cd874f7b3a15336a3081d044cc288810e3/run/program.elf' is not of type PT_LOAD; ignoring.
Simulation of Ibex
==================

Tracing can be toggled by sending SIGUSR1 to this process:
$ kill -USR1 17

Simulation running, end by pressing CTRL-c.
Tracing enabled.
Writing simulation traces to sim.fst
TOP.ibex_simple_system.u_top.u_ibex_tracer.unnamedblk2.unnamedblk3: Writing execution trace to trace_core_00000000.log
Terminating simulation by software request.
- src/lowrisc_ibex_sim_shared_0/rtl/sim/simulator_ctrl.sv:93: Verilog $finish
Received $finish() from Verilog, shutting down simulation.

Simulation statistics
=====================
Executed cycles:  238014
Wallclock time:   5.29 s
Simulation speed: 44993.2 cycles/s (44.9932 kHz)
Trace file size:  17719936 B

You can view the simulation traces by calling
$ gtkwave sim.fst

Performance Counters
====================
Cycles:                     238010
Instructions Retired:       123458
LSU Busy:                   11438
Fetch Wait:                 50600
Loads:                      6440
Stores:                     4998
Jumps:                      1917
Conditional Branches:       52202
Taken Conditional Branches: 50596
Compressed Instructions:    0
Multiply Wait:              0
