Program header number 0 in `/workspace/out/cache/366e728f5226860e967c69699cb5aa0ae6e6d306b4f0513abea0dadb036fc920/run/program.elf' is not of type PT_LOAD; ignoring.
Program header number 3 in `/workspace/out/cache/366e728f5226860e967c69699cb5aa0ae6e6d306b4f0513abea0dadb036fc920/run/program.elf' is not of type PT_LOAD; ignoring.
Simulation of Ibex
==================

Tracing can be toggled by sending SIGUSR1 to this process:
$ kill -USR1 17

Simulation running, end by pressing CTRL-c.
Tracing enabled.
Writing simulation traces to sim.fst
TOP.ibex_simple_system.u_top.u_ibex_tracer.unnamedblk2.unnamedblk3: Writing execution trace to trace_core_00000000.log
Terminating simulation by software request.
- src/lowrisc_ibex_sim_shared_0/rtl/sim/simulator_ctrl.sv:93: Verilog $finish
Received $finish() from Verilog, shutting down simulation.

Simulation statistics
=====================
Executed cycles:  238014
Wallclock time:   5.186 s
Simulation speed: 45895.5 cycles/s (45.8955 kHz)
Trace file size:  17968093 B

You can view the simulation traces by calling
$ gtkwave sim.fst

Performance Counters
====================
Cycles:                     238010
Instructions Retired:       125533
LSU Busy:                   12251
Fetch Wait:                 49152
Loads:                      6802
Stores:                     5449
Jumps:                      1925
Conditional Branches:       49615
Taken Conditional Branches: 49148
Compressed Instructions:    0
Multiply Wait:              0
