Program header number 0 in `/workspace/out/cache/68a9354a4ee2f1b0e4697a1248a8567e1c38cba5375e47e8ea3efc2f38597388/run/program.elf' is not of type PT_LOAD; ignoring.
Program header number 3 in `/workspace/out/cache/68a9354a4ee2f1b0e4697a1248a8567e1c38cba5375e47e8ea3efc2f38597388/run/program.elf' is not of type PT_LOAD; ignoring.
Simulation of Ibex
==================

Tracing can be toggled by sending SIGUSR1 to this process:
$ kill -USR1 17

Simulation running, end by pressing CTRL-c.
Tracing enabled.
Writing simulation traces to sim.fst
TOP.ibex_simple_system.u_top.u_ibex_tracer.unnamedblk2.unnamedblk3: Writing execution trace to trace_core_00000000.log
Terminating simulation by software request.
- src/lowrisc_ibex_sim_shared_0/rtl/sim/simulator_ctrl.sv:93: Verilog $finish
Received $finish() from Verilog, shutting down simulation.

Simulation statistics
=====================
Executed cycles:  238012
Wallclock time:   5.352 s
Simulation speed: 44471.6 cycles/s (44.4716 kHz)
Trace file size:  18247379 B

You can view the simulation traces by calling
$ gtkwave sim.fst

Performance Counters
====================
Cycles:                     238008
Instructions Retired:       125240
LSU Busy:                   12163
Fetch Wait:                 48319
Loads:                      6952
Stores:                     5211
Jumps:                      1922
Conditional Branches:       48779
Taken Conditional Branches: 48315
Compressed Instructions:    0
Multiply Wait:              2048
