Program header number 0 in `/workspace/out/cache/c2a1051cb72bc31eb266bf03ef047124a87c55dd967ca1d4ba5630a01519d8e7/run/program.elf' is not of type PT_LOAD; ignoring.
Program header number 3 in `/workspace/out/cache/c2a1051cb72bc31eb266bf03ef047124a87c55dd967ca1d4ba5630a01519d8e7/run/program.elf' is not of type PT_LOAD; ignoring.
Simulation of Ibex
==================

Tracing can be toggled by sending SIGUSR1 to this process:
$ kill -USR1 17

Simulation running, end by pressing CTRL-c.
Tracing enabled.
Writing simulation traces to sim.fst
TOP.ibex_simple_system.u_top.u_ibex_tracer.unnamedblk2.unnamedblk3: Writing execution trace to trace_core_00000000.log
Terminating simulation by software request.
- src/lowrisc_ibex_sim_shared_0/rtl/sim/simulator_ctrl.sv:93: Verilog $finish
Received $finish() from Verilog, shutting down simulation.

Simulation statistics
=====================
Executed cycles:  238011
Wallclock time:   5.075 s
Simulation speed: 46898.7 cycles/s (46.8987 kHz)
Trace file size:  17261634 B

You can view the simulation traces by calling
$ gtkwave sim.fst

Performance Counters
====================
Cycles:                     238007
Instructions Retired:       111924
LSU Busy:                   11822
Fetch Wait:                 42674
Loads:                      6782
Stores:                     5040
Jumps:                      1930
Conditional Branches:       43148
Taken Conditional Branches: 42670
Compressed Instructions:    0
Multiply Wait:              490
