Program header number 0 in `/workspace/out/cache/aa8173f6d786d24a03c65f2a85be124b6c145c9e97d81c4aeb1c8c288790d3ce/run/program.elf' is not of type PT_LOAD; ignoring.
Program header number 3 in `/workspace/out/cache/aa8173f6d786d24a03c65f2a85be124b6c145c9e97d81c4aeb1c8c288790d3ce/run/program.elf' is not of type PT_LOAD; ignoring.
Simulation of Ibex
==================

Tracing can be toggled by sending SIGUSR1 to this process:
$ kill -USR1 17

Simulation running, end by pressing CTRL-c.
Tracing enabled.
Writing simulation traces to sim.fst
TOP.ibex_simple_system.u_top.u_ibex_tracer.unnamedblk2.unnamedblk3: Writing execution trace to trace_core_00000000.log
Terminating simulation by software request.
- src/lowrisc_ibex_sim_shared_0/rtl/sim/simulator_ctrl.sv:93: Verilog $finish
Received $finish() from Verilog, shutting down simulation.

Simulation statistics
=====================
Executed cycles:  238012
Wallclock time:   5.174 s
Simulation speed: 46001.5 cycles/s (46.0015 kHz)
Trace file size:  17964517 B

You can view the simulation traces by calling
$ gtkwave sim.fst

Performance Counters
====================
Cycles:                     238008
Instructions Retired:       122293
LSU Busy:                   12420
Fetch Wait:                 47635
Loads:                      6881
Stores:                     5539
Jumps:                      1917
Conditional Branches:       48091
Taken Conditional Branches: 47631
Compressed Instructions:    0
Multiply Wait:              0
