Program header number 0 in `/workspace/out/cache/ecdc752d85d4d65a91b5d3892b5297d9acbcfce8dec38b096d4e4c053c3adadf/run/program.elf' is not of type PT_LOAD; ignoring.
Program header number 3 in `/workspace/out/cache/ecdc752d85d4d65a91b5d3892b5297d9acbcfce8dec38b096d4e4c053c3adadf/run/program.elf' is not of type PT_LOAD; ignoring.
Simulation of Ibex
==================

Tracing can be toggled by sending SIGUSR1 to this process:
$ kill -USR1 18

Simulation running, end by pressing CTRL-c.
Tracing enabled.
Writing simulation traces to sim.fst
TOP.ibex_simple_system.u_top.u_ibex_tracer.unnamedblk2.unnamedblk3: Writing execution trace to trace_core_00000000.log
Terminating simulation by software request.
- src/lowrisc_ibex_sim_shared_0/rtl/sim/simulator_ctrl.sv:93: Verilog $finish
Received $finish() from Verilog, shutting down simulation.

Simulation statistics
=====================
Executed cycles:  238016
Wallclock time:   4.968 s
Simulation speed: 47909.8 cycles/s (47.9098 kHz)
Trace file size:  17685555 B

You can view the simulation traces by calling
$ gtkwave sim.fst

Performance Counters
====================
Cycles:                     238012
Instructions Retired:       121125
LSU Busy:                   11139
Fetch Wait:                 51920
Loads:                      6440
Stores:                     4699
Jumps:                      1911
Conditional Branches:       52363
Taken Conditional Branches: 51916
Compressed Instructions:    0
Multiply Wait:              0
