Program header number 0 in `/workspace/out/cache/b22e0e5aca8c76effb61e55298e6367d6569c761bb779127e2cbfe74a94a14d0/run/program.elf' is not of type PT_LOAD; ignoring.
Program header number 3 in `/workspace/out/cache/b22e0e5aca8c76effb61e55298e6367d6569c761bb779127e2cbfe74a94a14d0/run/program.elf' is not of type PT_LOAD; ignoring.
Simulation of Ibex
==================

Tracing can be toggled by sending SIGUSR1 to this process:
$ kill -USR1 17

Simulation running, end by pressing CTRL-c.
Tracing enabled.
Writing simulation traces to sim.fst
TOP.ibex_simple_system.u_top.u_ibex_tracer.unnamedblk2.unnamedblk3: Writing execution trace to trace_core_00000000.log
Terminating simulation by software request.
- src/lowrisc_ibex_sim_shared_0/rtl/sim/simulator_ctrl.sv:93: Verilog $finish
Received $finish() from Verilog, shutting down simulation.

Simulation statistics
=====================
Executed cycles:  238014
Wallclock time:   5.877 s
Simulation speed: 40499.2 cycles/s (40.4992 kHz)
Trace file size:  17628005 B

You can view the simulation traces by calling
$ gtkwave sim.fst

Performance Counters
====================
Cycles:                     238010
Instructions Retired:       117341
LSU Busy:                   13136
Fetch Wait:                 42767
Loads:                      7439
Stores:                     5697
Jumps:                      1916
Conditional Branches:       43521
Taken Conditional Branches: 42763
Compressed Instructions:    0
Multiply Wait:              934
