Program header number 0 in `/workspace/out/cache/c6d2f38ab291ebbd0da0e6c41453a4ca4fecc1e468a0875e9014552a64d4a305/run/program.elf' is not of type PT_LOAD; ignoring.
Program header number 3 in `/workspace/out/cache/c6d2f38ab291ebbd0da0e6c41453a4ca4fecc1e468a0875e9014552a64d4a305/run/program.elf' is not of type PT_LOAD; ignoring.
Simulation of Ibex
==================

Tracing can be toggled by sending SIGUSR1 to this process:
$ kill -USR1 16

Simulation running, end by pressing CTRL-c.
Tracing enabled.
Writing simulation traces to sim.fst
TOP.ibex_simple_system.u_top.u_ibex_tracer.unnamedblk2.unnamedblk3: Writing execution trace to trace_core_00000000.log
Terminating simulation by software request.
- src/lowrisc_ibex_sim_shared_0/rtl/sim/simulator_ctrl.sv:93: Verilog $finish
Received $finish() from Verilog, shutting down simulation.

Simulation statistics
=====================
Executed cycles:  238012
Wallclock time:   4.788 s
Simulation speed: 49710.1 cycles/s (49.7101 kHz)
Trace file size:  17939821 B

You can view the simulation traces by calling
$ gtkwave sim.fst

Performance Counters
====================
Cycles:                     238008
Instructions Retired:       115294
LSU Busy:                   11139
Fetch Wait:                 44903
Loads:                      6440
Stores:                     4699
Jumps:                      1908
Conditional Branches:       45349
Taken Conditional Branches: 44899
Compressed Instructions:    0
Multiply Wait:              1000
