Program header number 0 in `/workspace/out/cache/686273ea6d9a15d5d8d091d58cd856b317fa90ab9018fb9994581370a486bec6/run/program.elf' is not of type PT_LOAD; ignoring.
Program header number 3 in `/workspace/out/cache/686273ea6d9a15d5d8d091d58cd856b317fa90ab9018fb9994581370a486bec6/run/program.elf' is not of type PT_LOAD; ignoring.
Simulation of Ibex
==================

Tracing can be toggled by sending SIGUSR1 to this process:
$ kill -USR1 17

Simulation running, end by pressing CTRL-c.
Tracing enabled.
Writing simulation traces to sim.fst
TOP.ibex_simple_system.u_top.u_ibex_tracer.unnamedblk2.unnamedblk3: Writing execution trace to trace_core_00000000.log
Terminating simulation by software request.
- src/lowrisc_ibex_sim_shared_0/rtl/sim/simulator_ctrl.sv:93: Verilog $finish
Received $finish() from Verilog, shutting down simulation.

Simulation statistics
=====================
Executed cycles:  238013
Wallclock time:   4.896 s
Simulation speed: 48613.8 cycles/s (48.6138 kHz)
Trace file size:  16629793 B

You can view the simulation traces by calling
$ gtkwave sim.fst

Performance Counters
====================
Cycles:                     238009
Instructions Retired:       107361
LSU Busy:                   12113
Fetch Wait:                 39512
Loads:                      6940
Stores:                     5173
Jumps:                      2050
Conditional Branches:       40100
Taken Conditional Branches: 39508
Compressed Instructions:    0
Multiply Wait:              600
