Program header number 0 in `/workspace/out/cache/4c97e90fa622def5c7967611804173ffebbfbce1fbff7c31ddccf618a8e7d2b1/run/program.elf' is not of type PT_LOAD; ignoring.
Program header number 3 in `/workspace/out/cache/4c97e90fa622def5c7967611804173ffebbfbce1fbff7c31ddccf618a8e7d2b1/run/program.elf' is not of type PT_LOAD; ignoring.
Simulation of Ibex
==================

Tracing can be toggled by sending SIGUSR1 to this process:
$ kill -USR1 18

Simulation running, end by pressing CTRL-c.
Tracing enabled.
Writing simulation traces to sim.fst
TOP.ibex_simple_system.u_top.u_ibex_tracer.unnamedblk2.unnamedblk3: Writing execution trace to trace_core_00000000.log
Terminating simulation by software request.
- src/lowrisc_ibex_sim_shared_0/rtl/sim/simulator_ctrl.sv:93: Verilog $finish
Received $finish() from Verilog, shutting down simulation.

Simulation statistics
=====================
Executed cycles:  238011
Wallclock time:   4.856 s
Simulation speed: 49013.8 cycles/s (49.0138 kHz)
Trace file size:  17892184 B

You can view the simulation traces by calling
$ gtkwave sim.fst

Performance Counters
====================
Cycles:                     238007
Instructions Retired:       125676
LSU Busy:                   12367
Fetch Wait:                 48580
Loads:                      7054
Stores:                     5313
Jumps:                      1919
Conditional Branches:       49035
Taken Conditional Branches: 48576
Compressed Instructions:    0
Multiply Wait:              546
