Program header number 0 in `/workspace/out/cache/47484067718b4ba1ece81452f491a032e3df4927327223ddf5ef1ee234e78337/run/program.elf' is not of type PT_LOAD; ignoring.
Program header number 3 in `/workspace/out/cache/47484067718b4ba1ece81452f491a032e3df4927327223ddf5ef1ee234e78337/run/program.elf' is not of type PT_LOAD; ignoring.
Simulation of Ibex
==================

Tracing can be toggled by sending SIGUSR1 to this process:
$ kill -USR1 18

Simulation running, end by pressing CTRL-c.
Tracing enabled.
Writing simulation traces to sim.fst
TOP.ibex_simple_system.u_top.u_ibex_tracer.unnamedblk2.unnamedblk3: Writing execution trace to trace_core_00000000.log
Terminating simulation by software request.
- src/lowrisc_ibex_sim_shared_0/rtl/sim/simulator_ctrl.sv:93: Verilog $finish
Received $finish() from Verilog, shutting down simulation.

Simulation statistics
=====================
Executed cycles:  238014
Wallclock time:   5.007 s
Simulation speed: 47536.2 cycles/s (47.5362 kHz)
Trace file size:  18141166 B

You can view the simulation traces by calling
$ gtkwave sim.fst

Performance Counters
====================
Cycles:                     238010
Instructions Retired:       124581
LSU Busy:                   11939
Fetch Wait:                 48868
Loads:                      6840
Stores:                     5099
Jumps:                      1909
Conditional Branches:       49315
Taken Conditional Branches: 48864
Compressed Instructions:    0
Multiply Wait:              1848
