Program header number 0 in `/workspace/out/cache/6a8def1715152da00fd9f2f22b17e8d0cf96480128ac5ec99d50970eb453bff8/run/program.elf' is not of type PT_LOAD; ignoring.
Program header number 3 in `/workspace/out/cache/6a8def1715152da00fd9f2f22b17e8d0cf96480128ac5ec99d50970eb453bff8/run/program.elf' is not of type PT_LOAD; ignoring.
Simulation of Ibex
==================

Tracing can be toggled by sending SIGUSR1 to this process:
$ kill -USR1 18

Simulation running, end by pressing CTRL-c.
Tracing enabled.
Writing simulation traces to sim.fst
TOP.ibex_simple_system.u_top.u_ibex_tracer.unnamedblk2.unnamedblk3: Writing execution trace to trace_core_00000000.log
Terminating simulation by software request.
- src/lowrisc_ibex_sim_shared_0/rtl/sim/simulator_ctrl.sv:93: Verilog $finish
Received $finish() from Verilog, shutting down simulation.

Simulation statistics
=====================
Executed cycles:  250004
Wallclock time:   4.785 s
Simulation speed: 52247.4 cycles/s (52.2474 kHz)
Trace file size:  17165355 B

You can view the simulation traces by calling
$ gtkwave sim.fst

Performance Counters
====================
Cycles:                     250000
Instructions Retired:       102289
LSU Busy:                   11139
Fetch Wait:                 38382
Loads:                      6440
Stores:                     4699
Jumps:                      1920
Conditional Branches:       38840
Taken Conditional Branches: 38378
Compressed Instructions:    0
Multiply Wait:              2048
