Program header number 0 in `/workspace/out/cache/78d2af3bf267efd77cf0b34f5f8a8d7dce89c6dd3c81c738c7b976edd5f049a0/run/program.elf' is not of type PT_LOAD; ignoring.
Program header number 3 in `/workspace/out/cache/78d2af3bf267efd77cf0b34f5f8a8d7dce89c6dd3c81c738c7b976edd5f049a0/run/program.elf' is not of type PT_LOAD; ignoring.
Simulation of Ibex
==================

Tracing can be toggled by sending SIGUSR1 to this process:
$ kill -USR1 17

Simulation running, end by pressing CTRL-c.
Tracing enabled.
Writing simulation traces to sim.fst
TOP.ibex_simple_system.u_top.u_ibex_tracer.unnamedblk2.unnamedblk3: Writing execution trace to trace_core_00000000.log
Terminating simulation by software request.
- src/lowrisc_ibex_sim_shared_0/rtl/sim/simulator_ctrl.sv:93: Verilog $finish
Received $finish() from Verilog, shutting down simulation.

Simulation statistics
=====================
Executed cycles:  238012
Wallclock time:   3.873 s
Simulation speed: 61454.2 cycles/s (61.4542 kHz)
Trace file size:  15351247 B

You can view the simulation traces by calling
$ gtkwave sim.fst

Performance Counters
====================
Cycles:                     238008
Instructions Retired:       88709
LSU Busy:                   11139
Fetch Wait:                 31598
Loads:                      6440
Stores:                     4699
Jumps:                      1919
Conditional Branches:       32053
Taken Conditional Branches: 31594
Compressed Instructions:    0
Multiply Wait:              1048
