Program header number 0 in `/workspace/out/cache/e67dc95d3fd33615bb95fe26f139e44f179a937ce6ecc1ff7598582b829a6d1c/run/program.elf' is not of type PT_LOAD; ignoring.
Program header number 3 in `/workspace/out/cache/e67dc95d3fd33615bb95fe26f139e44f179a937ce6ecc1ff7598582b829a6d1c/run/program.elf' is not of type PT_LOAD; ignoring.
Simulation of Ibex
==================

Tracing can be toggled by sending SIGUSR1 to this process:
$ kill -USR1 18

Simulation running, end by pressing CTRL-c.
Tracing enabled.
Writing simulation traces to sim.fst
TOP.ibex_simple_system.u_top.u_ibex_tracer.unnamedblk2.unnamedblk3: Writing execution trace to trace_core_00000000.log
Terminating simulation by software request.
- src/lowrisc_ibex_sim_shared_0/rtl/sim/simulator_ctrl.sv:93: Verilog $finish
Received $finish() from Verilog, shutting down simulation.

Simulation statistics
=====================
Executed cycles:  238013
Wallclock time:   4.977 s
Simulation speed: 47822.6 cycles/s (47.8226 kHz)
Trace file size:  16729023 B

You can view the simulation traces by calling
$ gtkwave sim.fst

Performance Counters
====================
Cycles:                     238009
Instructions Retired:       107341
LSU Busy:                   11639
Fetch Wait:                 40306
Loads:                      6690
Stores:                     4949
Jumps:                      1920
Conditional Branches:       41562
Taken Conditional Branches: 40302
Compressed Instructions:    0
Multiply Wait:              500
