Program header number 0 in `/workspace/out/cache/29562eb28a457d168c233b0a43966f962bead4e3cfb560e226f8792828a56c78/run/program.elf' is not of type PT_LOAD; ignoring.
Program header number 3 in `/workspace/out/cache/29562eb28a457d168c233b0a43966f962bead4e3cfb560e226f8792828a56c78/run/program.elf' is not of type PT_LOAD; ignoring.
Simulation of Ibex
==================

Tracing can be toggled by sending SIGUSR1 to this process:
$ kill -USR1 17

Simulation running, end by pressing CTRL-c.
Tracing enabled.
Writing simulation traces to sim.fst
TOP.ibex_simple_system.u_top.u_ibex_tracer.unnamedblk2.unnamedblk3: Writing execution trace to trace_core_00000000.log
Terminating simulation by software request.
- src/lowrisc_ibex_sim_shared_0/rtl/sim/simulator_ctrl.sv:93: Verilog $finish
Received $finish() from Verilog, shutting down simulation.

Simulation statistics
=====================
Executed cycles:  238013
Wallclock time:   5.786 s
Simulation speed: 41136 cycles/s (41.136 kHz)
Trace file size:  17639735 B

You can view the simulation traces by calling
$ gtkwave sim.fst

Performance Counters
====================
Cycles:                     238009
Instructions Retired:       116131
LSU Busy:                   11835
Fetch Wait:                 45244
Loads:                      6922
Stores:                     4913
Jumps:                      1922
Conditional Branches:       45705
Taken Conditional Branches: 45240
Compressed Instructions:    0
Multiply Wait:              0
