Program header number 0 in `/workspace/out/cache/3ced77e1aa9fddc18851c7e7cbea85e05d955adb0bc92e65c93b8d0dd9760c28/run/program.elf' is not of type PT_LOAD; ignoring.
Program header number 3 in `/workspace/out/cache/3ced77e1aa9fddc18851c7e7cbea85e05d955adb0bc92e65c93b8d0dd9760c28/run/program.elf' is not of type PT_LOAD; ignoring.
Simulation of Ibex
==================

Tracing can be toggled by sending SIGUSR1 to this process:
$ kill -USR1 18

Simulation running, end by pressing CTRL-c.
Tracing enabled.
Writing simulation traces to sim.fst
TOP.ibex_simple_system.u_top.u_ibex_tracer.unnamedblk2.unnamedblk3: Writing execution trace to trace_core_00000000.log
Terminating simulation by software request.
- src/lowrisc_ibex_sim_shared_0/rtl/sim/simulator_ctrl.sv:93: Verilog $finish
Received $finish() from Verilog, shutting down simulation.

Simulation statistics
=====================
Executed cycles:  238011
Wallclock time:   5.221 s
Simulation speed: 45587.2 cycles/s (45.5872 kHz)
Trace file size:  18070889 B

You can view the simulation traces by calling
$ gtkwave sim.fst

Performance Counters
====================
Cycles:                     238007
Instructions Retired:       125812
LSU Busy:                   12035
Fetch Wait:                 48553
Loads:                      6901
Stores:                     5134
Jumps:                      1931
Conditional Branches:       49482
Taken Conditional Branches: 48549
Compressed Instructions:    0
Multiply Wait:              1126
