Program header number 0 in `/workspace/out/cache/c1c2a1c7b6b335b05dcaa4e462f4c63c66cc7aa4c2cea8bbd6f538822aed7dce/run/program.elf' is not of type PT_LOAD; ignoring.
Program header number 3 in `/workspace/out/cache/c1c2a1c7b6b335b05dcaa4e462f4c63c66cc7aa4c2cea8bbd6f538822aed7dce/run/program.elf' is not of type PT_LOAD; ignoring.
Simulation of Ibex
==================

Tracing can be toggled by sending SIGUSR1 to this process:
$ kill -USR1 16

Simulation running, end by pressing CTRL-c.
Tracing enabled.
Writing simulation traces to sim.fst
TOP.ibex_simple_system.u_top.u_ibex_tracer.unnamedblk2.unnamedblk3: Writing execution trace to trace_core_00000000.log
Terminating simulation by software request.
- src/lowrisc_ibex_sim_shared_0/rtl/sim/simulator_ctrl.sv:93: Verilog $finish
Received $finish() from Verilog, shutting down simulation.

Simulation statistics
=====================
Executed cycles:  238012
Wallclock time:   5.513 s
Simulation speed: 43172.9 cycles/s (43.1729 kHz)
Trace file size:  17729749 B

You can view the simulation traces by calling
$ gtkwave sim.fst

Performance Counters
====================
Cycles:                     238008
Instructions Retired:       116039
LSU Busy:                   12163
Fetch Wait:                 43994
Loads:                      6940
Stores:                     5223
Jumps:                      1921
Conditional Branches:       44453
Taken Conditional Branches: 43990
Compressed Instructions:    0
Multiply Wait:              1000
