Program header number 0 in `/workspace/out/cache/43921533d98706a7706012db0dbec7eaaecc5e806e7e6491638834fa6115e86f/run/program.elf' is not of type PT_LOAD; ignoring.
Program header number 3 in `/workspace/out/cache/43921533d98706a7706012db0dbec7eaaecc5e806e7e6491638834fa6115e86f/run/program.elf' is not of type PT_LOAD; ignoring.
Simulation of Ibex
==================

Tracing can be toggled by sending SIGUSR1 to this process:
$ kill -USR1 18

Simulation running, end by pressing CTRL-c.
Tracing enabled.
Writing simulation traces to sim.fst
TOP.ibex_simple_system.u_top.u_ibex_tracer.unnamedblk2.unnamedblk3: Writing execution trace to trace_core_00000000.log
Terminating simulation by software request.
- src/lowrisc_ibex_sim_shared_0/rtl/sim/simulator_ctrl.sv:93: Verilog $finish
Received $finish() from Verilog, shutting down simulation.

Simulation statistics
=====================
Executed cycles:  245807
Wallclock time:   3.948 s
Simulation speed: 62261.1 cycles/s (62.2611 kHz)
Trace file size:  16029128 B

You can view the simulation traces by calling
$ gtkwave sim.fst

Performance Counters
====================
Cycles:                     245803
Instructions Retired:       96754
LSU Busy:                   12755
Fetch Wait:                 33210
Loads:                      7248
Stores:                     5507
Jumps:                      1909
Conditional Branches:       33655
Taken Conditional Branches: 33206
Compressed Instructions:    0
Multiply Wait:              0
