Program header number 0 in `/workspace/out/cache/5c24397839ba3daa6ea8748404a5a65599d25806453e7baed4a7c9f7ba6174be/run/program.elf' is not of type PT_LOAD; ignoring.
Program header number 3 in `/workspace/out/cache/5c24397839ba3daa6ea8748404a5a65599d25806453e7baed4a7c9f7ba6174be/run/program.elf' is not of type PT_LOAD; ignoring.
Simulation of Ibex
==================

Tracing can be toggled by sending SIGUSR1 to this process:
$ kill -USR1 17

Simulation running, end by pressing CTRL-c.
Tracing enabled.
Writing simulation traces to sim.fst
TOP.ibex_simple_system.u_top.u_ibex_tracer.unnamedblk2.unnamedblk3: Writing execution trace to trace_core_00000000.log
Terminating simulation by software request.
- src/lowrisc_ibex_sim_shared_0/rtl/sim/simulator_ctrl.sv:93: Verilog $finish
Received $finish() from Verilog, shutting down simulation.

Simulation statistics
=====================
Executed cycles:  238013
Wallclock time:   4.936 s
Simulation speed: 48219.8 cycles/s (48.2198 kHz)
Trace file size:  18421712 B

You can view the simulation traces by calling
$ gtkwave sim.fst

Performance Counters
====================
Cycles:                     238009
Instructions Retired:       124541
LSU Busy:                   11839
Fetch Wait:                 49723
Loads:                      6890
Stores:                     4949
Jumps:                      1912
Conditional Branches:       50345
Taken Conditional Branches: 49719
Compressed Instructions:    0
Multiply Wait:              274
