Program header number 0 in `/workspace/out/cache/e36fff5b13b3e23054491c578f3512709bbd8c3d303ad31747473402c4c5c110/run/program.elf' is not of type PT_LOAD; ignoring.
Program header number 3 in `/workspace/out/cache/e36fff5b13b3e23054491c578f3512709bbd8c3d303ad31747473402c4c5c110/run/program.elf' is not of type PT_LOAD; ignoring.
Simulation of Ibex
==================

Tracing can be toggled by sending SIGUSR1 to this process:
$ kill -USR1 17

Simulation running, end by pressing CTRL-c.
Tracing enabled.
Writing simulation traces to sim.fst
TOP.ibex_simple_system.u_top.u_ibex_tracer.unnamedblk2.unnamedblk3: Writing execution trace to trace_core_00000000.log
Terminating simulation by software request.
- src/lowrisc_ibex_sim_shared_0/rtl/sim/simulator_ctrl.sv:93: Verilog $finish
Received $finish() from Verilog, shutting down simulation.

Simulation statistics
=====================
Executed cycles:  238015
Wallclock time:   4.525 s
Simulation speed: 52600 cycles/s (52.6 kHz)
Trace file size:  16848501 B

You can view the simulation traces by calling
$ gtkwave sim.fst

Performance Counters
====================
Cycles:                     238011
Instructions Retired:       111383
LSU Busy:                   12010
Fetch Wait:                 42275
Loads:                      6901
Stores:                     5109
Jumps:                      1911
Conditional Branches:       42980
Taken Conditional Branches: 42271
Compressed Instructions:    0
Multiply Wait:              256
