Program header number 0 in `/workspace/out/cache/2d02bbae9a54d5bcaff4aa919dcd71eb98b3bb7406c6a05fcb3bc4176279f430/run/program.elf' is not of type PT_LOAD; ignoring.
Program header number 3 in `/workspace/out/cache/2d02bbae9a54d5bcaff4aa919dcd71eb98b3bb7406c6a05fcb3bc4176279f430/run/program.elf' is not of type PT_LOAD; ignoring.
Simulation of Ibex
==================

Tracing can be toggled by sending SIGUSR1 to this process:
$ kill -USR1 18

Simulation running, end by pressing CTRL-c.
Tracing enabled.
Writing simulation traces to sim.fst
TOP.ibex_simple_system.u_top.u_ibex_tracer.unnamedblk2.unnamedblk3: Writing execution trace to trace_core_00000000.log
Terminating simulation by software request.
- src/lowrisc_ibex_sim_shared_0/rtl/sim/simulator_ctrl.sv:93: Verilog $finish
Received $finish() from Verilog, shutting down simulation.

Simulation statistics
=====================
Executed cycles:  238015
Wallclock time:   4.8 s
Simulation speed: 49586.5 cycles/s (49.5865 kHz)
Trace file size:  17929476 B

You can view the simulation traces by calling
$ gtkwave sim.fst

Performance Counters
====================
Cycles:                     238011
Instructions Retired:       125231
LSU Busy:                   11139
Fetch Wait:                 49863
Loads:                      6440
Stores:                     4699
Jumps:                      1918
Conditional Branches:       50315
Taken Conditional Branches: 49859
Compressed Instructions:    0
Multiply Wait:              0
