Program header number 0 in `/workspace/out/cache/60e9cd6e320fa315acf12c56689a27d2c7520401f92c530abade200c372a5735/run/program.elf' is not of type PT_LOAD; ignoring.
Program header number 3 in `/workspace/out/cache/60e9cd6e320fa315acf12c56689a27d2c7520401f92c530abade200c372a5735/run/program.elf' is not of type PT_LOAD; ignoring.
Simulation of Ibex
==================

Tracing can be toggled by sending SIGUSR1 to this process:
$ kill -USR1 17

Simulation running, end by pressing CTRL-c.
Tracing enabled.
Writing simulation traces to sim.fst
TOP.ibex_simple_system.u_top.u_ibex_tracer.unnamedblk2.unnamedblk3: Writing execution trace to trace_core_00000000.log
Terminating simulation by software request.
- src/lowrisc_ibex_sim_shared_0/rtl/sim/simulator_ctrl.sv:93: Verilog $finish
Received $finish() from Verilog, shutting down simulation.

Simulation statistics
=====================
Executed cycles:  238013
Wallclock time:   4.087 s
Simulation speed: 58236.6 cycles/s (58.2366 kHz)
Trace file size:  15247794 B

You can view the simulation traces by calling
$ gtkwave sim.fst

Performance Counters
====================
Cycles:                     238009
Instructions Retired:       87346
LSU Busy:                   11139
Fetch Wait:                 31941
Loads:                      6440
Stores:                     4699
Jumps:                      1917
Conditional Branches:       32396
Taken Conditional Branches: 31937
Compressed Instructions:    0
Multiply Wait:              0
