Program header number 0 in `/workspace/out/cache/592182a5a8b1d183366f8646c6c2c4f775f1bbd6c279674693a7ac2b0ae0c624/run/program.elf' is not of type PT_LOAD; ignoring.
Program header number 3 in `/workspace/out/cache/592182a5a8b1d183366f8646c6c2c4f775f1bbd6c279674693a7ac2b0ae0c624/run/program.elf' is not of type PT_LOAD; ignoring.
Simulation of Ibex
==================

Tracing can be toggled by sending SIGUSR1 to this process:
$ kill -USR1 17

Simulation running, end by pressing CTRL-c.
Tracing enabled.
Writing simulation traces to sim.fst
TOP.ibex_simple_system.u_top.u_ibex_tracer.unnamedblk2.unnamedblk3: Writing execution trace to trace_core_00000000.log
Terminating simulation by software request.
- src/lowrisc_ibex_sim_shared_0/rtl/sim/simulator_ctrl.sv:93: Verilog $finish
Received $finish() from Verilog, shutting down simulation.

Simulation statistics
=====================
Executed cycles:  238013
Wallclock time:   5.37 s
Simulation speed: 44322.7 cycles/s (44.3227 kHz)
Trace file size:  18221366 B

You can view the simulation traces by calling
$ gtkwave sim.fst

Performance Counters
====================
Cycles:                     238009
Instructions Retired:       125559
LSU Busy:                   11907
Fetch Wait:                 48929
Loads:                      6952
Stores:                     4955
Jumps:                      1920
Conditional Branches:       49771
Taken Conditional Branches: 48925
Compressed Instructions:    0
Multiply Wait:              768
