Program header number 0 in `/workspace/out/cache/af26f0beabb618816b6ca380f3cdda69054eb60b86d0488f42db22403a411e5d/run/program.elf' is not of type PT_LOAD; ignoring.
Program header number 3 in `/workspace/out/cache/af26f0beabb618816b6ca380f3cdda69054eb60b86d0488f42db22403a411e5d/run/program.elf' is not of type PT_LOAD; ignoring.
Simulation of Ibex
==================

Tracing can be toggled by sending SIGUSR1 to this process:
$ kill -USR1 17

Simulation running, end by pressing CTRL-c.
Tracing enabled.
Writing simulation traces to sim.fst
TOP.ibex_simple_system.u_top.u_ibex_tracer.unnamedblk2.unnamedblk3: Writing execution trace to trace_core_00000000.log
Terminating simulation by software request.
- src/lowrisc_ibex_sim_shared_0/rtl/sim/simulator_ctrl.sv:93: Verilog $finish
Received $finish() from Verilog, shutting down simulation.

Simulation statistics
=====================
Executed cycles:  240183
Wallclock time:   4.447 s
Simulation speed: 54010.1 cycles/s (54.0101 kHz)
Trace file size:  15900897 B

You can view the simulation traces by calling
$ gtkwave sim.fst

Performance Counters
====================
Cycles:                     240179
Instructions Retired:       94318
LSU Busy:                   11994
Fetch Wait:                 33110
Loads:                      7025
Stores:                     4969
Jumps:                      1914
Conditional Branches:       33568
Taken Conditional Branches: 33106
Compressed Instructions:    0
Multiply Wait:              0
