Program header number 0 in `/workspace/out/cache/f9a478bfe007a5b6823d1bc6bd5a8ef4d4706a95443ffe75c6599c0f2aba7cab/run/program.elf' is not of type PT_LOAD; ignoring.
Program header number 3 in `/workspace/out/cache/f9a478bfe007a5b6823d1bc6bd5a8ef4d4706a95443ffe75c6599c0f2aba7cab/run/program.elf' is not of type PT_LOAD; ignoring.
Simulation of Ibex
==================

Tracing can be toggled by sending SIGUSR1 to this process:
$ kill -USR1 18

Simulation running, end by pressing CTRL-c.
Tracing enabled.
Writing simulation traces to sim.fst
TOP.ibex_simple_system.u_top.u_ibex_tracer.unnamedblk2.unnamedblk3: Writing execution trace to trace_core_00000000.log
Terminating simulation by software request.
- src/lowrisc_ibex_sim_shared_0/rtl/sim/simulator_ctrl.sv:93: Verilog $finish
Received $finish() from Verilog, shutting down simulation.

Simulation statistics
=====================
Executed cycles:  238013
Wallclock time:   4.612 s
Simulation speed: 51607.3 cycles/s (51.6073 kHz)
Trace file size:  16782556 B

You can view the simulation traces by calling
$ gtkwave sim.fst

Performance Counters
====================
Cycles:                     238009
Instructions Retired:       111660
LSU Busy:                   12207
Fetch Wait:                 41755
Loads:                      6883
Stores:                     5324
Jumps:                      1932
Conditional Branches:       42227
Taken Conditional Branches: 41751
Compressed Instructions:    0
Multiply Wait:              0
