Program header number 0 in `/workspace/out/cache/822959f567a33d7ba37de9ea25223ca82ceb38033d49f32eb9610730ef04e08c/run/program.elf' is not of type PT_LOAD; ignoring.
Program header number 3 in `/workspace/out/cache/822959f567a33d7ba37de9ea25223ca82ceb38033d49f32eb9610730ef04e08c/run/program.elf' is not of type PT_LOAD; ignoring.
Simulation of Ibex
==================

Tracing can be toggled by sending SIGUSR1 to this process:
$ kill -USR1 18

Simulation running, end by pressing CTRL-c.
Tracing enabled.
Writing simulation traces to sim.fst
TOP.ibex_simple_system.u_top.u_ibex_tracer.unnamedblk2.unnamedblk3: Writing execution trace to trace_core_00000000.log
Terminating simulation by software request.
- src/lowrisc_ibex_sim_shared_0/rtl/sim/simulator_ctrl.sv:93: Verilog $finish
Received $finish() from Verilog, shutting down simulation.

Simulation statistics
=====================
Executed cycles:  238013
Wallclock time:   4.696 s
Simulation speed: 50684.2 cycles/s (50.6842 kHz)
Trace file size:  18584166 B

You can view the simulation traces by calling
$ gtkwave sim.fst

Performance Counters
====================
Cycles:                     238009
Instructions Retired:       127023
LSU Busy:                   13187
Fetch Wait:                 47689
Loads:                      7464
Stores:                     5723
Jumps:                      1912
Conditional Branches:       48139
Taken Conditional Branches: 47685
Compressed Instructions:    0
Multiply Wait:              512
