Program header number 0 in `/workspace/out/cache/d94a00b6306f2e6cfc0847c79f02a11a735099f228987187bba72254484feeb6/run/program.elf' is not of type PT_LOAD; ignoring.
Program header number 3 in `/workspace/out/cache/d94a00b6306f2e6cfc0847c79f02a11a735099f228987187bba72254484feeb6/run/program.elf' is not of type PT_LOAD; ignoring.
Simulation of Ibex
==================

Tracing can be toggled by sending SIGUSR1 to this process:
$ kill -USR1 18

Simulation running, end by pressing CTRL-c.
Tracing enabled.
Writing simulation traces to sim.fst
TOP.ibex_simple_system.u_top.u_ibex_tracer.unnamedblk2.unnamedblk3: Writing execution trace to trace_core_00000000.log
Terminating simulation by software request.
- src/lowrisc_ibex_sim_shared_0/rtl/sim/simulator_ctrl.sv:93: Verilog $finish
Received $finish() from Verilog, shutting down simulation.

Simulation statistics
=====================
Executed cycles:  238015
Wallclock time:   5.089 s
Simulation speed: 46770.5 cycles/s (46.7705 kHz)
Trace file size:  18258592 B

You can view the simulation traces by calling
$ gtkwave sim.fst

Performance Counters
====================
Cycles:                     238011
Instructions Retired:       122126
LSU Busy:                   11995
Fetch Wait:                 46990
Loads:                      6868
Stores:                     5127
Jumps:                      1929
Conditional Branches:       47463
Taken Conditional Branches: 46986
Compressed Instructions:    0
Multiply Wait:              3664
