Program header number 0 in `/workspace/out/cache/5e03c476b608827a506ec278658a443b8e2ddad1a83ad5e60bb96e2608e92284/run/program.elf' is not of type PT_LOAD; ignoring.
Program header number 3 in `/workspace/out/cache/5e03c476b608827a506ec278658a443b8e2ddad1a83ad5e60bb96e2608e92284/run/program.elf' is not of type PT_LOAD; ignoring.
Simulation of Ibex
==================

Tracing can be toggled by sending SIGUSR1 to this process:
$ kill -USR1 18

Simulation running, end by pressing CTRL-c.
Tracing enabled.
Writing simulation traces to sim.fst
TOP.ibex_simple_system.u_top.u_ibex_tracer.unnamedblk2.unnamedblk3: Writing execution trace to trace_core_00000000.log
Terminating simulation by software request.
- src/lowrisc_ibex_sim_shared_0/rtl/sim/simulator_ctrl.sv:93: Verilog $finish
Received $finish() from Verilog, shutting down simulation.

Simulation statistics
=====================
Executed cycles:  238012
Wallclock time:   4.675 s
Simulation speed: 50911.7 cycles/s (50.9117 kHz)
Trace file size:  17230476 B

You can view the simulation traces by calling
$ gtkwave sim.fst

Performance Counters
====================
Cycles:                     238008
Instructions Retired:       116654
LSU Busy:                   11806
Fetch Wait:                 44316
Loads:                      6774
Stores:                     5032
Jumps:                      1919
Conditional Branches:       45273
Taken Conditional Branches: 44312
Compressed Instructions:    0
Multiply Wait:              1000
