Program header number 0 in `/workspace/out/cache/04e45224464d7d0d1c534b89c1992132ee6ce07dcdad65152043d105b168d7d0/run/program.elf' is not of type PT_LOAD; ignoring.
Program header number 3 in `/workspace/out/cache/04e45224464d7d0d1c534b89c1992132ee6ce07dcdad65152043d105b168d7d0/run/program.elf' is not of type PT_LOAD; ignoring.
Simulation of Ibex
==================

Tracing can be toggled by sending SIGUSR1 to this process:
$ kill -USR1 17

Simulation running, end by pressing CTRL-c.
Tracing enabled.
Writing simulation traces to sim.fst
TOP.ibex_simple_system.u_top.u_ibex_tracer.unnamedblk2.unnamedblk3: Writing execution trace to trace_core_00000000.log
Terminating simulation by software request.
- src/lowrisc_ibex_sim_shared_0/rtl/sim/simulator_ctrl.sv:93: Verilog $finish
Received $finish() from Verilog, shutting down simulation.

Simulation statistics
=====================
Executed cycles:  238013
Wallclock time:   4.469 s
Simulation speed: 53258.7 cycles/s (53.2587 kHz)
Trace file size:  16841505 B

You can view the simulation traces by calling
$ gtkwave sim.fst

Performance Counters
====================
Cycles:                     238009
Instructions Retired:       109159
LSU Busy:                   11739
Fetch Wait:                 41514
Loads:                      7040
Stores:                     4699
Jumps:                      1919
Conditional Branches:       42173
Taken Conditional Branches: 41510
Compressed Instructions:    0
Multiply Wait:              400
