Program header number 0 in `/workspace/out/cache/31a75aad9f0a7fed1b8d217fd82f416f5605ca1915195f97c1bc94a0098269dd/run/program.elf' is not of type PT_LOAD; ignoring.
Program header number 3 in `/workspace/out/cache/31a75aad9f0a7fed1b8d217fd82f416f5605ca1915195f97c1bc94a0098269dd/run/program.elf' is not of type PT_LOAD; ignoring.
Simulation of Ibex
==================

Tracing can be toggled by sending SIGUSR1 to this process:
$ kill -USR1 18

Simulation running, end by pressing CTRL-c.
Tracing enabled.
Writing simulation traces to sim.fst
TOP.ibex_simple_system.u_top.u_ibex_tracer.unnamedblk2.unnamedblk3: Writing execution trace to trace_core_00000000.log
Terminating simulation by software request.
- src/lowrisc_ibex_sim_shared_0/rtl/sim/simulator_ctrl.sv:93: Verilog $finish
Received $finish() from Verilog, shutting down simulation.

Simulation statistics
=====================
Executed cycles:  238014
Wallclock time:   4.37 s
Simulation speed: 54465.4 cycles/s (54.4654 kHz)
Trace file size:  15875774 B

You can view the simulation traces by calling
$ gtkwave sim.fst

Performance Counters
====================
Cycles:                     238010
Instructions Retired:       96721
LSU Busy:                   11737
Fetch Wait:                 34688
Loads:                      6739
Stores:                     4998
Jumps:                      1929
Conditional Branches:       35155
Taken Conditional Branches: 34684
Compressed Instructions:    0
Multiply Wait:              650
