Program header number 0 in `/workspace/out/cache/89b826eda4987f861315f8f4567dc1c955bc649983c2e61dd898e034efeb4fa5/run/program.elf' is not of type PT_LOAD; ignoring.
Program header number 3 in `/workspace/out/cache/89b826eda4987f861315f8f4567dc1c955bc649983c2e61dd898e034efeb4fa5/run/program.elf' is not of type PT_LOAD; ignoring.
Simulation of Ibex
==================

Tracing can be toggled by sending SIGUSR1 to this process:
$ kill -USR1 16

Simulation running, end by pressing CTRL-c.
Tracing enabled.
Writing simulation traces to sim.fst
TOP.ibex_simple_system.u_top.u_ibex_tracer.unnamedblk2.unnamedblk3: Writing execution trace to trace_core_00000000.log
Terminating simulation by software request.
- src/lowrisc_ibex_sim_shared_0/rtl/sim/simulator_ctrl.sv:93: Verilog $finish
Received $finish() from Verilog, shutting down simulation.

Simulation statistics
=====================
Executed cycles:  238012
Wallclock time:   5.485 s
Simulation speed: 43393.3 cycles/s (43.3933 kHz)
Trace file size:  18025664 B

You can view the simulation traces by calling
$ gtkwave sim.fst

Performance Counters
====================
Cycles:                     238008
Instructions Retired:       125069
LSU Busy:                   11685
Fetch Wait:                 49514
Loads:                      6986
Stores:                     4699
Jumps:                      1921
Conditional Branches:       50171
Taken Conditional Branches: 49510
Compressed Instructions:    0
Multiply Wait:              308
