Program header number 0 in `/workspace/out/cache/8f85e7f457ad138f1c684c0f42c9b45fd0a802e86f7c1897b7ef8383f62ae0bb/run/program.elf' is not of type PT_LOAD; ignoring.
Program header number 3 in `/workspace/out/cache/8f85e7f457ad138f1c684c0f42c9b45fd0a802e86f7c1897b7ef8383f62ae0bb/run/program.elf' is not of type PT_LOAD; ignoring.
Simulation of Ibex
==================

Tracing can be toggled by sending SIGUSR1 to this process:
$ kill -USR1 18

Simulation running, end by pressing CTRL-c.
Tracing enabled.
Writing simulation traces to sim.fst
TOP.ibex_simple_system.u_top.u_ibex_tracer.unnamedblk2.unnamedblk3: Writing execution trace to trace_core_00000000.log
Terminating simulation by software request.
- src/lowrisc_ibex_sim_shared_0/rtl/sim/simulator_ctrl.sv:93: Verilog $finish
Received $finish() from Verilog, shutting down simulation.

Simulation statistics
=====================
Executed cycles:  238011
Wallclock time:   4.735 s
Simulation speed: 50266.3 cycles/s (50.2663 kHz)
Trace file size:  17969703 B

You can view the simulation traces by calling
$ gtkwave sim.fst

Performance Counters
====================
Cycles:                     238007
Instructions Retired:       125967
LSU Busy:                   12213
Fetch Wait:                 48640
Loads:                      6965
Stores:                     5248
Jumps:                      2050
Conditional Branches:       49228
Taken Conditional Branches: 48636
Compressed Instructions:    0
Multiply Wait:              500
