Program header number 0 in `/workspace/out/cache/e056aed849f8f464d8fa00ce9c7598da4975fa255fb90fe2d4fe596842ef7eb3/run/program.elf' is not of type PT_LOAD; ignoring.
Program header number 3 in `/workspace/out/cache/e056aed849f8f464d8fa00ce9c7598da4975fa255fb90fe2d4fe596842ef7eb3/run/program.elf' is not of type PT_LOAD; ignoring.
Simulation of Ibex
==================

Tracing can be toggled by sending SIGUSR1 to this process:
$ kill -USR1 17

Simulation running, end by pressing CTRL-c.
Tracing enabled.
Writing simulation traces to sim.fst
TOP.ibex_simple_system.u_top.u_ibex_tracer.unnamedblk2.unnamedblk3: Writing execution trace to trace_core_00000000.log
Terminating simulation by software request.
- src/lowrisc_ibex_sim_shared_0/rtl/sim/simulator_ctrl.sv:93: Verilog $finish
Received $finish() from Verilog, shutting down simulation.

Simulation statistics
=====================
Executed cycles:  238015
Wallclock time:   4.334 s
Simulation speed: 54918.1 cycles/s (54.9181 kHz)
Trace file size:  15783333 B

You can view the simulation traces by calling
$ gtkwave sim.fst

Performance Counters
====================
Cycles:                     238011
Instructions Retired:       93967
LSU Busy:                   12371
Fetch Wait:                 32771
Loads:                      7656
Stores:                     4715
Jumps:                      1910
Conditional Branches:       33286
Taken Conditional Branches: 32767
Compressed Instructions:    0
Multiply Wait:              0
