Program header number 0 in `/workspace/out/cache/8424e9b13ebc76fb9c779079d9072ef5b2575fb716b8f0a065744490158b6b47/run/program.elf' is not of type PT_LOAD; ignoring.
Program header number 3 in `/workspace/out/cache/8424e9b13ebc76fb9c779079d9072ef5b2575fb716b8f0a065744490158b6b47/run/program.elf' is not of type PT_LOAD; ignoring.
Simulation of Ibex
==================

Tracing can be toggled by sending SIGUSR1 to this process:
$ kill -USR1 19

Simulation running, end by pressing CTRL-c.
Tracing enabled.
Writing simulation traces to sim.fst
TOP.ibex_simple_system.u_top.u_ibex_tracer.unnamedblk2.unnamedblk3: Writing execution trace to trace_core_00000000.log
Terminating simulation by software request.
- src/lowrisc_ibex_sim_shared_0/rtl/sim/simulator_ctrl.sv:93: Verilog $finish
Received $finish() from Verilog, shutting down simulation.

Simulation statistics
=====================
Executed cycles:  238014
Wallclock time:   4.984 s
Simulation speed: 47755.6 cycles/s (47.7556 kHz)
Trace file size:  17858236 B

You can view the simulation traces by calling
$ gtkwave sim.fst

Performance Counters
====================
Cycles:                     238010
Instructions Retired:       123403
LSU Busy:                   11651
Fetch Wait:                 48660
Loads:                      6952
Stores:                     4699
Jumps:                      1927
Conditional Branches:       49303
Taken Conditional Branches: 48656
Compressed Instructions:    0
Multiply Wait:              3712
