Program header number 0 in `/workspace/out/cache/b963d5190311a3576e6ef24e14ad5da9daad9166e7b9d86a5f0c0ca00f9a0949/run/program.elf' is not of type PT_LOAD; ignoring.
Program header number 3 in `/workspace/out/cache/b963d5190311a3576e6ef24e14ad5da9daad9166e7b9d86a5f0c0ca00f9a0949/run/program.elf' is not of type PT_LOAD; ignoring.
Simulation of Ibex
==================

Tracing can be toggled by sending SIGUSR1 to this process:
$ kill -USR1 18

Simulation running, end by pressing CTRL-c.
Tracing enabled.
Writing simulation traces to sim.fst
TOP.ibex_simple_system.u_top.u_ibex_tracer.unnamedblk2.unnamedblk3: Writing execution trace to trace_core_00000000.log
Terminating simulation by software request.
- src/lowrisc_ibex_sim_shared_0/rtl/sim/simulator_ctrl.sv:93: Verilog $finish
Received $finish() from Verilog, shutting down simulation.

Simulation statistics
=====================
Executed cycles:  238012
Wallclock time:   5.029 s
Simulation speed: 47327.9 cycles/s (47.3279 kHz)
Trace file size:  18303996 B

You can view the simulation traces by calling
$ gtkwave sim.fst

Performance Counters
====================
Cycles:                     238008
Instructions Retired:       123152
LSU Busy:                   11780
Fetch Wait:                 48459
Loads:                      6867
Stores:                     4913
Jumps:                      1905
Conditional Branches:       48903
Taken Conditional Branches: 48455
Compressed Instructions:    0
Multiply Wait:              704
