Program header number 0 in `/workspace/out/cache/76b590aa3ef3ed81e6c1ffc7423a28e83aea5d19104c81500b96d9c52ca3f1c7/run/program.elf' is not of type PT_LOAD; ignoring.
Program header number 3 in `/workspace/out/cache/76b590aa3ef3ed81e6c1ffc7423a28e83aea5d19104c81500b96d9c52ca3f1c7/run/program.elf' is not of type PT_LOAD; ignoring.
Simulation of Ibex
==================

Tracing can be toggled by sending SIGUSR1 to this process:
$ kill -USR1 18

Simulation running, end by pressing CTRL-c.
Tracing enabled.
Writing simulation traces to sim.fst
TOP.ibex_simple_system.u_top.u_ibex_tracer.unnamedblk2.unnamedblk3: Writing execution trace to trace_core_00000000.log
Terminating simulation by software request.
- src/lowrisc_ibex_sim_shared_0/rtl/sim/simulator_ctrl.sv:93: Verilog $finish
Received $finish() from Verilog, shutting down simulation.

Simulation statistics
=====================
Executed cycles:  238012
Wallclock time:   4.446 s
Simulation speed: 53534 cycles/s (53.534 kHz)
Trace file size:  16896729 B

You can view the simulation traces by calling
$ gtkwave sim.fst

Performance Counters
====================
Cycles:                     238008
Instructions Retired:       111086
LSU Busy:                   11608
Fetch Wait:                 42629
Loads:                      6909
Stores:                     4699
Jumps:                      1927
Conditional Branches:       43292
Taken Conditional Branches: 42625
Compressed Instructions:    0
Multiply Wait:              308
