Program header number 0 in `/workspace/out/cache/34c3cce817573df72a1ed45ecdba00819cdc28141491152891a3ca4d73b4c23b/run/program.elf' is not of type PT_LOAD; ignoring.
Program header number 3 in `/workspace/out/cache/34c3cce817573df72a1ed45ecdba00819cdc28141491152891a3ca4d73b4c23b/run/program.elf' is not of type PT_LOAD; ignoring.
Simulation of Ibex
==================

Tracing can be toggled by sending SIGUSR1 to this process:
$ kill -USR1 16

Simulation running, end by pressing CTRL-c.
Tracing enabled.
Writing simulation traces to sim.fst
TOP.ibex_simple_system.u_top.u_ibex_tracer.unnamedblk2.unnamedblk3: Writing execution trace to trace_core_00000000.log
Terminating simulation by software request.
- src/lowrisc_ibex_sim_shared_0/rtl/sim/simulator_ctrl.sv:93: Verilog $finish
Received $finish() from Verilog, shutting down simulation.

Simulation statistics
=====================
Executed cycles:  238012
Wallclock time:   4.858 s
Simulation speed: 48993.8 cycles/s (48.9938 kHz)
Trace file size:  18149209 B

You can view the simulation traces by calling
$ gtkwave sim.fst

Performance Counters
====================
Cycles:                     238008
Instructions Retired:       124150
LSU Busy:                   11639
Fetch Wait:                 49465
Loads:                      6690
Stores:                     4949
Jumps:                      1926
Conditional Branches:       49930
Taken Conditional Branches: 49461
Compressed Instructions:    0
Multiply Wait:              1366
