Program header number 0 in `/workspace/out/cache/1e38b669b50702a5a90784e19ad559faaf399d9388acd9c85de6194c31b592ac/run/program.elf' is not of type PT_LOAD; ignoring.
Program header number 3 in `/workspace/out/cache/1e38b669b50702a5a90784e19ad559faaf399d9388acd9c85de6194c31b592ac/run/program.elf' is not of type PT_LOAD; ignoring.
Simulation of Ibex
==================

Tracing can be toggled by sending SIGUSR1 to this process:
$ kill -USR1 19

Simulation running, end by pressing CTRL-c.
Tracing enabled.
Writing simulation traces to sim.fst
TOP.ibex_simple_system.u_top.u_ibex_tracer.unnamedblk2.unnamedblk3: Writing execution trace to trace_core_00000000.log
Terminating simulation by software request.
- src/lowrisc_ibex_sim_shared_0/rtl/sim/simulator_ctrl.sv:93: Verilog $finish
Received $finish() from Verilog, shutting down simulation.

Simulation statistics
=====================
Executed cycles:  238014
Wallclock time:   4.458 s
Simulation speed: 53390.3 cycles/s (53.3903 kHz)
Trace file size:  17394728 B

You can view the simulation traces by calling
$ gtkwave sim.fst

Performance Counters
====================
Cycles:                     238010
Instructions Retired:       115324
LSU Busy:                   11651
Fetch Wait:                 44500
Loads:                      6696
Stores:                     4955
Jumps:                      1898
Conditional Branches:       44939
Taken Conditional Branches: 44496
Compressed Instructions:    0
Multiply Wait:              684
