Program header number 0 in `/workspace/out/cache/3b3f21935e364df3d63801f79ec62887213be0de5dda36893650a1317f2264a1/run/program.elf' is not of type PT_LOAD; ignoring.
Program header number 3 in `/workspace/out/cache/3b3f21935e364df3d63801f79ec62887213be0de5dda36893650a1317f2264a1/run/program.elf' is not of type PT_LOAD; ignoring.
Simulation of Ibex
==================

Tracing can be toggled by sending SIGUSR1 to this process:
$ kill -USR1 18

Simulation running, end by pressing CTRL-c.
Tracing enabled.
Writing simulation traces to sim.fst
TOP.ibex_simple_system.u_top.u_ibex_tracer.unnamedblk2.unnamedblk3: Writing execution trace to trace_core_00000000.log
Terminating simulation by software request.
- src/lowrisc_ibex_sim_shared_0/rtl/sim/simulator_ctrl.sv:93: Verilog $finish
Received $finish() from Verilog, shutting down simulation.

Simulation statistics
=====================
Executed cycles:  238017
Wallclock time:   4.77 s
Simulation speed: 49898.7 cycles/s (49.8987 kHz)
Trace file size:  18236971 B

You can view the simulation traces by calling
$ gtkwave sim.fst

Performance Counters
====================
Cycles:                     238013
Instructions Retired:       125271
LSU Busy:                   11855
Fetch Wait:                 49010
Loads:                      6798
Stores:                     5057
Jumps:                      1914
Conditional Branches:       49463
Taken Conditional Branches: 49006
Compressed Instructions:    0
Multiply Wait:              956
