Program header number 0 in `/workspace/out/cache/981d65d804c844fbddd846fcfdcb3ca1ee0dc96a94d8c5b6230e0bc38d07e660/run/program.elf' is not of type PT_LOAD; ignoring.
Program header number 3 in `/workspace/out/cache/981d65d804c844fbddd846fcfdcb3ca1ee0dc96a94d8c5b6230e0bc38d07e660/run/program.elf' is not of type PT_LOAD; ignoring.
Simulation of Ibex
==================

Tracing can be toggled by sending SIGUSR1 to this process:
$ kill -USR1 17

Simulation running, end by pressing CTRL-c.
Tracing enabled.
Writing simulation traces to sim.fst
TOP.ibex_simple_system.u_top.u_ibex_tracer.unnamedblk2.unnamedblk3: Writing execution trace to trace_core_00000000.log
Terminating simulation by software request.
- src/lowrisc_ibex_sim_shared_0/rtl/sim/simulator_ctrl.sv:93: Verilog $finish
Received $finish() from Verilog, shutting down simulation.

Simulation statistics
=====================
Executed cycles:  238011
Wallclock time:   4.627 s
Simulation speed: 51439.6 cycles/s (51.4396 kHz)
Trace file size:  18145689 B

You can view the simulation traces by calling
$ gtkwave sim.fst

Performance Counters
====================
Cycles:                     238007
Instructions Retired:       109200
LSU Busy:                   11139
Fetch Wait:                 41819
Loads:                      6440
Stores:                     4699
Jumps:                      1922
Conditional Branches:       42287
Taken Conditional Branches: 41815
Compressed Instructions:    0
Multiply Wait:              1416
