Program header number 0 in `/workspace/out/cache/7aab91a9e312df7eb1bf4fc08edb845e0d5b2d13f75991d044d7948be7adadcb/run/program.elf' is not of type PT_LOAD; ignoring.
Program header number 3 in `/workspace/out/cache/7aab91a9e312df7eb1bf4fc08edb845e0d5b2d13f75991d044d7948be7adadcb/run/program.elf' is not of type PT_LOAD; ignoring.
Simulation of Ibex
==================

Tracing can be toggled by sending SIGUSR1 to this process:
$ kill -USR1 17

Simulation running, end by pressing CTRL-c.
Tracing enabled.
Writing simulation traces to sim.fst
TOP.ibex_simple_system.u_top.u_ibex_tracer.unnamedblk2.unnamedblk3: Writing execution trace to trace_core_00000000.log
Terminating simulation by software request.
- src/lowrisc_ibex_sim_shared_0/rtl/sim/simulator_ctrl.sv:93: Verilog $finish
Received $finish() from Verilog, shutting down simulation.

Simulation statistics
=====================
Executed cycles:  238014
Wallclock time:   4.541 s
Simulation speed: 52414.4 cycles/s (52.4144 kHz)
Trace file size:  15324618 B

You can view the simulation traces by calling
$ gtkwave sim.fst

Performance Counters
====================
Cycles:                     238010
Instructions Retired:       88367
LSU Busy:                   11139
Fetch Wait:                 31430
Loads:                      6440
Stores:                     4699
Jumps:                      1919
Conditional Branches:       31883
Taken Conditional Branches: 31426
Compressed Instructions:    0
Multiply Wait:              0
