Program header number 0 in `/workspace/out/cache/4dd37daffdc1467d463304015d583a1439c5db82b0adc75c74cd5e014cade82a/run/program.elf' is not of type PT_LOAD; ignoring.
Program header number 3 in `/workspace/out/cache/4dd37daffdc1467d463304015d583a1439c5db82b0adc75c74cd5e014cade82a/run/program.elf' is not of type PT_LOAD; ignoring.
Simulation of Ibex
==================

Tracing can be toggled by sending SIGUSR1 to this process:
$ kill -USR1 16

Simulation running, end by pressing CTRL-c.
Tracing enabled.
Writing simulation traces to sim.fst
TOP.ibex_simple_system.u_top.u_ibex_tracer.unnamedblk2.unnamedblk3: Writing execution trace to trace_core_00000000.log
Terminating simulation by software request.
- src/lowrisc_ibex_sim_shared_0/rtl/sim/simulator_ctrl.sv:93: Verilog $finish
Received $finish() from Verilog, shutting down simulation.

Simulation statistics
=====================
Executed cycles:  238012
Wallclock time:   4.866 s
Simulation speed: 48913.3 cycles/s (48.9133 kHz)
Trace file size:  18209874 B

You can view the simulation traces by calling
$ gtkwave sim.fst

Performance Counters
====================
Cycles:                     238008
Instructions Retired:       120659
LSU Busy:                   11651
Fetch Wait:                 46764
Loads:                      6696
Stores:                     4955
Jumps:                      1933
Conditional Branches:       47243
Taken Conditional Branches: 46760
Compressed Instructions:    0
Multiply Wait:              1024
