Program header number 0 in `/workspace/out/cache/a43aff0a17f219cf2658de928ffa9bb7e3ccbf2179419ccfd6daea819e6846c8/run/program.elf' is not of type PT_LOAD; ignoring.
Program header number 3 in `/workspace/out/cache/a43aff0a17f219cf2658de928ffa9bb7e3ccbf2179419ccfd6daea819e6846c8/run/program.elf' is not of type PT_LOAD; ignoring.
Simulation of Ibex
==================

Tracing can be toggled by sending SIGUSR1 to this process:
$ kill -USR1 19

Simulation running, end by pressing CTRL-c.
Tracing enabled.
Writing simulation traces to sim.fst
TOP.ibex_simple_system.u_top.u_ibex_tracer.unnamedblk2.unnamedblk3: Writing execution trace to trace_core_00000000.log
Terminating simulation by software request.
- src/lowrisc_ibex_sim_shared_0/rtl/sim/simulator_ctrl.sv:93: Verilog $finish
Received $finish() from Verilog, shutting down simulation.

Simulation statistics
=====================
Executed cycles:  238015
Wallclock time:   4.704 s
Simulation speed: 50598.4 cycles/s (50.5984 kHz)
Trace file size:  16985862 B

You can view the simulation traces by calling
$ gtkwave sim.fst

Performance Counters
====================
Cycles:                     238011
Instructions Retired:       111739
LSU Busy:                   11669
Fetch Wait:                 42777
Loads:                      6970
Stores:                     4699
Jumps:                      1914
Conditional Branches:       43379
Taken Conditional Branches: 42773
Compressed Instructions:    0
Multiply Wait:              2030
