Program header number 0 in `/workspace/out/cache/3320a4b0522c85cad97ea830ab2ac3d204b72dd8307c75e165b0fe8df16880a6/run/program.elf' is not of type PT_LOAD; ignoring.
Program header number 3 in `/workspace/out/cache/3320a4b0522c85cad97ea830ab2ac3d204b72dd8307c75e165b0fe8df16880a6/run/program.elf' is not of type PT_LOAD; ignoring.
Simulation of Ibex
==================

Tracing can be toggled by sending SIGUSR1 to this process:
$ kill -USR1 17

Simulation running, end by pressing CTRL-c.
Tracing enabled.
Writing simulation traces to sim.fst
TOP.ibex_simple_system.u_top.u_ibex_tracer.unnamedblk2.unnamedblk3: Writing execution trace to trace_core_00000000.log
Terminating simulation by software request.
- src/lowrisc_ibex_sim_shared_0/rtl/sim/simulator_ctrl.sv:93: Verilog $finish
Received $finish() from Verilog, shutting down simulation.

Simulation statistics
=====================
Executed cycles:  238015
Wallclock time:   5.168 s
Simulation speed: 46055.5 cycles/s (46.0555 kHz)
Trace file size:  18539436 B

You can view the simulation traces by calling
$ gtkwave sim.fst

Performance Counters
====================
Cycles:                     238011
Instructions Retired:       124694
LSU Busy:                   11916
Fetch Wait:                 49547
Loads:                      6832
Stores:                     5084
Jumps:                      1918
Conditional Branches:       50544
Taken Conditional Branches: 49543
Compressed Instructions:    0
Multiply Wait:              392
