Program header number 0 in `/workspace/out/cache/e3c1b3b201efc42013b950074d83bd20c2d829743f142eda0100280bf54a6371/run/program.elf' is not of type PT_LOAD; ignoring.
Program header number 3 in `/workspace/out/cache/e3c1b3b201efc42013b950074d83bd20c2d829743f142eda0100280bf54a6371/run/program.elf' is not of type PT_LOAD; ignoring.
Simulation of Ibex
==================

Tracing can be toggled by sending SIGUSR1 to this process:
$ kill -USR1 16

Simulation running, end by pressing CTRL-c.
Tracing enabled.
Writing simulation traces to sim.fst
TOP.ibex_simple_system.u_top.u_ibex_tracer.unnamedblk2.unnamedblk3: Writing execution trace to trace_core_00000000.log
Terminating simulation by software request.
- src/lowrisc_ibex_sim_shared_0/rtl/sim/simulator_ctrl.sv:93: Verilog $finish
Received $finish() from Verilog, shutting down simulation.

Simulation statistics
=====================
Executed cycles:  238013
Wallclock time:   4.96 s
Simulation speed: 47986.5 cycles/s (47.9865 kHz)
Trace file size:  17430051 B

You can view the simulation traces by calling
$ gtkwave sim.fst

Performance Counters
====================
Cycles:                     238009
Instructions Retired:       112270
LSU Busy:                   12408
Fetch Wait:                 41570
Loads:                      7166
Stores:                     5242
Jumps:                      1904
Conditional Branches:       42215
Taken Conditional Branches: 41566
Compressed Instructions:    0
Multiply Wait:              620
