Program header number 0 in `/workspace/out/cache/417ccbbef9928a96744a3c63e71232eed6c174b5853a2ab9f6479844610879ce/run/program.elf' is not of type PT_LOAD; ignoring.
Program header number 3 in `/workspace/out/cache/417ccbbef9928a96744a3c63e71232eed6c174b5853a2ab9f6479844610879ce/run/program.elf' is not of type PT_LOAD; ignoring.
Simulation of Ibex
==================

Tracing can be toggled by sending SIGUSR1 to this process:
$ kill -USR1 18

Simulation running, end by pressing CTRL-c.
Tracing enabled.
Writing simulation traces to sim.fst
TOP.ibex_simple_system.u_top.u_ibex_tracer.unnamedblk2.unnamedblk3: Writing execution trace to trace_core_00000000.log
Terminating simulation by software request.
- src/lowrisc_ibex_sim_shared_0/rtl/sim/simulator_ctrl.sv:93: Verilog $finish
Received $finish() from Verilog, shutting down simulation.

Simulation statistics
=====================
Executed cycles:  238015
Wallclock time:   4.578 s
Simulation speed: 51991 cycles/s (51.991 kHz)
Trace file size:  16919299 B

You can view the simulation traces by calling
$ gtkwave sim.fst

Performance Counters
====================
Cycles:                     238011
Instructions Retired:       106737
LSU Busy:                   11969
Fetch Wait:                 39442
Loads:                      7010
Stores:                     4959
Jumps:                      1904
Conditional Branches:       39890
Taken Conditional Branches: 39438
Compressed Instructions:    0
Multiply Wait:              0
