Program header number 0 in `/workspace/out/cache/ed1b96855be1c91aee7b766ee2144b6486557d3954f32f1146fe88f327bed70a/run/program.elf' is not of type PT_LOAD; ignoring.
Program header number 3 in `/workspace/out/cache/ed1b96855be1c91aee7b766ee2144b6486557d3954f32f1146fe88f327bed70a/run/program.elf' is not of type PT_LOAD; ignoring.
Simulation of Ibex
==================

Tracing can be toggled by sending SIGUSR1 to this process:
$ kill -USR1 17

Simulation running, end by pressing CTRL-c.
Tracing enabled.
Writing simulation traces to sim.fst
TOP.ibex_simple_system.u_top.u_ibex_tracer.unnamedblk2.unnamedblk3: Writing execution trace to trace_core_00000000.log
Terminating simulation by software request.
- src/lowrisc_ibex_sim_shared_0/rtl/sim/simulator_ctrl.sv:93: Verilog $finish
Received $finish() from Verilog, shutting down simulation.

Simulation statistics
=====================
Executed cycles:  238015
Wallclock time:   4.982 s
Simulation speed: 47775 cycles/s (47.775 kHz)
Trace file size:  17772109 B

You can view the simulation traces by calling
$ gtkwave sim.fst

Performance Counters
====================
Cycles:                     238011
Instructions Retired:       127967
LSU Busy:                   14555
Fetch Wait:                 46787
Loads:                      8148
Stores:                     6407
Jumps:                      1918
Conditional Branches:       47239
Taken Conditional Branches: 46783
Compressed Instructions:    0
Multiply Wait:              0
