Program header number 0 in `/workspace/out/cache/bd441e6e548bdd380688400c8b68fc44d9be80753fb68716e3fdd4bac1697237/run/program.elf' is not of type PT_LOAD; ignoring.
Program header number 3 in `/workspace/out/cache/bd441e6e548bdd380688400c8b68fc44d9be80753fb68716e3fdd4bac1697237/run/program.elf' is not of type PT_LOAD; ignoring.
Simulation of Ibex
==================

Tracing can be toggled by sending SIGUSR1 to this process:
$ kill -USR1 17

Simulation running, end by pressing CTRL-c.
Tracing enabled.
Writing simulation traces to sim.fst
TOP.ibex_simple_system.u_top.u_ibex_tracer.unnamedblk2.unnamedblk3: Writing execution trace to trace_core_00000000.log
Terminating simulation by software request.
- src/lowrisc_ibex_sim_shared_0/rtl/sim/simulator_ctrl.sv:93: Verilog $finish
Received $finish() from Verilog, shutting down simulation.

Simulation statistics
=====================
Executed cycles:  238011
Wallclock time:   5.796 s
Simulation speed: 41064.7 cycles/s (41.0647 kHz)
Trace file size:  17697216 B

You can view the simulation traces by calling
$ gtkwave sim.fst

Performance Counters
====================
Cycles:                     238007
Instructions Retired:       124163
LSU Busy:                   11139
Fetch Wait:                 49391
Loads:                      6440
Stores:                     4699
Jumps:                      1878
Conditional Branches:       49803
Taken Conditional Branches: 49387
Compressed Instructions:    0
Multiply Wait:              0
