Program header number 0 in `/workspace/out/cache/1894732ecc839679cf9dcca969656d1e95234afadf91492f4c8cf853e5be1e34/run/program.elf' is not of type PT_LOAD; ignoring.
Program header number 3 in `/workspace/out/cache/1894732ecc839679cf9dcca969656d1e95234afadf91492f4c8cf853e5be1e34/run/program.elf' is not of type PT_LOAD; ignoring.
Simulation of Ibex
==================

Tracing can be toggled by sending SIGUSR1 to this process:
$ kill -USR1 17

Simulation running, end by pressing CTRL-c.
Tracing enabled.
Writing simulation traces to sim.fst
TOP.ibex_simple_system.u_top.u_ibex_tracer.unnamedblk2.unnamedblk3: Writing execution trace to trace_core_00000000.log
Terminating simulation by software request.
- src/lowrisc_ibex_sim_shared_0/rtl/sim/simulator_ctrl.sv:93: Verilog $finish
Received $finish() from Verilog, shutting down simulation.

Simulation statistics
=====================
Executed cycles:  238014
Wallclock time:   5.172 s
Simulation speed: 46019.7 cycles/s (46.0197 kHz)
Trace file size:  18095471 B

You can view the simulation traces by calling
$ gtkwave sim.fst

Performance Counters
====================
Cycles:                     238010
Instructions Retired:       124201
LSU Busy:                   11139
Fetch Wait:                 49356
Loads:                      6440
Stores:                     4699
Jumps:                      1913
Conditional Branches:       49803
Taken Conditional Branches: 49352
Compressed Instructions:    0
Multiply Wait:              0
