Program header number 0 in `/workspace/out/cache/b5f95d47c2433d478a93d8353e6fed34b6eb0415620ed08327994374d18f70b8/run/program.elf' is not of type PT_LOAD; ignoring.
Program header number 3 in `/workspace/out/cache/b5f95d47c2433d478a93d8353e6fed34b6eb0415620ed08327994374d18f70b8/run/program.elf' is not of type PT_LOAD; ignoring.
Simulation of Ibex
==================

Tracing can be toggled by sending SIGUSR1 to this process:
$ kill -USR1 17

Simulation running, end by pressing CTRL-c.
Tracing enabled.
Writing simulation traces to sim.fst
TOP.ibex_simple_system.u_top.u_ibex_tracer.unnamedblk2.unnamedblk3: Writing execution trace to trace_core_00000000.log
Terminating simulation by software request.
- src/lowrisc_ibex_sim_shared_0/rtl/sim/simulator_ctrl.sv:93: Verilog $finish
Received $finish() from Verilog, shutting down simulation.

Simulation statistics
=====================
Executed cycles:  238012
Wallclock time:   5.076 s
Simulation speed: 46889.7 cycles/s (46.8897 kHz)
Trace file size:  17825480 B

You can view the simulation traces by calling
$ gtkwave sim.fst

Performance Counters
====================
Cycles:                     238008
Instructions Retired:       122993
LSU Busy:                   12361
Fetch Wait:                 47007
Loads:                      7051
Stores:                     5310
Jumps:                      1933
Conditional Branches:       47478
Taken Conditional Branches: 47003
Compressed Instructions:    0
Multiply Wait:              850
