Program header number 0 in `/workspace/out/cache/df8082ef358d190eee4c12d49c69c1562dea4f878f217d23683ecf53a8790099/run/program.elf' is not of type PT_LOAD; ignoring.
Program header number 3 in `/workspace/out/cache/df8082ef358d190eee4c12d49c69c1562dea4f878f217d23683ecf53a8790099/run/program.elf' is not of type PT_LOAD; ignoring.
Simulation of Ibex
==================

Tracing can be toggled by sending SIGUSR1 to this process:
$ kill -USR1 17

Simulation running, end by pressing CTRL-c.
Tracing enabled.
Writing simulation traces to sim.fst
TOP.ibex_simple_system.u_top.u_ibex_tracer.unnamedblk2.unnamedblk3: Writing execution trace to trace_core_00000000.log
Terminating simulation by software request.
- src/lowrisc_ibex_sim_shared_0/rtl/sim/simulator_ctrl.sv:93: Verilog $finish
Received $finish() from Verilog, shutting down simulation.

Simulation statistics
=====================
Executed cycles:  238014
Wallclock time:   4.831 s
Simulation speed: 49268.1 cycles/s (49.2681 kHz)
Trace file size:  17662300 B

You can view the simulation traces by calling
$ gtkwave sim.fst

Performance Counters
====================
Cycles:                     238010
Instructions Retired:       123344
LSU Busy:                   11139
Fetch Wait:                 50806
Loads:                      6440
Stores:                     4699
Jumps:                      1918
Conditional Branches:       52731
Taken Conditional Branches: 50802
Compressed Instructions:    0
Multiply Wait:              0
