Program header number 0 in `/workspace/out/cache/9e1fe982ed0d0376604c0c4f51aa55d5552619d1a7b27cc22866f65622623f24/run/program.elf' is not of type PT_LOAD; ignoring.
Program header number 3 in `/workspace/out/cache/9e1fe982ed0d0376604c0c4f51aa55d5552619d1a7b27cc22866f65622623f24/run/program.elf' is not of type PT_LOAD; ignoring.
Simulation of Ibex
==================

Tracing can be toggled by sending SIGUSR1 to this process:
$ kill -USR1 18

Simulation running, end by pressing CTRL-c.
Tracing enabled.
Writing simulation traces to sim.fst
TOP.ibex_simple_system.u_top.u_ibex_tracer.unnamedblk2.unnamedblk3: Writing execution trace to trace_core_00000000.log
Terminating simulation by software request.
- src/lowrisc_ibex_sim_shared_0/rtl/sim/simulator_ctrl.sv:93: Verilog $finish
Received $finish() from Verilog, shutting down simulation.

Simulation statistics
=====================
Executed cycles:  238016
Wallclock time:   5.267 s
Simulation speed: 45190.1 cycles/s (45.1901 kHz)
Trace file size:  17501366 B

You can view the simulation traces by calling
$ gtkwave sim.fst

Performance Counters
====================
Cycles:                     238012
Instructions Retired:       117170
LSU Busy:                   12504
Fetch Wait:                 43708
Loads:                      6940
Stores:                     5564
Jumps:                      1925
Conditional Branches:       44537
Taken Conditional Branches: 43704
Compressed Instructions:    0
Multiply Wait:              1000
