Program header number 0 in `/workspace/out/cache/c8e3bff95f2eabb4883d5720d4eb0c667d1b6bd80699647187bcf6cf015fac5f/run/program.elf' is not of type PT_LOAD; ignoring.
Program header number 3 in `/workspace/out/cache/c8e3bff95f2eabb4883d5720d4eb0c667d1b6bd80699647187bcf6cf015fac5f/run/program.elf' is not of type PT_LOAD; ignoring.
Simulation of Ibex
==================

Tracing can be toggled by sending SIGUSR1 to this process:
$ kill -USR1 17

Simulation running, end by pressing CTRL-c.
Tracing enabled.
Writing simulation traces to sim.fst
TOP.ibex_simple_system.u_top.u_ibex_tracer.unnamedblk2.unnamedblk3: Writing execution trace to trace_core_00000000.log
Terminating simulation by software request.
- src/lowrisc_ibex_sim_shared_0/rtl/sim/simulator_ctrl.sv:93: Verilog $finish
Received $finish() from Verilog, shutting down simulation.

Simulation statistics
=====================
Executed cycles:  238014
Wallclock time:   4.45 s
Simulation speed: 53486.3 cycles/s (53.4863 kHz)
Trace file size:  15826947 B

You can view the simulation traces by calling
$ gtkwave sim.fst

Performance Counters
====================
Cycles:                     238010
Instructions Retired:       88385
LSU Busy:                   11139
Fetch Wait:                 31441
Loads:                      6440
Stores:                     4699
Jumps:                      1914
Conditional Branches:       31893
Taken Conditional Branches: 31437
Compressed Instructions:    0
Multiply Wait:              0
