Program header number 0 in `/workspace/out/cache/f1f87833d1cb5572370fe4eeb63bfdc7a11256a3dfbd33ccb89e723496b65665/run/program.elf' is not of type PT_LOAD; ignoring.
Program header number 3 in `/workspace/out/cache/f1f87833d1cb5572370fe4eeb63bfdc7a11256a3dfbd33ccb89e723496b65665/run/program.elf' is not of type PT_LOAD; ignoring.
Simulation of Ibex
==================

Tracing can be toggled by sending SIGUSR1 to this process:
$ kill -USR1 17

Simulation running, end by pressing CTRL-c.
Tracing enabled.
Writing simulation traces to sim.fst
TOP.ibex_simple_system.u_top.u_ibex_tracer.unnamedblk2.unnamedblk3: Writing execution trace to trace_core_00000000.log
Terminating simulation by software request.
- src/lowrisc_ibex_sim_shared_0/rtl/sim/simulator_ctrl.sv:93: Verilog $finish
Received $finish() from Verilog, shutting down simulation.

Simulation statistics
=====================
Executed cycles:  238015
Wallclock time:   4.365 s
Simulation speed: 54528.1 cycles/s (54.5281 kHz)
Trace file size:  17563880 B

You can view the simulation traces by calling
$ gtkwave sim.fst

Performance Counters
====================
Cycles:                     238011
Instructions Retired:       115523
LSU Busy:                   12408
Fetch Wait:                 43359
Loads:                      7339
Stores:                     5069
Jumps:                      1917
Conditional Branches:       44034
Taken Conditional Branches: 43355
Compressed Instructions:    0
Multiply Wait:              398
