Program header number 0 in `/workspace/out/cache/8911a485b00f6361c23581de58962c7dc55a1dd136c487432dd33fcb73461f05/run/program.elf' is not of type PT_LOAD; ignoring.
Program header number 3 in `/workspace/out/cache/8911a485b00f6361c23581de58962c7dc55a1dd136c487432dd33fcb73461f05/run/program.elf' is not of type PT_LOAD; ignoring.
Simulation of Ibex
==================

Tracing can be toggled by sending SIGUSR1 to this process:
$ kill -USR1 18

Simulation running, end by pressing CTRL-c.
Tracing enabled.
Writing simulation traces to sim.fst
TOP.ibex_simple_system.u_top.u_ibex_tracer.unnamedblk2.unnamedblk3: Writing execution trace to trace_core_00000000.log
Terminating simulation by software request.
- src/lowrisc_ibex_sim_shared_0/rtl/sim/simulator_ctrl.sv:93: Verilog $finish
Received $finish() from Verilog, shutting down simulation.

Simulation statistics
=====================
Executed cycles:  238013
Wallclock time:   4.985 s
Simulation speed: 47745.8 cycles/s (47.7458 kHz)
Trace file size:  17970347 B

You can view the simulation traces by calling
$ gtkwave sim.fst

Performance Counters
====================
Cycles:                     238009
Instructions Retired:       123309
LSU Busy:                   11139
Fetch Wait:                 50823
Loads:                      6440
Stores:                     4699
Jumps:                      1918
Conditional Branches:       52725
Taken Conditional Branches: 50819
Compressed Instructions:    0
Multiply Wait:              0
