Program header number 0 in `/workspace/out/cache/4180734c1963c84980dfb9e93261d5f47674cd1b452c44956662b74f90033401/run/program.elf' is not of type PT_LOAD; ignoring.
Program header number 3 in `/workspace/out/cache/4180734c1963c84980dfb9e93261d5f47674cd1b452c44956662b74f90033401/run/program.elf' is not of type PT_LOAD; ignoring.
Simulation of Ibex
==================

Tracing can be toggled by sending SIGUSR1 to this process:
$ kill -USR1 18

Simulation running, end by pressing CTRL-c.
Tracing enabled.
Writing simulation traces to sim.fst
TOP.ibex_simple_system.u_top.u_ibex_tracer.unnamedblk2.unnamedblk3: Writing execution trace to trace_core_00000000.log
Terminating simulation by software request.
- src/lowrisc_ibex_sim_shared_0/rtl/sim/simulator_ctrl.sv:93: Verilog $finish
Received $finish() from Verilog, shutting down simulation.

Simulation statistics
=====================
Executed cycles:  238014
Wallclock time:   4.596 s
Simulation speed: 51787.2 cycles/s (51.7872 kHz)
Trace file size:  17468815 B

You can view the simulation traces by calling
$ gtkwave sim.fst

Performance Counters
====================
Cycles:                     238010
Instructions Retired:       118140
LSU Busy:                   12323
Fetch Wait:                 44913
Loads:                      7068
Stores:                     5255
Jumps:                      1900
Conditional Branches:       45860
Taken Conditional Branches: 44909
Compressed Instructions:    0
Multiply Wait:              2864
