Program header number 0 in `/workspace/out/cache/b6292e19e69ad6990765aa43515b55799bd98bf61c253f9fee202f85756ee09c/run/program.elf' is not of type PT_LOAD; ignoring.
Program header number 3 in `/workspace/out/cache/b6292e19e69ad6990765aa43515b55799bd98bf61c253f9fee202f85756ee09c/run/program.elf' is not of type PT_LOAD; ignoring.
Simulation of Ibex
==================

Tracing can be toggled by sending SIGUSR1 to this process:
$ kill -USR1 17

Simulation running, end by pressing CTRL-c.
Tracing enabled.
Writing simulation traces to sim.fst
TOP.ibex_simple_system.u_top.u_ibex_tracer.unnamedblk2.unnamedblk3: Writing execution trace to trace_core_00000000.log
Terminating simulation by software request.
- src/lowrisc_ibex_sim_shared_0/rtl/sim/simulator_ctrl.sv:93: Verilog $finish
Received $finish() from Verilog, shutting down simulation.

Simulation statistics
=====================
Executed cycles:  238012
Wallclock time:   5.306 s
Simulation speed: 44857.1 cycles/s (44.8571 kHz)
Trace file size:  17771343 B

You can view the simulation traces by calling
$ gtkwave sim.fst

Performance Counters
====================
Cycles:                     238008
Instructions Retired:       123176
LSU Busy:                   11139
Fetch Wait:                 48841
Loads:                      6440
Stores:                     4699
Jumps:                      1918
Conditional Branches:       49291
Taken Conditional Branches: 48837
Compressed Instructions:    0
Multiply Wait:              0
