Program header number 0 in `/workspace/out/cache/4e19473401a8c9418bea38ad26845bb2033014d1e1edd6a45b43852af8954495/run/program.elf' is not of type PT_LOAD; ignoring.
Program header number 3 in `/workspace/out/cache/4e19473401a8c9418bea38ad26845bb2033014d1e1edd6a45b43852af8954495/run/program.elf' is not of type PT_LOAD; ignoring.
Simulation of Ibex
==================

Tracing can be toggled by sending SIGUSR1 to this process:
$ kill -USR1 16

Simulation running, end by pressing CTRL-c.
Tracing enabled.
Writing simulation traces to sim.fst
TOP.ibex_simple_system.u_top.u_ibex_tracer.unnamedblk2.unnamedblk3: Writing execution trace to trace_core_00000000.log
Terminating simulation by software request.
- src/lowrisc_ibex_sim_shared_0/rtl/sim/simulator_ctrl.sv:93: Verilog $finish
Received $finish() from Verilog, shutting down simulation.

Simulation statistics
=====================
Executed cycles:  238012
Wallclock time:   5.131 s
Simulation speed: 46387.1 cycles/s (46.3871 kHz)
Trace file size:  17319275 B

You can view the simulation traces by calling
$ gtkwave sim.fst

Performance Counters
====================
Cycles:                     238008
Instructions Retired:       113863
LSU Busy:                   11139
Fetch Wait:                 45072
Loads:                      6440
Stores:                     4699
Jumps:                      1873
Conditional Branches:       45611
Taken Conditional Branches: 45068
Compressed Instructions:    0
Multiply Wait:              2048
