Program header number 0 in `/workspace/out/cache/dc6ece0a9e45a62f86b750cdc68cb343f65e0801fa394a40066448f9a24f3a14/run/program.elf' is not of type PT_LOAD; ignoring.
Program header number 3 in `/workspace/out/cache/dc6ece0a9e45a62f86b750cdc68cb343f65e0801fa394a40066448f9a24f3a14/run/program.elf' is not of type PT_LOAD; ignoring.
Simulation of Ibex
==================

Tracing can be toggled by sending SIGUSR1 to this process:
$ kill -USR1 17

Simulation running, end by pressing CTRL-c.
Tracing enabled.
Writing simulation traces to sim.fst
TOP.ibex_simple_system.u_top.u_ibex_tracer.unnamedblk2.unnamedblk3: Writing execution trace to trace_core_00000000.log
Terminating simulation by software request.
- src/lowrisc_ibex_sim_shared_0/rtl/sim/simulator_ctrl.sv:93: Verilog $finish
Received $finish() from Verilog, shutting down simulation.

Simulation statistics
=====================
Executed cycles:  238015
Wallclock time:   4.416 s
Simulation speed: 53898.3 cycles/s (53.8983 kHz)
Trace file size:  16584856 B

You can view the simulation traces by calling
$ gtkwave sim.fst

Performance Counters
====================
Cycles:                     238011
Instructions Retired:       102853
LSU Busy:                   11969
Fetch Wait:                 37494
Loads:                      7010
Stores:                     4959
Jumps:                      1908
Conditional Branches:       37946
Taken Conditional Branches: 37490
Compressed Instructions:    0
Multiply Wait:              0
