Program header number 0 in `/workspace/out/cache/959c9c6019650297330f2badcd60d87775064a161e74bd96a9bf050f5dca7ca4/run/program.elf' is not of type PT_LOAD; ignoring.
Program header number 3 in `/workspace/out/cache/959c9c6019650297330f2badcd60d87775064a161e74bd96a9bf050f5dca7ca4/run/program.elf' is not of type PT_LOAD; ignoring.
Simulation of Ibex
==================

Tracing can be toggled by sending SIGUSR1 to this process:
$ kill -USR1 18

Simulation running, end by pressing CTRL-c.
Tracing enabled.
Writing simulation traces to sim.fst
TOP.ibex_simple_system.u_top.u_ibex_tracer.unnamedblk2.unnamedblk3: Writing execution trace to trace_core_00000000.log
Terminating simulation by software request.
- src/lowrisc_ibex_sim_shared_0/rtl/sim/simulator_ctrl.sv:93: Verilog $finish
Received $finish() from Verilog, shutting down simulation.

Simulation statistics
=====================
Executed cycles:  238014
Wallclock time:   4.935 s
Simulation speed: 48229.8 cycles/s (48.2298 kHz)
Trace file size:  18148562 B

You can view the simulation traces by calling
$ gtkwave sim.fst

Performance Counters
====================
Cycles:                     238010
Instructions Retired:       123198
LSU Busy:                   11139
Fetch Wait:                 48828
Loads:                      6440
Stores:                     4699
Jumps:                      1928
Conditional Branches:       49292
Taken Conditional Branches: 48824
Compressed Instructions:    0
Multiply Wait:              4092
