Program header number 0 in `/workspace/out/cache/817d838a8085843ea320c5aa3e019d07aa8b0ede8864c347bc4ac5bb9ebf4710/run/program.elf' is not of type PT_LOAD; ignoring.
Program header number 3 in `/workspace/out/cache/817d838a8085843ea320c5aa3e019d07aa8b0ede8864c347bc4ac5bb9ebf4710/run/program.elf' is not of type PT_LOAD; ignoring.
Simulation of Ibex
==================

Tracing can be toggled by sending SIGUSR1 to this process:
$ kill -USR1 17

Simulation running, end by pressing CTRL-c.
Tracing enabled.
Writing simulation traces to sim.fst
TOP.ibex_simple_system.u_top.u_ibex_tracer.unnamedblk2.unnamedblk3: Writing execution trace to trace_core_00000000.log
Terminating simulation by software request.
- src/lowrisc_ibex_sim_shared_0/rtl/sim/simulator_ctrl.sv:93: Verilog $finish
Received $finish() from Verilog, shutting down simulation.

Simulation statistics
=====================
Executed cycles:  238012
Wallclock time:   2.523 s
Simulation speed: 94336.9 cycles/s (94.3369 kHz)
Trace file size:  12303236 B

You can view the simulation traces by calling
$ gtkwave sim.fst

Performance Counters
====================
Cycles:                     238008
Instructions Retired:       51524
LSU Busy:                   11139
Fetch Wait:                 12979
Loads:                      6440
Stores:                     4699
Jumps:                      1934
Conditional Branches:       13451
Taken Conditional Branches: 12975
Compressed Instructions:    0
Multiply Wait:              0
