Program header number 0 in `/workspace/out/cache/b5d754599a0599ca8afd4dbf265e059c5245f7890e3ddb434d2609adb4a39377/run/program.elf' is not of type PT_LOAD; ignoring.
Program header number 3 in `/workspace/out/cache/b5d754599a0599ca8afd4dbf265e059c5245f7890e3ddb434d2609adb4a39377/run/program.elf' is not of type PT_LOAD; ignoring.
Simulation of Ibex
==================

Tracing can be toggled by sending SIGUSR1 to this process:
$ kill -USR1 18

Simulation running, end by pressing CTRL-c.
Tracing enabled.
Writing simulation traces to sim.fst
TOP.ibex_simple_system.u_top.u_ibex_tracer.unnamedblk2.unnamedblk3: Writing execution trace to trace_core_00000000.log
Terminating simulation by software request.
- src/lowrisc_ibex_sim_shared_0/rtl/sim/simulator_ctrl.sv:93: Verilog $finish
Received $finish() from Verilog, shutting down simulation.

Simulation statistics
=====================
Executed cycles:  238013
Wallclock time:   4.694 s
Simulation speed: 50705.8 cycles/s (50.7058 kHz)
Trace file size:  16140232 B

You can view the simulation traces by calling
$ gtkwave sim.fst

Performance Counters
====================
Cycles:                     238009
Instructions Retired:       101624
LSU Busy:                   11889
Fetch Wait:                 37047
Loads:                      7190
Stores:                     4699
Jumps:                      1924
Conditional Branches:       37507
Taken Conditional Branches: 37043
Compressed Instructions:    0
Multiply Wait:              500
