Program header number 0 in `/workspace/out/cache/faeaf38d2064e5d1952c0f120b62cd674198e74f6599e8eca0a8ceea1b4c3b29/run/program.elf' is not of type PT_LOAD; ignoring.
Program header number 3 in `/workspace/out/cache/faeaf38d2064e5d1952c0f120b62cd674198e74f6599e8eca0a8ceea1b4c3b29/run/program.elf' is not of type PT_LOAD; ignoring.
Simulation of Ibex
==================

Tracing can be toggled by sending SIGUSR1 to this process:
$ kill -USR1 18

Simulation running, end by pressing CTRL-c.
Tracing enabled.
Writing simulation traces to sim.fst
TOP.ibex_simple_system.u_top.u_ibex_tracer.unnamedblk2.unnamedblk3: Writing execution trace to trace_core_00000000.log
Terminating simulation by software request.
- src/lowrisc_ibex_sim_shared_0/rtl/sim/simulator_ctrl.sv:93: Verilog $finish
Received $finish() from Verilog, shutting down simulation.

Simulation statistics
=====================
Executed cycles:  238013
Wallclock time:   5.136 s
Simulation speed: 46342.1 cycles/s (46.3421 kHz)
Trace file size:  17743159 B

You can view the simulation traces by calling
$ gtkwave sim.fst

Performance Counters
====================
Cycles:                     238009
Instructions Retired:       123831
LSU Busy:                   11139
Fetch Wait:                 50562
Loads:                      6440
Stores:                     4699
Jumps:                      1918
Conditional Branches:       52812
Taken Conditional Branches: 50558
Compressed Instructions:    0
Multiply Wait:              0
