Program header number 0 in `/workspace/out/cache/83645e83df4b7743c8fd88b81c72b7468b7edf5bf655e7fe3368f50d0e677512/run/program.elf' is not of type PT_LOAD; ignoring.
Program header number 3 in `/workspace/out/cache/83645e83df4b7743c8fd88b81c72b7468b7edf5bf655e7fe3368f50d0e677512/run/program.elf' is not of type PT_LOAD; ignoring.
Simulation of Ibex
==================

Tracing can be toggled by sending SIGUSR1 to this process:
$ kill -USR1 18

Simulation running, end by pressing CTRL-c.
Tracing enabled.
Writing simulation traces to sim.fst
TOP.ibex_simple_system.u_top.u_ibex_tracer.unnamedblk2.unnamedblk3: Writing execution trace to trace_core_00000000.log
Terminating simulation by software request.
- src/lowrisc_ibex_sim_shared_0/rtl/sim/simulator_ctrl.sv:93: Verilog $finish
Received $finish() from Verilog, shutting down simulation.

Simulation statistics
=====================
Executed cycles:  238011
Wallclock time:   5.011 s
Simulation speed: 47497.7 cycles/s (47.4977 kHz)
Trace file size:  17716716 B

You can view the simulation traces by calling
$ gtkwave sim.fst

Performance Counters
====================
Cycles:                     238007
Instructions Retired:       124867
LSU Busy:                   11139
Fetch Wait:                 49663
Loads:                      6440
Stores:                     4699
Jumps:                      1928
Conditional Branches:       50127
Taken Conditional Branches: 49659
Compressed Instructions:    0
Multiply Wait:              750
