Program header number 0 in `/workspace/out/cache/94692a5c32d51bc85ee9fac872fa70ebf3744731e07890fa503da407dc50e914/run/program.elf' is not of type PT_LOAD; ignoring.
Program header number 3 in `/workspace/out/cache/94692a5c32d51bc85ee9fac872fa70ebf3744731e07890fa503da407dc50e914/run/program.elf' is not of type PT_LOAD; ignoring.
Simulation of Ibex
==================

Tracing can be toggled by sending SIGUSR1 to this process:
$ kill -USR1 18

Simulation running, end by pressing CTRL-c.
Tracing enabled.
Writing simulation traces to sim.fst
TOP.ibex_simple_system.u_top.u_ibex_tracer.unnamedblk2.unnamedblk3: Writing execution trace to trace_core_00000000.log
Terminating simulation by software request.
- src/lowrisc_ibex_sim_shared_0/rtl/sim/simulator_ctrl.sv:93: Verilog $finish
Received $finish() from Verilog, shutting down simulation.

Simulation statistics
=====================
Executed cycles:  238016
Wallclock time:   5.096 s
Simulation speed: 46706.4 cycles/s (46.7064 kHz)
Trace file size:  18345791 B

You can view the simulation traces by calling
$ gtkwave sim.fst

Performance Counters
====================
Cycles:                     238012
Instructions Retired:       126257
LSU Busy:                   12413
Fetch Wait:                 48467
Loads:                      6940
Stores:                     5473
Jumps:                      1911
Conditional Branches:       48916
Taken Conditional Branches: 48463
Compressed Instructions:    0
Multiply Wait:              500
