Program header number 0 in `/workspace/out/cache/dffb083159f7bdca33efc76cf562832e4c79f3400ac6095e39e49c2decd546a1/run/program.elf' is not of type PT_LOAD; ignoring.
Program header number 3 in `/workspace/out/cache/dffb083159f7bdca33efc76cf562832e4c79f3400ac6095e39e49c2decd546a1/run/program.elf' is not of type PT_LOAD; ignoring.
Simulation of Ibex
==================

Tracing can be toggled by sending SIGUSR1 to this process:
$ kill -USR1 18

Simulation running, end by pressing CTRL-c.
Tracing enabled.
Writing simulation traces to sim.fst
TOP.ibex_simple_system.u_top.u_ibex_tracer.unnamedblk2.unnamedblk3: Writing execution trace to trace_core_00000000.log
Terminating simulation by software request.
- src/lowrisc_ibex_sim_shared_0/rtl/sim/simulator_ctrl.sv:93: Verilog $finish
Received $finish() from Verilog, shutting down simulation.

Simulation statistics
=====================
Executed cycles:  238012
Wallclock time:   4.534 s
Simulation speed: 52494.9 cycles/s (52.4949 kHz)
Trace file size:  17786990 B

You can view the simulation traces by calling
$ gtkwave sim.fst

Performance Counters
====================
Cycles:                     238008
Instructions Retired:       116504
LSU Busy:                   11639
Fetch Wait:                 44474
Loads:                      6690
Stores:                     4949
Jumps:                      1920
Conditional Branches:       45464
Taken Conditional Branches: 44470
Compressed Instructions:    0
Multiply Wait:              1000
