Program header number 0 in `/workspace/out/cache/b6896ffd7579d6d942beff1844600d82c5c694f0d7ffe395cd2dd84d5f308e04/run/program.elf' is not of type PT_LOAD; ignoring.
Program header number 3 in `/workspace/out/cache/b6896ffd7579d6d942beff1844600d82c5c694f0d7ffe395cd2dd84d5f308e04/run/program.elf' is not of type PT_LOAD; ignoring.
Simulation of Ibex
==================

Tracing can be toggled by sending SIGUSR1 to this process:
$ kill -USR1 18

Simulation running, end by pressing CTRL-c.
Tracing enabled.
Writing simulation traces to sim.fst
TOP.ibex_simple_system.u_top.u_ibex_tracer.unnamedblk2.unnamedblk3: Writing execution trace to trace_core_00000000.log
Terminating simulation by software request.
- src/lowrisc_ibex_sim_shared_0/rtl/sim/simulator_ctrl.sv:93: Verilog $finish
Received $finish() from Verilog, shutting down simulation.

Simulation statistics
=====================
Executed cycles:  238011
Wallclock time:   4.467 s
Simulation speed: 53282.1 cycles/s (53.2821 kHz)
Trace file size:  16751867 B

You can view the simulation traces by calling
$ gtkwave sim.fst

Performance Counters
====================
Cycles:                     238007
Instructions Retired:       108030
LSU Busy:                   11739
Fetch Wait:                 40153
Loads:                      6740
Stores:                     4999
Jumps:                      1931
Conditional Branches:       40988
Taken Conditional Branches: 40149
Compressed Instructions:    0
Multiply Wait:              1264
