Program header number 0 in `/workspace/out/cache/1e1ef2a47cb8da2148e9c08346ad6f7c7b29ccc0edb118ae21c6c76483dfa672/run/program.elf' is not of type PT_LOAD; ignoring.
Program header number 3 in `/workspace/out/cache/1e1ef2a47cb8da2148e9c08346ad6f7c7b29ccc0edb118ae21c6c76483dfa672/run/program.elf' is not of type PT_LOAD; ignoring.
Simulation of Ibex
==================

Tracing can be toggled by sending SIGUSR1 to this process:
$ kill -USR1 17

Simulation running, end by pressing CTRL-c.
Tracing enabled.
Writing simulation traces to sim.fst
TOP.ibex_simple_system.u_top.u_ibex_tracer.unnamedblk2.unnamedblk3: Writing execution trace to trace_core_00000000.log
Terminating simulation by software request.
- src/lowrisc_ibex_sim_shared_0/rtl/sim/simulator_ctrl.sv:93: Verilog $finish
Received $finish() from Verilog, shutting down simulation.

Simulation statistics
=====================
Executed cycles:  238014
Wallclock time:   5.006 s
Simulation speed: 47545.7 cycles/s (47.5457 kHz)
Trace file size:  18757515 B

You can view the simulation traces by calling
$ gtkwave sim.fst

Performance Counters
====================
Cycles:                     238010
Instructions Retired:       123768
LSU Busy:                   12571
Fetch Wait:                 47023
Loads:                      6831
Stores:                     5740
Jumps:                      1921
Conditional Branches:       47613
Taken Conditional Branches: 47019
Compressed Instructions:    0
Multiply Wait:              1082
