Program header number 0 in `/workspace/out/cache/a16deb47469648c2334ed3669e045ac543aff5583bf37dc9b6f4c442cd999262/run/program.elf' is not of type PT_LOAD; ignoring.
Program header number 3 in `/workspace/out/cache/a16deb47469648c2334ed3669e045ac543aff5583bf37dc9b6f4c442cd999262/run/program.elf' is not of type PT_LOAD; ignoring.
Simulation of Ibex
==================

Tracing can be toggled by sending SIGUSR1 to this process:
$ kill -USR1 17

Simulation running, end by pressing CTRL-c.
Tracing enabled.
Writing simulation traces to sim.fst
TOP.ibex_simple_system.u_top.u_ibex_tracer.unnamedblk2.unnamedblk3: Writing execution trace to trace_core_00000000.log
Terminating simulation by software request.
- src/lowrisc_ibex_sim_shared_0/rtl/sim/simulator_ctrl.sv:93: Verilog $finish
Received $finish() from Verilog, shutting down simulation.

Simulation statistics
=====================
Executed cycles:  238014
Wallclock time:   3.81 s
Simulation speed: 62470.9 cycles/s (62.4709 kHz)
Trace file size:  14103024 B

You can view the simulation traces by calling
$ gtkwave sim.fst

Performance Counters
====================
Cycles:                     238010
Instructions Retired:       74348
LSU Busy:                   12005
Fetch Wait:                 23118
Loads:                      6940
Stores:                     5065
Jumps:                      1919
Conditional Branches:       23573
Taken Conditional Branches: 23114
Compressed Instructions:    0
Multiply Wait:              0
