Program header number 0 in `/workspace/out/cache/0b88ed20c8cdbbb796eea057ddb66dff22d0f4c34bf2f4225c1247998567def6/run/program.elf' is not of type PT_LOAD; ignoring.
Program header number 3 in `/workspace/out/cache/0b88ed20c8cdbbb796eea057ddb66dff22d0f4c34bf2f4225c1247998567def6/run/program.elf' is not of type PT_LOAD; ignoring.
Simulation of Ibex
==================

Tracing can be toggled by sending SIGUSR1 to this process:
$ kill -USR1 18

Simulation running, end by pressing CTRL-c.
Tracing enabled.
Writing simulation traces to sim.fst
TOP.ibex_simple_system.u_top.u_ibex_tracer.unnamedblk2.unnamedblk3: Writing execution trace to trace_core_00000000.log
Terminating simulation by software request.
- src/lowrisc_ibex_sim_shared_0/rtl/sim/simulator_ctrl.sv:93: Verilog $finish
Received $finish() from Verilog, shutting down simulation.

Simulation statistics
=====================
Executed cycles:  238012
Wallclock time:   5.205 s
Simulation speed: 45727.6 cycles/s (45.7276 kHz)
Trace file size:  17750915 B

You can view the simulation traces by calling
$ gtkwave sim.fst

Performance Counters
====================
Cycles:                     238008
Instructions Retired:       117192
LSU Busy:                   11801
Fetch Wait:                 45237
Loads:                      6877
Stores:                     4924
Jumps:                      1938
Conditional Branches:       45713
Taken Conditional Branches: 45233
Compressed Instructions:    0
Multiply Wait:              874
