Program header number 0 in `/workspace/out/cache/15c4020e10bed2802ed561cb4c59ab10ef0661e5afbda4eb2d1e0d8fa7f9b320/run/program.elf' is not of type PT_LOAD; ignoring.
Program header number 3 in `/workspace/out/cache/15c4020e10bed2802ed561cb4c59ab10ef0661e5afbda4eb2d1e0d8fa7f9b320/run/program.elf' is not of type PT_LOAD; ignoring.
Simulation of Ibex
==================

Tracing can be toggled by sending SIGUSR1 to this process:
$ kill -USR1 17

Simulation running, end by pressing CTRL-c.
Tracing enabled.
Writing simulation traces to sim.fst
TOP.ibex_simple_system.u_top.u_ibex_tracer.unnamedblk2.unnamedblk3: Writing execution trace to trace_core_00000000.log
Terminating simulation by software request.
- src/lowrisc_ibex_sim_shared_0/rtl/sim/simulator_ctrl.sv:93: Verilog $finish
Received $finish() from Verilog, shutting down simulation.

Simulation statistics
=====================
Executed cycles:  238012
Wallclock time:   5.122 s
Simulation speed: 46468.6 cycles/s (46.4686 kHz)
Trace file size:  17847841 B

You can view the simulation traces by calling
$ gtkwave sim.fst

Performance Counters
====================
Cycles:                     238008
Instructions Retired:       125078
LSU Busy:                   11293
Fetch Wait:                 49603
Loads:                      6594
Stores:                     4699
Jumps:                      1930
Conditional Branches:       50073
Taken Conditional Branches: 49599
Compressed Instructions:    0
Multiply Wait:              504
