Program header number 0 in `/workspace/out/cache/3d7f94b9c00dfeab9ee0645d60d6e2d4989329770120ad9236588a301b3468f9/run/program.elf' is not of type PT_LOAD; ignoring.
Program header number 3 in `/workspace/out/cache/3d7f94b9c00dfeab9ee0645d60d6e2d4989329770120ad9236588a301b3468f9/run/program.elf' is not of type PT_LOAD; ignoring.
Simulation of Ibex
==================

Tracing can be toggled by sending SIGUSR1 to this process:
$ kill -USR1 17

Simulation running, end by pressing CTRL-c.
Tracing enabled.
Writing simulation traces to sim.fst
TOP.ibex_simple_system.u_top.u_ibex_tracer.unnamedblk2.unnamedblk3: Writing execution trace to trace_core_00000000.log
Terminating simulation by software request.
- src/lowrisc_ibex_sim_shared_0/rtl/sim/simulator_ctrl.sv:93: Verilog $finish
Received $finish() from Verilog, shutting down simulation.

Simulation statistics
=====================
Executed cycles:  238011
Wallclock time:   4.775 s
Simulation speed: 49845.2 cycles/s (49.8452 kHz)
Trace file size:  18277154 B

You can view the simulation traces by calling
$ gtkwave sim.fst

Performance Counters
====================
Cycles:                     238007
Instructions Retired:       114769
LSU Busy:                   12024
Fetch Wait:                 43447
Loads:                      6952
Stores:                     5072
Jumps:                      1909
Conditional Branches:       43895
Taken Conditional Branches: 43443
Compressed Instructions:    0
Multiply Wait:              1024
