Program header number 0 in `/workspace/out/cache/d5f1a21239fb5e37a7ad1b34c80cd692d34fc2240806408fcfdd2fa23259d335/run/program.elf' is not of type PT_LOAD; ignoring.
Program header number 3 in `/workspace/out/cache/d5f1a21239fb5e37a7ad1b34c80cd692d34fc2240806408fcfdd2fa23259d335/run/program.elf' is not of type PT_LOAD; ignoring.
Simulation of Ibex
==================

Tracing can be toggled by sending SIGUSR1 to this process:
$ kill -USR1 17

Simulation running, end by pressing CTRL-c.
Tracing enabled.
Writing simulation traces to sim.fst
TOP.ibex_simple_system.u_top.u_ibex_tracer.unnamedblk2.unnamedblk3: Writing execution trace to trace_core_00000000.log
Terminating simulation by software request.
- src/lowrisc_ibex_sim_shared_0/rtl/sim/simulator_ctrl.sv:93: Verilog $finish
Received $finish() from Verilog, shutting down simulation.

Simulation statistics
=====================
Executed cycles:  238014
Wallclock time:   4.847 s
Simulation speed: 49105.4 cycles/s (49.1054 kHz)
Trace file size:  16961820 B

You can view the simulation traces by calling
$ gtkwave sim.fst

Performance Counters
====================
Cycles:                     238010
Instructions Retired:       109044
LSU Busy:                   12091
Fetch Wait:                 40541
Loads:                      6992
Stores:                     5099
Jumps:                      1912
Conditional Branches:       40993
Taken Conditional Branches: 40537
Compressed Instructions:    0
Multiply Wait:              1068
