Program header number 0 in `/workspace/out/cache/7d5301bd738eda6faf017c97f98c7a1d7d747f5cf1f37e22c0f05875719ebddd/run/program.elf' is not of type PT_LOAD; ignoring.
Program header number 3 in `/workspace/out/cache/7d5301bd738eda6faf017c97f98c7a1d7d747f5cf1f37e22c0f05875719ebddd/run/program.elf' is not of type PT_LOAD; ignoring.
Simulation of Ibex
==================

Tracing can be toggled by sending SIGUSR1 to this process:
$ kill -USR1 18

Simulation running, end by pressing CTRL-c.
Tracing enabled.
Writing simulation traces to sim.fst
TOP.ibex_simple_system.u_top.u_ibex_tracer.unnamedblk2.unnamedblk3: Writing execution trace to trace_core_00000000.log
Terminating simulation by software request.
- src/lowrisc_ibex_sim_shared_0/rtl/sim/simulator_ctrl.sv:93: Verilog $finish
Received $finish() from Verilog, shutting down simulation.

Simulation statistics
=====================
Executed cycles:  238016
Wallclock time:   5.17 s
Simulation speed: 46037.9 cycles/s (46.0379 kHz)
Trace file size:  17866129 B

You can view the simulation traces by calling
$ gtkwave sim.fst

Performance Counters
====================
Cycles:                     238012
Instructions Retired:       122824
LSU Busy:                   11139
Fetch Wait:                 51068
Loads:                      6440
Stores:                     4699
Jumps:                      1916
Conditional Branches:       52645
Taken Conditional Branches: 51064
Compressed Instructions:    0
Multiply Wait:              0
