Program header number 0 in `/workspace/out/cache/8c01070225d43e1025c04ee789c0e76fb77974c4e29e22381c87d1c1213c1b82/run/program.elf' is not of type PT_LOAD; ignoring.
Program header number 3 in `/workspace/out/cache/8c01070225d43e1025c04ee789c0e76fb77974c4e29e22381c87d1c1213c1b82/run/program.elf' is not of type PT_LOAD; ignoring.
Simulation of Ibex
==================

Tracing can be toggled by sending SIGUSR1 to this process:
$ kill -USR1 17

Simulation running, end by pressing CTRL-c.
Tracing enabled.
Writing simulation traces to sim.fst
TOP.ibex_simple_system.u_top.u_ibex_tracer.unnamedblk2.unnamedblk3: Writing execution trace to trace_core_00000000.log
Terminating simulation by software request.
- src/lowrisc_ibex_sim_shared_0/rtl/sim/simulator_ctrl.sv:93: Verilog $finish
Received $finish() from Verilog, shutting down simulation.

Simulation statistics
=====================
Executed cycles:  238015
Wallclock time:   4.991 s
Simulation speed: 47688.8 cycles/s (47.6888 kHz)
Trace file size:  18259199 B

You can view the simulation traces by calling
$ gtkwave sim.fst

Performance Counters
====================
Cycles:                     238011
Instructions Retired:       125945
LSU Busy:                   11911
Fetch Wait:                 49133
Loads:                      6980
Stores:                     4931
Jumps:                      1892
Conditional Branches:       49569
Taken Conditional Branches: 49129
Compressed Instructions:    0
Multiply Wait:              0
