Program header number 0 in `/workspace/out/cache/36deadd107129241cdc71e4257e657dc7ede80236a36efab68297a0b25217896/run/program.elf' is not of type PT_LOAD; ignoring.
Program header number 3 in `/workspace/out/cache/36deadd107129241cdc71e4257e657dc7ede80236a36efab68297a0b25217896/run/program.elf' is not of type PT_LOAD; ignoring.
Simulation of Ibex
==================

Tracing can be toggled by sending SIGUSR1 to this process:
$ kill -USR1 18

Simulation running, end by pressing CTRL-c.
Tracing enabled.
Writing simulation traces to sim.fst
TOP.ibex_simple_system.u_top.u_ibex_tracer.unnamedblk2.unnamedblk3: Writing execution trace to trace_core_00000000.log
Terminating simulation by software request.
- src/lowrisc_ibex_sim_shared_0/rtl/sim/simulator_ctrl.sv:93: Verilog $finish
Received $finish() from Verilog, shutting down simulation.

Simulation statistics
=====================
Executed cycles:  238013
Wallclock time:   5.158 s
Simulation speed: 46144.4 cycles/s (46.1444 kHz)
Trace file size:  17662777 B

You can view the simulation traces by calling
$ gtkwave sim.fst

Performance Counters
====================
Cycles:                     238009
Instructions Retired:       116370
LSU Busy:                   11822
Fetch Wait:                 44389
Loads:                      6782
Stores:                     5040
Jumps:                      1926
Conditional Branches:       44853
Taken Conditional Branches: 44385
Compressed Instructions:    0
Multiply Wait:              684
