Program header number 0 in `/workspace/out/cache/6e24fc6b1ed798f8c2493a8270ee17fb1e02c2b186cc09c9d487589d78ce5193/run/program.elf' is not of type PT_LOAD; ignoring.
Program header number 3 in `/workspace/out/cache/6e24fc6b1ed798f8c2493a8270ee17fb1e02c2b186cc09c9d487589d78ce5193/run/program.elf' is not of type PT_LOAD; ignoring.
Simulation of Ibex
==================

Tracing can be toggled by sending SIGUSR1 to this process:
$ kill -USR1 17

Simulation running, end by pressing CTRL-c.
Tracing enabled.
Writing simulation traces to sim.fst
TOP.ibex_simple_system.u_top.u_ibex_tracer.unnamedblk2.unnamedblk3: Writing execution trace to trace_core_00000000.log
Terminating simulation by software request.
- src/lowrisc_ibex_sim_shared_0/rtl/sim/simulator_ctrl.sv:93: Verilog $finish
Received $finish() from Verilog, shutting down simulation.

Simulation statistics
=====================
Executed cycles:  238014
Wallclock time:   4.578 s
Simulation speed: 51990.8 cycles/s (51.9908 kHz)
Trace file size:  17154827 B

You can view the simulation traces by calling
$ gtkwave sim.fst

Performance Counters
====================
Cycles:                     238010
Instructions Retired:       110366
LSU Busy:                   11589
Fetch Wait:                 42237
Loads:                      6740
Stores:                     4849
Jumps:                      1926
Conditional Branches:       42701
Taken Conditional Branches: 42233
Compressed Instructions:    0
Multiply Wait:              2694
