Program header number 0 in `/workspace/out/cache/d1620308b88c7347d3508c557ff1284d020df83dc21874a578892465e5a5b3ea/run/program.elf' is not of type PT_LOAD; ignoring.
Program header number 3 in `/workspace/out/cache/d1620308b88c7347d3508c557ff1284d020df83dc21874a578892465e5a5b3ea/run/program.elf' is not of type PT_LOAD; ignoring.
Simulation of Ibex
==================

Tracing can be toggled by sending SIGUSR1 to this process:
$ kill -USR1 18

Simulation running, end by pressing CTRL-c.
Tracing enabled.
Writing simulation traces to sim.fst
TOP.ibex_simple_system.u_top.u_ibex_tracer.unnamedblk2.unnamedblk3: Writing execution trace to trace_core_00000000.log
Terminating simulation by software request.
- src/lowrisc_ibex_sim_shared_0/rtl/sim/simulator_ctrl.sv:93: Verilog $finish
Received $finish() from Verilog, shutting down simulation.

Simulation statistics
=====================
Executed cycles:  238012
Wallclock time:   4.963 s
Simulation speed: 47957.3 cycles/s (47.9573 kHz)
Trace file size:  18289257 B

You can view the simulation traces by calling
$ gtkwave sim.fst

Performance Counters
====================
Cycles:                     238008
Instructions Retired:       125045
LSU Busy:                   11389
Fetch Wait:                 49400
Loads:                      6690
Stores:                     4699
Jumps:                      1913
Conditional Branches:       49849
Taken Conditional Branches: 49396
Compressed Instructions:    0
Multiply Wait:              864
