Program header number 0 in `/workspace/out/cache/1cd22952734dad24c5769fedbfc9e95d3d540487e6b8adf4ac24c2b65e551b33/run/program.elf' is not of type PT_LOAD; ignoring.
Program header number 3 in `/workspace/out/cache/1cd22952734dad24c5769fedbfc9e95d3d540487e6b8adf4ac24c2b65e551b33/run/program.elf' is not of type PT_LOAD; ignoring.
Simulation of Ibex
==================

Tracing can be toggled by sending SIGUSR1 to this process:
$ kill -USR1 17

Simulation running, end by pressing CTRL-c.
Tracing enabled.
Writing simulation traces to sim.fst
TOP.ibex_simple_system.u_top.u_ibex_tracer.unnamedblk2.unnamedblk3: Writing execution trace to trace_core_00000000.log
Terminating simulation by software request.
- src/lowrisc_ibex_sim_shared_0/rtl/sim/simulator_ctrl.sv:93: Verilog $finish
Received $finish() from Verilog, shutting down simulation.

Simulation statistics
=====================
Executed cycles:  238014
Wallclock time:   5.296 s
Simulation speed: 44942.2 cycles/s (44.9422 kHz)
Trace file size:  17968481 B

You can view the simulation traces by calling
$ gtkwave sim.fst

Performance Counters
====================
Cycles:                     238010
Instructions Retired:       124451
LSU Busy:                   11761
Fetch Wait:                 49206
Loads:                      7062
Stores:                     4699
Jumps:                      1897
Conditional Branches:       49867
Taken Conditional Branches: 49202
Compressed Instructions:    0
Multiply Wait:              352
