Program header number 0 in `/workspace/out/cache/75a627ae02fdc5abaddf300f127fa6051ad9e97e01b964343960c5f28de729c6/run/program.elf' is not of type PT_LOAD; ignoring.
Program header number 3 in `/workspace/out/cache/75a627ae02fdc5abaddf300f127fa6051ad9e97e01b964343960c5f28de729c6/run/program.elf' is not of type PT_LOAD; ignoring.
Simulation of Ibex
==================

Tracing can be toggled by sending SIGUSR1 to this process:
$ kill -USR1 17

Simulation running, end by pressing CTRL-c.
Tracing enabled.
Writing simulation traces to sim.fst
TOP.ibex_simple_system.u_top.u_ibex_tracer.unnamedblk2.unnamedblk3: Writing execution trace to trace_core_00000000.log
Terminating simulation by software request.
- src/lowrisc_ibex_sim_shared_0/rtl/sim/simulator_ctrl.sv:93: Verilog $finish
Received $finish() from Verilog, shutting down simulation.

Simulation statistics
=====================
Executed cycles:  238012
Wallclock time:   5.017 s
Simulation speed: 47441.1 cycles/s (47.4411 kHz)
Trace file size:  16487885 B

You can view the simulation traces by calling
$ gtkwave sim.fst

Performance Counters
====================
Cycles:                     238008
Instructions Retired:       105428
LSU Busy:                   11139
Fetch Wait:                 39996
Loads:                      6440
Stores:                     4699
Jumps:                      1896
Conditional Branches:       40426
Taken Conditional Branches: 39992
Compressed Instructions:    0
Multiply Wait:              570
