Program header number 0 in `/workspace/out/cache/7a5da466ad286a4e10f5a1337f6560d0131320956e401a76ee78f0fec3002954/run/program.elf' is not of type PT_LOAD; ignoring.
Program header number 3 in `/workspace/out/cache/7a5da466ad286a4e10f5a1337f6560d0131320956e401a76ee78f0fec3002954/run/program.elf' is not of type PT_LOAD; ignoring.
Simulation of Ibex
==================

Tracing can be toggled by sending SIGUSR1 to this process:
$ kill -USR1 17

Simulation running, end by pressing CTRL-c.
Tracing enabled.
Writing simulation traces to sim.fst
TOP.ibex_simple_system.u_top.u_ibex_tracer.unnamedblk2.unnamedblk3: Writing execution trace to trace_core_00000000.log
Terminating simulation by software request.
- src/lowrisc_ibex_sim_shared_0/rtl/sim/simulator_ctrl.sv:93: Verilog $finish
Received $finish() from Verilog, shutting down simulation.

Simulation statistics
=====================
Executed cycles:  238014
Wallclock time:   4.952 s
Simulation speed: 48064.2 cycles/s (48.0642 kHz)
Trace file size:  18571193 B

You can view the simulation traces by calling
$ gtkwave sim.fst

Performance Counters
====================
Cycles:                     238010
Instructions Retired:       114164
LSU Busy:                   12007
Fetch Wait:                 43152
Loads:                      6953
Stores:                     5054
Jumps:                      1913
Conditional Branches:       43604
Taken Conditional Branches: 43148
Compressed Instructions:    0
Multiply Wait:              1022
