Program header number 0 in `/workspace/out/cache/a44552a474cc27862c4d2e0b4b1655df1d6556c01a8ae97ff421ef53996ee783/run/program.elf' is not of type PT_LOAD; ignoring.
Program header number 3 in `/workspace/out/cache/a44552a474cc27862c4d2e0b4b1655df1d6556c01a8ae97ff421ef53996ee783/run/program.elf' is not of type PT_LOAD; ignoring.
Simulation of Ibex
==================

Tracing can be toggled by sending SIGUSR1 to this process:
$ kill -USR1 17

Simulation running, end by pressing CTRL-c.
Tracing enabled.
Writing simulation traces to sim.fst
TOP.ibex_simple_system.u_top.u_ibex_tracer.unnamedblk2.unnamedblk3: Writing execution trace to trace_core_00000000.log
Terminating simulation by software request.
- src/lowrisc_ibex_sim_shared_0/rtl/sim/simulator_ctrl.sv:93: Verilog $finish
Received $finish() from Verilog, shutting down simulation.

Simulation statistics
=====================
Executed cycles:  238013
Wallclock time:   5.012 s
Simulation speed: 47488.6 cycles/s (47.4886 kHz)
Trace file size:  18051896 B

You can view the simulation traces by calling
$ gtkwave sim.fst

Performance Counters
====================
Cycles:                     238009
Instructions Retired:       125512
LSU Busy:                   12163
Fetch Wait:                 48688
Loads:                      6952
Stores:                     5211
Jumps:                      1937
Conditional Branches:       49163
Taken Conditional Branches: 48684
Compressed Instructions:    0
Multiply Wait:              1024
