Program header number 0 in `/workspace/out/cache/0ccc8c8db66c0ace44187dc2240ef6226314e1cf035628bc7a798809436f16d7/run/program.elf' is not of type PT_LOAD; ignoring.
Program header number 3 in `/workspace/out/cache/0ccc8c8db66c0ace44187dc2240ef6226314e1cf035628bc7a798809436f16d7/run/program.elf' is not of type PT_LOAD; ignoring.
Simulation of Ibex
==================

Tracing can be toggled by sending SIGUSR1 to this process:
$ kill -USR1 18

Simulation running, end by pressing CTRL-c.
Tracing enabled.
Writing simulation traces to sim.fst
TOP.ibex_simple_system.u_top.u_ibex_tracer.unnamedblk2.unnamedblk3: Writing execution trace to trace_core_00000000.log
Terminating simulation by software request.
- src/lowrisc_ibex_sim_shared_0/rtl/sim/simulator_ctrl.sv:93: Verilog $finish
Received $finish() from Verilog, shutting down simulation.

Simulation statistics
=====================
Executed cycles:  238013
Wallclock time:   5.003 s
Simulation speed: 47574.1 cycles/s (47.5741 kHz)
Trace file size:  18094438 B

You can view the simulation traces by calling
$ gtkwave sim.fst

Performance Counters
====================
Cycles:                     238009
Instructions Retired:       126995
LSU Busy:                   12899
Fetch Wait:                 48097
Loads:                      8200
Stores:                     4699
Jumps:                      1924
Conditional Branches:       48555
Taken Conditional Branches: 48093
Compressed Instructions:    0
Multiply Wait:              0
