Program header number 0 in `/workspace/out/cache/298d45da2532e7525519b26233dece672e5127606eabbe399088087b624f5389/run/program.elf' is not of type PT_LOAD; ignoring.
Program header number 3 in `/workspace/out/cache/298d45da2532e7525519b26233dece672e5127606eabbe399088087b624f5389/run/program.elf' is not of type PT_LOAD; ignoring.
Simulation of Ibex
==================

Tracing can be toggled by sending SIGUSR1 to this process:
$ kill -USR1 17

Simulation running, end by pressing CTRL-c.
Tracing enabled.
Writing simulation traces to sim.fst
TOP.ibex_simple_system.u_top.u_ibex_tracer.unnamedblk2.unnamedblk3: Writing execution trace to trace_core_00000000.log
Terminating simulation by software request.
- src/lowrisc_ibex_sim_shared_0/rtl/sim/simulator_ctrl.sv:93: Verilog $finish
Received $finish() from Verilog, shutting down simulation.

Simulation statistics
=====================
Executed cycles:  238014
Wallclock time:   5.535 s
Simulation speed: 43001.6 cycles/s (43.0016 kHz)
Trace file size:  17424801 B

You can view the simulation traces by calling
$ gtkwave sim.fst

Performance Counters
====================
Cycles:                     238010
Instructions Retired:       120506
LSU Busy:                   11651
Fetch Wait:                 46203
Loads:                      6952
Stores:                     4699
Jumps:                      1930
Conditional Branches:       47691
Taken Conditional Branches: 46199
Compressed Instructions:    0
Multiply Wait:              2048
