Program header number 0 in `/workspace/out/cache/8728ef31fe6f3b28d267c1650c1a5701c8fc60a503fcee89bb8c1bd7d45a4821/run/program.elf' is not of type PT_LOAD; ignoring.
Program header number 3 in `/workspace/out/cache/8728ef31fe6f3b28d267c1650c1a5701c8fc60a503fcee89bb8c1bd7d45a4821/run/program.elf' is not of type PT_LOAD; ignoring.
Simulation of Ibex
==================

Tracing can be toggled by sending SIGUSR1 to this process:
$ kill -USR1 17

Simulation running, end by pressing CTRL-c.
Tracing enabled.
Writing simulation traces to sim.fst
TOP.ibex_simple_system.u_top.u_ibex_tracer.unnamedblk2.unnamedblk3: Writing execution trace to trace_core_00000000.log
Terminating simulation by software request.
- src/lowrisc_ibex_sim_shared_0/rtl/sim/simulator_ctrl.sv:93: Verilog $finish
Received $finish() from Verilog, shutting down simulation.

Simulation statistics
=====================
Executed cycles:  238012
Wallclock time:   4.158 s
Simulation speed: 57241.9 cycles/s (57.2419 kHz)
Trace file size:  15198330 B

You can view the simulation traces by calling
$ gtkwave sim.fst

Performance Counters
====================
Cycles:                     238008
Instructions Retired:       87882
LSU Busy:                   11431
Fetch Wait:                 31305
Loads:                      6586
Stores:                     4845
Jumps:                      1931
Conditional Branches:       31923
Taken Conditional Branches: 31301
Compressed Instructions:    0
Multiply Wait:              292
