Program header number 0 in `/workspace/out/cache/6842ea7b9bd4d00da8599ed4e16397d1633772fe75d351b9fb2690a2f4913d33/run/program.elf' is not of type PT_LOAD; ignoring.
Program header number 3 in `/workspace/out/cache/6842ea7b9bd4d00da8599ed4e16397d1633772fe75d351b9fb2690a2f4913d33/run/program.elf' is not of type PT_LOAD; ignoring.
Simulation of Ibex
==================

Tracing can be toggled by sending SIGUSR1 to this process:
$ kill -USR1 17

Simulation running, end by pressing CTRL-c.
Tracing enabled.
Writing simulation traces to sim.fst
TOP.ibex_simple_system.u_top.u_ibex_tracer.unnamedblk2.unnamedblk3: Writing execution trace to trace_core_00000000.log
Terminating simulation by software request.
- src/lowrisc_ibex_sim_shared_0/rtl/sim/simulator_ctrl.sv:93: Verilog $finish
Received $finish() from Verilog, shutting down simulation.

Simulation statistics
=====================
Executed cycles:  238014
Wallclock time:   5.118 s
Simulation speed: 46505.3 cycles/s (46.5053 kHz)
Trace file size:  16806004 B

You can view the simulation traces by calling
$ gtkwave sim.fst

Performance Counters
====================
Cycles:                     238010
Instructions Retired:       106170
LSU Busy:                   11821
Fetch Wait:                 40306
Loads:                      6781
Stores:                     5040
Jumps:                      1932
Conditional Branches:       40776
Taken Conditional Branches: 40302
Compressed Instructions:    0
Multiply Wait:              684
