Program header number 0 in `/workspace/out/cache/da327dba78cb37185c6b2a67d23d5ae675371c74547d4f3089c0d6e743dcb15b/run/program.elf' is not of type PT_LOAD; ignoring.
Program header number 3 in `/workspace/out/cache/da327dba78cb37185c6b2a67d23d5ae675371c74547d4f3089c0d6e743dcb15b/run/program.elf' is not of type PT_LOAD; ignoring.
Simulation of Ibex
==================

Tracing can be toggled by sending SIGUSR1 to this process:
$ kill -USR1 18

Simulation running, end by pressing CTRL-c.
Tracing enabled.
Writing simulation traces to sim.fst
TOP.ibex_simple_system.u_top.u_ibex_tracer.unnamedblk2.unnamedblk3: Writing execution trace to trace_core_00000000.log
Terminating simulation by software request.
- src/lowrisc_ibex_sim_shared_0/rtl/sim/simulator_ctrl.sv:93: Verilog $finish
Received $finish() from Verilog, shutting down simulation.

Simulation statistics
=====================
Executed cycles:  238013
Wallclock time:   5.242 s
Simulation speed: 45405 cycles/s (45.405 kHz)
Trace file size:  17316707 B

You can view the simulation traces by calling
$ gtkwave sim.fst

Performance Counters
====================
Cycles:                     238009
Instructions Retired:       117594
LSU Busy:                   12608
Fetch Wait:                 44113
Loads:                      7284
Stores:                     5324
Jumps:                      1921
Conditional Branches:       44740
Taken Conditional Branches: 44109
Compressed Instructions:    0
Multiply Wait:              0
