Program header number 0 in `/workspace/out/cache/afe4ef969db13f90ca0ec329bfd1b5388f7ca19c7cade8a134cc336268103163/run/program.elf' is not of type PT_LOAD; ignoring.
Program header number 3 in `/workspace/out/cache/afe4ef969db13f90ca0ec329bfd1b5388f7ca19c7cade8a134cc336268103163/run/program.elf' is not of type PT_LOAD; ignoring.
Simulation of Ibex
==================

Tracing can be toggled by sending SIGUSR1 to this process:
$ kill -USR1 17

Simulation running, end by pressing CTRL-c.
Tracing enabled.
Writing simulation traces to sim.fst
TOP.ibex_simple_system.u_top.u_ibex_tracer.unnamedblk2.unnamedblk3: Writing execution trace to trace_core_00000000.log
Terminating simulation by software request.
- src/lowrisc_ibex_sim_shared_0/rtl/sim/simulator_ctrl.sv:93: Verilog $finish
Received $finish() from Verilog, shutting down simulation.

Simulation statistics
=====================
Executed cycles:  238013
Wallclock time:   4.534 s
Simulation speed: 52495.1 cycles/s (52.4951 kHz)
Trace file size:  16677897 B

You can view the simulation traces by calling
$ gtkwave sim.fst

Performance Counters
====================
Cycles:                     238009
Instructions Retired:       112049
LSU Busy:                   11685
Fetch Wait:                 42134
Loads:                      6986
Stores:                     4699
Jumps:                      1913
Conditional Branches:       43371
Taken Conditional Branches: 42130
Compressed Instructions:    0
Multiply Wait:              308
