Program header number 0 in `/workspace/out/cache/5c00ca3461c5698ceba1ad8fec206f2de57eccb67b4212db68dc71942642e6c9/run/program.elf' is not of type PT_LOAD; ignoring.
Program header number 3 in `/workspace/out/cache/5c00ca3461c5698ceba1ad8fec206f2de57eccb67b4212db68dc71942642e6c9/run/program.elf' is not of type PT_LOAD; ignoring.
Simulation of Ibex
==================

Tracing can be toggled by sending SIGUSR1 to this process:
$ kill -USR1 17

Simulation running, end by pressing CTRL-c.
Tracing enabled.
Writing simulation traces to sim.fst
TOP.ibex_simple_system.u_top.u_ibex_tracer.unnamedblk2.unnamedblk3: Writing execution trace to trace_core_00000000.log
Terminating simulation by software request.
- src/lowrisc_ibex_sim_shared_0/rtl/sim/simulator_ctrl.sv:93: Verilog $finish
Received $finish() from Verilog, shutting down simulation.

Simulation statistics
=====================
Executed cycles:  238014
Wallclock time:   5.145 s
Simulation speed: 46261.2 cycles/s (46.2612 kHz)
Trace file size:  17584688 B

You can view the simulation traces by calling
$ gtkwave sim.fst

Performance Counters
====================
Cycles:                     238010
Instructions Retired:       125752
LSU Busy:                   12163
Fetch Wait:                 48574
Loads:                      6952
Stores:                     5211
Jumps:                      1926
Conditional Branches:       49036
Taken Conditional Branches: 48570
Compressed Instructions:    0
Multiply Wait:              0
