Program header number 0 in `/workspace/out/cache/30df58dc13cc250f65b5627dd0272f8688f6a30793607733a16268d1b88b7158/run/program.elf' is not of type PT_LOAD; ignoring.
Program header number 3 in `/workspace/out/cache/30df58dc13cc250f65b5627dd0272f8688f6a30793607733a16268d1b88b7158/run/program.elf' is not of type PT_LOAD; ignoring.
Simulation of Ibex
==================

Tracing can be toggled by sending SIGUSR1 to this process:
$ kill -USR1 18

Simulation running, end by pressing CTRL-c.
Tracing enabled.
Writing simulation traces to sim.fst
TOP.ibex_simple_system.u_top.u_ibex_tracer.unnamedblk2.unnamedblk3: Writing execution trace to trace_core_00000000.log
Terminating simulation by software request.
- src/lowrisc_ibex_sim_shared_0/rtl/sim/simulator_ctrl.sv:93: Verilog $finish
Received $finish() from Verilog, shutting down simulation.

Simulation statistics
=====================
Executed cycles:  238013
Wallclock time:   4.932 s
Simulation speed: 48258.9 cycles/s (48.2589 kHz)
Trace file size:  17069100 B

You can view the simulation traces by calling
$ gtkwave sim.fst

Performance Counters
====================
Cycles:                     238009
Instructions Retired:       116065
LSU Busy:                   11739
Fetch Wait:                 44809
Loads:                      6740
Stores:                     4999
Jumps:                      2025
Conditional Branches:       45372
Taken Conditional Branches: 44805
Compressed Instructions:    0
Multiply Wait:              600
