Program header number 0 in `/workspace/out/cache/31cc43d31d4a7e1d6171c2958cd0840bd6de8c1f4d86497d0493563054d8debf/run/program.elf' is not of type PT_LOAD; ignoring.
Program header number 3 in `/workspace/out/cache/31cc43d31d4a7e1d6171c2958cd0840bd6de8c1f4d86497d0493563054d8debf/run/program.elf' is not of type PT_LOAD; ignoring.
Simulation of Ibex
==================

Tracing can be toggled by sending SIGUSR1 to this process:
$ kill -USR1 17

Simulation running, end by pressing CTRL-c.
Tracing enabled.
Writing simulation traces to sim.fst
TOP.ibex_simple_system.u_top.u_ibex_tracer.unnamedblk2.unnamedblk3: Writing execution trace to trace_core_00000000.log
Terminating simulation by software request.
- src/lowrisc_ibex_sim_shared_0/rtl/sim/simulator_ctrl.sv:93: Verilog $finish
Received $finish() from Verilog, shutting down simulation.

Simulation statistics
=====================
Executed cycles:  238016
Wallclock time:   4.498 s
Simulation speed: 52916 cycles/s (52.916 kHz)
Trace file size:  17630410 B

You can view the simulation traces by calling
$ gtkwave sim.fst

Performance Counters
====================
Cycles:                     238012
Instructions Retired:       114315
LSU Busy:                   11739
Fetch Wait:                 43992
Loads:                      6840
Stores:                     4899
Jumps:                      1911
Conditional Branches:       44849
Taken Conditional Branches: 43988
Compressed Instructions:    0
Multiply Wait:              466
