Program header number 0 in `/workspace/out/cache/5a441550832bd819eea62c724e4711432c965de995eb9f1ae3992e0150e00081/run/program.elf' is not of type PT_LOAD; ignoring.
Program header number 3 in `/workspace/out/cache/5a441550832bd819eea62c724e4711432c965de995eb9f1ae3992e0150e00081/run/program.elf' is not of type PT_LOAD; ignoring.
Simulation of Ibex
==================

Tracing can be toggled by sending SIGUSR1 to this process:
$ kill -USR1 16

Simulation running, end by pressing CTRL-c.
Tracing enabled.
Writing simulation traces to sim.fst
TOP.ibex_simple_system.u_top.u_ibex_tracer.unnamedblk2.unnamedblk3: Writing execution trace to trace_core_00000000.log
Terminating simulation by software request.
- src/lowrisc_ibex_sim_shared_0/rtl/sim/simulator_ctrl.sv:93: Verilog $finish
Received $finish() from Verilog, shutting down simulation.

Simulation statistics
=====================
Executed cycles:  238014
Wallclock time:   5.697 s
Simulation speed: 41778.8 cycles/s (41.7788 kHz)
Trace file size:  17897655 B

You can view the simulation traces by calling
$ gtkwave sim.fst

Performance Counters
====================
Cycles:                     238010
Instructions Retired:       122721
LSU Busy:                   12159
Fetch Wait:                 47421
Loads:                      6950
Stores:                     5209
Jumps:                      1920
Conditional Branches:       47882
Taken Conditional Branches: 47417
Compressed Instructions:    0
Multiply Wait:              1230
