Program header number 0 in `/workspace/out/cache/b7548f34d10538bdd6bd5e1398713daa139645774f008744a3d144d282399085/run/program.elf' is not of type PT_LOAD; ignoring.
Program header number 3 in `/workspace/out/cache/b7548f34d10538bdd6bd5e1398713daa139645774f008744a3d144d282399085/run/program.elf' is not of type PT_LOAD; ignoring.
Simulation of Ibex
==================

Tracing can be toggled by sending SIGUSR1 to this process:
$ kill -USR1 18

Simulation running, end by pressing CTRL-c.
Tracing enabled.
Writing simulation traces to sim.fst
TOP.ibex_simple_system.u_top.u_ibex_tracer.unnamedblk2.unnamedblk3: Writing execution trace to trace_core_00000000.log
Terminating simulation by software request.
- src/lowrisc_ibex_sim_shared_0/rtl/sim/simulator_ctrl.sv:93: Verilog $finish
Received $finish() from Verilog, shutting down simulation.

Simulation statistics
=====================
Executed cycles:  238015
Wallclock time:   5.117 s
Simulation speed: 46514.6 cycles/s (46.5146 kHz)
Trace file size:  17685501 B

You can view the simulation traces by calling
$ gtkwave sim.fst

Performance Counters
====================
Cycles:                     238011
Instructions Retired:       118345
LSU Busy:                   11799
Fetch Wait:                 45718
Loads:                      7088
Stores:                     4711
Jumps:                      1930
Conditional Branches:       46188
Taken Conditional Branches: 45714
Compressed Instructions:    0
Multiply Wait:              3056
