Program header number 0 in `/workspace/out/cache/fd8f73481416b84c01a0e93c4fc58d6d42c73ce17049f8ab2f46a88f2f0b85a2/run/program.elf' is not of type PT_LOAD; ignoring.
Program header number 3 in `/workspace/out/cache/fd8f73481416b84c01a0e93c4fc58d6d42c73ce17049f8ab2f46a88f2f0b85a2/run/program.elf' is not of type PT_LOAD; ignoring.
Simulation of Ibex
==================

Tracing can be toggled by sending SIGUSR1 to this process:
$ kill -USR1 18

Simulation running, end by pressing CTRL-c.
Tracing enabled.
Writing simulation traces to sim.fst
TOP.ibex_simple_system.u_top.u_ibex_tracer.unnamedblk2.unnamedblk3: Writing execution trace to trace_core_00000000.log
Terminating simulation by software request.
- src/lowrisc_ibex_sim_shared_0/rtl/sim/simulator_ctrl.sv:93: Verilog $finish
Received $finish() from Verilog, shutting down simulation.

Simulation statistics
=====================
Executed cycles:  238012
Wallclock time:   5.168 s
Simulation speed: 46055 cycles/s (46.055 kHz)
Trace file size:  18200573 B

You can view the simulation traces by calling
$ gtkwave sim.fst

Performance Counters
====================
Cycles:                     238008
Instructions Retired:       125844
LSU Busy:                   12174
Fetch Wait:                 48752
Loads:                      6952
Stores:                     5222
Jumps:                      1989
Conditional Branches:       49280
Taken Conditional Branches: 48748
Compressed Instructions:    0
Multiply Wait:              500
