Program header number 0 in `/workspace/out/cache/d44dcc3bc5f1b626272176073cdc9ee7a7859ef42a648dc67ccb32113a891961/run/program.elf' is not of type PT_LOAD; ignoring.
Program header number 3 in `/workspace/out/cache/d44dcc3bc5f1b626272176073cdc9ee7a7859ef42a648dc67ccb32113a891961/run/program.elf' is not of type PT_LOAD; ignoring.
Simulation of Ibex
==================

Tracing can be toggled by sending SIGUSR1 to this process:
$ kill -USR1 18

Simulation running, end by pressing CTRL-c.
Tracing enabled.
Writing simulation traces to sim.fst
TOP.ibex_simple_system.u_top.u_ibex_tracer.unnamedblk2.unnamedblk3: Writing execution trace to trace_core_00000000.log
Terminating simulation by software request.
- src/lowrisc_ibex_sim_shared_0/rtl/sim/simulator_ctrl.sv:93: Verilog $finish
Received $finish() from Verilog, shutting down simulation.

Simulation statistics
=====================
Executed cycles:  238011
Wallclock time:   4.606 s
Simulation speed: 51674.1 cycles/s (51.6741 kHz)
Trace file size:  16365677 B

You can view the simulation traces by calling
$ gtkwave sim.fst

Performance Counters
====================
Cycles:                     238007
Instructions Retired:       106359
LSU Busy:                   12207
Fetch Wait:                 38939
Loads:                      6974
Stores:                     5233
Jumps:                      1930
Conditional Branches:       39666
Taken Conditional Branches: 38935
Compressed Instructions:    0
Multiply Wait:              0
