Program header number 0 in `/workspace/out/cache/aa3438a320275de90efb3f13f7d1cbbc17fb9c64cc08f640800cfd2b2f413271/run/program.elf' is not of type PT_LOAD; ignoring.
Program header number 3 in `/workspace/out/cache/aa3438a320275de90efb3f13f7d1cbbc17fb9c64cc08f640800cfd2b2f413271/run/program.elf' is not of type PT_LOAD; ignoring.
Simulation of Ibex
==================

Tracing can be toggled by sending SIGUSR1 to this process:
$ kill -USR1 18

Simulation running, end by pressing CTRL-c.
Tracing enabled.
Writing simulation traces to sim.fst
TOP.ibex_simple_system.u_top.u_ibex_tracer.unnamedblk2.unnamedblk3: Writing execution trace to trace_core_00000000.log
Terminating simulation by software request.
- src/lowrisc_ibex_sim_shared_0/rtl/sim/simulator_ctrl.sv:93: Verilog $finish
Received $finish() from Verilog, shutting down simulation.

Simulation statistics
=====================
Executed cycles:  238015
Wallclock time:   5.143 s
Simulation speed: 46279.4 cycles/s (46.2794 kHz)
Trace file size:  18298998 B

You can view the simulation traces by calling
$ gtkwave sim.fst

Performance Counters
====================
Cycles:                     238011
Instructions Retired:       125237
LSU Busy:                   11139
Fetch Wait:                 49857
Loads:                      6440
Stores:                     4699
Jumps:                      1924
Conditional Branches:       50315
Taken Conditional Branches: 49853
Compressed Instructions:    0
Multiply Wait:              0
