Program header number 0 in `/workspace/out/cache/6eb5f6c092d7aa7bca0bb294d1ec4fe4c4837d40980e9910766ce1c52d165f7b/run/program.elf' is not of type PT_LOAD; ignoring.
Program header number 3 in `/workspace/out/cache/6eb5f6c092d7aa7bca0bb294d1ec4fe4c4837d40980e9910766ce1c52d165f7b/run/program.elf' is not of type PT_LOAD; ignoring.
Simulation of Ibex
==================

Tracing can be toggled by sending SIGUSR1 to this process:
$ kill -USR1 17

Simulation running, end by pressing CTRL-c.
Tracing enabled.
Writing simulation traces to sim.fst
TOP.ibex_simple_system.u_top.u_ibex_tracer.unnamedblk2.unnamedblk3: Writing execution trace to trace_core_00000000.log
Terminating simulation by software request.
- src/lowrisc_ibex_sim_shared_0/rtl/sim/simulator_ctrl.sv:93: Verilog $finish
Received $finish() from Verilog, shutting down simulation.

Simulation statistics
=====================
Executed cycles:  238012
Wallclock time:   5.455 s
Simulation speed: 43631.9 cycles/s (43.6319 kHz)
Trace file size:  18285199 B

You can view the simulation traces by calling
$ gtkwave sim.fst

Performance Counters
====================
Cycles:                     238008
Instructions Retired:       125247
LSU Busy:                   11139
Fetch Wait:                 49850
Loads:                      6440
Stores:                     4699
Jumps:                      1925
Conditional Branches:       50315
Taken Conditional Branches: 49846
Compressed Instructions:    0
Multiply Wait:              0
