Program header number 0 in `/workspace/out/cache/7c639fb307a921829b34c3eccf139869754fec911213f736e132ef0c4a443f98/run/program.elf' is not of type PT_LOAD; ignoring.
Program header number 3 in `/workspace/out/cache/7c639fb307a921829b34c3eccf139869754fec911213f736e132ef0c4a443f98/run/program.elf' is not of type PT_LOAD; ignoring.
Simulation of Ibex
==================

Tracing can be toggled by sending SIGUSR1 to this process:
$ kill -USR1 18

Simulation running, end by pressing CTRL-c.
Tracing enabled.
Writing simulation traces to sim.fst
TOP.ibex_simple_system.u_top.u_ibex_tracer.unnamedblk2.unnamedblk3: Writing execution trace to trace_core_00000000.log
Terminating simulation by software request.
- src/lowrisc_ibex_sim_shared_0/rtl/sim/simulator_ctrl.sv:93: Verilog $finish
Received $finish() from Verilog, shutting down simulation.

Simulation statistics
=====================
Executed cycles:  238015
Wallclock time:   5.355 s
Simulation speed: 44447.2 cycles/s (44.4472 kHz)
Trace file size:  17545638 B

You can view the simulation traces by calling
$ gtkwave sim.fst

Performance Counters
====================
Cycles:                     238011
Instructions Retired:       116465
LSU Busy:                   11989
Fetch Wait:                 45189
Loads:                      6915
Stores:                     5074
Jumps:                      1922
Conditional Branches:       45650
Taken Conditional Branches: 45185
Compressed Instructions:    0
Multiply Wait:              0
