Program header number 0 in `/workspace/out/cache/aba50be8743f8088cc751c8a97e70f67b990ddc295eb35a4bd8975546e2a46c3/run/program.elf' is not of type PT_LOAD; ignoring.
Program header number 3 in `/workspace/out/cache/aba50be8743f8088cc751c8a97e70f67b990ddc295eb35a4bd8975546e2a46c3/run/program.elf' is not of type PT_LOAD; ignoring.
Simulation of Ibex
==================

Tracing can be toggled by sending SIGUSR1 to this process:
$ kill -USR1 17

Simulation running, end by pressing CTRL-c.
Tracing enabled.
Writing simulation traces to sim.fst
TOP.ibex_simple_system.u_top.u_ibex_tracer.unnamedblk2.unnamedblk3: Writing execution trace to trace_core_00000000.log
Terminating simulation by software request.
- src/lowrisc_ibex_sim_shared_0/rtl/sim/simulator_ctrl.sv:93: Verilog $finish
Received $finish() from Verilog, shutting down simulation.

Simulation statistics
=====================
Executed cycles:  238013
Wallclock time:   4.43 s
Simulation speed: 53727.5 cycles/s (53.7275 kHz)
Trace file size:  17048939 B

You can view the simulation traces by calling
$ gtkwave sim.fst

Performance Counters
====================
Cycles:                     238009
Instructions Retired:       110313
LSU Busy:                   11805
Fetch Wait:                 41983
Loads:                      6773
Stores:                     5032
Jumps:                      1930
Conditional Branches:       42457
Taken Conditional Branches: 41979
Compressed Instructions:    0
Multiply Wait:              478
