Program header number 0 in `/workspace/out/cache/eb115180d83212e447879af9869793ea64f440032cf692e3091a282125e1ef6b/run/program.elf' is not of type PT_LOAD; ignoring.
Program header number 3 in `/workspace/out/cache/eb115180d83212e447879af9869793ea64f440032cf692e3091a282125e1ef6b/run/program.elf' is not of type PT_LOAD; ignoring.
Simulation of Ibex
==================

Tracing can be toggled by sending SIGUSR1 to this process:
$ kill -USR1 17

Simulation running, end by pressing CTRL-c.
Tracing enabled.
Writing simulation traces to sim.fst
TOP.ibex_simple_system.u_top.u_ibex_tracer.unnamedblk2.unnamedblk3: Writing execution trace to trace_core_00000000.log
Terminating simulation by software request.
- src/lowrisc_ibex_sim_shared_0/rtl/sim/simulator_ctrl.sv:93: Verilog $finish
Received $finish() from Verilog, shutting down simulation.

Simulation statistics
=====================
Executed cycles:  238016
Wallclock time:   5.431 s
Simulation speed: 43825.4 cycles/s (43.8254 kHz)
Trace file size:  17672740 B

You can view the simulation traces by calling
$ gtkwave sim.fst

Performance Counters
====================
Cycles:                     238012
Instructions Retired:       122863
LSU Busy:                   11139
Fetch Wait:                 51047
Loads:                      6440
Stores:                     4699
Jumps:                      1919
Conditional Branches:       52651
Taken Conditional Branches: 51043
Compressed Instructions:    0
Multiply Wait:              0
