Program header number 0 in `/workspace/out/cache/896b53200668922d3bb9724fafd07c110c74df7b27e461c838e49d3d5780666d/run/program.elf' is not of type PT_LOAD; ignoring.
Program header number 3 in `/workspace/out/cache/896b53200668922d3bb9724fafd07c110c74df7b27e461c838e49d3d5780666d/run/program.elf' is not of type PT_LOAD; ignoring.
Simulation of Ibex
==================

Tracing can be toggled by sending SIGUSR1 to this process:
$ kill -USR1 17

Simulation running, end by pressing CTRL-c.
Tracing enabled.
Writing simulation traces to sim.fst
TOP.ibex_simple_system.u_top.u_ibex_tracer.unnamedblk2.unnamedblk3: Writing execution trace to trace_core_00000000.log
Terminating simulation by software request.
- src/lowrisc_ibex_sim_shared_0/rtl/sim/simulator_ctrl.sv:93: Verilog $finish
Received $finish() from Verilog, shutting down simulation.

Simulation statistics
=====================
Executed cycles:  238012
Wallclock time:   5.173 s
Simulation speed: 46010.4 cycles/s (46.0104 kHz)
Trace file size:  17848038 B

You can view the simulation traces by calling
$ gtkwave sim.fst

Performance Counters
====================
Cycles:                     238008
Instructions Retired:       124571
LSU Busy:                   11806
Fetch Wait:                 48892
Loads:                      6774
Stores:                     5032
Jumps:                      1920
Conditional Branches:       49348
Taken Conditional Branches: 48888
Compressed Instructions:    0
Multiply Wait:              1530
