Program header number 0 in `/workspace/out/cache/d318bc95bca7dc69ce58ebdf306a30eca20d2787d82e6b90f4582e9d908c6619/run/program.elf' is not of type PT_LOAD; ignoring.
Program header number 3 in `/workspace/out/cache/d318bc95bca7dc69ce58ebdf306a30eca20d2787d82e6b90f4582e9d908c6619/run/program.elf' is not of type PT_LOAD; ignoring.
Simulation of Ibex
==================

Tracing can be toggled by sending SIGUSR1 to this process:
$ kill -USR1 17

Simulation running, end by pressing CTRL-c.
Tracing enabled.
Writing simulation traces to sim.fst
TOP.ibex_simple_system.u_top.u_ibex_tracer.unnamedblk2.unnamedblk3: Writing execution trace to trace_core_00000000.log
Terminating simulation by software request.
- src/lowrisc_ibex_sim_shared_0/rtl/sim/simulator_ctrl.sv:93: Verilog $finish
Received $finish() from Verilog, shutting down simulation.

Simulation statistics
=====================
Executed cycles:  238012
Wallclock time:   4.896 s
Simulation speed: 48613.6 cycles/s (48.6136 kHz)
Trace file size:  16634025 B

You can view the simulation traces by calling
$ gtkwave sim.fst

Performance Counters
====================
Cycles:                     238008
Instructions Retired:       107197
LSU Busy:                   11913
Fetch Wait:                 40487
Loads:                      6964
Stores:                     4949
Jumps:                      1927
Conditional Branches:       40952
Taken Conditional Branches: 40483
Compressed Instructions:    0
Multiply Wait:              0
