Program header number 0 in `/workspace/out/cache/a821f6f361067e75c579be61df6cf2c921bed068bbf33b935079978db0cf1a1b/run/program.elf' is not of type PT_LOAD; ignoring.
Program header number 3 in `/workspace/out/cache/a821f6f361067e75c579be61df6cf2c921bed068bbf33b935079978db0cf1a1b/run/program.elf' is not of type PT_LOAD; ignoring.
Simulation of Ibex
==================

Tracing can be toggled by sending SIGUSR1 to this process:
$ kill -USR1 18

Simulation running, end by pressing CTRL-c.
Tracing enabled.
Writing simulation traces to sim.fst
TOP.ibex_simple_system.u_top.u_ibex_tracer.unnamedblk2.unnamedblk3: Writing execution trace to trace_core_00000000.log
Terminating simulation by software request.
- src/lowrisc_ibex_sim_shared_0/rtl/sim/simulator_ctrl.sv:93: Verilog $finish
Received $finish() from Verilog, shutting down simulation.

Simulation statistics
=====================
Executed cycles:  238011
Wallclock time:   5.201 s
Simulation speed: 45762.5 cycles/s (45.7625 kHz)
Trace file size:  18258555 B

You can view the simulation traces by calling
$ gtkwave sim.fst

Performance Counters
====================
Cycles:                     238007
Instructions Retired:       125040
LSU Busy:                   11788
Fetch Wait:                 49140
Loads:                      6740
Stores:                     5048
Jumps:                      1918
Conditional Branches:       49594
Taken Conditional Branches: 49136
Compressed Instructions:    0
Multiply Wait:              600
