Program header number 0 in `/workspace/out/cache/5b7c986e3028733a9b130de4c30155ecb78de5939113a21c12affab7962c2d51/run/program.elf' is not of type PT_LOAD; ignoring.
Program header number 3 in `/workspace/out/cache/5b7c986e3028733a9b130de4c30155ecb78de5939113a21c12affab7962c2d51/run/program.elf' is not of type PT_LOAD; ignoring.
Simulation of Ibex
==================

Tracing can be toggled by sending SIGUSR1 to this process:
$ kill -USR1 18

Simulation running, end by pressing CTRL-c.
Tracing enabled.
Writing simulation traces to sim.fst
TOP.ibex_simple_system.u_top.u_ibex_tracer.unnamedblk2.unnamedblk3: Writing execution trace to trace_core_00000000.log
Terminating simulation by software request.
- src/lowrisc_ibex_sim_shared_0/rtl/sim/simulator_ctrl.sv:93: Verilog $finish
Received $finish() from Verilog, shutting down simulation.

Simulation statistics
=====================
Executed cycles:  238014
Wallclock time:   4.121 s
Simulation speed: 57756.4 cycles/s (57.7564 kHz)
Trace file size:  15845212 B

You can view the simulation traces by calling
$ gtkwave sim.fst

Performance Counters
====================
Cycles:                     238010
Instructions Retired:       93858
LSU Busy:                   11459
Fetch Wait:                 33676
Loads:                      6600
Stores:                     4859
Jumps:                      1927
Conditional Branches:       34141
Taken Conditional Branches: 33672
Compressed Instructions:    0
Multiply Wait:              2992
