Program header number 0 in `/workspace/out/cache/17bf46cd1b8d75a1649efd3cf8068581854ee41caccb5d4c6a098004b1a1f081/run/program.elf' is not of type PT_LOAD; ignoring.
Program header number 3 in `/workspace/out/cache/17bf46cd1b8d75a1649efd3cf8068581854ee41caccb5d4c6a098004b1a1f081/run/program.elf' is not of type PT_LOAD; ignoring.
Simulation of Ibex
==================

Tracing can be toggled by sending SIGUSR1 to this process:
$ kill -USR1 16

Simulation running, end by pressing CTRL-c.
Tracing enabled.
Writing simulation traces to sim.fst
TOP.ibex_simple_system.u_top.u_ibex_tracer.unnamedblk2.unnamedblk3: Writing execution trace to trace_core_00000000.log
Terminating simulation by software request.
- src/lowrisc_ibex_sim_shared_0/rtl/sim/simulator_ctrl.sv:93: Verilog $finish
Received $finish() from Verilog, shutting down simulation.

Simulation statistics
=====================
Executed cycles:  238014
Wallclock time:   4.858 s
Simulation speed: 48994.2 cycles/s (48.9942 kHz)
Trace file size:  18133019 B

You can view the simulation traces by calling
$ gtkwave sim.fst

Performance Counters
====================
Cycles:                     238010
Instructions Retired:       125593
LSU Busy:                   11927
Fetch Wait:                 48065
Loads:                      6440
Stores:                     5487
Jumps:                      1931
Conditional Branches:       50079
Taken Conditional Branches: 48061
Compressed Instructions:    0
Multiply Wait:              2432
