Program header number 0 in `/workspace/out/cache/ee6a8e2c0fca70076374e41c4c75d843ebbf2398d6818b1cce3ac82d03834ce8/run/program.elf' is not of type PT_LOAD; ignoring.
Program header number 3 in `/workspace/out/cache/ee6a8e2c0fca70076374e41c4c75d843ebbf2398d6818b1cce3ac82d03834ce8/run/program.elf' is not of type PT_LOAD; ignoring.
Simulation of Ibex
==================

Tracing can be toggled by sending SIGUSR1 to this process:
$ kill -USR1 18

Simulation running, end by pressing CTRL-c.
Tracing enabled.
Writing simulation traces to sim.fst
TOP.ibex_simple_system.u_top.u_ibex_tracer.unnamedblk2.unnamedblk3: Writing execution trace to trace_core_00000000.log
Terminating simulation by software request.
- src/lowrisc_ibex_sim_shared_0/rtl/sim/simulator_ctrl.sv:93: Verilog $finish
Received $finish() from Verilog, shutting down simulation.

Simulation statistics
=====================
Executed cycles:  238011
Wallclock time:   4.813 s
Simulation speed: 49451.7 cycles/s (49.4517 kHz)
Trace file size:  17943425 B

You can view the simulation traces by calling
$ gtkwave sim.fst

Performance Counters
====================
Cycles:                     238007
Instructions Retired:       117431
LSU Busy:                   12717
Fetch Wait:                 43886
Loads:                      8018
Stores:                     4699
Jumps:                      1912
Conditional Branches:       44340
Taken Conditional Branches: 43882
Compressed Instructions:    0
Multiply Wait:              394
