Program header number 0 in `/workspace/out/cache/2700edafb84e913d731daf352796156b832744c1af0804e36d1be68261918ab8/run/program.elf' is not of type PT_LOAD; ignoring.
Program header number 3 in `/workspace/out/cache/2700edafb84e913d731daf352796156b832744c1af0804e36d1be68261918ab8/run/program.elf' is not of type PT_LOAD; ignoring.
Simulation of Ibex
==================

Tracing can be toggled by sending SIGUSR1 to this process:
$ kill -USR1 17

Simulation running, end by pressing CTRL-c.
Tracing enabled.
Writing simulation traces to sim.fst
TOP.ibex_simple_system.u_top.u_ibex_tracer.unnamedblk2.unnamedblk3: Writing execution trace to trace_core_00000000.log
Terminating simulation by software request.
- src/lowrisc_ibex_sim_shared_0/rtl/sim/simulator_ctrl.sv:93: Verilog $finish
Received $finish() from Verilog, shutting down simulation.

Simulation statistics
=====================
Executed cycles:  238012
Wallclock time:   5.273 s
Simulation speed: 45137.9 cycles/s (45.1379 kHz)
Trace file size:  17766457 B

You can view the simulation traces by calling
$ gtkwave sim.fst

Performance Counters
====================
Cycles:                     238008
Instructions Retired:       121366
LSU Busy:                   11139
Fetch Wait:                 47909
Loads:                      6440
Stores:                     4699
Jumps:                      1928
Conditional Branches:       48375
Taken Conditional Branches: 47905
Compressed Instructions:    0
Multiply Wait:              7760
