Program header number 0 in `/workspace/out/cache/8e500b3fab62fb8fbbc2317dbf22b8f91accb55223b4d240b96237fa437566a8/run/program.elf' is not of type PT_LOAD; ignoring.
Program header number 3 in `/workspace/out/cache/8e500b3fab62fb8fbbc2317dbf22b8f91accb55223b4d240b96237fa437566a8/run/program.elf' is not of type PT_LOAD; ignoring.
Simulation of Ibex
==================

Tracing can be toggled by sending SIGUSR1 to this process:
$ kill -USR1 18

Simulation running, end by pressing CTRL-c.
Tracing enabled.
Writing simulation traces to sim.fst
TOP.ibex_simple_system.u_top.u_ibex_tracer.unnamedblk2.unnamedblk3: Writing execution trace to trace_core_00000000.log
Terminating simulation by software request.
- src/lowrisc_ibex_sim_shared_0/rtl/sim/simulator_ctrl.sv:93: Verilog $finish
Received $finish() from Verilog, shutting down simulation.

Simulation statistics
=====================
Executed cycles:  238011
Wallclock time:   4.108 s
Simulation speed: 57938.4 cycles/s (57.9384 kHz)
Trace file size:  15629850 B

You can view the simulation traces by calling
$ gtkwave sim.fst

Performance Counters
====================
Cycles:                     238007
Instructions Retired:       96783
LSU Busy:                   11539
Fetch Wait:                 35050
Loads:                      6640
Stores:                     4899
Jumps:                      1912
Conditional Branches:       35496
Taken Conditional Branches: 35046
Compressed Instructions:    0
Multiply Wait:              400
