Program header number 0 in `/workspace/out/cache/35cb5f5355f3eedb76e6df9953e9c1d6c76e0fba0a22eb518369821918027875/run/program.elf' is not of type PT_LOAD; ignoring.
Program header number 3 in `/workspace/out/cache/35cb5f5355f3eedb76e6df9953e9c1d6c76e0fba0a22eb518369821918027875/run/program.elf' is not of type PT_LOAD; ignoring.
Simulation of Ibex
==================

Tracing can be toggled by sending SIGUSR1 to this process:
$ kill -USR1 17

Simulation running, end by pressing CTRL-c.
Tracing enabled.
Writing simulation traces to sim.fst
TOP.ibex_simple_system.u_top.u_ibex_tracer.unnamedblk2.unnamedblk3: Writing execution trace to trace_core_00000000.log
Terminating simulation by software request.
- src/lowrisc_ibex_sim_shared_0/rtl/sim/simulator_ctrl.sv:93: Verilog $finish
Received $finish() from Verilog, shutting down simulation.

Simulation statistics
=====================
Executed cycles:  238012
Wallclock time:   4.835 s
Simulation speed: 49226.9 cycles/s (49.2269 kHz)
Trace file size:  17752444 B

You can view the simulation traces by calling
$ gtkwave sim.fst

Performance Counters
====================
Cycles:                     238008
Instructions Retired:       114499
LSU Busy:                   12009
Fetch Wait:                 43419
Loads:                      6854
Stores:                     5155
Jumps:                      1962
Conditional Branches:       43919
Taken Conditional Branches: 43415
Compressed Instructions:    0
Multiply Wait:              1138
