Program header number 0 in `/workspace/out/cache/f1cec246b0cfb57d075e27c4120edbd6d73ac1cff3416c9c7b27982963d7a9fb/run/program.elf' is not of type PT_LOAD; ignoring.
Program header number 3 in `/workspace/out/cache/f1cec246b0cfb57d075e27c4120edbd6d73ac1cff3416c9c7b27982963d7a9fb/run/program.elf' is not of type PT_LOAD; ignoring.
Simulation of Ibex
==================

Tracing can be toggled by sending SIGUSR1 to this process:
$ kill -USR1 16

Simulation running, end by pressing CTRL-c.
Tracing enabled.
Writing simulation traces to sim.fst
TOP.ibex_simple_system.u_top.u_ibex_tracer.unnamedblk2.unnamedblk3: Writing execution trace to trace_core_00000000.log
Terminating simulation by software request.
- src/lowrisc_ibex_sim_shared_0/rtl/sim/simulator_ctrl.sv:93: Verilog $finish
Received $finish() from Verilog, shutting down simulation.

Simulation statistics
=====================
Executed cycles:  238016
Wallclock time:   4.812 s
Simulation speed: 49463 cycles/s (49.463 kHz)
Trace file size:  17676881 B

You can view the simulation traces by calling
$ gtkwave sim.fst

Performance Counters
====================
Cycles:                     238012
Instructions Retired:       122861
LSU Busy:                   11139
Fetch Wait:                 51049
Loads:                      6440
Stores:                     4699
Jumps:                      1917
Conditional Branches:       52651
Taken Conditional Branches: 51045
Compressed Instructions:    0
Multiply Wait:              0
