Program header number 0 in `/workspace/out/cache/f60dc64cca6812b1550ed4f989189517539809957c73caaf7877e63591bb79c3/run/program.elf' is not of type PT_LOAD; ignoring.
Program header number 3 in `/workspace/out/cache/f60dc64cca6812b1550ed4f989189517539809957c73caaf7877e63591bb79c3/run/program.elf' is not of type PT_LOAD; ignoring.
Simulation of Ibex
==================

Tracing can be toggled by sending SIGUSR1 to this process:
$ kill -USR1 17

Simulation running, end by pressing CTRL-c.
Tracing enabled.
Writing simulation traces to sim.fst
TOP.ibex_simple_system.u_top.u_ibex_tracer.unnamedblk2.unnamedblk3: Writing execution trace to trace_core_00000000.log
Terminating simulation by software request.
- src/lowrisc_ibex_sim_shared_0/rtl/sim/simulator_ctrl.sv:93: Verilog $finish
Received $finish() from Verilog, shutting down simulation.

Simulation statistics
=====================
Executed cycles:  238014
Wallclock time:   4.384 s
Simulation speed: 54291.5 cycles/s (54.2915 kHz)
Trace file size:  16653203 B

You can view the simulation traces by calling
$ gtkwave sim.fst

Performance Counters
====================
Cycles:                     238010
Instructions Retired:       90723
LSU Busy:                   11139
Fetch Wait:                 33540
Loads:                      6440
Stores:                     4699
Jumps:                      1895
Conditional Branches:       33977
Taken Conditional Branches: 33536
Compressed Instructions:    0
Multiply Wait:              0
