Program header number 0 in `/workspace/out/cache/e4525b5b1a5b6fa5513514fbef8863e2df8ac25964d5300bd5b3eb2f85700bdb/run/program.elf' is not of type PT_LOAD; ignoring.
Program header number 3 in `/workspace/out/cache/e4525b5b1a5b6fa5513514fbef8863e2df8ac25964d5300bd5b3eb2f85700bdb/run/program.elf' is not of type PT_LOAD; ignoring.
Simulation of Ibex
==================

Tracing can be toggled by sending SIGUSR1 to this process:
$ kill -USR1 17

Simulation running, end by pressing CTRL-c.
Tracing enabled.
Writing simulation traces to sim.fst
TOP.ibex_simple_system.u_top.u_ibex_tracer.unnamedblk2.unnamedblk3: Writing execution trace to trace_core_00000000.log
Terminating simulation by software request.
- src/lowrisc_ibex_sim_shared_0/rtl/sim/simulator_ctrl.sv:93: Verilog $finish
Received $finish() from Verilog, shutting down simulation.

Simulation statistics
=====================
Executed cycles:  238012
Wallclock time:   5.304 s
Simulation speed: 44874.1 cycles/s (44.8741 kHz)
Trace file size:  18153755 B

You can view the simulation traces by calling
$ gtkwave sim.fst

Performance Counters
====================
Cycles:                     238008
Instructions Retired:       123326
LSU Busy:                   11139
Fetch Wait:                 48889
Loads:                      6440
Stores:                     4699
Jumps:                      1928
Conditional Branches:       49355
Taken Conditional Branches: 48885
Compressed Instructions:    0
Multiply Wait:              3840
