Program header number 0 in `/workspace/out/cache/1221a6b9c089362454df5ef3888aef63694d65914fb9e2474bbbac910f61ba8e/run/program.elf' is not of type PT_LOAD; ignoring.
Program header number 3 in `/workspace/out/cache/1221a6b9c089362454df5ef3888aef63694d65914fb9e2474bbbac910f61ba8e/run/program.elf' is not of type PT_LOAD; ignoring.
Simulation of Ibex
==================

Tracing can be toggled by sending SIGUSR1 to this process:
$ kill -USR1 17

Simulation running, end by pressing CTRL-c.
Tracing enabled.
Writing simulation traces to sim.fst
TOP.ibex_simple_system.u_top.u_ibex_tracer.unnamedblk2.unnamedblk3: Writing execution trace to trace_core_00000000.log
Terminating simulation by software request.
- src/lowrisc_ibex_sim_shared_0/rtl/sim/simulator_ctrl.sv:93: Verilog $finish
Received $finish() from Verilog, shutting down simulation.

Simulation statistics
=====================
Executed cycles:  238013
Wallclock time:   5.019 s
Simulation speed: 47422.4 cycles/s (47.4224 kHz)
Trace file size:  17775695 B

You can view the simulation traces by calling
$ gtkwave sim.fst

Performance Counters
====================
Cycles:                     238009
Instructions Retired:       123094
LSU Busy:                   11363
Fetch Wait:                 48269
Loads:                      6552
Stores:                     4811
Jumps:                      1927
Conditional Branches:       49073
Taken Conditional Branches: 48265
Compressed Instructions:    0
Multiply Wait:              500
