Program header number 0 in `/workspace/out/cache/0223f3d91baa7aaecc6fdf5de2922a4cd466268b169f74c5fd0244e9129e9eae/run/program.elf' is not of type PT_LOAD; ignoring.
Program header number 3 in `/workspace/out/cache/0223f3d91baa7aaecc6fdf5de2922a4cd466268b169f74c5fd0244e9129e9eae/run/program.elf' is not of type PT_LOAD; ignoring.
Simulation of Ibex
==================

Tracing can be toggled by sending SIGUSR1 to this process:
$ kill -USR1 18

Simulation running, end by pressing CTRL-c.
Tracing enabled.
Writing simulation traces to sim.fst
TOP.ibex_simple_system.u_top.u_ibex_tracer.unnamedblk2.unnamedblk3: Writing execution trace to trace_core_00000000.log
Terminating simulation by software request.
- src/lowrisc_ibex_sim_shared_0/rtl/sim/simulator_ctrl.sv:93: Verilog $finish
Received $finish() from Verilog, shutting down simulation.

Simulation statistics
=====================
Executed cycles:  238016
Wallclock time:   3.372 s
Simulation speed: 70586 cycles/s (70.586 kHz)
Trace file size:  14606293 B

You can view the simulation traces by calling
$ gtkwave sim.fst

Performance Counters
====================
Cycles:                     238012
Instructions Retired:       77889
LSU Busy:                   11139
Fetch Wait:                 26807
Loads:                      6440
Stores:                     4699
Jumps:                      1917
Conditional Branches:       27514
Taken Conditional Branches: 26803
Compressed Instructions:    0
Multiply Wait:              0
