Program header number 0 in `/workspace/out/cache/d6950d9703a1395ab80a1650beca41c0e55d0ad7da4f49fda49f1f032c42ba4d/run/program.elf' is not of type PT_LOAD; ignoring.
Program header number 3 in `/workspace/out/cache/d6950d9703a1395ab80a1650beca41c0e55d0ad7da4f49fda49f1f032c42ba4d/run/program.elf' is not of type PT_LOAD; ignoring.
Simulation of Ibex
==================

Tracing can be toggled by sending SIGUSR1 to this process:
$ kill -USR1 18

Simulation running, end by pressing CTRL-c.
Tracing enabled.
Writing simulation traces to sim.fst
TOP.ibex_simple_system.u_top.u_ibex_tracer.unnamedblk2.unnamedblk3: Writing execution trace to trace_core_00000000.log
Terminating simulation by software request.
- src/lowrisc_ibex_sim_shared_0/rtl/sim/simulator_ctrl.sv:93: Verilog $finish
Received $finish() from Verilog, shutting down simulation.

Simulation statistics
=====================
Executed cycles:  238012
Wallclock time:   4.763 s
Simulation speed: 49971 cycles/s (49.971 kHz)
Trace file size:  17623331 B

You can view the simulation traces by calling
$ gtkwave sim.fst

Performance Counters
====================
Cycles:                     238008
Instructions Retired:       125231
LSU Busy:                   11139
Fetch Wait:                 49858
Loads:                      6440
Stores:                     4699
Jumps:                      1925
Conditional Branches:       50315
Taken Conditional Branches: 49854
Compressed Instructions:    0
Multiply Wait:              0
