Program header number 0 in `/workspace/out/cache/2468402c67b2c85cba6de745210526651f8278f1894f27f4388e9d22bf1b720d/run/program.elf' is not of type PT_LOAD; ignoring.
Program header number 3 in `/workspace/out/cache/2468402c67b2c85cba6de745210526651f8278f1894f27f4388e9d22bf1b720d/run/program.elf' is not of type PT_LOAD; ignoring.
Simulation of Ibex
==================

Tracing can be toggled by sending SIGUSR1 to this process:
$ kill -USR1 18

Simulation running, end by pressing CTRL-c.
Tracing enabled.
Writing simulation traces to sim.fst
TOP.ibex_simple_system.u_top.u_ibex_tracer.unnamedblk2.unnamedblk3: Writing execution trace to trace_core_00000000.log
Terminating simulation by software request.
- src/lowrisc_ibex_sim_shared_0/rtl/sim/simulator_ctrl.sv:93: Verilog $finish
Received $finish() from Verilog, shutting down simulation.

Simulation statistics
=====================
Executed cycles:  238016
Wallclock time:   5.302 s
Simulation speed: 44891.7 cycles/s (44.8917 kHz)
Trace file size:  17701774 B

You can view the simulation traces by calling
$ gtkwave sim.fst

Performance Counters
====================
Cycles:                     238012
Instructions Retired:       121399
LSU Busy:                   11495
Fetch Wait:                 47639
Loads:                      6796
Stores:                     4699
Jumps:                      1915
Conditional Branches:       48168
Taken Conditional Branches: 47635
Compressed Instructions:    0
Multiply Wait:              1520
