Program header number 0 in `/workspace/out/cache/e00dc8ebbf6d56df27d8f5302836a7cc3df7d5006c47dae888dbd89e0be63abe/run/program.elf' is not of type PT_LOAD; ignoring.
Program header number 3 in `/workspace/out/cache/e00dc8ebbf6d56df27d8f5302836a7cc3df7d5006c47dae888dbd89e0be63abe/run/program.elf' is not of type PT_LOAD; ignoring.
Simulation of Ibex
==================

Tracing can be toggled by sending SIGUSR1 to this process:
$ kill -USR1 17

Simulation running, end by pressing CTRL-c.
Tracing enabled.
Writing simulation traces to sim.fst
TOP.ibex_simple_system.u_top.u_ibex_tracer.unnamedblk2.unnamedblk3: Writing execution trace to trace_core_00000000.log
Terminating simulation by software request.
- src/lowrisc_ibex_sim_shared_0/rtl/sim/simulator_ctrl.sv:93: Verilog $finish
Received $finish() from Verilog, shutting down simulation.

Simulation statistics
=====================
Executed cycles:  238012
Wallclock time:   4.893 s
Simulation speed: 48643.4 cycles/s (48.6434 kHz)
Trace file size:  18315348 B

You can view the simulation traces by calling
$ gtkwave sim.fst

Performance Counters
====================
Cycles:                     238008
Instructions Retired:       123787
LSU Busy:                   11539
Fetch Wait:                 49978
Loads:                      6640
Stores:                     4899
Jumps:                      1929
Conditional Branches:       50446
Taken Conditional Branches: 49974
Compressed Instructions:    0
Multiply Wait:              800
