Program header number 0 in `/workspace/out/cache/b0235a0b67890b57992eac00ed8b9441786a070a3bd946d9d83ca6f6e0547e31/run/program.elf' is not of type PT_LOAD; ignoring.
Program header number 3 in `/workspace/out/cache/b0235a0b67890b57992eac00ed8b9441786a070a3bd946d9d83ca6f6e0547e31/run/program.elf' is not of type PT_LOAD; ignoring.
Simulation of Ibex
==================

Tracing can be toggled by sending SIGUSR1 to this process:
$ kill -USR1 18

Simulation running, end by pressing CTRL-c.
Tracing enabled.
Writing simulation traces to sim.fst
TOP.ibex_simple_system.u_top.u_ibex_tracer.unnamedblk2.unnamedblk3: Writing execution trace to trace_core_00000000.log
Terminating simulation by software request.
- src/lowrisc_ibex_sim_shared_0/rtl/sim/simulator_ctrl.sv:93: Verilog $finish
Received $finish() from Verilog, shutting down simulation.

Simulation statistics
=====================
Executed cycles:  238013
Wallclock time:   4.703 s
Simulation speed: 50608.8 cycles/s (50.6088 kHz)
Trace file size:  16564471 B

You can view the simulation traces by calling
$ gtkwave sim.fst

Performance Counters
====================
Cycles:                     238009
Instructions Retired:       106808
LSU Busy:                   11651
Fetch Wait:                 39872
Loads:                      6952
Stores:                     4699
Jumps:                      1921
Conditional Branches:       40331
Taken Conditional Branches: 39868
Compressed Instructions:    0
Multiply Wait:              1024
