OpenSTA 3.1.0 a9a3f30ca9 Copyright (c) 2026, Parallax Software, Inc.
License GPLv3: GNU GPL version 3 <http://gnu.org/licenses/gpl.html>

This is free software, and you are free to change and redistribute it
under certain conditions; type `show_copying' for details. 
This program comes with ABSOLUTELY NO WARRANTY; for details type `show_warranty'.
Warning 1452: clock clk vcd period 160.000 differs from SDC clock period 100.000
Annotated 3 pin activities.
BIN 0 0.00000e+00 0.000 propagated
Annotated 3 pin activities.
BIN 1 5.00000e+09 0.950 propagated
Annotated 3 pin activities.
BIN 2 5.00000e+09 0.800 propagated
Annotated 3 pin activities.
BIN 3 0.00000e+00 0.000 propagated
Annotated 3 pin activities.
BIN 4 0.00000e+00 0.000 propagated
Annotated 3 pin activities.
BIN 5 5.00000e+09 0.200 propagated
Annotated 3 pin activities.
BIN 6 0.00000e+00 1.000 propagated
Warning 1452: clock clk vcd period 80.000 differs from SDC clock period 100.000
Annotated 3 pin activities.
BIN 7 6.25000e+09 0.375 propagated
