Program header number 0 in `/workspace/out/cache/74657669fad73c7aa79979cec320f4328c6b91646b91c7ad13efeedfab22785c/run/program.elf' is not of type PT_LOAD; ignoring.
Program header number 3 in `/workspace/out/cache/74657669fad73c7aa79979cec320f4328c6b91646b91c7ad13efeedfab22785c/run/program.elf' is not of type PT_LOAD; ignoring.
Simulation of Ibex
==================

Tracing can be toggled by sending SIGUSR1 to this process:
$ kill -USR1 16

Simulation running, end by pressing CTRL-c.
Tracing enabled.
Writing simulation traces to sim.fst
TOP.ibex_simple_system.u_top.u_ibex_tracer.unnamedblk2.unnamedblk3: Writing execution trace to trace_core_00000000.log
Terminating simulation by software request.
- src/lowrisc_ibex_sim_shared_0/rtl/sim/simulator_ctrl.sv:93: Verilog $finish
Received $finish() from Verilog, shutting down simulation.

Simulation statistics
=====================
Executed cycles:  238012
Wallclock time:   5.265 s
Simulation speed: 45206.5 cycles/s (45.2065 kHz)
Trace file size:  17131524 B

You can view the simulation traces by calling
$ gtkwave sim.fst

Performance Counters
====================
Cycles:                     238008
Instructions Retired:       111373
LSU Busy:                   11907
Fetch Wait:                 41762
Loads:                      6824
Stores:                     5083
Jumps:                      1927
Conditional Branches:       42227
Taken Conditional Branches: 41758
Compressed Instructions:    0
Multiply Wait:              0
