Program header number 0 in `/workspace/out/cache/d6ae52fcb2087041b3d31a0578600976ef569c6fa7d35d76bb5bf2565417cae5/run/program.elf' is not of type PT_LOAD; ignoring.
Program header number 3 in `/workspace/out/cache/d6ae52fcb2087041b3d31a0578600976ef569c6fa7d35d76bb5bf2565417cae5/run/program.elf' is not of type PT_LOAD; ignoring.
Simulation of Ibex
==================

Tracing can be toggled by sending SIGUSR1 to this process:
$ kill -USR1 18

Simulation running, end by pressing CTRL-c.
Tracing enabled.
Writing simulation traces to sim.fst
TOP.ibex_simple_system.u_top.u_ibex_tracer.unnamedblk2.unnamedblk3: Writing execution trace to trace_core_00000000.log
Terminating simulation by software request.
- src/lowrisc_ibex_sim_shared_0/rtl/sim/simulator_ctrl.sv:93: Verilog $finish
Received $finish() from Verilog, shutting down simulation.

Simulation statistics
=====================
Executed cycles:  238013
Wallclock time:   4.643 s
Simulation speed: 51262.8 cycles/s (51.2628 kHz)
Trace file size:  17949721 B

You can view the simulation traces by calling
$ gtkwave sim.fst

Performance Counters
====================
Cycles:                     238009
Instructions Retired:       116895
LSU Busy:                   12437
Fetch Wait:                 44030
Loads:                      7738
Stores:                     4699
Jumps:                      1920
Conditional Branches:       44492
Taken Conditional Branches: 44026
Compressed Instructions:    0
Multiply Wait:              700
