Program header number 0 in `/workspace/out/cache/63adbc525609b5aca80f32fea9d43ce22045be33d90e0f7dcccf9f4c75c172bc/run/program.elf' is not of type PT_LOAD; ignoring.
Program header number 3 in `/workspace/out/cache/63adbc525609b5aca80f32fea9d43ce22045be33d90e0f7dcccf9f4c75c172bc/run/program.elf' is not of type PT_LOAD; ignoring.
Simulation of Ibex
==================

Tracing can be toggled by sending SIGUSR1 to this process:
$ kill -USR1 17

Simulation running, end by pressing CTRL-c.
Tracing enabled.
Writing simulation traces to sim.fst
TOP.ibex_simple_system.u_top.u_ibex_tracer.unnamedblk2.unnamedblk3: Writing execution trace to trace_core_00000000.log
Terminating simulation by software request.
- src/lowrisc_ibex_sim_shared_0/rtl/sim/simulator_ctrl.sv:93: Verilog $finish
Received $finish() from Verilog, shutting down simulation.

Simulation statistics
=====================
Executed cycles:  238015
Wallclock time:   4.085 s
Simulation speed: 58265.6 cycles/s (58.2656 kHz)
Trace file size:  15783333 B

You can view the simulation traces by calling
$ gtkwave sim.fst

Performance Counters
====================
Cycles:                     238011
Instructions Retired:       93967
LSU Busy:                   12371
Fetch Wait:                 32771
Loads:                      7656
Stores:                     4715
Jumps:                      1910
Conditional Branches:       33286
Taken Conditional Branches: 32767
Compressed Instructions:    0
Multiply Wait:              0
