Program header number 0 in `/workspace/out/cache/c53a62e08201c91d604f55472d0696ae6d1f1847a050b8623420eb3513876eaa/run/program.elf' is not of type PT_LOAD; ignoring.
Program header number 3 in `/workspace/out/cache/c53a62e08201c91d604f55472d0696ae6d1f1847a050b8623420eb3513876eaa/run/program.elf' is not of type PT_LOAD; ignoring.
Simulation of Ibex
==================

Tracing can be toggled by sending SIGUSR1 to this process:
$ kill -USR1 17

Simulation running, end by pressing CTRL-c.
Tracing enabled.
Writing simulation traces to sim.fst
TOP.ibex_simple_system.u_top.u_ibex_tracer.unnamedblk2.unnamedblk3: Writing execution trace to trace_core_00000000.log
Terminating simulation by software request.
- src/lowrisc_ibex_sim_shared_0/rtl/sim/simulator_ctrl.sv:93: Verilog $finish
Received $finish() from Verilog, shutting down simulation.

Simulation statistics
=====================
Executed cycles:  238013
Wallclock time:   5.077 s
Simulation speed: 46880.6 cycles/s (46.8806 kHz)
Trace file size:  17972352 B

You can view the simulation traces by calling
$ gtkwave sim.fst

Performance Counters
====================
Cycles:                     238009
Instructions Retired:       122252
LSU Busy:                   11836
Fetch Wait:                 48097
Loads:                      7049
Stores:                     4787
Jumps:                      1934
Conditional Branches:       48570
Taken Conditional Branches: 48093
Compressed Instructions:    0
Multiply Wait:              0
