Program header number 0 in `/workspace/out/cache/940cf40ba4a26f3a343f48233ea494a161fe5609c254dc28e022dd7f9db86e5e/run/program.elf' is not of type PT_LOAD; ignoring.
Program header number 3 in `/workspace/out/cache/940cf40ba4a26f3a343f48233ea494a161fe5609c254dc28e022dd7f9db86e5e/run/program.elf' is not of type PT_LOAD; ignoring.
Simulation of Ibex
==================

Tracing can be toggled by sending SIGUSR1 to this process:
$ kill -USR1 17

Simulation running, end by pressing CTRL-c.
Tracing enabled.
Writing simulation traces to sim.fst
TOP.ibex_simple_system.u_top.u_ibex_tracer.unnamedblk2.unnamedblk3: Writing execution trace to trace_core_00000000.log
Terminating simulation by software request.
- src/lowrisc_ibex_sim_shared_0/rtl/sim/simulator_ctrl.sv:93: Verilog $finish
Received $finish() from Verilog, shutting down simulation.

Simulation statistics
=====================
Executed cycles:  238012
Wallclock time:   4.846 s
Simulation speed: 49115.1 cycles/s (49.1151 kHz)
Trace file size:  17974516 B

You can view the simulation traces by calling
$ gtkwave sim.fst

Performance Counters
====================
Cycles:                     238008
Instructions Retired:       121477
LSU Busy:                   12162
Fetch Wait:                 46704
Loads:                      6933
Stores:                     5229
Jumps:                      1920
Conditional Branches:       47162
Taken Conditional Branches: 46700
Compressed Instructions:    0
Multiply Wait:              512
