Program header number 0 in `/workspace/out/cache/657cf8affcc6d3c12e9dd6698acf6e07e3dc207664d69696b753a6f3d7903f2a/run/program.elf' is not of type PT_LOAD; ignoring.
Program header number 3 in `/workspace/out/cache/657cf8affcc6d3c12e9dd6698acf6e07e3dc207664d69696b753a6f3d7903f2a/run/program.elf' is not of type PT_LOAD; ignoring.
Simulation of Ibex
==================

Tracing can be toggled by sending SIGUSR1 to this process:
$ kill -USR1 17

Simulation running, end by pressing CTRL-c.
Tracing enabled.
Writing simulation traces to sim.fst
TOP.ibex_simple_system.u_top.u_ibex_tracer.unnamedblk2.unnamedblk3: Writing execution trace to trace_core_00000000.log
Terminating simulation by software request.
- src/lowrisc_ibex_sim_shared_0/rtl/sim/simulator_ctrl.sv:93: Verilog $finish
Received $finish() from Verilog, shutting down simulation.

Simulation statistics
=====================
Executed cycles:  238016
Wallclock time:   4.942 s
Simulation speed: 48161.9 cycles/s (48.1619 kHz)
Trace file size:  17871334 B

You can view the simulation traces by calling
$ gtkwave sim.fst

Performance Counters
====================
Cycles:                     238012
Instructions Retired:       122883
LSU Busy:                   11565
Fetch Wait:                 50826
Loads:                      6866
Stores:                     4699
Jumps:                      1915
Conditional Branches:       51874
Taken Conditional Branches: 50822
Compressed Instructions:    0
Multiply Wait:              0
