Program header number 0 in `/workspace/out/cache/33562d2b01e314d747f7aa7fa5dc3627b1bc0255faca28001f990a3120e43f1b/run/program.elf' is not of type PT_LOAD; ignoring.
Program header number 3 in `/workspace/out/cache/33562d2b01e314d747f7aa7fa5dc3627b1bc0255faca28001f990a3120e43f1b/run/program.elf' is not of type PT_LOAD; ignoring.
Simulation of Ibex
==================

Tracing can be toggled by sending SIGUSR1 to this process:
$ kill -USR1 17

Simulation running, end by pressing CTRL-c.
Tracing enabled.
Writing simulation traces to sim.fst
TOP.ibex_simple_system.u_top.u_ibex_tracer.unnamedblk2.unnamedblk3: Writing execution trace to trace_core_00000000.log
Terminating simulation by software request.
- src/lowrisc_ibex_sim_shared_0/rtl/sim/simulator_ctrl.sv:93: Verilog $finish
Received $finish() from Verilog, shutting down simulation.

Simulation statistics
=====================
Executed cycles:  238014
Wallclock time:   5.338 s
Simulation speed: 44588.6 cycles/s (44.5886 kHz)
Trace file size:  17429115 B

You can view the simulation traces by calling
$ gtkwave sim.fst

Performance Counters
====================
Cycles:                     238010
Instructions Retired:       118189
LSU Busy:                   12139
Fetch Wait:                 45048
Loads:                      7065
Stores:                     5074
Jumps:                      1912
Conditional Branches:       45496
Taken Conditional Branches: 45044
Compressed Instructions:    0
Multiply Wait:              750
