Program header number 0 in `/workspace/out/cache/109b0227579f40b0a2ced7d7126cd1f305979ff8603d853a1ddf1133c47cbf54/run/program.elf' is not of type PT_LOAD; ignoring.
Program header number 3 in `/workspace/out/cache/109b0227579f40b0a2ced7d7126cd1f305979ff8603d853a1ddf1133c47cbf54/run/program.elf' is not of type PT_LOAD; ignoring.
Simulation of Ibex
==================

Tracing can be toggled by sending SIGUSR1 to this process:
$ kill -USR1 17

Simulation running, end by pressing CTRL-c.
Tracing enabled.
Writing simulation traces to sim.fst
TOP.ibex_simple_system.u_top.u_ibex_tracer.unnamedblk2.unnamedblk3: Writing execution trace to trace_core_00000000.log
Terminating simulation by software request.
- src/lowrisc_ibex_sim_shared_0/rtl/sim/simulator_ctrl.sv:93: Verilog $finish
Received $finish() from Verilog, shutting down simulation.

Simulation statistics
=====================
Executed cycles:  238012
Wallclock time:   4.712 s
Simulation speed: 50511.9 cycles/s (50.5119 kHz)
Trace file size:  18187835 B

You can view the simulation traces by calling
$ gtkwave sim.fst

Performance Counters
====================
Cycles:                     238008
Instructions Retired:       125413
LSU Busy:                   12310
Fetch Wait:                 48584
Loads:                      7088
Stores:                     5222
Jumps:                      1881
Conditional Branches:       49004
Taken Conditional Branches: 48580
Compressed Instructions:    0
Multiply Wait:              826
