Program header number 0 in `/workspace/out/cache/9ee30744891ae45ed751d70da9a2ea756e81d9c6bddcfee0940d5a2e612a3e79/run/program.elf' is not of type PT_LOAD; ignoring.
Program header number 3 in `/workspace/out/cache/9ee30744891ae45ed751d70da9a2ea756e81d9c6bddcfee0940d5a2e612a3e79/run/program.elf' is not of type PT_LOAD; ignoring.
Simulation of Ibex
==================

Tracing can be toggled by sending SIGUSR1 to this process:
$ kill -USR1 18

Simulation running, end by pressing CTRL-c.
Tracing enabled.
Writing simulation traces to sim.fst
TOP.ibex_simple_system.u_top.u_ibex_tracer.unnamedblk2.unnamedblk3: Writing execution trace to trace_core_00000000.log
Terminating simulation by software request.
- src/lowrisc_ibex_sim_shared_0/rtl/sim/simulator_ctrl.sv:93: Verilog $finish
Received $finish() from Verilog, shutting down simulation.

Simulation statistics
=====================
Executed cycles:  238014
Wallclock time:   4.674 s
Simulation speed: 50923 cycles/s (50.923 kHz)
Trace file size:  16358289 B

You can view the simulation traces by calling
$ gtkwave sim.fst

Performance Counters
====================
Cycles:                     238010
Instructions Retired:       105842
LSU Busy:                   11806
Fetch Wait:                 39449
Loads:                      6907
Stores:                     4899
Jumps:                      1923
Conditional Branches:       40112
Taken Conditional Branches: 39445
Compressed Instructions:    0
Multiply Wait:              300
