Program header number 0 in `/workspace/out/cache/b59605da873f728fbd990281838c6a0dd620d38882753637c940d42a483ae7ae/run/program.elf' is not of type PT_LOAD; ignoring.
Program header number 3 in `/workspace/out/cache/b59605da873f728fbd990281838c6a0dd620d38882753637c940d42a483ae7ae/run/program.elf' is not of type PT_LOAD; ignoring.
Simulation of Ibex
==================

Tracing can be toggled by sending SIGUSR1 to this process:
$ kill -USR1 18

Simulation running, end by pressing CTRL-c.
Tracing enabled.
Writing simulation traces to sim.fst
TOP.ibex_simple_system.u_top.u_ibex_tracer.unnamedblk2.unnamedblk3: Writing execution trace to trace_core_00000000.log
Terminating simulation by software request.
- src/lowrisc_ibex_sim_shared_0/rtl/sim/simulator_ctrl.sv:93: Verilog $finish
Received $finish() from Verilog, shutting down simulation.

Simulation statistics
=====================
Executed cycles:  238011
Wallclock time:   5.019 s
Simulation speed: 47422 cycles/s (47.422 kHz)
Trace file size:  18176432 B

You can view the simulation traces by calling
$ gtkwave sim.fst

Performance Counters
====================
Cycles:                     238007
Instructions Retired:       124748
LSU Busy:                   11889
Fetch Wait:                 48909
Loads:                      6815
Stores:                     5074
Jumps:                      1907
Conditional Branches:       49352
Taken Conditional Branches: 48905
Compressed Instructions:    0
Multiply Wait:              750
