Program header number 0 in `/workspace/out/cache/9e0c5ae14f0cbfc6677b641fb1712b5384f0ec6d6c8db89ba7c645ffe9b47c3e/run/program.elf' is not of type PT_LOAD; ignoring.
Program header number 3 in `/workspace/out/cache/9e0c5ae14f0cbfc6677b641fb1712b5384f0ec6d6c8db89ba7c645ffe9b47c3e/run/program.elf' is not of type PT_LOAD; ignoring.
Simulation of Ibex
==================

Tracing can be toggled by sending SIGUSR1 to this process:
$ kill -USR1 17

Simulation running, end by pressing CTRL-c.
Tracing enabled.
Writing simulation traces to sim.fst
TOP.ibex_simple_system.u_top.u_ibex_tracer.unnamedblk2.unnamedblk3: Writing execution trace to trace_core_00000000.log
Terminating simulation by software request.
- src/lowrisc_ibex_sim_shared_0/rtl/sim/simulator_ctrl.sv:93: Verilog $finish
Received $finish() from Verilog, shutting down simulation.

Simulation statistics
=====================
Executed cycles:  238017
Wallclock time:   4.871 s
Simulation speed: 48864.1 cycles/s (48.8641 kHz)
Trace file size:  17545212 B

You can view the simulation traces by calling
$ gtkwave sim.fst

Performance Counters
====================
Cycles:                     238013
Instructions Retired:       112438
LSU Busy:                   11139
Fetch Wait:                 43808
Loads:                      6440
Stores:                     4699
Jumps:                      1895
Conditional Branches:       44247
Taken Conditional Branches: 43804
Compressed Instructions:    0
Multiply Wait:              0
