Program header number 0 in `/workspace/out/cache/4e74f799383f74b34533bb2b8c67814a9fd916bd5e109dc895fbd14777befda5/run/program.elf' is not of type PT_LOAD; ignoring.
Program header number 3 in `/workspace/out/cache/4e74f799383f74b34533bb2b8c67814a9fd916bd5e109dc895fbd14777befda5/run/program.elf' is not of type PT_LOAD; ignoring.
Simulation of Ibex
==================

Tracing can be toggled by sending SIGUSR1 to this process:
$ kill -USR1 18

Simulation running, end by pressing CTRL-c.
Tracing enabled.
Writing simulation traces to sim.fst
TOP.ibex_simple_system.u_top.u_ibex_tracer.unnamedblk2.unnamedblk3: Writing execution trace to trace_core_00000000.log
Terminating simulation by software request.
- src/lowrisc_ibex_sim_shared_0/rtl/sim/simulator_ctrl.sv:93: Verilog $finish
Received $finish() from Verilog, shutting down simulation.

Simulation statistics
=====================
Executed cycles:  238014
Wallclock time:   5.353 s
Simulation speed: 44463.7 cycles/s (44.4637 kHz)
Trace file size:  18126474 B

You can view the simulation traces by calling
$ gtkwave sim.fst

Performance Counters
====================
Cycles:                     238010
Instructions Retired:       121437
LSU Busy:                   12339
Fetch Wait:                 46415
Loads:                      6922
Stores:                     5417
Jumps:                      1913
Conditional Branches:       46867
Taken Conditional Branches: 46411
Compressed Instructions:    0
Multiply Wait:              962
