Program header number 0 in `/workspace/out/cache/8cac9a9cf26dae61e3832dcde010c7452b92e5a4a8833a075f7a16d1790d4b67/run/program.elf' is not of type PT_LOAD; ignoring.
Program header number 3 in `/workspace/out/cache/8cac9a9cf26dae61e3832dcde010c7452b92e5a4a8833a075f7a16d1790d4b67/run/program.elf' is not of type PT_LOAD; ignoring.
Simulation of Ibex
==================

Tracing can be toggled by sending SIGUSR1 to this process:
$ kill -USR1 18

Simulation running, end by pressing CTRL-c.
Tracing enabled.
Writing simulation traces to sim.fst
TOP.ibex_simple_system.u_top.u_ibex_tracer.unnamedblk2.unnamedblk3: Writing execution trace to trace_core_00000000.log
Terminating simulation by software request.
- src/lowrisc_ibex_sim_shared_0/rtl/sim/simulator_ctrl.sv:93: Verilog $finish
Received $finish() from Verilog, shutting down simulation.

Simulation statistics
=====================
Executed cycles:  238013
Wallclock time:   5.202 s
Simulation speed: 45754.1 cycles/s (45.7541 kHz)
Trace file size:  16765753 B

You can view the simulation traces by calling
$ gtkwave sim.fst

Performance Counters
====================
Cycles:                     238009
Instructions Retired:       107320
LSU Busy:                   12163
Fetch Wait:                 39360
Loads:                      6952
Stores:                     5211
Jumps:                      1921
Conditional Branches:       39819
Taken Conditional Branches: 39356
Compressed Instructions:    0
Multiply Wait:              1024
