Program header number 0 in `/workspace/out/cache/142a3277074fce700b74ca8893e98402c460daa726f2fff930887b1b57854d25/run/program.elf' is not of type PT_LOAD; ignoring.
Program header number 3 in `/workspace/out/cache/142a3277074fce700b74ca8893e98402c460daa726f2fff930887b1b57854d25/run/program.elf' is not of type PT_LOAD; ignoring.
Simulation of Ibex
==================

Tracing can be toggled by sending SIGUSR1 to this process:
$ kill -USR1 17

Simulation running, end by pressing CTRL-c.
Tracing enabled.
Writing simulation traces to sim.fst
TOP.ibex_simple_system.u_top.u_ibex_tracer.unnamedblk2.unnamedblk3: Writing execution trace to trace_core_00000000.log
Terminating simulation by software request.
- src/lowrisc_ibex_sim_shared_0/rtl/sim/simulator_ctrl.sv:93: Verilog $finish
Received $finish() from Verilog, shutting down simulation.

Simulation statistics
=====================
Executed cycles:  238012
Wallclock time:   4.775 s
Simulation speed: 49845.4 cycles/s (49.8454 kHz)
Trace file size:  17194108 B

You can view the simulation traces by calling
$ gtkwave sim.fst

Performance Counters
====================
Cycles:                     238008
Instructions Retired:       115763
LSU Busy:                   12163
Fetch Wait:                 43588
Loads:                      6952
Stores:                     5211
Jumps:                      1917
Conditional Branches:       44043
Taken Conditional Branches: 43584
Compressed Instructions:    0
Multiply Wait:              2048
