Program header number 0 in `/workspace/out/cache/17a0a8496faf69a5846071fe4801462ac58e37a24b2e365c91e48e39a4a6771c/run/program.elf' is not of type PT_LOAD; ignoring.
Program header number 3 in `/workspace/out/cache/17a0a8496faf69a5846071fe4801462ac58e37a24b2e365c91e48e39a4a6771c/run/program.elf' is not of type PT_LOAD; ignoring.
Simulation of Ibex
==================

Tracing can be toggled by sending SIGUSR1 to this process:
$ kill -USR1 17

Simulation running, end by pressing CTRL-c.
Tracing enabled.
Writing simulation traces to sim.fst
TOP.ibex_simple_system.u_top.u_ibex_tracer.unnamedblk2.unnamedblk3: Writing execution trace to trace_core_00000000.log
Terminating simulation by software request.
- src/lowrisc_ibex_sim_shared_0/rtl/sim/simulator_ctrl.sv:93: Verilog $finish
Received $finish() from Verilog, shutting down simulation.

Simulation statistics
=====================
Executed cycles:  238012
Wallclock time:   5.541 s
Simulation speed: 42954.7 cycles/s (42.9547 kHz)
Trace file size:  17790593 B

You can view the simulation traces by calling
$ gtkwave sim.fst

Performance Counters
====================
Cycles:                     238008
Instructions Retired:       118743
LSU Busy:                   11822
Fetch Wait:                 45923
Loads:                      6781
Stores:                     5041
Jumps:                      1922
Conditional Branches:       46383
Taken Conditional Branches: 45919
Compressed Instructions:    0
Multiply Wait:              1366
