Program header number 0 in `/workspace/out/cache/fd7b1e4a6f5643c24b51af22d05134348a53ffd14991d2ee068f7cec2268ba73/run/program.elf' is not of type PT_LOAD; ignoring.
Program header number 3 in `/workspace/out/cache/fd7b1e4a6f5643c24b51af22d05134348a53ffd14991d2ee068f7cec2268ba73/run/program.elf' is not of type PT_LOAD; ignoring.
Simulation of Ibex
==================

Tracing can be toggled by sending SIGUSR1 to this process:
$ kill -USR1 17

Simulation running, end by pressing CTRL-c.
Tracing enabled.
Writing simulation traces to sim.fst
TOP.ibex_simple_system.u_top.u_ibex_tracer.unnamedblk2.unnamedblk3: Writing execution trace to trace_core_00000000.log
Terminating simulation by software request.
- src/lowrisc_ibex_sim_shared_0/rtl/sim/simulator_ctrl.sv:93: Verilog $finish
Received $finish() from Verilog, shutting down simulation.

Simulation statistics
=====================
Executed cycles:  238014
Wallclock time:   5.058 s
Simulation speed: 47056.9 cycles/s (47.0569 kHz)
Trace file size:  17558054 B

You can view the simulation traces by calling
$ gtkwave sim.fst

Performance Counters
====================
Cycles:                     238010
Instructions Retired:       121133
LSU Busy:                   11139
Fetch Wait:                 51913
Loads:                      6440
Stores:                     4699
Jumps:                      1915
Conditional Branches:       52364
Taken Conditional Branches: 51909
Compressed Instructions:    0
Multiply Wait:              0
