Program header number 0 in `/workspace/out/cache/569fca4577bb961a8980bb77cfcf0426d6423c784ecfc8317a0c6cdc573a129e/run/program.elf' is not of type PT_LOAD; ignoring.
Program header number 3 in `/workspace/out/cache/569fca4577bb961a8980bb77cfcf0426d6423c784ecfc8317a0c6cdc573a129e/run/program.elf' is not of type PT_LOAD; ignoring.
Simulation of Ibex
==================

Tracing can be toggled by sending SIGUSR1 to this process:
$ kill -USR1 18

Simulation running, end by pressing CTRL-c.
Tracing enabled.
Writing simulation traces to sim.fst
TOP.ibex_simple_system.u_top.u_ibex_tracer.unnamedblk2.unnamedblk3: Writing execution trace to trace_core_00000000.log
Terminating simulation by software request.
- src/lowrisc_ibex_sim_shared_0/rtl/sim/simulator_ctrl.sv:93: Verilog $finish
Received $finish() from Verilog, shutting down simulation.

Simulation statistics
=====================
Executed cycles:  238013
Wallclock time:   3.675 s
Simulation speed: 64765.4 cycles/s (64.7654 kHz)
Trace file size:  12521286 B

You can view the simulation traces by calling
$ gtkwave sim.fst

Performance Counters
====================
Cycles:                     238009
Instructions Retired:       51499
LSU Busy:                   11139
Fetch Wait:                 12999
Loads:                      6440
Stores:                     4699
Jumps:                      1920
Conditional Branches:       13451
Taken Conditional Branches: 12995
Compressed Instructions:    0
Multiply Wait:              0
