Program header number 0 in `/workspace/out/cache/09f6ac890dea4f6744bc1d1e17781d0a926d7127b50c27a9316c22b76cdca5dd/run/program.elf' is not of type PT_LOAD; ignoring.
Program header number 3 in `/workspace/out/cache/09f6ac890dea4f6744bc1d1e17781d0a926d7127b50c27a9316c22b76cdca5dd/run/program.elf' is not of type PT_LOAD; ignoring.
Simulation of Ibex
==================

Tracing can be toggled by sending SIGUSR1 to this process:
$ kill -USR1 18

Simulation running, end by pressing CTRL-c.
Tracing enabled.
Writing simulation traces to sim.fst
TOP.ibex_simple_system.u_top.u_ibex_tracer.unnamedblk2.unnamedblk3: Writing execution trace to trace_core_00000000.log
Terminating simulation by software request.
- src/lowrisc_ibex_sim_shared_0/rtl/sim/simulator_ctrl.sv:93: Verilog $finish
Received $finish() from Verilog, shutting down simulation.

Simulation statistics
=====================
Executed cycles:  238014
Wallclock time:   4.817 s
Simulation speed: 49411.3 cycles/s (49.4113 kHz)
Trace file size:  17738953 B

You can view the simulation traces by calling
$ gtkwave sim.fst

Performance Counters
====================
Cycles:                     238010
Instructions Retired:       116031
LSU Busy:                   11822
Fetch Wait:                 44559
Loads:                      6782
Stores:                     5040
Jumps:                      1926
Conditional Branches:       45024
Taken Conditional Branches: 44555
Compressed Instructions:    0
Multiply Wait:              684
