Program header number 0 in `/workspace/out/cache/18bf6fb2e5a9fa58e459e496ce00dacf26eb76768ed6409fa544121610ec6cb0/run/program.elf' is not of type PT_LOAD; ignoring.
Program header number 3 in `/workspace/out/cache/18bf6fb2e5a9fa58e459e496ce00dacf26eb76768ed6409fa544121610ec6cb0/run/program.elf' is not of type PT_LOAD; ignoring.
Simulation of Ibex
==================

Tracing can be toggled by sending SIGUSR1 to this process:
$ kill -USR1 17

Simulation running, end by pressing CTRL-c.
Tracing enabled.
Writing simulation traces to sim.fst
TOP.ibex_simple_system.u_top.u_ibex_tracer.unnamedblk2.unnamedblk3: Writing execution trace to trace_core_00000000.log
Terminating simulation by software request.
- src/lowrisc_ibex_sim_shared_0/rtl/sim/simulator_ctrl.sv:93: Verilog $finish
Received $finish() from Verilog, shutting down simulation.

Simulation statistics
=====================
Executed cycles:  238016
Wallclock time:   5.57 s
Simulation speed: 42731.8 cycles/s (42.7318 kHz)
Trace file size:  17907112 B

You can view the simulation traces by calling
$ gtkwave sim.fst

Performance Counters
====================
Cycles:                     238012
Instructions Retired:       125551
LSU Busy:                   13339
Fetch Wait:                 46704
Loads:                      7924
Stores:                     5415
Jumps:                      1925
Conditional Branches:       47167
Taken Conditional Branches: 46700
Compressed Instructions:    0
Multiply Wait:              3792
