Program header number 0 in `/workspace/out/cache/327d09d7b175a57c90c7e0c1d1f5d84647d83753512bf8ae0a0f8b06d74e9610/run/program.elf' is not of type PT_LOAD; ignoring.
Program header number 3 in `/workspace/out/cache/327d09d7b175a57c90c7e0c1d1f5d84647d83753512bf8ae0a0f8b06d74e9610/run/program.elf' is not of type PT_LOAD; ignoring.
Simulation of Ibex
==================

Tracing can be toggled by sending SIGUSR1 to this process:
$ kill -USR1 17

Simulation running, end by pressing CTRL-c.
Tracing enabled.
Writing simulation traces to sim.fst
TOP.ibex_simple_system.u_top.u_ibex_tracer.unnamedblk2.unnamedblk3: Writing execution trace to trace_core_00000000.log
Terminating simulation by software request.
- src/lowrisc_ibex_sim_shared_0/rtl/sim/simulator_ctrl.sv:93: Verilog $finish
Received $finish() from Verilog, shutting down simulation.

Simulation statistics
=====================
Executed cycles:  238014
Wallclock time:   5.51 s
Simulation speed: 43196.7 cycles/s (43.1967 kHz)
Trace file size:  17887300 B

You can view the simulation traces by calling
$ gtkwave sim.fst

Performance Counters
====================
Cycles:                     238010
Instructions Retired:       119689
LSU Busy:                   12356
Fetch Wait:                 45428
Loads:                      7049
Stores:                     5307
Jumps:                      1920
Conditional Branches:       45886
Taken Conditional Branches: 45424
Compressed Instructions:    0
Multiply Wait:              880
