Program header number 0 in `/workspace/out/cache/09358ff0ec434a765e500a7c51381c966f0a643ba4c3d1612b470b89c2c3648f/run/program.elf' is not of type PT_LOAD; ignoring.
Program header number 3 in `/workspace/out/cache/09358ff0ec434a765e500a7c51381c966f0a643ba4c3d1612b470b89c2c3648f/run/program.elf' is not of type PT_LOAD; ignoring.
Simulation of Ibex
==================

Tracing can be toggled by sending SIGUSR1 to this process:
$ kill -USR1 18

Simulation running, end by pressing CTRL-c.
Tracing enabled.
Writing simulation traces to sim.fst
TOP.ibex_simple_system.u_top.u_ibex_tracer.unnamedblk2.unnamedblk3: Writing execution trace to trace_core_00000000.log
Terminating simulation by software request.
- src/lowrisc_ibex_sim_shared_0/rtl/sim/simulator_ctrl.sv:93: Verilog $finish
Received $finish() from Verilog, shutting down simulation.

Simulation statistics
=====================
Executed cycles:  238011
Wallclock time:   5.353 s
Simulation speed: 44463.1 cycles/s (44.4631 kHz)
Trace file size:  17856485 B

You can view the simulation traces by calling
$ gtkwave sim.fst

Performance Counters
====================
Cycles:                     238007
Instructions Retired:       125768
LSU Busy:                   12507
Fetch Wait:                 48354
Loads:                      7099
Stores:                     5408
Jumps:                      1897
Conditional Branches:       48789
Taken Conditional Branches: 48350
Compressed Instructions:    0
Multiply Wait:              880
