Program header number 0 in `/workspace/out/cache/eb136377268250efd5274b37109bcdf04f70ee6b54e5cf0ccba4998b1796a401/run/program.elf' is not of type PT_LOAD; ignoring.
Program header number 3 in `/workspace/out/cache/eb136377268250efd5274b37109bcdf04f70ee6b54e5cf0ccba4998b1796a401/run/program.elf' is not of type PT_LOAD; ignoring.
Simulation of Ibex
==================

Tracing can be toggled by sending SIGUSR1 to this process:
$ kill -USR1 18

Simulation running, end by pressing CTRL-c.
Tracing enabled.
Writing simulation traces to sim.fst
TOP.ibex_simple_system.u_top.u_ibex_tracer.unnamedblk2.unnamedblk3: Writing execution trace to trace_core_00000000.log
Terminating simulation by software request.
- src/lowrisc_ibex_sim_shared_0/rtl/sim/simulator_ctrl.sv:93: Verilog $finish
Received $finish() from Verilog, shutting down simulation.

Simulation statistics
=====================
Executed cycles:  238013
Wallclock time:   3.892 s
Simulation speed: 61154.4 cycles/s (61.1544 kHz)
Trace file size:  15610958 B

You can view the simulation traces by calling
$ gtkwave sim.fst

Performance Counters
====================
Cycles:                     238009
Instructions Retired:       88256
LSU Busy:                   11139
Fetch Wait:                 31608
Loads:                      6440
Stores:                     4699
Jumps:                      1915
Conditional Branches:       32067
Taken Conditional Branches: 31604
Compressed Instructions:    0
Multiply Wait:              2044
