Program header number 0 in `/workspace/out/cache/185437033268d180c54864d6058aa1890850706eb595075d03af3ded846b3144/run/program.elf' is not of type PT_LOAD; ignoring.
Program header number 3 in `/workspace/out/cache/185437033268d180c54864d6058aa1890850706eb595075d03af3ded846b3144/run/program.elf' is not of type PT_LOAD; ignoring.
Simulation of Ibex
==================

Tracing can be toggled by sending SIGUSR1 to this process:
$ kill -USR1 17

Simulation running, end by pressing CTRL-c.
Tracing enabled.
Writing simulation traces to sim.fst
TOP.ibex_simple_system.u_top.u_ibex_tracer.unnamedblk2.unnamedblk3: Writing execution trace to trace_core_00000000.log
Terminating simulation by software request.
- src/lowrisc_ibex_sim_shared_0/rtl/sim/simulator_ctrl.sv:93: Verilog $finish
Received $finish() from Verilog, shutting down simulation.

Simulation statistics
=====================
Executed cycles:  238012
Wallclock time:   4.453 s
Simulation speed: 53449.8 cycles/s (53.4498 kHz)
Trace file size:  17123582 B

You can view the simulation traces by calling
$ gtkwave sim.fst

Performance Counters
====================
Cycles:                     238008
Instructions Retired:       113249
LSU Busy:                   11739
Fetch Wait:                 43242
Loads:                      6840
Stores:                     4899
Jumps:                      1928
Conditional Branches:       43912
Taken Conditional Branches: 43238
Compressed Instructions:    0
Multiply Wait:              466
