Program header number 0 in `/workspace/out/cache/a792c92e63af69a2c605087021385ea28fedf73e97cb365f4fb8a3ea4647a4b3/run/program.elf' is not of type PT_LOAD; ignoring.
Program header number 3 in `/workspace/out/cache/a792c92e63af69a2c605087021385ea28fedf73e97cb365f4fb8a3ea4647a4b3/run/program.elf' is not of type PT_LOAD; ignoring.
Simulation of Ibex
==================

Tracing can be toggled by sending SIGUSR1 to this process:
$ kill -USR1 18

Simulation running, end by pressing CTRL-c.
Tracing enabled.
Writing simulation traces to sim.fst
TOP.ibex_simple_system.u_top.u_ibex_tracer.unnamedblk2.unnamedblk3: Writing execution trace to trace_core_00000000.log
Terminating simulation by software request.
- src/lowrisc_ibex_sim_shared_0/rtl/sim/simulator_ctrl.sv:93: Verilog $finish
Received $finish() from Verilog, shutting down simulation.

Simulation statistics
=====================
Executed cycles:  238013
Wallclock time:   5.565 s
Simulation speed: 42769.6 cycles/s (42.7696 kHz)
Trace file size:  17949221 B

You can view the simulation traces by calling
$ gtkwave sim.fst

Performance Counters
====================
Cycles:                     238009
Instructions Retired:       125788
LSU Busy:                   12574
Fetch Wait:                 48244
Loads:                      7166
Stores:                     5408
Jumps:                      1910
Conditional Branches:       48692
Taken Conditional Branches: 48240
Compressed Instructions:    0
Multiply Wait:              1012
