Program header number 0 in `/workspace/out/cache/869a0e68fb9fac62eade6f6b178f62288bd76072c2a4c640d7763d982445012a/run/program.elf' is not of type PT_LOAD; ignoring.
Program header number 3 in `/workspace/out/cache/869a0e68fb9fac62eade6f6b178f62288bd76072c2a4c640d7763d982445012a/run/program.elf' is not of type PT_LOAD; ignoring.
Simulation of Ibex
==================

Tracing can be toggled by sending SIGUSR1 to this process:
$ kill -USR1 18

Simulation running, end by pressing CTRL-c.
Tracing enabled.
Writing simulation traces to sim.fst
TOP.ibex_simple_system.u_top.u_ibex_tracer.unnamedblk2.unnamedblk3: Writing execution trace to trace_core_00000000.log
Terminating simulation by software request.
- src/lowrisc_ibex_sim_shared_0/rtl/sim/simulator_ctrl.sv:93: Verilog $finish
Received $finish() from Verilog, shutting down simulation.

Simulation statistics
=====================
Executed cycles:  238014
Wallclock time:   4.452 s
Simulation speed: 53462.3 cycles/s (53.4623 kHz)
Trace file size:  16523719 B

You can view the simulation traces by calling
$ gtkwave sim.fst

Performance Counters
====================
Cycles:                     238010
Instructions Retired:       104074
LSU Busy:                   11804
Fetch Wait:                 38847
Loads:                      6891
Stores:                     4913
Jumps:                      1931
Conditional Branches:       39316
Taken Conditional Branches: 38843
Compressed Instructions:    0
Multiply Wait:              428
