Program header number 0 in `/workspace/out/cache/1752bf56b181211c846bfe87f1d57b6d91034c884496aa709908b42f1b3b7952/run/program.elf' is not of type PT_LOAD; ignoring.
Program header number 3 in `/workspace/out/cache/1752bf56b181211c846bfe87f1d57b6d91034c884496aa709908b42f1b3b7952/run/program.elf' is not of type PT_LOAD; ignoring.
Simulation of Ibex
==================

Tracing can be toggled by sending SIGUSR1 to this process:
$ kill -USR1 18

Simulation running, end by pressing CTRL-c.
Tracing enabled.
Writing simulation traces to sim.fst
TOP.ibex_simple_system.u_top.u_ibex_tracer.unnamedblk2.unnamedblk3: Writing execution trace to trace_core_00000000.log
Terminating simulation by software request.
- src/lowrisc_ibex_sim_shared_0/rtl/sim/simulator_ctrl.sv:93: Verilog $finish
Received $finish() from Verilog, shutting down simulation.

Simulation statistics
=====================
Executed cycles:  238013
Wallclock time:   4.685 s
Simulation speed: 50803.2 cycles/s (50.8032 kHz)
Trace file size:  18309847 B

You can view the simulation traces by calling
$ gtkwave sim.fst

Performance Counters
====================
Cycles:                     238009
Instructions Retired:       125503
LSU Busy:                   12163
Fetch Wait:                 48697
Loads:                      6952
Stores:                     5211
Jumps:                      1928
Conditional Branches:       49163
Taken Conditional Branches: 48693
Compressed Instructions:    0
Multiply Wait:              1024
