Program header number 0 in `/workspace/out/cache/30d29247a45aff8f59d294a11d71431d278083f5e086a09eb4b62cf8f49cf794/run/program.elf' is not of type PT_LOAD; ignoring.
Program header number 3 in `/workspace/out/cache/30d29247a45aff8f59d294a11d71431d278083f5e086a09eb4b62cf8f49cf794/run/program.elf' is not of type PT_LOAD; ignoring.
Simulation of Ibex
==================

Tracing can be toggled by sending SIGUSR1 to this process:
$ kill -USR1 17

Simulation running, end by pressing CTRL-c.
Tracing enabled.
Writing simulation traces to sim.fst
TOP.ibex_simple_system.u_top.u_ibex_tracer.unnamedblk2.unnamedblk3: Writing execution trace to trace_core_00000000.log
Terminating simulation by software request.
- src/lowrisc_ibex_sim_shared_0/rtl/sim/simulator_ctrl.sv:93: Verilog $finish
Received $finish() from Verilog, shutting down simulation.

Simulation statistics
=====================
Executed cycles:  238014
Wallclock time:   5.158 s
Simulation speed: 46144.6 cycles/s (46.1446 kHz)
Trace file size:  17113833 B

You can view the simulation traces by calling
$ gtkwave sim.fst

Performance Counters
====================
Cycles:                     238010
Instructions Retired:       114747
LSU Busy:                   11139
Fetch Wait:                 45627
Loads:                      6440
Stores:                     4699
Jumps:                      1929
Conditional Branches:       46092
Taken Conditional Branches: 45623
Compressed Instructions:    0
Multiply Wait:              0
