Program header number 0 in `/workspace/out/cache/e9cfc907ebc6cde78e5dd29b57638020936bc27b6f7a8a5656e464ce73ef793f/run/program.elf' is not of type PT_LOAD; ignoring.
Program header number 3 in `/workspace/out/cache/e9cfc907ebc6cde78e5dd29b57638020936bc27b6f7a8a5656e464ce73ef793f/run/program.elf' is not of type PT_LOAD; ignoring.
Simulation of Ibex
==================

Tracing can be toggled by sending SIGUSR1 to this process:
$ kill -USR1 17

Simulation running, end by pressing CTRL-c.
Tracing enabled.
Writing simulation traces to sim.fst
TOP.ibex_simple_system.u_top.u_ibex_tracer.unnamedblk2.unnamedblk3: Writing execution trace to trace_core_00000000.log
Terminating simulation by software request.
- src/lowrisc_ibex_sim_shared_0/rtl/sim/simulator_ctrl.sv:93: Verilog $finish
Received $finish() from Verilog, shutting down simulation.

Simulation statistics
=====================
Executed cycles:  238014
Wallclock time:   4.916 s
Simulation speed: 48416.2 cycles/s (48.4162 kHz)
Trace file size:  18181606 B

You can view the simulation traces by calling
$ gtkwave sim.fst

Performance Counters
====================
Cycles:                     238010
Instructions Retired:       119808
LSU Busy:                   12569
Fetch Wait:                 45151
Loads:                      7156
Stores:                     5413
Jumps:                      1928
Conditional Branches:       45619
Taken Conditional Branches: 45147
Compressed Instructions:    0
Multiply Wait:              1094
