Program header number 0 in `/workspace/out/cache/0eaef46f39c683542cc27dc2417cac23ae8da7116098fb4f350de7ca93479560/run/program.elf' is not of type PT_LOAD; ignoring.
Program header number 3 in `/workspace/out/cache/0eaef46f39c683542cc27dc2417cac23ae8da7116098fb4f350de7ca93479560/run/program.elf' is not of type PT_LOAD; ignoring.
Simulation of Ibex
==================

Tracing can be toggled by sending SIGUSR1 to this process:
$ kill -USR1 18

Simulation running, end by pressing CTRL-c.
Tracing enabled.
Writing simulation traces to sim.fst
TOP.ibex_simple_system.u_top.u_ibex_tracer.unnamedblk2.unnamedblk3: Writing execution trace to trace_core_00000000.log
Terminating simulation by software request.
- src/lowrisc_ibex_sim_shared_0/rtl/sim/simulator_ctrl.sv:93: Verilog $finish
Received $finish() from Verilog, shutting down simulation.

Simulation statistics
=====================
Executed cycles:  238013
Wallclock time:   4.907 s
Simulation speed: 48504.8 cycles/s (48.5048 kHz)
Trace file size:  17466922 B

You can view the simulation traces by calling
$ gtkwave sim.fst

Performance Counters
====================
Cycles:                     238009
Instructions Retired:       110655
LSU Busy:                   11139
Fetch Wait:                 43082
Loads:                      6440
Stores:                     4699
Jumps:                      1925
Conditional Branches:       43545
Taken Conditional Branches: 43078
Compressed Instructions:    0
Multiply Wait:              1000
