Program header number 0 in `/workspace/out/cache/bd8393be4fb503d1a2211b883975814f0d1946e45e25fdc868177f7244448519/run/program.elf' is not of type PT_LOAD; ignoring.
Program header number 3 in `/workspace/out/cache/bd8393be4fb503d1a2211b883975814f0d1946e45e25fdc868177f7244448519/run/program.elf' is not of type PT_LOAD; ignoring.
Simulation of Ibex
==================

Tracing can be toggled by sending SIGUSR1 to this process:
$ kill -USR1 16

Simulation running, end by pressing CTRL-c.
Tracing enabled.
Writing simulation traces to sim.fst
TOP.ibex_simple_system.u_top.u_ibex_tracer.unnamedblk2.unnamedblk3: Writing execution trace to trace_core_00000000.log
Terminating simulation by software request.
- src/lowrisc_ibex_sim_shared_0/rtl/sim/simulator_ctrl.sv:93: Verilog $finish
Received $finish() from Verilog, shutting down simulation.

Simulation statistics
=====================
Executed cycles:  238014
Wallclock time:   5.407 s
Simulation speed: 44019.6 cycles/s (44.0196 kHz)
Trace file size:  18237511 B

You can view the simulation traces by calling
$ gtkwave sim.fst

Performance Counters
====================
Cycles:                     238010
Instructions Retired:       126729
LSU Busy:                   13115
Fetch Wait:                 47636
Loads:                      6948
Stores:                     6167
Jumps:                      1921
Conditional Branches:       48095
Taken Conditional Branches: 47632
Compressed Instructions:    0
Multiply Wait:              976
