Program header number 0 in `/workspace/out/cache/2fc787f0f7415cd00d39aa55eb849bfa4f2e9466b46424be244b55caefa5c4a7/run/program.elf' is not of type PT_LOAD; ignoring.
Program header number 3 in `/workspace/out/cache/2fc787f0f7415cd00d39aa55eb849bfa4f2e9466b46424be244b55caefa5c4a7/run/program.elf' is not of type PT_LOAD; ignoring.
Simulation of Ibex
==================

Tracing can be toggled by sending SIGUSR1 to this process:
$ kill -USR1 17

Simulation running, end by pressing CTRL-c.
Tracing enabled.
Writing simulation traces to sim.fst
TOP.ibex_simple_system.u_top.u_ibex_tracer.unnamedblk2.unnamedblk3: Writing execution trace to trace_core_00000000.log
Terminating simulation by software request.
- src/lowrisc_ibex_sim_shared_0/rtl/sim/simulator_ctrl.sv:93: Verilog $finish
Received $finish() from Verilog, shutting down simulation.

Simulation statistics
=====================
Executed cycles:  238012
Wallclock time:   5.117 s
Simulation speed: 46514 cycles/s (46.514 kHz)
Trace file size:  18372784 B

You can view the simulation traces by calling
$ gtkwave sim.fst

Performance Counters
====================
Cycles:                     238008
Instructions Retired:       116507
LSU Busy:                   11705
Fetch Wait:                 44738
Loads:                      6656
Stores:                     5049
Jumps:                      1937
Conditional Branches:       45543
Taken Conditional Branches: 44734
Compressed Instructions:    0
Multiply Wait:              756
