Program header number 0 in `/workspace/out/cache/28ed095cca4354ba90295ea03f2e4254539d76ea9bd854a9a043410325059a64/run/program.elf' is not of type PT_LOAD; ignoring.
Program header number 3 in `/workspace/out/cache/28ed095cca4354ba90295ea03f2e4254539d76ea9bd854a9a043410325059a64/run/program.elf' is not of type PT_LOAD; ignoring.
Simulation of Ibex
==================

Tracing can be toggled by sending SIGUSR1 to this process:
$ kill -USR1 17

Simulation running, end by pressing CTRL-c.
Tracing enabled.
Writing simulation traces to sim.fst
TOP.ibex_simple_system.u_top.u_ibex_tracer.unnamedblk2.unnamedblk3: Writing execution trace to trace_core_00000000.log
Terminating simulation by software request.
- src/lowrisc_ibex_sim_shared_0/rtl/sim/simulator_ctrl.sv:93: Verilog $finish
Received $finish() from Verilog, shutting down simulation.

Simulation statistics
=====================
Executed cycles:  238012
Wallclock time:   2.5 s
Simulation speed: 95204.8 cycles/s (95.2048 kHz)
Trace file size:  12505295 B

You can view the simulation traces by calling
$ gtkwave sim.fst

Performance Counters
====================
Cycles:                     238008
Instructions Retired:       51525
LSU Busy:                   11139
Fetch Wait:                 13000
Loads:                      6440
Stores:                     4699
Jumps:                      1926
Conditional Branches:       13460
Taken Conditional Branches: 12996
Compressed Instructions:    0
Multiply Wait:              0
