Program header number 0 in `/workspace/out/cache/07c26d13040cd42b07dd92544387c63bd26103525d090d0c321c21f07ddd8eda/run/program.elf' is not of type PT_LOAD; ignoring.
Program header number 3 in `/workspace/out/cache/07c26d13040cd42b07dd92544387c63bd26103525d090d0c321c21f07ddd8eda/run/program.elf' is not of type PT_LOAD; ignoring.
Simulation of Ibex
==================

Tracing can be toggled by sending SIGUSR1 to this process:
$ kill -USR1 18

Simulation running, end by pressing CTRL-c.
Tracing enabled.
Writing simulation traces to sim.fst
TOP.ibex_simple_system.u_top.u_ibex_tracer.unnamedblk2.unnamedblk3: Writing execution trace to trace_core_00000000.log
Terminating simulation by software request.
- src/lowrisc_ibex_sim_shared_0/rtl/sim/simulator_ctrl.sv:93: Verilog $finish
Received $finish() from Verilog, shutting down simulation.

Simulation statistics
=====================
Executed cycles:  238012
Wallclock time:   4.653 s
Simulation speed: 51152.4 cycles/s (51.1524 kHz)
Trace file size:  17863801 B

You can view the simulation traces by calling
$ gtkwave sim.fst

Performance Counters
====================
Cycles:                     238008
Instructions Retired:       125599
LSU Busy:                   11939
Fetch Wait:                 48723
Loads:                      6940
Stores:                     4999
Jumps:                      1928
Conditional Branches:       49733
Taken Conditional Branches: 48719
Compressed Instructions:    0
Multiply Wait:              600
