Program header number 0 in `/workspace/out/cache/84259370a20117d27ccce64b1e870063473bb9e1cc6d570419325b77ad08d0d2/run/program.elf' is not of type PT_LOAD; ignoring.
Program header number 3 in `/workspace/out/cache/84259370a20117d27ccce64b1e870063473bb9e1cc6d570419325b77ad08d0d2/run/program.elf' is not of type PT_LOAD; ignoring.
Simulation of Ibex
==================

Tracing can be toggled by sending SIGUSR1 to this process:
$ kill -USR1 16

Simulation running, end by pressing CTRL-c.
Tracing enabled.
Writing simulation traces to sim.fst
TOP.ibex_simple_system.u_top.u_ibex_tracer.unnamedblk2.unnamedblk3: Writing execution trace to trace_core_00000000.log
Terminating simulation by software request.
- src/lowrisc_ibex_sim_shared_0/rtl/sim/simulator_ctrl.sv:93: Verilog $finish
Received $finish() from Verilog, shutting down simulation.

Simulation statistics
=====================
Executed cycles:  238012
Wallclock time:   5.26 s
Simulation speed: 45249.4 cycles/s (45.2494 kHz)
Trace file size:  17412804 B

You can view the simulation traces by calling
$ gtkwave sim.fst

Performance Counters
====================
Cycles:                     238008
Instructions Retired:       115760
LSU Busy:                   11139
Fetch Wait:                 45129
Loads:                      6440
Stores:                     4699
Jumps:                      1910
Conditional Branches:       45579
Taken Conditional Branches: 45125
Compressed Instructions:    0
Multiply Wait:              0
