Program header number 0 in `/workspace/out/cache/e596880e3d83acf0f2995df77e4d0ccc54b9909b1dda5150ec1faf4b0b018c62/run/program.elf' is not of type PT_LOAD; ignoring.
Program header number 3 in `/workspace/out/cache/e596880e3d83acf0f2995df77e4d0ccc54b9909b1dda5150ec1faf4b0b018c62/run/program.elf' is not of type PT_LOAD; ignoring.
Simulation of Ibex
==================

Tracing can be toggled by sending SIGUSR1 to this process:
$ kill -USR1 17

Simulation running, end by pressing CTRL-c.
Tracing enabled.
Writing simulation traces to sim.fst
TOP.ibex_simple_system.u_top.u_ibex_tracer.unnamedblk2.unnamedblk3: Writing execution trace to trace_core_00000000.log
Terminating simulation by software request.
- src/lowrisc_ibex_sim_shared_0/rtl/sim/simulator_ctrl.sv:93: Verilog $finish
Received $finish() from Verilog, shutting down simulation.

Simulation statistics
=====================
Executed cycles:  238011
Wallclock time:   5.274 s
Simulation speed: 45129.1 cycles/s (45.1291 kHz)
Trace file size:  17384578 B

You can view the simulation traces by calling
$ gtkwave sim.fst

Performance Counters
====================
Cycles:                     238007
Instructions Retired:       117108
LSU Busy:                   11905
Fetch Wait:                 45053
Loads:                      6823
Stores:                     5082
Jumps:                      1925
Conditional Branches:       45517
Taken Conditional Branches: 45049
Compressed Instructions:    0
Multiply Wait:              766
