Program header number 0 in `/workspace/out/cache/246b0e8e2b81908883d10ef0251a97bf7a91f3c11259cca0c16b143bb48db0d8/run/program.elf' is not of type PT_LOAD; ignoring.
Program header number 3 in `/workspace/out/cache/246b0e8e2b81908883d10ef0251a97bf7a91f3c11259cca0c16b143bb48db0d8/run/program.elf' is not of type PT_LOAD; ignoring.
Simulation of Ibex
==================

Tracing can be toggled by sending SIGUSR1 to this process:
$ kill -USR1 16

Simulation running, end by pressing CTRL-c.
Tracing enabled.
Writing simulation traces to sim.fst
TOP.ibex_simple_system.u_top.u_ibex_tracer.unnamedblk2.unnamedblk3: Writing execution trace to trace_core_00000000.log
Terminating simulation by software request.
- src/lowrisc_ibex_sim_shared_0/rtl/sim/simulator_ctrl.sv:93: Verilog $finish
Received $finish() from Verilog, shutting down simulation.

Simulation statistics
=====================
Executed cycles:  238013
Wallclock time:   4.628 s
Simulation speed: 51428.9 cycles/s (51.4289 kHz)
Trace file size:  16387201 B

You can view the simulation traces by calling
$ gtkwave sim.fst

Performance Counters
====================
Cycles:                     238009
Instructions Retired:       103123
LSU Busy:                   12028
Fetch Wait:                 37692
Loads:                      6953
Stores:                     5075
Jumps:                      1905
Conditional Branches:       38135
Taken Conditional Branches: 37688
Compressed Instructions:    0
Multiply Wait:              0
