Program header number 0 in `/workspace/out/cache/36f7b87aa391aaf1b183158942c654ac96c1a4ae63d24eb2058ce3ad0f00bcce/run/program.elf' is not of type PT_LOAD; ignoring.
Program header number 3 in `/workspace/out/cache/36f7b87aa391aaf1b183158942c654ac96c1a4ae63d24eb2058ce3ad0f00bcce/run/program.elf' is not of type PT_LOAD; ignoring.
Simulation of Ibex
==================

Tracing can be toggled by sending SIGUSR1 to this process:
$ kill -USR1 17

Simulation running, end by pressing CTRL-c.
Tracing enabled.
Writing simulation traces to sim.fst
TOP.ibex_simple_system.u_top.u_ibex_tracer.unnamedblk2.unnamedblk3: Writing execution trace to trace_core_00000000.log
Terminating simulation by software request.
- src/lowrisc_ibex_sim_shared_0/rtl/sim/simulator_ctrl.sv:93: Verilog $finish
Received $finish() from Verilog, shutting down simulation.

Simulation statistics
=====================
Executed cycles:  238012
Wallclock time:   5.136 s
Simulation speed: 46341.9 cycles/s (46.3419 kHz)
Trace file size:  18140781 B

You can view the simulation traces by calling
$ gtkwave sim.fst

Performance Counters
====================
Cycles:                     238008
Instructions Retired:       124728
LSU Busy:                   11139
Fetch Wait:                 49599
Loads:                      6440
Stores:                     4699
Jumps:                      1922
Conditional Branches:       50059
Taken Conditional Branches: 49595
Compressed Instructions:    0
Multiply Wait:              1024
