Program header number 0 in `/workspace/out/cache/ff95cce3120f9508464402380e16c0087041920de005ffd7ed8dd9835bb7e29b/run/program.elf' is not of type PT_LOAD; ignoring.
Program header number 3 in `/workspace/out/cache/ff95cce3120f9508464402380e16c0087041920de005ffd7ed8dd9835bb7e29b/run/program.elf' is not of type PT_LOAD; ignoring.
Simulation of Ibex
==================

Tracing can be toggled by sending SIGUSR1 to this process:
$ kill -USR1 16

Simulation running, end by pressing CTRL-c.
Tracing enabled.
Writing simulation traces to sim.fst
TOP.ibex_simple_system.u_top.u_ibex_tracer.unnamedblk2.unnamedblk3: Writing execution trace to trace_core_00000000.log
Terminating simulation by software request.
- src/lowrisc_ibex_sim_shared_0/rtl/sim/simulator_ctrl.sv:93: Verilog $finish
Received $finish() from Verilog, shutting down simulation.

Simulation statistics
=====================
Executed cycles:  238015
Wallclock time:   5.333 s
Simulation speed: 44630.6 cycles/s (44.6306 kHz)
Trace file size:  17949215 B

You can view the simulation traces by calling
$ gtkwave sim.fst

Performance Counters
====================
Cycles:                     238011
Instructions Retired:       125484
LSU Busy:                   12420
Fetch Wait:                 48928
Loads:                      6881
Stores:                     5539
Jumps:                      1932
Conditional Branches:       49399
Taken Conditional Branches: 48924
Compressed Instructions:    0
Multiply Wait:              322
