Program header number 0 in `/workspace/out/cache/05b33dd1ef636f66c72161226c354ef2b3cb9b55e52b22b445a8ae1a8645c869/run/program.elf' is not of type PT_LOAD; ignoring.
Program header number 3 in `/workspace/out/cache/05b33dd1ef636f66c72161226c354ef2b3cb9b55e52b22b445a8ae1a8645c869/run/program.elf' is not of type PT_LOAD; ignoring.
Simulation of Ibex
==================

Tracing can be toggled by sending SIGUSR1 to this process:
$ kill -USR1 18

Simulation running, end by pressing CTRL-c.
Tracing enabled.
Writing simulation traces to sim.fst
TOP.ibex_simple_system.u_top.u_ibex_tracer.unnamedblk2.unnamedblk3: Writing execution trace to trace_core_00000000.log
Terminating simulation by software request.
- src/lowrisc_ibex_sim_shared_0/rtl/sim/simulator_ctrl.sv:93: Verilog $finish
Received $finish() from Verilog, shutting down simulation.

Simulation statistics
=====================
Executed cycles:  238013
Wallclock time:   5.127 s
Simulation speed: 46423.4 cycles/s (46.4234 kHz)
Trace file size:  18252728 B

You can view the simulation traces by calling
$ gtkwave sim.fst

Performance Counters
====================
Cycles:                     238009
Instructions Retired:       125043
LSU Busy:                   12083
Fetch Wait:                 48995
Loads:                      6676
Stores:                     5407
Jumps:                      1928
Conditional Branches:       49872
Taken Conditional Branches: 48991
Compressed Instructions:    0
Multiply Wait:              968
