Program header number 0 in `/workspace/out/cache/c50511475b1253477341bf043010fa77ef933c563154dcc1a6ebd0eebd066a30/run/program.elf' is not of type PT_LOAD; ignoring.
Program header number 3 in `/workspace/out/cache/c50511475b1253477341bf043010fa77ef933c563154dcc1a6ebd0eebd066a30/run/program.elf' is not of type PT_LOAD; ignoring.
Simulation of Ibex
==================

Tracing can be toggled by sending SIGUSR1 to this process:
$ kill -USR1 17

Simulation running, end by pressing CTRL-c.
Tracing enabled.
Writing simulation traces to sim.fst
TOP.ibex_simple_system.u_top.u_ibex_tracer.unnamedblk2.unnamedblk3: Writing execution trace to trace_core_00000000.log
Terminating simulation by software request.
- src/lowrisc_ibex_sim_shared_0/rtl/sim/simulator_ctrl.sv:93: Verilog $finish
Received $finish() from Verilog, shutting down simulation.

Simulation statistics
=====================
Executed cycles:  238014
Wallclock time:   4.315 s
Simulation speed: 55159.7 cycles/s (55.1597 kHz)
Trace file size:  16676215 B

You can view the simulation traces by calling
$ gtkwave sim.fst

Performance Counters
====================
Cycles:                     238010
Instructions Retired:       106217
LSU Busy:                   11971
Fetch Wait:                 39122
Loads:                      6856
Stores:                     5115
Jumps:                      1903
Conditional Branches:       39563
Taken Conditional Branches: 39118
Compressed Instructions:    0
Multiply Wait:              0
