Program header number 0 in `/workspace/out/cache/a796b7f70f6a2cfc7c08da7a2dbca7a7fa73d10308b63442858266fce15604c5/run/program.elf' is not of type PT_LOAD; ignoring.
Program header number 3 in `/workspace/out/cache/a796b7f70f6a2cfc7c08da7a2dbca7a7fa73d10308b63442858266fce15604c5/run/program.elf' is not of type PT_LOAD; ignoring.
Simulation of Ibex
==================

Tracing can be toggled by sending SIGUSR1 to this process:
$ kill -USR1 18

Simulation running, end by pressing CTRL-c.
Tracing enabled.
Writing simulation traces to sim.fst
TOP.ibex_simple_system.u_top.u_ibex_tracer.unnamedblk2.unnamedblk3: Writing execution trace to trace_core_00000000.log
Terminating simulation by software request.
- src/lowrisc_ibex_sim_shared_0/rtl/sim/simulator_ctrl.sv:93: Verilog $finish
Received $finish() from Verilog, shutting down simulation.

Simulation statistics
=====================
Executed cycles:  238013
Wallclock time:   4.773 s
Simulation speed: 49866.5 cycles/s (49.8665 kHz)
Trace file size:  16803091 B

You can view the simulation traces by calling
$ gtkwave sim.fst

Performance Counters
====================
Cycles:                     238009
Instructions Retired:       110912
LSU Busy:                   12213
Fetch Wait:                 41574
Loads:                      7014
Stores:                     5199
Jumps:                      1891
Conditional Branches:       42004
Taken Conditional Branches: 41570
Compressed Instructions:    0
Multiply Wait:              1048
