Program header number 0 in `/workspace/out/cache/01ead254724309b5ca22d9f45e93832cd4c359ac7034399aaa2e9ae854f8a203/run/program.elf' is not of type PT_LOAD; ignoring.
Program header number 3 in `/workspace/out/cache/01ead254724309b5ca22d9f45e93832cd4c359ac7034399aaa2e9ae854f8a203/run/program.elf' is not of type PT_LOAD; ignoring.
Simulation of Ibex
==================

Tracing can be toggled by sending SIGUSR1 to this process:
$ kill -USR1 16

Simulation running, end by pressing CTRL-c.
Tracing enabled.
Writing simulation traces to sim.fst
TOP.ibex_simple_system.u_top.u_ibex_tracer.unnamedblk2.unnamedblk3: Writing execution trace to trace_core_00000000.log
Terminating simulation by software request.
- src/lowrisc_ibex_sim_shared_0/rtl/sim/simulator_ctrl.sv:93: Verilog $finish
Received $finish() from Verilog, shutting down simulation.

Simulation statistics
=====================
Executed cycles:  238013
Wallclock time:   4.849 s
Simulation speed: 49085 cycles/s (49.085 kHz)
Trace file size:  18418062 B

You can view the simulation traces by calling
$ gtkwave sim.fst

Performance Counters
====================
Cycles:                     238009
Instructions Retired:       125048
LSU Busy:                   11539
Fetch Wait:                 49154
Loads:                      6640
Stores:                     4899
Jumps:                      1925
Conditional Branches:       49617
Taken Conditional Branches: 49150
Compressed Instructions:    0
Multiply Wait:              1192
