Program header number 0 in `/workspace/out/cache/d15c61cc8508ea4c941e0076793113cc7356445663b1fbd28f003541d781a87b/run/program.elf' is not of type PT_LOAD; ignoring.
Program header number 3 in `/workspace/out/cache/d15c61cc8508ea4c941e0076793113cc7356445663b1fbd28f003541d781a87b/run/program.elf' is not of type PT_LOAD; ignoring.
Simulation of Ibex
==================

Tracing can be toggled by sending SIGUSR1 to this process:
$ kill -USR1 17

Simulation running, end by pressing CTRL-c.
Tracing enabled.
Writing simulation traces to sim.fst
TOP.ibex_simple_system.u_top.u_ibex_tracer.unnamedblk2.unnamedblk3: Writing execution trace to trace_core_00000000.log
Terminating simulation by software request.
- src/lowrisc_ibex_sim_shared_0/rtl/sim/simulator_ctrl.sv:93: Verilog $finish
Received $finish() from Verilog, shutting down simulation.

Simulation statistics
=====================
Executed cycles:  238015
Wallclock time:   5.463 s
Simulation speed: 43568.6 cycles/s (43.5686 kHz)
Trace file size:  17508876 B

You can view the simulation traces by calling
$ gtkwave sim.fst

Performance Counters
====================
Cycles:                     238011
Instructions Retired:       118383
LSU Busy:                   12737
Fetch Wait:                 44852
Loads:                      6852
Stores:                     5885
Jumps:                      1928
Conditional Branches:       45319
Taken Conditional Branches: 44848
Compressed Instructions:    0
Multiply Wait:              0
