Program header number 0 in `/workspace/out/cache/aeb0fc870f4e6642de5e22a48a1edb6dee28539a3e4cb0b7bb0ec49df3e5f884/run/program.elf' is not of type PT_LOAD; ignoring.
Program header number 3 in `/workspace/out/cache/aeb0fc870f4e6642de5e22a48a1edb6dee28539a3e4cb0b7bb0ec49df3e5f884/run/program.elf' is not of type PT_LOAD; ignoring.
Simulation of Ibex
==================

Tracing can be toggled by sending SIGUSR1 to this process:
$ kill -USR1 17

Simulation running, end by pressing CTRL-c.
Tracing enabled.
Writing simulation traces to sim.fst
TOP.ibex_simple_system.u_top.u_ibex_tracer.unnamedblk2.unnamedblk3: Writing execution trace to trace_core_00000000.log
Terminating simulation by software request.
- src/lowrisc_ibex_sim_shared_0/rtl/sim/simulator_ctrl.sv:93: Verilog $finish
Received $finish() from Verilog, shutting down simulation.

Simulation statistics
=====================
Executed cycles:  238015
Wallclock time:   5.185 s
Simulation speed: 45904.5 cycles/s (45.9045 kHz)
Trace file size:  17664046 B

You can view the simulation traces by calling
$ gtkwave sim.fst

Performance Counters
====================
Cycles:                     238011
Instructions Retired:       125550
LSU Busy:                   13339
Fetch Wait:                 46704
Loads:                      7924
Stores:                     5415
Jumps:                      1925
Conditional Branches:       47167
Taken Conditional Branches: 46700
Compressed Instructions:    0
Multiply Wait:              3792
