Program header number 0 in `/workspace/out/cache/523d432ab9449900b2ccc6a98bf6558c4837710bf344eb2904bc684980e7a7d8/run/program.elf' is not of type PT_LOAD; ignoring.
Program header number 3 in `/workspace/out/cache/523d432ab9449900b2ccc6a98bf6558c4837710bf344eb2904bc684980e7a7d8/run/program.elf' is not of type PT_LOAD; ignoring.
Simulation of Ibex
==================

Tracing can be toggled by sending SIGUSR1 to this process:
$ kill -USR1 17

Simulation running, end by pressing CTRL-c.
Tracing enabled.
Writing simulation traces to sim.fst
TOP.ibex_simple_system.u_top.u_ibex_tracer.unnamedblk2.unnamedblk3: Writing execution trace to trace_core_00000000.log
Terminating simulation by software request.
- src/lowrisc_ibex_sim_shared_0/rtl/sim/simulator_ctrl.sv:93: Verilog $finish
Received $finish() from Verilog, shutting down simulation.

Simulation statistics
=====================
Executed cycles:  238013
Wallclock time:   3.703 s
Simulation speed: 64275.7 cycles/s (64.2757 kHz)
Trace file size:  14818147 B

You can view the simulation traces by calling
$ gtkwave sim.fst

Performance Counters
====================
Cycles:                     238009
Instructions Retired:       80625
LSU Busy:                   11139
Fetch Wait:                 27585
Loads:                      6440
Stores:                     4699
Jumps:                      1897
Conditional Branches:       28020
Taken Conditional Branches: 27581
Compressed Instructions:    0
Multiply Wait:              0
