Program header number 0 in `/workspace/out/cache/7a10ee66bc8611a31e03857d160f21548fa25ec0ed964f1cc6507c902a1c8a82/run/program.elf' is not of type PT_LOAD; ignoring.
Program header number 3 in `/workspace/out/cache/7a10ee66bc8611a31e03857d160f21548fa25ec0ed964f1cc6507c902a1c8a82/run/program.elf' is not of type PT_LOAD; ignoring.
Simulation of Ibex
==================

Tracing can be toggled by sending SIGUSR1 to this process:
$ kill -USR1 18

Simulation running, end by pressing CTRL-c.
Tracing enabled.
Writing simulation traces to sim.fst
TOP.ibex_simple_system.u_top.u_ibex_tracer.unnamedblk2.unnamedblk3: Writing execution trace to trace_core_00000000.log
Terminating simulation by software request.
- src/lowrisc_ibex_sim_shared_0/rtl/sim/simulator_ctrl.sv:93: Verilog $finish
Received $finish() from Verilog, shutting down simulation.

Simulation statistics
=====================
Executed cycles:  238015
Wallclock time:   4.377 s
Simulation speed: 54378.6 cycles/s (54.3786 kHz)
Trace file size:  16829506 B

You can view the simulation traces by calling
$ gtkwave sim.fst

Performance Counters
====================
Cycles:                     238011
Instructions Retired:       106427
LSU Busy:                   11789
Fetch Wait:                 39667
Loads:                      6840
Stores:                     4949
Jumps:                      1923
Conditional Branches:       40130
Taken Conditional Branches: 39663
Compressed Instructions:    0
Multiply Wait:              400
