Program header number 0 in `/workspace/out/cache/1d4aa1383becd633ecb8ceaa0d6785331a22fc62a8f462c63575e6b63df3060a/run/program.elf' is not of type PT_LOAD; ignoring.
Program header number 3 in `/workspace/out/cache/1d4aa1383becd633ecb8ceaa0d6785331a22fc62a8f462c63575e6b63df3060a/run/program.elf' is not of type PT_LOAD; ignoring.
Simulation of Ibex
==================

Tracing can be toggled by sending SIGUSR1 to this process:
$ kill -USR1 18

Simulation running, end by pressing CTRL-c.
Tracing enabled.
Writing simulation traces to sim.fst
TOP.ibex_simple_system.u_top.u_ibex_tracer.unnamedblk2.unnamedblk3: Writing execution trace to trace_core_00000000.log
Terminating simulation by software request.
- src/lowrisc_ibex_sim_shared_0/rtl/sim/simulator_ctrl.sv:93: Verilog $finish
Received $finish() from Verilog, shutting down simulation.

Simulation statistics
=====================
Executed cycles:  238016
Wallclock time:   5.474 s
Simulation speed: 43481.2 cycles/s (43.4812 kHz)
Trace file size:  18166158 B

You can view the simulation traces by calling
$ gtkwave sim.fst

Performance Counters
====================
Cycles:                     238012
Instructions Retired:       125227
LSU Busy:                   11139
Fetch Wait:                 49866
Loads:                      6440
Stores:                     4699
Jumps:                      1917
Conditional Branches:       50315
Taken Conditional Branches: 49862
Compressed Instructions:    0
Multiply Wait:              0
