Program header number 0 in `/workspace/out/cache/6f34a7466fb696ff33cda7c17a7525965f26e69b5e6d5736e827aaa8798afc6e/run/program.elf' is not of type PT_LOAD; ignoring.
Program header number 3 in `/workspace/out/cache/6f34a7466fb696ff33cda7c17a7525965f26e69b5e6d5736e827aaa8798afc6e/run/program.elf' is not of type PT_LOAD; ignoring.
Simulation of Ibex
==================

Tracing can be toggled by sending SIGUSR1 to this process:
$ kill -USR1 17

Simulation running, end by pressing CTRL-c.
Tracing enabled.
Writing simulation traces to sim.fst
TOP.ibex_simple_system.u_top.u_ibex_tracer.unnamedblk2.unnamedblk3: Writing execution trace to trace_core_00000000.log
Terminating simulation by software request.
- src/lowrisc_ibex_sim_shared_0/rtl/sim/simulator_ctrl.sv:93: Verilog $finish
Received $finish() from Verilog, shutting down simulation.

Simulation statistics
=====================
Executed cycles:  238015
Wallclock time:   5.568 s
Simulation speed: 42746.9 cycles/s (42.7469 kHz)
Trace file size:  18613085 B

You can view the simulation traces by calling
$ gtkwave sim.fst

Performance Counters
====================
Cycles:                     238011
Instructions Retired:       122639
LSU Busy:                   11315
Fetch Wait:                 48494
Loads:                      6440
Stores:                     4875
Jumps:                      1920
Conditional Branches:       49147
Taken Conditional Branches: 48490
Compressed Instructions:    0
Multiply Wait:              3456
