Program header number 0 in `/workspace/out/cache/bd4458a3e5b216ddfc61fc14304fb37f5bcd0c1e72d2c56512c204dbaccd899a/run/program.elf' is not of type PT_LOAD; ignoring.
Program header number 3 in `/workspace/out/cache/bd4458a3e5b216ddfc61fc14304fb37f5bcd0c1e72d2c56512c204dbaccd899a/run/program.elf' is not of type PT_LOAD; ignoring.
Simulation of Ibex
==================

Tracing can be toggled by sending SIGUSR1 to this process:
$ kill -USR1 17

Simulation running, end by pressing CTRL-c.
Tracing enabled.
Writing simulation traces to sim.fst
TOP.ibex_simple_system.u_top.u_ibex_tracer.unnamedblk2.unnamedblk3: Writing execution trace to trace_core_00000000.log
Terminating simulation by software request.
- src/lowrisc_ibex_sim_shared_0/rtl/sim/simulator_ctrl.sv:93: Verilog $finish
Received $finish() from Verilog, shutting down simulation.

Simulation statistics
=====================
Executed cycles:  245866
Wallclock time:   5.143 s
Simulation speed: 47805.9 cycles/s (47.8059 kHz)
Trace file size:  17860147 B

You can view the simulation traces by calling
$ gtkwave sim.fst

Performance Counters
====================
Cycles:                     245862
Instructions Retired:       118155
LSU Busy:                   11139
Fetch Wait:                 46042
Loads:                      6440
Stores:                     4699
Jumps:                      1917
Conditional Branches:       47049
Taken Conditional Branches: 46038
Compressed Instructions:    0
Multiply Wait:              0
