Program header number 0 in `/workspace/out/cache/08b6acba341e9ba6a153d1b8111fe27d32a73ba7f9a265024859613b5f6338ad/run/program.elf' is not of type PT_LOAD; ignoring.
Program header number 3 in `/workspace/out/cache/08b6acba341e9ba6a153d1b8111fe27d32a73ba7f9a265024859613b5f6338ad/run/program.elf' is not of type PT_LOAD; ignoring.
Simulation of Ibex
==================

Tracing can be toggled by sending SIGUSR1 to this process:
$ kill -USR1 17

Simulation running, end by pressing CTRL-c.
Tracing enabled.
Writing simulation traces to sim.fst
TOP.ibex_simple_system.u_top.u_ibex_tracer.unnamedblk2.unnamedblk3: Writing execution trace to trace_core_00000000.log
Terminating simulation by software request.
- src/lowrisc_ibex_sim_shared_0/rtl/sim/simulator_ctrl.sv:93: Verilog $finish
Received $finish() from Verilog, shutting down simulation.

Simulation statistics
=====================
Executed cycles:  238012
Wallclock time:   4.582 s
Simulation speed: 51945 cycles/s (51.945 kHz)
Trace file size:  16526990 B

You can view the simulation traces by calling
$ gtkwave sim.fst

Performance Counters
====================
Cycles:                     238008
Instructions Retired:       92757
LSU Busy:                   11139
Fetch Wait:                 34551
Loads:                      6440
Stores:                     4699
Jumps:                      1897
Conditional Branches:       34992
Taken Conditional Branches: 34547
Compressed Instructions:    0
Multiply Wait:              0
