Program header number 0 in `/workspace/out/cache/e23012b037ee2709b0e03d72372c371ddbcd3b7a7a2a002c5dabc51dfb4a9d2b/run/program.elf' is not of type PT_LOAD; ignoring.
Program header number 3 in `/workspace/out/cache/e23012b037ee2709b0e03d72372c371ddbcd3b7a7a2a002c5dabc51dfb4a9d2b/run/program.elf' is not of type PT_LOAD; ignoring.
Simulation of Ibex
==================

Tracing can be toggled by sending SIGUSR1 to this process:
$ kill -USR1 17

Simulation running, end by pressing CTRL-c.
Tracing enabled.
Writing simulation traces to sim.fst
TOP.ibex_simple_system.u_top.u_ibex_tracer.unnamedblk2.unnamedblk3: Writing execution trace to trace_core_00000000.log
Terminating simulation by software request.
- src/lowrisc_ibex_sim_shared_0/rtl/sim/simulator_ctrl.sv:93: Verilog $finish
Received $finish() from Verilog, shutting down simulation.

Simulation statistics
=====================
Executed cycles:  238015
Wallclock time:   4.752 s
Simulation speed: 50087.3 cycles/s (50.0873 kHz)
Trace file size:  17000732 B

You can view the simulation traces by calling
$ gtkwave sim.fst

Performance Counters
====================
Cycles:                     238011
Instructions Retired:       107035
LSU Busy:                   11928
Fetch Wait:                 39669
Loads:                      6796
Stores:                     5132
Jumps:                      1897
Conditional Branches:       40110
Taken Conditional Branches: 39665
Compressed Instructions:    0
Multiply Wait:              0
