Program header number 0 in `/workspace/out/cache/26a85fa81959ab5861aa6a59f0f6fc4060af3f7a25f600e386e2a551fe3dcd3e/run/program.elf' is not of type PT_LOAD; ignoring.
Program header number 3 in `/workspace/out/cache/26a85fa81959ab5861aa6a59f0f6fc4060af3f7a25f600e386e2a551fe3dcd3e/run/program.elf' is not of type PT_LOAD; ignoring.
Simulation of Ibex
==================

Tracing can be toggled by sending SIGUSR1 to this process:
$ kill -USR1 18

Simulation running, end by pressing CTRL-c.
Tracing enabled.
Writing simulation traces to sim.fst
TOP.ibex_simple_system.u_top.u_ibex_tracer.unnamedblk2.unnamedblk3: Writing execution trace to trace_core_00000000.log
Terminating simulation by software request.
- src/lowrisc_ibex_sim_shared_0/rtl/sim/simulator_ctrl.sv:93: Verilog $finish
Received $finish() from Verilog, shutting down simulation.

Simulation statistics
=====================
Executed cycles:  238013
Wallclock time:   5.011 s
Simulation speed: 47498.1 cycles/s (47.4981 kHz)
Trace file size:  17499372 B

You can view the simulation traces by calling
$ gtkwave sim.fst

Performance Counters
====================
Cycles:                     238009
Instructions Retired:       121127
LSU Busy:                   11139
Fetch Wait:                 47819
Loads:                      6440
Stores:                     4699
Jumps:                      1916
Conditional Branches:       48267
Taken Conditional Branches: 47815
Compressed Instructions:    0
Multiply Wait:              8192
