Program header number 0 in `/workspace/out/cache/3af4899fb888bf1a1e7d25efaf14a2a5ab293029f7d7589421c8364568905c52/run/program.elf' is not of type PT_LOAD; ignoring.
Program header number 3 in `/workspace/out/cache/3af4899fb888bf1a1e7d25efaf14a2a5ab293029f7d7589421c8364568905c52/run/program.elf' is not of type PT_LOAD; ignoring.
Simulation of Ibex
==================

Tracing can be toggled by sending SIGUSR1 to this process:
$ kill -USR1 17

Simulation running, end by pressing CTRL-c.
Tracing enabled.
Writing simulation traces to sim.fst
TOP.ibex_simple_system.u_top.u_ibex_tracer.unnamedblk2.unnamedblk3: Writing execution trace to trace_core_00000000.log
Terminating simulation by software request.
- src/lowrisc_ibex_sim_shared_0/rtl/sim/simulator_ctrl.sv:93: Verilog $finish
Received $finish() from Verilog, shutting down simulation.

Simulation statistics
=====================
Executed cycles:  238012
Wallclock time:   4.787 s
Simulation speed: 49720.5 cycles/s (49.7205 kHz)
Trace file size:  17941136 B

You can view the simulation traces by calling
$ gtkwave sim.fst

Performance Counters
====================
Cycles:                     238008
Instructions Retired:       127275
LSU Busy:                   13187
Fetch Wait:                 47820
Loads:                      7464
Stores:                     5723
Jumps:                      1909
Conditional Branches:       48267
Taken Conditional Branches: 47816
Compressed Instructions:    0
Multiply Wait:              0
