Program header number 0 in `/workspace/out/cache/a838945bd6e7da7b6ad41c86d8437b7196aa04e9be53ccf9d3dea8ffac936bdd/run/program.elf' is not of type PT_LOAD; ignoring.
Program header number 3 in `/workspace/out/cache/a838945bd6e7da7b6ad41c86d8437b7196aa04e9be53ccf9d3dea8ffac936bdd/run/program.elf' is not of type PT_LOAD; ignoring.
Simulation of Ibex
==================

Tracing can be toggled by sending SIGUSR1 to this process:
$ kill -USR1 18

Simulation running, end by pressing CTRL-c.
Tracing enabled.
Writing simulation traces to sim.fst
TOP.ibex_simple_system.u_top.u_ibex_tracer.unnamedblk2.unnamedblk3: Writing execution trace to trace_core_00000000.log
Terminating simulation by software request.
- src/lowrisc_ibex_sim_shared_0/rtl/sim/simulator_ctrl.sv:93: Verilog $finish
Received $finish() from Verilog, shutting down simulation.

Simulation statistics
=====================
Executed cycles:  238015
Wallclock time:   5.073 s
Simulation speed: 46918 cycles/s (46.918 kHz)
Trace file size:  17845792 B

You can view the simulation traces by calling
$ gtkwave sim.fst

Performance Counters
====================
Cycles:                     238011
Instructions Retired:       123727
LSU Busy:                   11139
Fetch Wait:                 50618
Loads:                      6440
Stores:                     4699
Jumps:                      1912
Conditional Branches:       51664
Taken Conditional Branches: 50614
Compressed Instructions:    0
Multiply Wait:              0
