Program header number 0 in `/workspace/out/cache/f75e92b2d5dc1bd3d5926ab1a4e74175076ba20665428bb096e8547313374c42/run/program.elf' is not of type PT_LOAD; ignoring.
Program header number 3 in `/workspace/out/cache/f75e92b2d5dc1bd3d5926ab1a4e74175076ba20665428bb096e8547313374c42/run/program.elf' is not of type PT_LOAD; ignoring.
Simulation of Ibex
==================

Tracing can be toggled by sending SIGUSR1 to this process:
$ kill -USR1 17

Simulation running, end by pressing CTRL-c.
Tracing enabled.
Writing simulation traces to sim.fst
TOP.ibex_simple_system.u_top.u_ibex_tracer.unnamedblk2.unnamedblk3: Writing execution trace to trace_core_00000000.log
Terminating simulation by software request.
- src/lowrisc_ibex_sim_shared_0/rtl/sim/simulator_ctrl.sv:93: Verilog $finish
Received $finish() from Verilog, shutting down simulation.

Simulation statistics
=====================
Executed cycles:  238012
Wallclock time:   4.106 s
Simulation speed: 57966.9 cycles/s (57.9669 kHz)
Trace file size:  16336346 B

You can view the simulation traces by calling
$ gtkwave sim.fst

Performance Counters
====================
Cycles:                     238008
Instructions Retired:       97335
LSU Busy:                   11139
Fetch Wait:                 35904
Loads:                      6440
Stores:                     4699
Jumps:                      1921
Conditional Branches:       36363
Taken Conditional Branches: 35900
Compressed Instructions:    0
Multiply Wait:              0
