Program header number 0 in `/workspace/out/cache/1c06b6872a5eca45d66784e5b3633e448a2a7cc06bc591da750c50cbf65020f2/run/program.elf' is not of type PT_LOAD; ignoring.
Program header number 3 in `/workspace/out/cache/1c06b6872a5eca45d66784e5b3633e448a2a7cc06bc591da750c50cbf65020f2/run/program.elf' is not of type PT_LOAD; ignoring.
Simulation of Ibex
==================

Tracing can be toggled by sending SIGUSR1 to this process:
$ kill -USR1 18

Simulation running, end by pressing CTRL-c.
Tracing enabled.
Writing simulation traces to sim.fst
TOP.ibex_simple_system.u_top.u_ibex_tracer.unnamedblk2.unnamedblk3: Writing execution trace to trace_core_00000000.log
Terminating simulation by software request.
- src/lowrisc_ibex_sim_shared_0/rtl/sim/simulator_ctrl.sv:93: Verilog $finish
Received $finish() from Verilog, shutting down simulation.

Simulation statistics
=====================
Executed cycles:  251267
Wallclock time:   5.237 s
Simulation speed: 47979.2 cycles/s (47.9792 kHz)
Trace file size:  17716196 B

You can view the simulation traces by calling
$ gtkwave sim.fst

Performance Counters
====================
Cycles:                     251263
Instructions Retired:       114323
LSU Busy:                   11139
Fetch Wait:                 44406
Loads:                      6440
Stores:                     4699
Jumps:                      1920
Conditional Branches:       44860
Taken Conditional Branches: 44402
Compressed Instructions:    0
Multiply Wait:              4832
