Program header number 0 in `/workspace/out/cache/58abf1f14bfff3f6a8a6251176ef03ca7efb0daa1b2cc9708dcd7296d4106e28/run/program.elf' is not of type PT_LOAD; ignoring.
Program header number 3 in `/workspace/out/cache/58abf1f14bfff3f6a8a6251176ef03ca7efb0daa1b2cc9708dcd7296d4106e28/run/program.elf' is not of type PT_LOAD; ignoring.
Simulation of Ibex
==================

Tracing can be toggled by sending SIGUSR1 to this process:
$ kill -USR1 17

Simulation running, end by pressing CTRL-c.
Tracing enabled.
Writing simulation traces to sim.fst
TOP.ibex_simple_system.u_top.u_ibex_tracer.unnamedblk2.unnamedblk3: Writing execution trace to trace_core_00000000.log
Terminating simulation by software request.
- src/lowrisc_ibex_sim_shared_0/rtl/sim/simulator_ctrl.sv:93: Verilog $finish
Received $finish() from Verilog, shutting down simulation.

Simulation statistics
=====================
Executed cycles:  238011
Wallclock time:   4.892 s
Simulation speed: 48653.1 cycles/s (48.6531 kHz)
Trace file size:  16595468 B

You can view the simulation traces by calling
$ gtkwave sim.fst

Performance Counters
====================
Cycles:                     238007
Instructions Retired:       106162
LSU Busy:                   12163
Fetch Wait:                 40452
Loads:                      7464
Stores:                     4699
Jumps:                      1917
Conditional Branches:       41163
Taken Conditional Branches: 40448
Compressed Instructions:    0
Multiply Wait:              0
