Program header number 0 in `/workspace/out/cache/8b2644f8659e6e41290b63290f33c45afaa1af44b18514d5f5e9b74f33426ad3/run/program.elf' is not of type PT_LOAD; ignoring.
Program header number 3 in `/workspace/out/cache/8b2644f8659e6e41290b63290f33c45afaa1af44b18514d5f5e9b74f33426ad3/run/program.elf' is not of type PT_LOAD; ignoring.
Simulation of Ibex
==================

Tracing can be toggled by sending SIGUSR1 to this process:
$ kill -USR1 17

Simulation running, end by pressing CTRL-c.
Tracing enabled.
Writing simulation traces to sim.fst
TOP.ibex_simple_system.u_top.u_ibex_tracer.unnamedblk2.unnamedblk3: Writing execution trace to trace_core_00000000.log
Terminating simulation by software request.
- src/lowrisc_ibex_sim_shared_0/rtl/sim/simulator_ctrl.sv:93: Verilog $finish
Received $finish() from Verilog, shutting down simulation.

Simulation statistics
=====================
Executed cycles:  238013
Wallclock time:   4.221 s
Simulation speed: 56387.8 cycles/s (56.3878 kHz)
Trace file size:  15037697 B

You can view the simulation traces by calling
$ gtkwave sim.fst

Performance Counters
====================
Cycles:                     238009
Instructions Retired:       88367
LSU Busy:                   11139
Fetch Wait:                 31481
Loads:                      6440
Stores:                     4699
Jumps:                      1886
Conditional Branches:       31901
Taken Conditional Branches: 31477
Compressed Instructions:    0
Multiply Wait:              0
