Program header number 0 in `/workspace/out/cache/f3665caaf155b93936ef02027c89a10a732ff9a012571d64be6783f6c97aa67e/run/program.elf' is not of type PT_LOAD; ignoring.
Program header number 3 in `/workspace/out/cache/f3665caaf155b93936ef02027c89a10a732ff9a012571d64be6783f6c97aa67e/run/program.elf' is not of type PT_LOAD; ignoring.
Simulation of Ibex
==================

Tracing can be toggled by sending SIGUSR1 to this process:
$ kill -USR1 17

Simulation running, end by pressing CTRL-c.
Tracing enabled.
Writing simulation traces to sim.fst
TOP.ibex_simple_system.u_top.u_ibex_tracer.unnamedblk2.unnamedblk3: Writing execution trace to trace_core_00000000.log
Terminating simulation by software request.
- src/lowrisc_ibex_sim_shared_0/rtl/sim/simulator_ctrl.sv:93: Verilog $finish
Received $finish() from Verilog, shutting down simulation.

Simulation statistics
=====================
Executed cycles:  238013
Wallclock time:   4.506 s
Simulation speed: 52821.3 cycles/s (52.8213 kHz)
Trace file size:  15213352 B

You can view the simulation traces by calling
$ gtkwave sim.fst

Performance Counters
====================
Cycles:                     238009
Instructions Retired:       89288
LSU Busy:                   12163
Fetch Wait:                 30346
Loads:                      6952
Stores:                     5211
Jumps:                      1920
Conditional Branches:       30804
Taken Conditional Branches: 30342
Compressed Instructions:    0
Multiply Wait:              256
